--------- beginning of kernel
05-04 17:45:13.067     0     0 I logd    : logdr: UID=2000 GID=2000 PID=4802 b tail=0 logMask=99 pid=0 start=0ns deadline=0ns
05-04 17:45:13.184     0     0 E FG      : fg_psy_get_property: unsupported property 79
05-04 17:45:13.196     0     0 E FG      : fg_psy_get_property: unsupported property 79
--------- beginning of main
05-04 17:45:13.292  1126  1126 D QtiCarrierConfigHelper: WARNING, no carrier configs on phone Id: 0
05-04 17:45:13.201     0     0 W healthd : battery l=100 v=3055 t=24.4 h=2 st=5 c=0 fc=2831000 chg=u
--------- beginning of system
05-04 17:45:13.298   960  2676 D PowerUI : can't show warning due to - plugged: true status unknown: false
05-04 17:45:13.211     0     0 E FG      : fg_psy_get_property: unsupported property 79
05-04 17:45:13.671     0     0 I binder  : 4809:4809 ioctl 40046210 7ffa374c44 returned -22
05-04 17:45:13.765   307 25782 I ActivityManager: Force stopping com.westlake.host appid=10218 user=0: from pid 4809
05-04 17:45:13.778  1166  1166 D CarrierSvcBindHelper: onHandleForceStop: [com.westlake.host]
05-04 17:45:13.778   307   767 I AppWidgetServiceImpl: Received broadcast: android.intent.action.PACKAGE_RESTARTED on user 0
05-04 17:45:13.779   307   767 I AppWidgetServiceImpl: Updating package stopped masked state for uid 10218 package com.westlake.host isStopped true
05-04 17:45:13.781  1166  1166 D CarrierSvcBindHelper: No carrier app for: 0
05-04 17:45:13.782  1166  1166 D CarrierSvcBindHelper: No carrier app for: 1
05-04 17:45:13.876  3704  3747 W HidlServiceManagement: Waited one second for vendor.qti.hardware.cacert@1.0::IService/default
05-04 17:45:13.878   660   660 I hwservicemanager: Since vendor.qti.hardware.cacert@1.0::IService/default is not registered, trying to start it as a lazy HAL (if it's not configured to be a lazy HAL, it may be stuck starting or still starting).
05-04 17:45:13.881  3704  3747 I HidlServiceManagement: getService: Trying again for vendor.qti.hardware.cacert@1.0::IService/default...
05-04 17:45:13.882   660  4817 W libc    : Unable to set property "ctl.interface_start" to "vendor.qti.hardware.cacert@1.0::IService/default": PROP_ERROR_HANDLE_CONTROL_MESSAGE (0x20)
05-04 17:45:13.882   660  4817 I hwservicemanager: Tried to start vendor.qti.hardware.cacert@1.0::IService/default as a lazy service, but was unable to. Usually this happens when a service is not installed, but if the service is intended to be used as a lazy service, then it may be configured incorrectly.
05-04 17:45:13.796     0     0 E init    : Control message: Could not find 'vendor.qti.hardware.cacert@1.0::IService/default' for ctl.interface_start from pid: 660 (/system/system_ext/bin/hwservicemanager)
05-04 17:45:14.404     0     0 I binder  : 4826:4826 ioctl 40046210 7feab6a074 returned -22
05-04 17:45:14.495   307 25782 I ActivityManager: Force stopping com.westlake.host appid=10218 user=0: from pid 4826
05-04 17:45:14.504   307   767 I AppWidgetServiceImpl: Received broadcast: android.intent.action.PACKAGE_RESTARTED on user 0
05-04 17:45:14.504   307   767 I AppWidgetServiceImpl: Updating package stopped masked state for uid 10218 package com.westlake.host isStopped true
05-04 17:45:14.507  1166  1166 D CarrierSvcBindHelper: onHandleForceStop: [com.westlake.host]
05-04 17:45:14.508  1166  1166 D CarrierSvcBindHelper: No carrier app for: 0
05-04 17:45:14.509  1166  1166 D CarrierSvcBindHelper: No carrier app for: 1
05-04 17:45:14.755   307 25782 W ActivityTaskManager: callingPackage for (uid=2000, pid=4826) has no WPC
05-04 17:45:14.759   307 25782 V GrammaticalInflectionUtils: AttributionSource: AttributionSource { uid = 10218, packageName = null, attributionTag = null, token = android.os.Binder@a81f694, deviceId = 0, next = null } does not have READ_SYSTEM_GRAMMATICAL_GENDER permission.
05-04 17:45:14.761   307 25782 W OptProp : Cannot read opt property android.window.PROPERTY_COMPAT_ALLOW_RESIZEABLE_ACTIVITY_OVERRIDES
05-04 17:45:14.762   307 25782 W OptProp : Cannot read opt property android.window.PROPERTY_COMPAT_ALLOW_MIN_ASPECT_RATIO_OVERRIDE
05-04 17:45:14.774   307 25782 W OptProp : Cannot read opt property android.window.PROPERTY_COMPAT_ALLOW_ORIENTATION_OVERRIDE
05-04 17:45:14.776  3320  3358 I BpBinder: onLastStrongRef automatically unlinking death recipients: 
05-04 17:45:14.779  3220  3220 I android.hardware.power-service-qti: Power setMode: 5 to: 1
05-04 17:45:14.779   307 25782 V SplashScreenExceptionList: SplashScreen checking exception for package com.westlake.host (target sdk:28) -> false
05-04 17:45:14.783  3267  3300 E ANDR-PERF-UTIL: Failed to read /sys/class/mmc_host/mmc0/clk_scaling/enable
05-04 17:45:14.783  3267  3300 E ANDR-PERF-OPTSHANDLER: Failed to read /sys/class/mmc_host/mmc0/clk_scaling/enable
05-04 17:45:14.784  3267  3300 E ANDR-PERF-RESOURCEQS: Failed to apply optimization [11, 4]
05-04 17:45:14.787   307 25782 I ActivityTaskManager: START u0 {flg=0x10000000 cmp=com.westlake.host/.WestlakeActivity (has extras)} with LAUNCH_MULTIPLE from uid 2000 (BAL_ALLOW_PERMISSION) result code=0
05-04 17:45:14.789   960   982 V WindowManagerShell: Transition requested (#4380): android.os.BinderProxy@c190074 TransitionRequestInfo { type = OPEN, triggerTask = TaskInfo{userId=0 taskId=2254 effectiveUid=10218 displayId=0 isRunning=true baseIntent=Intent { flg=0x10000000 cmp=com.westlake.host/.WestlakeActivity } baseActivity=ComponentInfo{com.westlake.host/com.westlake.host.WestlakeActivity} topActivity=ComponentInfo{com.westlake.host/com.westlake.host.WestlakeActivity} origActivity=null realActivity=ComponentInfo{com.westlake.host/com.westlake.host.WestlakeActivity} numActivities=1 lastActiveTime=2178907354 supportsMultiWindow=true resizeMode=1 isResizeable=true minWidth=-1 minHeight=-1 defaultMinSize=220 token=WCT{android.window.IWindowContainerToken$Stub$Proxy@280b99d} topActivityType=1 pictureInPictureParams=null shouldDockBigOverlays=false launchIntoPipHostTaskId=-1 lastParentTaskIdBeforePip=-1 displayCutoutSafeInsets=Rect(0, 80 - 0, 0) topActivityInfo=ActivityInfo{5cb0e12 com.westlake.host.WestlakeActivity} launchCookies=[] positionInParent=Point(0, 0) parentTaskId=-1 isFocused=false isVisible=false isVisibleRequested=false isTopActivityNoDisplay=false isSleeping=false locusId=null displayAreaFeatureId=1 isTopActivityTransparent=false isActivityStackTransparent=false lastNonFullscreenBounds=Rect(267, 606 - 814, 1686) capturedLink=null capturedLinkTimestamp=0 requestedVisibleTypes=-9 topActivityRequestOpenInBrowserEducationTimestamp=0 appCompatTaskInfo=AppCompatTaskInfo { topActivityInSizeCompat=false eligibleForLetterboxEducation= false isLetterboxEducationEnabled= false isLetterboxDoubleTapEnabled= false eligibleForUserAspectRatioButton= false topActivityBoundsLetterboxed= false isFromLetterboxDoubleTap= false topActivityLetterboxVerticalPosition= -1 topActivityLetterboxHorizontalPosition= -1 topActivityLetterboxWidth=-1 topActivityLetterboxHeight=-1 topActivityLetterboxAppWidth=-1 topActivityLetterboxAppHeight=-1 isUserFullscreenOverrideEnabled=false isSystemFullscreenOverrideEnabled=false hasMinAspectRatioOverride=false topActivityLetterboxBounds=null cameraCompatTaskInfo=CameraCompatTaskInfo { freeformCameraCompatMode=inactive}} topActivityMainWindowFrame=null}, pipChange = null, remoteTransition = null, displayChange = null, flags = 0, debugId = 4380 }
05-04 17:45:14.790   960   982 D ShellSplitScreen: logExit: no-op, mLoggerSessionId is null
05-04 17:45:14.790   960  1005 D SplashScreenView: Build android.window.SplashScreenView{9aaa9e3 V.E...... ......ID 0,0-0,0}
05-04 17:45:14.790   960  1005 D SplashScreenView: Icon: view: android.widget.ImageView{5ffafe0 V.ED..... ......I. 0,0-0,0 #1020525 android:id/splashscreen_icon_view} drawable: com.android.wm.shell.startingsurface.SplashscreenIconDrawableFactory$ImmobileIconDrawable@cb45299 size: 450
05-04 17:45:14.790   960  1005 D SplashScreenView: Branding: view: android.view.View{547f95e G.ED..... ......I. 0,0-0,0 #1020524 android:id/splashscreen_branding_view} drawable: null size w: 0 h: 0
05-04 17:45:14.795   307   421 V GrammaticalInflectionUtils: AttributionSource: AttributionSource { uid = 10218, packageName = null, attributionTag = null, token = android.os.Binder@a81f694, deviceId = 0, next = null } does not have READ_SYSTEM_GRAMMATICAL_GENDER permission.
05-04 17:45:14.796  3080  3121 I netd    : tetherGetStats() -> {[]} <2.08ms>
05-04 17:45:14.804  3320  3320 I BpBinder: onLastStrongRef automatically unlinking death recipients: 
05-04 17:45:14.805  1230  1230 W SplitSelectStateCtor: Missing session instanceIds
05-04 17:45:14.808   960   982 D WindowManagerShell: setLauncherKeepClearAreaHeight: visible=false, height=292
05-04 17:45:14.805  1230  1230 D StatsLog: LAUNCHER_SPLIT_SELECTION_EXIT_INTERRUPTED
05-04 17:45:14.816   307   780 D BackgroundInstallControlService: Package event received: 0
05-04 17:45:14.818   307   767 I AppWidgetServiceImpl: Received broadcast: android.intent.action.PACKAGE_UNSTOPPED on user 0
05-04 17:45:14.818   307   767 I AppWidgetServiceImpl: Updating package stopped masked state for uid 10218 package com.westlake.host isStopped false
05-04 17:45:14.819   307 32315 D CoreBackPreview: Window{b8c7492 u0 Splash Screen com.westlake.host}: Setting back callback OnBackInvokedCallbackInfo{mCallback=android.window.IOnBackInvokedCallback$Stub$Proxy@237cb19, mPriority=0, mIsAnimationCallback=false, mOverrideBehavior=0}
05-04 17:45:14.825 32752 32752 D Zygote  : Forked child process 4830
05-04 17:45:14.827   307   526 I ActivityManager: Start proc 4830:com.westlake.host/u0a218 for next-top-activity {com.westlake.host/com.westlake.host.WestlakeActivity}
05-04 17:45:14.828  1650  1664 D ForegroundUtils: Foreground UID status:
05-04 17:45:14.828  1650  1664 D ForegroundUtils: UID: 10130 is in foreground: false
05-04 17:45:14.828  1650  1664 D ForegroundUtils: UID: 10152 is in foreground: true
05-04 17:45:14.828  1650  1664 D ForegroundUtils: UID: 10159 is in foreground: true
05-04 17:45:14.828  1650  1664 D ForegroundUtils: UID: 10173 is in foreground: true
05-04 17:45:14.828  1650  1664 D ForegroundUtils: UID: 10190 is in foreground: true
05-04 17:45:14.828  1650  1664 D ForegroundUtils: UID: 10193 is in foreground: false
05-04 17:45:14.842  4830  4830 I Zygote  : seccomp disabled by setenforce 0
05-04 17:45:14.843   960  1468 V WindowManagerShell: onTransitionReady(transaction=1318555124388)
05-04 17:45:14.844   960   982 V WindowManagerShell: onTransitionReady (#4380) android.os.BinderProxy@c190074: {id=4380 t=OPEN f=0x0 trk=0 r=[0@Point(0, 0)] c=[
05-04 17:45:14.844   960   982 V WindowManagerShell:         {m=OPEN f=NONE leash=Surface(name=Task=2254)/@0x3ced110 sb=Rect(0, 0 - 1080, 2280) eb=Rect(0, 0 - 1080, 2280) epz=Point(1080, 2280) d=0 taskParent=-1},
05-04 17:45:14.844   960   982 V WindowManagerShell:         {m=TO_BACK f=SHOW_WALLPAPER leash=Surface(name=Task=1)/@0x5221409 sb=Rect(0, 0 - 1080, 2280) eb=Rect(0, 0 - 1080, 2280) epz=Point(1080, 2280) d=0 taskParent=-1}
05-04 17:45:14.844   960   982 V WindowManagerShell:     ]}
05-04 17:45:14.844   960   982 V WindowManagerShell: Playing animation for (#4380) android.os.BinderProxy@c190074@0
05-04 17:45:14.844   960   982 V ShellRecents: RecentsTransitionHandler.startAnimation: no controller found
05-04 17:45:14.844   307   388 V WindowManager: Sent Transition (#4380) createdAt=05-04 17:45:14.763 via request=TransitionRequestInfo { type = OPEN, triggerTask = TaskInfo{userId=0 taskId=2254 effectiveUid=10218 displayId=0 isRunning=true baseIntent=Intent { flg=0x10000000 cmp=com.westlake.host/.WestlakeActivity } baseActivity=ComponentInfo{com.westlake.host/com.westlake.host.WestlakeActivity} topActivity=ComponentInfo{com.westlake.host/com.westlake.host.WestlakeActivity} origActivity=null realActivity=ComponentInfo{com.westlake.host/com.westlake.host.WestlakeActivity} numActivities=1 lastActiveTime=2178907354 supportsMultiWindow=true resizeMode=1 isResizeable=true minWidth=-1 minHeight=-1 defaultMinSize=220 token=WCT{RemoteToken{e8074b6 Task{5ce0e1 #2254 type=standard A=10218:com.westlake.host}}} topActivityType=1 pictureInPictureParams=null shouldDockBigOverlays=false launchIntoPipHostTaskId=-1 lastParentTaskIdBeforePip=-1 displayCutoutSafeInsets=Rect(0, 80 - 0, 0) topActivityInfo=ActivityInfo{b0555b7 com.westlake.host.WestlakeActivity} launchCookies=[] positionInParent=Point(0, 0) parentTaskId=-1 isFocused=false isVisible=false isVisibleRequested=false isTopActivityNoDisplay=false isSleeping=false locusId=null displayAreaFeatureId=1 isTopActivityTransparent=false isActivityStackTransparent=false lastNonFullscreenBounds=Rect(267, 606 - 814, 1686) capturedLink=null capturedLinkTimestamp=0 requestedVisibleTypes=-9 topActivityRequestOpenInBrowserEducationTimestamp=0 appCompatTaskInfo=AppCompatTaskInfo { topActivityInSizeCompat=false eligibleForLetterboxEducation= false isLetterboxEducationEnabled= false isLetterboxDoubleTapEnabled= false eligibleForUserAspectRatioButton= false topActivityBoundsLetterboxed= false isFromLetterboxDoubleTap= false topActivityLetterboxVerticalPosition= -1 topActivityLetterboxHorizontalPosition= -1 topActivityLetterboxWidth=-1 topActivityLetterboxHeight=-1 topActivityLetterboxAppWidth=-1 topActivityLetterboxAppHeight=-1 isUserFullscreenOverrideEnabled=false isSystemFullscreenOverrideEnabled=false hasMinAspectRatioOverride=false topActivityLetterboxBounds=null cameraCompatTaskInfo=CameraCompatTaskInfo { freeformCameraCompatMode=inactive}} topActivityMainWindowFrame=null}, pipChange = null, remoteTransition = null, displayChange = null, flags = 0, debugId = 4380 }
05-04 17:45:14.844   307   388 V WindowManager:     startWCT=WindowContainerTransaction { changes= {} hops= [] errorCallbackToken=null taskFragmentOrganizer=null }
05-04 17:45:14.844   960   982 V WindowManagerShell: Transition doesn't have explicit remote, search filters for match for {id=4380 t=OPEN f=0x0 trk=0 r=[0@Point(0, 0)] c=[{m=OPEN f=NONE leash=Surface(name=Task=2254)/@0x3ced110 sb=Rect(0, 0 - 1080, 2280) eb=Rect(0, 0 - 1080, 2280) epz=Point(1080, 2280) d=0 taskParent=-1},{m=TO_BACK f=SHOW_WALLPAPER leash=Surface(name=Task=1)/@0x5221409 sb=Rect(0, 0 - 1080, 2280) eb=Rect(0, 0 - 1080, 2280) epz=Point(1080, 2280) d=0 taskParent=-1}]}
05-04 17:45:14.844   307   388 V WindowManager:     info={id=4380 t=OPEN f=0x0 trk=0 r=[0@Point(0, 0)] c=[
05-04 17:45:14.844   307   388 V WindowManager:         {WCT{RemoteToken{e8074b6 Task{5ce0e1 #2254 type=standard A=10218:com.westlake.host}}} m=OPEN f=NONE leash=Surface(name=Task=2254)/@0x3ce03ea sb=Rect(0, 0 - 1080, 2280) eb=Rect(0, 0 - 1080, 2280) epz=Point(1080, 2280) d=0 taskParent=-1},
05-04 17:45:14.844   307   388 V WindowManager:         {WCT{RemoteToken{cb0a3c2 Task{a516ecc #1 type=home}}} m=TO_BACK f=SHOW_WALLPAPER leash=Surface(name=Task=1)/@0xdc03e5b sb=Rect(0, 0 - 1080, 2280) eb=Rect(0, 0 - 1080, 2280) epz=Point(1080, 2280) d=0 taskParent=-1}
05-04 17:45:14.844   307   388 V WindowManager:     ]}
05-04 17:45:14.845   960   982 V WindowManagerShell:  Checking filter Pair{{types=[] flags=0x0] notFlags=0x100 checks=[{atype=home independent=true modes=[OPEN,TO_FRONT] flags=NONE mustBeTask=false order=TOP topActivity=ComponentInfo{com.android.launcher3/com.android.launcher3.uioverrides.QuickstepLauncher} launchCookie=null windowingMode=undefined},{atype=standard independent=true modes=[CLOSE,TO_BACK] flags=NONE mustBeTask=false order=ANY topActivity=null launchCookie=null windowingMode=undefined},{NOT atype=undefined independent=true modes=[] flags=NONE mustBeTask=true order=ANY topActivity=null launchCookie=null customAnim=true windowingMode=undefined}]} RemoteTransition { remoteTransition = android.window.IRemoteTransition$Stub$Proxy@ae59c67, appThread = android.app.IApplicationThread$Stub$Proxy@8152a14, debugName = QuickstepLaunchHome }}
05-04 17:45:14.845   960   982 V WindowManagerShell:  Delegate animation for (#4380) to null
05-04 17:45:14.845   960   982 V WindowManagerShell: start default transition animation, info = {id=4380 t=OPEN f=0x0 trk=0 r=[0@Point(0, 0)] c=[{m=OPEN f=NONE leash=Surface(name=Task=2254)/@0x3ced110 sb=Rect(0, 0 - 1080, 2280) eb=Rect(0, 0 - 1080, 2280) epz=Point(1080, 2280) d=0 taskParent=-1},{m=TO_BACK f=SHOW_WALLPAPER leash=Surface(name=Task=1)/@0x5221409 sb=Rect(0, 0 - 1080, 2280) eb=Rect(0, 0 - 1080, 2280) epz=Point(1080, 2280) d=0 taskParent=-1}]}
05-04 17:45:14.845   960   982 V WindowManagerShell: loadAnimation: anim=android.view.animation.AnimationSet@e95b82f animAttr=0x13 type=OPEN isEntrance=false
05-04 17:45:14.845   960   982 V WindowManagerShell: loadAnimation: anim=android.view.animation.AnimationSet@737ee3c animAttr=0x12 type=OPEN isEntrance=true
05-04 17:45:14.848   960   982 V WindowManagerShell:  animated by com.android.wm.shell.transition.DefaultTransitionHandler@6c3a7ac
05-04 17:45:14.851   307 32315 W UserManagerService: Requested status bar icon for non-badged user 0
05-04 17:45:14.856  4830  4830 I m.westlake.host: Late-enabling -Xcheck:jni
05-04 17:45:14.882  3704  3747 W HidlServiceManagement: Waited one second for vendor.qti.hardware.cacert@1.0::IService/default
05-04 17:45:14.882   660   660 I hwservicemanager: Since vendor.qti.hardware.cacert@1.0::IService/default is not registered, trying to start it as a lazy HAL (if it's not configured to be a lazy HAL, it may be stuck starting or still starting).
05-04 17:45:14.882  3704  3747 I HidlServiceManagement: getService: Trying again for vendor.qti.hardware.cacert@1.0::IService/default...
05-04 17:45:14.889   660  4833 W libc    : Unable to set property "ctl.interface_start" to "vendor.qti.hardware.cacert@1.0::IService/default": PROP_ERROR_HANDLE_CONTROL_MESSAGE (0x20)
05-04 17:45:14.889   660  4833 I hwservicemanager: Tried to start vendor.qti.hardware.cacert@1.0::IService/default as a lazy service, but was unable to. Usually this happens when a service is not installed, but if the service is intended to be used as a lazy service, then it may be configured incorrectly.
05-04 17:45:14.803     0     0 E init    : Control message: Could not find 'vendor.qti.hardware.cacert@1.0::IService/default' for ctl.interface_start from pid: 660 (/system/system_ext/bin/hwservicemanager)
05-04 17:45:14.913  4830  4830 I m.westlake.host: Using CollectorTypeCC GC.
05-04 17:45:14.921 23361 23366 I adbd    : jdwp connection from 4830
05-04 17:45:14.933  4830  4830 D nativeloader: Load libframework-connectivity-tiramisu-jni.so using APEX ns com_android_tethering for caller /apex/com.android.tethering/javalib/framework-connectivity-t.jar: ok
05-04 17:45:14.847     0     0 I binder  : 4830:4830 ioctl 40046210 7fd4a812f4 returned -22
05-04 17:45:14.955   307   780 D BackgroundInstallControlService: Package event received: 0
05-04 17:45:14.960  1650  1664 D ForegroundUtils: Foreground UID status:
05-04 17:45:14.960  1650  1664 D ForegroundUtils: UID: 10130 is in foreground: false
05-04 17:45:14.960  1650  1664 D ForegroundUtils: UID: 10152 is in foreground: true
05-04 17:45:14.960  1650  1664 D ForegroundUtils: UID: 10159 is in foreground: true
05-04 17:45:14.960  1650  1664 D ForegroundUtils: UID: 10173 is in foreground: true
05-04 17:45:14.960  1650  1664 D ForegroundUtils: UID: 10190 is in foreground: true
05-04 17:45:14.960  1650  1664 D ForegroundUtils: UID: 10193 is in foreground: false
05-04 17:45:14.960  1650  1664 D ForegroundUtils: UID: 10218 is in foreground: true
05-04 17:45:14.968  4830  4830 D nativeloader: Load libstats_jni.so using APEX ns com_android_os_statsd for caller /apex/com.android.os.statsd/javalib/framework-statsd.jar: ok
05-04 17:45:15.009  4830  4830 D ApplicationLoaders: Returning zygote-cached class loader: /system/framework/android.test.base.jar
05-04 17:45:15.011  4830  4830 W ziparchive: Unable to open '/data/app/~~Gg0G5CtqAB4V4yzAnUxcxw==/com.westlake.host-3z7eVqF571ZZVn3bfdrfTg==/base.dm': No such file or directory
05-04 17:45:15.011  4830  4830 W ziparchive: Unable to open '/data/app/~~Gg0G5CtqAB4V4yzAnUxcxw==/com.westlake.host-3z7eVqF571ZZVn3bfdrfTg==/base.dm': No such file or directory
05-04 17:45:15.135   960   982 V WindowManagerShell: Transition animation finished (aborted=false), notifying core (#4380) android.os.BinderProxy@c190074@0
05-04 17:45:15.139   307   388 V WindowManager: Finish Transition (#4380): created at 05-04 17:45:14.763 collect-started=0.183ms request-sent=23.462ms started=30.47ms ready=76.021ms sent=78.25ms finished=374.797ms
05-04 17:45:15.139  1230  1230 D VRI[QuickstepLauncher]: visibilityChanged oldVisibility=true newVisibility=false
05-04 17:45:15.141   960   982 V WindowManagerShell: Track 0 became idle
05-04 17:45:15.141   960   982 V WindowManagerShell: All active transition animations finished
05-04 17:45:15.142   307  3739 W UserManagerService: Requested status bar icon for non-badged user 0
05-04 17:45:15.143   307  3739 W UserManagerService: Requested status bar icon for non-badged user 0
05-04 17:45:15.883  3704  3747 W HidlServiceManagement: Waited one second for vendor.qti.hardware.cacert@1.0::IService/default
05-04 17:45:15.883   660   660 I hwservicemanager: Since vendor.qti.hardware.cacert@1.0::IService/default is not registered, trying to start it as a lazy HAL (if it's not configured to be a lazy HAL, it may be stuck starting or still starting).
05-04 17:45:15.883  3704  3747 I HidlServiceManagement: getService: Trying again for vendor.qti.hardware.cacert@1.0::IService/default...
05-04 17:45:15.885   660  4847 W libc    : Unable to set property "ctl.interface_start" to "vendor.qti.hardware.cacert@1.0::IService/default": PROP_ERROR_HANDLE_CONTROL_MESSAGE (0x20)
05-04 17:45:15.885   660  4847 I hwservicemanager: Tried to start vendor.qti.hardware.cacert@1.0::IService/default as a lazy service, but was unable to. Usually this happens when a service is not installed, but if the service is intended to be used as a lazy service, then it may be configured incorrectly.
05-04 17:45:15.799     0     0 E init    : Control message: Could not find 'vendor.qti.hardware.cacert@1.0::IService/default' for ctl.interface_start from pid: 660 (/system/system_ext/bin/hwservicemanager)
05-04 17:45:16.116  4830  4830 D nativeloader: Configuring clns-7 for other apk /data/app/~~Gg0G5CtqAB4V4yzAnUxcxw==/com.westlake.host-3z7eVqF571ZZVn3bfdrfTg==/base.apk. target_sdk_version=28, uses_libraries=, library_path=/data/app/~~Gg0G5CtqAB4V4yzAnUxcxw==/com.westlake.host-3z7eVqF571ZZVn3bfdrfTg==/lib/arm64:/data/app/~~Gg0G5CtqAB4V4yzAnUxcxw==/com.westlake.host-3z7eVqF571ZZVn3bfdrfTg==/base.apk!/lib/arm64-v8a, permitted_path=/data:/mnt/expand:/data/user/0/com.westlake.host
05-04 17:45:16.126  4830  4830 I m.westlake.host: AssetManager2(0x7bd463b4f8) locale list changing from [] to [en-US]
05-04 17:45:16.136  4830  4830 V GraphicsEnvironment: Currently set values for:
05-04 17:45:16.136  4830  4830 V GraphicsEnvironment:   angle_gl_driver_selection_pkgs=[]
05-04 17:45:16.136  4830  4830 V GraphicsEnvironment:   angle_gl_driver_selection_values=[]
05-04 17:45:16.136  4830  4830 V GraphicsEnvironment: com.westlake.host is not listed in per-application setting
05-04 17:45:16.136  4830  4830 V GraphicsEnvironment: Neither updatable production driver nor prerelease driver is supported.
05-04 17:45:16.196   307   780 D BackgroundInstallControlService: Package event received: 0
05-04 17:45:16.196   307   780 D BackgroundInstallControlService: Package event received: 0
05-04 17:45:16.206  4830  4830 I m.westlake.host: AssetManager2(0x7bd463f378) locale list changing from [] to [en-US]
05-04 17:45:16.257  4830  4830 I Westlake: WestlakeActivity onCreate (ComponentActivity + Compose)
05-04 17:45:16.257  4830  4830 I Westlake: Auto-launching: WESTLAKE_ART_NOICE
05-04 17:45:16.257  4830  4830 I Westlake: Launching Noice via Westlake ART VM
05-04 17:45:16.289  4830  4830 D DesktopModeFlagsUtil: Toggle override initialized to: OVERRIDE_UNSET
05-04 17:45:16.424  4830  4830 D InsetsController: Setting requestedVisibleTypes to -10 (was -9)
05-04 17:45:16.425   307 32315 W WindowManager: Failed looking up window session=Session{be67afd 4830:u0a10218} callers=com.android.server.wm.WindowManagerService.windowForClientLocked:6324 com.android.server.wm.Session.updateRequestedVisibleTypes:699 android.view.IWindowSession$Stub.onTransact:1023 
05-04 17:45:16.804  4830  4830 W m.westlake.host: Method java.lang.Object androidx.compose.runtime.snapshots.SnapshotStateMap.mutate(kotlin.jvm.functions.Function1) failed lock verification and will run slower.
05-04 17:45:16.804  4830  4830 W m.westlake.host: Common causes for lock verification issues are non-optimized dex code
05-04 17:45:16.804  4830  4830 W m.westlake.host: and incorrect proguard optimizations.
05-04 17:45:16.804  4830  4830 W m.westlake.host: Method void androidx.compose.runtime.snapshots.SnapshotStateMap.update(kotlin.jvm.functions.Function1) failed lock verification and will run slower.
05-04 17:45:16.805  4830  4830 W m.westlake.host: Method boolean androidx.compose.runtime.snapshots.SnapshotStateMap.removeIf$runtime_release(kotlin.jvm.functions.Function1) failed lock verification and will run slower.
05-04 17:45:16.884  3704  3747 W HidlServiceManagement: Waited one second for vendor.qti.hardware.cacert@1.0::IService/default
05-04 17:45:16.884   660   660 I hwservicemanager: Since vendor.qti.hardware.cacert@1.0::IService/default is not registered, trying to start it as a lazy HAL (if it's not configured to be a lazy HAL, it may be stuck starting or still starting).
05-04 17:45:16.884  3704  3747 I HidlServiceManagement: getService: Trying again for vendor.qti.hardware.cacert@1.0::IService/default...
05-04 17:45:16.886   660  4854 W libc    : Unable to set property "ctl.interface_start" to "vendor.qti.hardware.cacert@1.0::IService/default": PROP_ERROR_HANDLE_CONTROL_MESSAGE (0x20)
05-04 17:45:16.886   660  4854 I hwservicemanager: Tried to start vendor.qti.hardware.cacert@1.0::IService/default as a lazy service, but was unable to. Usually this happens when a service is not installed, but if the service is intended to be used as a lazy service, then it may be configured incorrectly.
05-04 17:45:16.800     0     0 E init    : Control message: Could not find 'vendor.qti.hardware.cacert@1.0::IService/default' for ctl.interface_start from pid: 660 (/system/system_ext/bin/hwservicemanager)
05-04 17:45:17.229  4830  4830 I WestlakeVM: DisplayListFrameView 480x800 for com.github.ashutoshgngwr.noice
05-04 17:45:17.248  4830  4830 I WestlakeVM: startPipeReader: pipe=false holder=true thread=null
05-04 17:45:17.301   307  3739 D CoreBackPreview: Window{fa4c9f9 u0 com.westlake.host/com.westlake.host.WestlakeActivity}: Setting back callback OnBackInvokedCallbackInfo{mCallback=android.window.IOnBackInvokedCallback$Stub$Proxy@96ed0ec, mPriority=0, mIsAnimationCallback=false, mOverrideBehavior=0}
05-04 17:45:17.422  4830  4850 I AdrenoGLES-0: QUALCOMM build                   : 8e5405b, I57aaec3440
05-04 17:45:17.422  4830  4850 I AdrenoGLES-0: Build Date                       : 05/21/21
05-04 17:45:17.422  4830  4850 I AdrenoGLES-0: OpenGL ES Shader Compiler Version: EV031.32.02.10
05-04 17:45:17.422  4830  4850 I AdrenoGLES-0: Local Branch                     : mybranchebba1dbe-451b-f160-ac81-1458d0b52ae8
05-04 17:45:17.422  4830  4850 I AdrenoGLES-0: Remote Branch                    : quic/gfx-adreno.lnx.1.0.r135-rel
05-04 17:45:17.422  4830  4850 I AdrenoGLES-0: Remote Branch                    : NONE
05-04 17:45:17.422  4830  4850 I AdrenoGLES-0: Reconstruct Branch               : NOTHING
05-04 17:45:17.422  4830  4850 I AdrenoGLES-0: Build Config                     : S P 10.0.7 AArch64
05-04 17:45:17.422  4830  4850 I AdrenoGLES-0: Driver Path                      : /vendor/lib64/egl/libGLESv2_adreno.so
05-04 17:45:17.429  4830  4850 I AdrenoGLES-0: PFP: 0x016ee190, ME: 0x00000000
05-04 17:45:17.452  3320  3359 E HWComposer: getSupportedContentTypes: getSupportedContentTypes failed for display 4630946883826275713: UNSUPPORTED (8)
05-04 17:45:17.457   660   660 I hwservicemanager: getTransport: Cannot find entry android.hardware.graphics.mapper@4.0::IMapper/default in either framework or device VINTF manifest.
05-04 17:45:17.457  4830  4855 I Gralloc4: mapper 4.x is not supported
05-04 17:45:17.458   660   660 I hwservicemanager: getTransport: Cannot find entry android.hardware.graphics.mapper@3.0::IMapper/default in either framework or device VINTF manifest.
05-04 17:45:17.458  4830  4855 W Gralloc3: mapper 3.x is not supported
05-04 17:45:17.461  4830  4855 I Gralloc2: Adding additional valid usage bits: 0x8202000
05-04 17:45:17.370     0     0 I servicemanager: Caller(pid=4830,uid=10218,sid=u:r:untrusted_app_27:s0:c218,c256,c512,c768) Could not find android.hardware.graphics.allocator.IAllocator/default in the VINTF manifest. No alternative instances declared in VINTF.
05-04 17:45:17.371     0     0 I binder  : 4830:4855 ioctl 40046210 7a9c074094 returned -22
05-04 17:45:17.566   703  4781 I keystore2: system/security/keystore2/watchdog/src/lib.rs:356 - Watchdog thread idle -> terminating. Have a great day.
05-04 17:45:17.597   307   388 W ziparchive: Unable to open '/data/app/~~Gg0G5CtqAB4V4yzAnUxcxw==/com.westlake.host-3z7eVqF571ZZVn3bfdrfTg==/base.dm': No such file or directory
05-04 17:45:17.599   307   388 I ActivityTaskManager: Displayed com.westlake.host/.WestlakeActivity for user 0: +2s832ms
05-04 17:45:17.602  4830  4845 I HWUI    : Davey! duration=1147ms; Flags=1, FrameTimelineVsyncId=93889756, IntendedVsync=2138948010348056, Vsync=2138948010348056, InputEventId=0, HandleInputStart=2138948010946136, AnimationStart=2138948010961449, PerformTraversalsStart=2138948010972438, DrawStart=2138949046381761, FrameDeadline=2138948027014722, FrameInterval=2138948010905511, FrameStartTime=16686919, SyncQueued=2138949067357490, SyncStart=2138949067536553, IssueDrawCommandsStart=2138949068033740, SwapBuffers=2138949153954886, FrameCompleted=2138949157554365, DequeueBufferDuration=24479, QueueBufferDuration=497291, GpuCompleted=2138949157554365, SwapBuffersCompleted=2138949155489625, DisplayPresentTime=0, CommandSubmissionCompleted=2138949153954886, 
05-04 17:45:17.644  4830  4830 I Choreographer: Skipped 62 frames!  The application may be doing too much work on its main thread.
05-04 17:45:17.645  4830  4861 I WestlakeVM: startWithConfig() called, config=ApkVmConfig(packageName=com.github.ashutoshgngwr.noice, activityName=com.github.ashutoshgngwr.noice.activity.MainActivity, displayName=Noice (ART), apkSourceDir=/data/app/~~R7-vSKxT523z7oA2P8Ynag==/com.github.ashutoshgngwr.noice-D3ESsKFH5h3RNFnLUIp9ig==/base.apk, allowRealFrameworkFallback=false, backendMode=null, extraVmProperties={})
05-04 17:45:17.665   307   656 I ImeTracker: com.westlake.host:1c306f38: onRequestHide at ORIGIN_SERVER reason HIDE_UNSPECIFIED_WINDOW fromUser false
05-04 17:45:17.682  4830  4830 D InsetsController: hide(ime(), fromIme=false)
05-04 17:45:17.683  4830  4830 I ImeTracker: com.westlake.host:1c306f38: onCancelled at PHASE_CLIENT_ALREADY_HIDDEN
05-04 17:45:17.691  3220  3220 I android.hardware.power-service-qti: Power setMode: 5 to: 0
05-04 17:45:17.701  1650  1664 D ForegroundUtils: Foreground UID status:
05-04 17:45:17.701  1650  1664 D ForegroundUtils: UID: 10130 is in foreground: false
05-04 17:45:17.701  1650  1664 D ForegroundUtils: UID: 10152 is in foreground: false
05-04 17:45:17.701  1650  1664 D ForegroundUtils: UID: 10159 is in foreground: true
05-04 17:45:17.701  1650  1664 D ForegroundUtils: UID: 10173 is in foreground: true
05-04 17:45:17.701  1650  1664 D ForegroundUtils: UID: 10190 is in foreground: true
05-04 17:45:17.701  1650  1664 D ForegroundUtils: UID: 10193 is in foreground: false
05-04 17:45:17.701  1650  1664 D ForegroundUtils: UID: 10218 is in foreground: true
05-04 17:45:17.702  1230  1230 D BaseDepthController: setSurface:
05-04 17:45:17.702  1230  1230 D BaseDepthController: 	mWaitingOnSurfaceValidity: false
05-04 17:45:17.702  1230  1230 D BaseDepthController: 	mSurface: null
05-04 17:45:17.709  1230  1230 D StateManager: goToState - fromState: Normal, toState: Normal, partial trace:
05-04 17:45:17.709  1230  1230 D StateManager: 	at com.android.launcher3.statemanager.StateManager.moveToRestState(StateManager.java:465)
05-04 17:45:17.709  1230  1230 D StateManager: 	at com.android.launcher3.statemanager.StateManager.moveToRestState(StateManager.java:456)
05-04 17:45:17.709  1230  1230 D StateManager: 	at com.android.launcher3.statemanager.StatefulActivity.onStop(StatefulActivity.java:136)
05-04 17:45:17.709  1230  1230 D StatsLog: LAUNCHER_ONSTOP
05-04 17:45:17.712   307  3739 I AppWidgetServiceImpl: setAppWidgetHidden() 0
05-04 17:45:17.718  3080  3121 I netd    : tetherGetStats() -> {[]} <2.41ms>
05-04 17:45:17.720   307   780 D BackgroundInstallControlService: Package event received: 0
05-04 17:45:17.885  3704  3747 W HidlServiceManagement: Waited one second for vendor.qti.hardware.cacert@1.0::IService/default
05-04 17:45:17.885   660   660 I hwservicemanager: Since vendor.qti.hardware.cacert@1.0::IService/default is not registered, trying to start it as a lazy HAL (if it's not configured to be a lazy HAL, it may be stuck starting or still starting).
05-04 17:45:17.889  3704  3747 I HidlServiceManagement: getService: Trying again for vendor.qti.hardware.cacert@1.0::IService/default...
05-04 17:45:17.893   660  4868 W libc    : Unable to set property "ctl.interface_start" to "vendor.qti.hardware.cacert@1.0::IService/default": PROP_ERROR_HANDLE_CONTROL_MESSAGE (0x20)
05-04 17:45:17.893   660  4868 I hwservicemanager: Tried to start vendor.qti.hardware.cacert@1.0::IService/default as a lazy service, but was unable to. Usually this happens when a service is not installed, but if the service is intended to be used as a lazy service, then it may be configured incorrectly.
05-04 17:45:17.806     0     0 E init    : Control message: Could not find 'vendor.qti.hardware.cacert@1.0::IService/default' for ctl.interface_start from pid: 660 (/system/system_ext/bin/hwservicemanager)
05-04 17:45:17.955  3220  3220 I android.hardware.power-service-qti: Power setBoost: 0, duration: 0
05-04 17:45:17.963   960  1004 W WindowOnBackDispatcher: sendCancelIfRunning: isInProgress=false callback=android.view.ViewRootImpl$$ExternalSyntheticLambda13@964bbd1
05-04 17:45:17.964   307  3739 D CoreBackPreview: Window{b8c7492 u0 Splash Screen com.westlake.host EXITING}: Setting back callback null
05-04 17:45:18.013   960  1004 W FrameTracker: Missing SF jank callback for vsyncId: 93889877, CUJ=J<SPLASHSCREEN_EXIT_ANIM>
05-04 17:45:18.013   960  1004 W FrameTracker: Missing SF jank callback for vsyncId: 93889901, CUJ=J<SPLASHSCREEN_EXIT_ANIM>
05-04 17:45:18.013   960  1004 W FrameTracker: Missing SF jank callback for vsyncId: 93889928, CUJ=J<SPLASHSCREEN_EXIT_ANIM>
05-04 17:45:18.013   960  1004 W FrameTracker: Missing SF jank callback for vsyncId: 93889948, CUJ=J<SPLASHSCREEN_EXIT_ANIM>
05-04 17:45:18.013   960  1004 W FrameTracker: Missing SF jank callback for vsyncId: 93889968, CUJ=J<SPLASHSCREEN_EXIT_ANIM>
05-04 17:45:18.013   960  1004 W FrameTracker: Missing SF jank callback for vsyncId: 93889993, CUJ=J<SPLASHSCREEN_EXIT_ANIM>
05-04 17:45:18.013   960  1004 W FrameTracker: Missing SF jank callback for vsyncId: 93890017, CUJ=J<SPLASHSCREEN_EXIT_ANIM>
05-04 17:45:18.013   960  1004 W FrameTracker: Missing SF jank callback for vsyncId: 93890038, CUJ=J<SPLASHSCREEN_EXIT_ANIM>
05-04 17:45:18.013   960  1004 W FrameTracker: Missing SF jank callback for vsyncId: 93890066, CUJ=J<SPLASHSCREEN_EXIT_ANIM>
05-04 17:45:18.013   960  1004 W FrameTracker: Missing SF jank callback for vsyncId: 93890080, CUJ=J<SPLASHSCREEN_EXIT_ANIM>
05-04 17:45:18.013   960  1004 W FrameTracker: Missing SF jank callback for vsyncId: 93890093, CUJ=J<SPLASHSCREEN_EXIT_ANIM>
05-04 17:45:18.013   960  1004 W FrameTracker: Missing SF jank callback for vsyncId: 93890106, CUJ=J<SPLASHSCREEN_EXIT_ANIM>
05-04 17:45:18.013   960  1004 W FrameTracker: Missing SF jank callback for vsyncId: 93890119, CUJ=J<SPLASHSCREEN_EXIT_ANIM>
05-04 17:45:18.013   960  1004 W FrameTracker: Missing SF jank callback for vsyncId: 93890132, CUJ=J<SPLASHSCREEN_EXIT_ANIM>
05-04 17:45:18.013   960  1004 W FrameTracker: Missing SF jank callback for vsyncId: 93890145, CUJ=J<SPLASHSCREEN_EXIT_ANIM>
05-04 17:45:18.013   960  1004 W FrameTracker: Missing SF jank callback for vsyncId: 93890158, CUJ=J<SPLASHSCREEN_EXIT_ANIM>
05-04 17:45:18.013   960  1004 W FrameTracker: Missing SF jank callback for vsyncId: 93890171, CUJ=J<SPLASHSCREEN_EXIT_ANIM>
05-04 17:45:18.013   960  1004 W FrameTracker: Missing SF jank callback for vsyncId: 93890184, CUJ=J<SPLASHSCREEN_EXIT_ANIM>
05-04 17:45:18.013   960  1004 W FrameTracker: Missing SF jank callback for vsyncId: 93890210, CUJ=J<SPLASHSCREEN_EXIT_ANIM>
05-04 17:45:18.027  4830  4866 W InteractionJankMonitor: Initializing without READ_DEVICE_CONFIG permission. enabled=true, interval=1, missedFrameThreshold=3, frameTimeThreshold=64, package=com.westlake.host
05-04 17:45:18.178  4830  4861 I WestlakeVM: App OAT symlinks: 0 files in /data/local/tmp/westlake/oat/arm64
05-04 17:45:18.890  3704  3747 W HidlServiceManagement: Waited one second for vendor.qti.hardware.cacert@1.0::IService/default
05-04 17:45:18.896   660   660 I hwservicemanager: Since vendor.qti.hardware.cacert@1.0::IService/default is not registered, trying to start it as a lazy HAL (if it's not configured to be a lazy HAL, it may be stuck starting or still starting).
05-04 17:45:18.897  3704  3747 I HidlServiceManagement: getService: Trying again for vendor.qti.hardware.cacert@1.0::IService/default...
05-04 17:45:18.899   660  4893 W libc    : Unable to set property "ctl.interface_start" to "vendor.qti.hardware.cacert@1.0::IService/default": PROP_ERROR_HANDLE_CONTROL_MESSAGE (0x20)
05-04 17:45:18.899   660  4893 I hwservicemanager: Tried to start vendor.qti.hardware.cacert@1.0::IService/default as a lazy service, but was unable to. Usually this happens when a service is not installed, but if the service is intended to be used as a lazy service, then it may be configured incorrectly.
05-04 17:45:18.812     0     0 E init    : Control message: Could not find 'vendor.qti.hardware.cacert@1.0::IService/default' for ctl.interface_start from pid: 660 (/system/system_ext/bin/hwservicemanager)
05-04 17:45:19.682  4830  4830 I DefaultDispatch: type=1400 audit(0.0:56306): avc:  denied  { setattr } for  name="westlake-launch.properties" dev="sda17" ino=1973264 scontext=u:r:untrusted_app_27:s0:c218,c256,c512,c768 tcontext=u:object_r:shell_data_file:s0 tclass=file permissive=1 app=com.westlake.host
05-04 17:45:19.692  4894  4894 W DefaultDispatch: type=1400 audit(0.0:56307): avc:  granted  { execute } for  name="dalvikvm" dev="sda17" ino=524812 scontext=u:r:untrusted_app_27:s0:c218,c256,c512,c768 tcontext=u:object_r:app_data_file:s0:c218,c256,c512,c768 tclass=file app=com.westlake.host
05-04 17:45:19.692  4894  4894 W DefaultDispatch: type=1400 audit(0.0:56308): avc:  granted  { execute_no_trans } for  path="/data/user/0/com.westlake.host/files/vm/dalvikvm" dev="sda17" ino=524812 scontext=u:r:untrusted_app_27:s0:c218,c256,c512,c768 tcontext=u:object_r:app_data_file:s0:c218,c256,c512,c768 tclass=file app=com.westlake.host
05-04 17:45:19.692  4894  4894 W dalvikvm: type=1400 audit(0.0:56309): avc:  granted  { execute } for  path="/data/user/0/com.westlake.host/files/vm/dalvikvm" dev="sda17" ino=524812 scontext=u:r:untrusted_app_27:s0:c218,c256,c512,c768 tcontext=u:object_r:app_data_file:s0:c218,c256,c512,c768 tclass=file app=com.westlake.host
05-04 17:45:19.705  4830  4901 I WestlakeVM: VM: [dalvikvm] Injected mainThreadStackSize=256MB
05-04 17:45:19.706  4830  4901 I WestlakeVM: VM: [dalvikvm] Captured -classpath=/data/local/tmp/westlake/com_github_ashutoshgngwr_noice_classes.dex:/data/local/tmp/westlake/com_github_ashutoshgngwr_noice.apk
05-04 17:45:19.706  4830  4901 I WestlakeVM: VM: [RT-DBG] Locks::Init done, calling InitLogging
05-04 17:45:19.706  4830  4901 I WestlakeVM: VM: [RT-DBG] InitLogging done, calling ParsedOptions::Parse
05-04 17:45:19.706  4830  4899 I WestlakeVM: startPipeReader: pipe=true holder=true thread=null
05-04 17:45:19.707  4830  4897 I WestlakeVM: HTTP bridge started: /data/user/0/com.westlake.host/files/vm/http_bridge
05-04 17:45:19.709  4830  4903 I WestlakeVM: PIPE READER: started, holder=com.westlake.host.DisplayListFrameView{a087ce5 V.ED..... ........ 0,0-1080,1800}
05-04 17:45:19.711  4830  4901 I WestlakeVM: VM: nullptr I 05-05 04:45:19  4894  4902 parsed_options.cc:701] setting boot class path to /data/local/tmp/westlake/core-oj.jar:/data/local/tmp/westlake/core-libart.jar:/data/local/tmp/westlake/core-icu4j.jar:/data/local/tmp/westlake/bouncycastle.jar:/data/local/tmp/westlake/aosp-shim.dex
05-04 17:45:19.711  4830  4901 I WestlakeVM: VM: nullptr I 05-05 04:45:19  4894  4902 heap.cc:440] Using CollectorType(2) GC.
05-04 17:45:19.712  4830  4901 I WestlakeVM: VM: [IMG] LoadBootImage entered, image_locations=0
05-04 17:45:19.713  4830  4861 I WestlakeVM: Pipe reader started, syncing to DLST magic...
05-04 17:45:19.754  4830  4901 I WestlakeVM: VM: [PFCUT] Standalone runtime forcing JIT/profiling off
05-04 17:45:19.755  4830  4901 I WestlakeVM: VM: nullptr W 05-05 04:45:19  4894  4902 fault_handler.cc:131] FaultHandler: MEMBARRIER_CMD_REGISTER_PRIVATE_EXPEDITED failed: 38 Function not implemented
05-04 17:45:19.756  4830  4901 I WestlakeVM: VM: nullptr W 05-05 04:45:19  4894  4902 dex_file_loader.cc:536] Can't mmap dex file /data/local/tmp/westlake/core-icu4j.jar!classes.dex directly; please zipalign to 4 bytes. Falling back to extracting file.
05-04 17:45:19.766  4830  4901 I WestlakeVM: VM: nullptr W 05-05 04:45:19  4894  4902 class_linker.cc:875] CheckSystemClass: Class mismatch for Ljava/lang/String; (continuing for standalone dex2oat)
05-04 17:45:19.766  4830  4901 I WestlakeVM: VM: nullptr W 05-05 04:45:19  4894  4902 class_linker.cc:878]   c1 (pre-allocated) ptr=0x10cb780 objectSize=0 classSize=784 status=1 numVTable=81 numMethods=0 numSFields=0 numIFields=0
05-04 17:45:19.767  4830  4901 I WestlakeVM: VM: nullptr W 05-05 04:45:19  4894  4902 class_linker.cc:887]   c2 (from DEX)      ptr=0x1400b800 objectSize=0 classSize=808 status=7 numVTable=-1 numMethods=131 numSFields=7 numIFields=2
05-04 17:45:19.767  4830  4901 I WestlakeVM: VM: nullptr W 05-05 04:45:19  4894  4902 class_linker.cc:903]   String root = c2 (0x1400b800, 131 methods)
05-04 17:45:19.770  4830  4901 I WestlakeVM: VM: [RT] Runtime::Start() ENTERED
05-04 17:45:19.770  4830  4901 I WestlakeVM: VM: [RT] Standalone class path open: /data/local/tmp/westlake/com_github_ashutoshgngwr_noice_classes.dex (1 dex)
05-04 17:45:19.834  4830  4901 I WestlakeVM: VM: [RT] Standalone class path open: /data/local/tmp/westlake/com_github_ashutoshgngwr_noice.apk (1 dex)
05-04 17:45:19.834  4830  4901 I WestlakeVM: VM: [RT] Standalone class path ready: 2 dex files
05-04 17:45:19.835  4830  4901 I WestlakeVM: VM: [RT]   TRY_REGISTER(register_java_lang_Throwable) ...
05-04 17:45:19.835  4830  4901 I WestlakeVM: VM: [RT]   TRY_REGISTER(register_java_lang_Throwable) done
05-04 17:45:19.835  4830  4901 I WestlakeVM: VM: [RT]   TRY_REGISTER(register_dalvik_system_DexFile) ...
05-04 17:45:19.835  4830  4901 I WestlakeVM: VM: [RT]   TRY_REGISTER(register_dalvik_system_DexFile) done
05-04 17:45:19.836  4830  4901 I WestlakeVM: VM: [RT]   TRY_REGISTER(register_dalvik_system_BaseDexClassLoader) ...
05-04 17:45:19.836  4830  4901 I WestlakeVM: VM: [RT]   TRY_REGISTER(register_dalvik_system_BaseDexClassLoader) done
05-04 17:45:19.836  4830  4901 I WestlakeVM: VM: [RT]   TRY_REGISTER(register_dalvik_system_VMDebug) ...
05-04 17:45:19.836  4830  4901 I WestlakeVM: VM: [RT]   TRY_REGISTER(register_dalvik_system_VMDebug) done
05-04 17:45:19.836  4830  4901 I WestlakeVM: VM: [RT]   TRY_REGISTER(real_register_dalvik_system_VMRuntime) ...
05-04 17:45:19.836  4830  4901 I WestlakeVM: VM: [jni] Skipping missing native method: getFullGcCount()J
05-04 17:45:19.836  4830  4901 I WestlakeVM: VM: [jni] Skipping missing native method: getFullGcCount()J
05-04 17:45:19.836  4830  4901 I WestlakeVM: VM: nullptr W 05-05 04:45:19  4894  4902 tolerant_native_util.h:41] RegisterNatives: skipping dalvik/system/VMRuntime.getFullGcCount()J (not in JAR)
05-04 17:45:19.836  4830  4901 I WestlakeVM: VM: nullptr I 05-05 04:45:19  4894  4902 tolerant_native_util.h:47] RegisterNatives: dalvik/system/VMRuntime: 48/49 methods registered
05-04 17:45:19.837  4830  4901 I WestlakeVM: VM: [RT]   TRY_REGISTER(real_register_dalvik_system_VMRuntime) done
05-04 17:45:19.837  4830  4901 I WestlakeVM: VM: [RT]   TRY_REGISTER(register_dalvik_system_VMStack) ...
05-04 17:45:19.837  4830  4901 I WestlakeVM: VM: [RT]   TRY_REGISTER(register_dalvik_system_VMStack) done
05-04 17:45:19.837  4830  4901 I WestlakeVM: VM: [RT]   TRY_REGISTER(register_dalvik_system_ZygoteHooks) ...
05-04 17:45:19.837  4830  4901 I WestlakeVM: VM: [RT]   TRY_REGISTER(register_dalvik_system_ZygoteHooks) done
05-04 17:45:19.837  4830  4901 I WestlakeVM: VM: [RT]   TRY_REGISTER(register_java_lang_Class) ...
05-04 17:45:19.837  4830  4901 I WestlakeVM: VM: [jni] Skipping missing native method: getInnerClassName()Ljava/lang/String;
05-04 17:45:19.838  4830  4901 I WestlakeVM: VM: [jni] Skipping missing native method: getInnerClassName()Ljava/lang/String;
05-04 17:45:19.838  4830  4901 I WestlakeVM: VM: nullptr W 05-05 04:45:19  4894  4902 tolerant_native_util.h:41] RegisterNatives: skipping java/lang/Class.getInnerClassName()Ljava/lang/String; (not in JAR)
05-04 17:45:19.838  4830  4901 I WestlakeVM: VM: nullptr I 05-05 04:45:19  4894  4902 tolerant_native_util.h:47] RegisterNatives: java/lang/Class: 32/33 methods registered
05-04 17:45:19.838  4830  4901 I WestlakeVM: VM: [RT]   TRY_REGISTER(register_java_lang_Class) done
05-04 17:45:19.838  4830  4901 I WestlakeVM: VM: [RT]   TRY_REGISTER(register_java_lang_Character) ...
05-04 17:45:19.838  4830  4901 I WestlakeVM: VM: [RT]   TRY_REGISTER(register_java_lang_Character) done
05-04 17:45:19.838  4830  4901 I WestlakeVM: VM: [RT]   TRY_REGISTER(register_java_lang_Object) ...
05-04 17:45:19.838  4830  4901 I WestlakeVM: VM: [RT]   TRY_REGISTER(register_java_lang_Object) done
05-04 17:45:19.838  4830  4901 I WestlakeVM: VM: [RT]   TRY_REGISTER(register_java_lang_invoke_MethodHandle) ...
05-04 17:45:19.838  4830  4901 I WestlakeVM: VM: [RT]   TRY_REGISTER(register_java_lang_invoke_MethodHandle) done
05-04 17:45:19.839  4830  4901 I WestlakeVM: VM: [RT]   TRY_REGISTER(register_java_lang_invoke_MethodHandleImpl) ...
05-04 17:45:19.839  4830  4901 I WestlakeVM: VM: [RT]   TRY_REGISTER(register_java_lang_invoke_MethodHandleImpl) done
05-04 17:45:19.839  4830  4901 I WestlakeVM: VM: [RT]   TRY_REGISTER(register_java_lang_ref_FinalizerReference) ...
05-04 17:45:19.839  4830  4901 I WestlakeVM: VM: [RT]   TRY_REGISTER(register_java_lang_ref_FinalizerReference) done
05-04 17:45:19.839  4830  4901 I WestlakeVM: VM: [RT]   TRY_REGISTER(register_java_lang_reflect_Array) ...
05-04 17:45:19.839  4830  4901 I WestlakeVM: VM: [RT]   TRY_REGISTER(register_java_lang_reflect_Array) done
05-04 17:45:19.839  4830  4901 I WestlakeVM: VM: [RT]   TRY_REGISTER(register_java_lang_reflect_Constructor) ...
05-04 17:45:19.839  4830  4901 I WestlakeVM: VM: [RT]   TRY_REGISTER(register_java_lang_reflect_Constructor) done
05-04 17:45:19.839  4830  4901 I WestlakeVM: VM: [RT]   TRY_REGISTER(register_java_lang_reflect_Executable) ...
05-04 17:45:19.840  4830  4901 I WestlakeVM: VM: [RT]   TRY_REGISTER(register_java_lang_reflect_Executable) done
05-04 17:45:19.840  4830  4901 I WestlakeVM: VM: [RT]   TRY_REGISTER(register_java_lang_reflect_Field) ...
05-04 17:45:19.840  4830  4901 I WestlakeVM: VM: [RT]   TRY_REGISTER(register_java_lang_reflect_Field) done
05-04 17:45:19.840  4830  4901 I WestlakeVM: VM: [RT]   TRY_REGISTER(register_java_lang_reflect_Method) ...
05-04 17:45:19.840  4830  4901 I WestlakeVM: VM: [RT]   TRY_REGISTER(register_java_lang_reflect_Method) done
05-04 17:45:19.840  4830  4901 I WestlakeVM: VM: [RT]   TRY_REGISTER(register_java_lang_reflect_Parameter) ...
05-04 17:45:19.840  4830  4901 I WestlakeVM: VM: [RT]   TRY_REGISTER(register_java_lang_reflect_Parameter) done
05-04 17:45:19.840  4830  4901 I WestlakeVM: VM: [RT]   TRY_REGISTER(register_java_lang_reflect_Proxy) ...
05-04 17:45:19.840  4830  4901 I WestlakeVM: VM: [RT]   TRY_REGISTER(register_java_lang_reflect_Proxy) done
05-04 17:45:19.840  4830  4901 I WestlakeVM: VM: [RT]   TRY_REGISTER(register_java_lang_ref_Reference) ...
05-04 17:45:19.841  4830  4901 I WestlakeVM: VM: [RT]   TRY_REGISTER(register_java_lang_ref_Reference) done
05-04 17:45:19.841  4830  4901 I WestlakeVM: VM: [RT]   TRY_REGISTER(register_java_lang_StackStreamFactory) ...
05-04 17:45:19.841  4830  4901 I WestlakeVM: VM: [RT]   TRY_REGISTER(register_java_lang_StackStreamFactory) done
05-04 17:45:19.841  4830  4901 I WestlakeVM: VM: [RT]   TRY_REGISTER(register_java_lang_String) ...
05-04 17:45:19.841  4830  4901 I WestlakeVM: VM: [RT]   TRY_REGISTER(register_java_lang_String) done
05-04 17:45:19.841  4830  4901 I WestlakeVM: VM: [RT]   TRY_REGISTER(register_java_lang_StringFactory) ...
05-04 17:45:19.841  4830  4901 I WestlakeVM: VM: [RT]   TRY_REGISTER(register_java_lang_StringFactory) done
05-04 17:45:19.841  4830  4901 I WestlakeVM: VM: [RT]   TRY_REGISTER(register_java_lang_System) ...
05-04 17:45:19.841  4830  4901 I WestlakeVM: VM: [RT]   TRY_REGISTER(register_java_lang_System) done
05-04 17:45:19.842  4830  4901 I WestlakeVM: VM: [RT]   TRY_REGISTER(register_java_lang_Thread) ...
05-04 17:45:19.842  4830  4901 I WestlakeVM: VM: [RT]   TRY_REGISTER(register_java_lang_Thread) done
