05-04 17:45:20.236  4830  4901 I WestlakeVM: VM: [PFCUT] InterpreterJni jdk.Unsafe CAS ref target=0x14084290 offset=16 current=0 expected=0 new=0x14080628 success=1 array_index=1
05-04 17:45:20.236  4830  4901 I WestlakeVM: VM: [PFCUT] InterpreterJni jdk.Unsafe CAS long target=0x1407b3c0 offset=40 current=4 expected=4 new=5 success=1
05-04 17:45:20.237  4830  4901 I WestlakeVM: VM: [PFCUT] System.arraycopy intrinsic src=[B dst=[B srcPos=0 dstPos=0 count=16
05-04 17:45:20.237  4830  4901 I WestlakeVM: VM: [PFCUT] System.arraycopy intrinsic src=[B dst=[B srcPos=0 dstPos=0 count=34
05-04 17:45:20.238  4830  4901 I WestlakeVM: VM: [PFCUT] InterpreterJni jdk.Unsafe CAS ref target=0x14084290 offset=44 current=0 expected=0 new=0x14080670 success=1 array_index=8
05-04 17:45:20.238  4830  4901 I WestlakeVM: VM: [PFCUT] InterpreterJni jdk.Unsafe CAS long target=0x1407b3c0 offset=40 current=5 expected=5 new=6 success=1
05-04 17:45:20.238  4830  4901 I WestlakeVM: VM: [PFCUT] System.arraycopy intrinsic src=[B dst=[B srcPos=0 dstPos=0 count=16
05-04 17:45:20.238  4830  4901 I WestlakeVM: VM: [PFCUT] System.arraycopy intrinsic src=[B dst=[B srcPos=0 dstPos=0 count=34
05-04 17:45:20.240  4830  4901 I WestlakeVM: VM: [PFCUT] InterpreterJni jdk.Unsafe CAS long target=0x1407b3c0 offset=40 current=6 expected=6 new=7 success=1
05-04 17:45:20.240  4830  4901 I WestlakeVM: VM: [PFCUT] System.arraycopy intrinsic src=[B dst=[B srcPos=0 dstPos=0 count=16
05-04 17:45:20.240  4830  4901 I WestlakeVM: VM: [PFCUT] System.arraycopy intrinsic src=[B dst=[B srcPos=0 dstPos=0 count=34
05-04 17:45:20.241  4830  4901 I WestlakeVM: VM: [PFCUT] InterpreterJni jdk.Unsafe CAS long target=0x1407b3c0 offset=40 current=7 expected=7 new=8 success=1
05-04 17:45:20.241  4830  4901 I WestlakeVM: VM: [PFCUT] System.arraycopy intrinsic src=[B dst=[B srcPos=0 dstPos=0 count=16
05-04 17:45:20.242  4830  4901 I WestlakeVM: VM: [PFCUT] System.arraycopy intrinsic src=[B dst=[B srcPos=0 dstPos=0 count=34
05-04 17:45:20.243  4830  4901 I WestlakeVM: VM: [PFCUT] InterpreterJni jdk.Unsafe CAS ref target=0x14084290 offset=48 current=0 expected=0 new=0x14080718 success=1 array_index=9
05-04 17:45:20.243  4830  4901 I WestlakeVM: VM: [PFCUT] InterpreterJni jdk.Unsafe CAS long target=0x1407b3c0 offset=40 current=8 expected=8 new=9 success=1
05-04 17:45:20.243  4830  4901 I WestlakeVM: VM: [PFCUT] System.arraycopy intrinsic src=[B dst=[B srcPos=0 dstPos=0 count=16
05-04 17:45:20.243  4830  4901 I WestlakeVM: VM: [PFCUT] System.arraycopy intrinsic src=[B dst=[B srcPos=0 dstPos=0 count=34
05-04 17:45:20.245  4830  4901 I WestlakeVM: VM: [PFCUT] InterpreterJni jdk.Unsafe CAS ref target=0x14084290 offset=12 current=0 expected=0 new=0x14080748 success=1 array_index=0
05-04 17:45:20.245  4830  4901 I WestlakeVM: VM: [PFCUT] InterpreterJni jdk.Unsafe CAS long target=0x1407b3c0 offset=40 current=9 expected=9 new=10 success=1
05-04 17:45:20.245  4830  4901 I WestlakeVM: VM: [PFCUT] Class.newInstance intrinsic class=java.lang.Class<sun.security.provider.CertPathProvider> ctor=void sun.security.provider.CertPathProvider.<init>()
05-04 17:45:20.245  4830  4901 I WestlakeVM: VM: [PFCUT] Throwable.nativeFillInStackTrace noop
05-04 17:45:20.245  4830  4901 I WestlakeVM: VM: nullptr W 05-05 04:45:20  4894  4906 class_linker.cc:6687] Tolerating clinit failure for Lsun/security/jca/Providers;: java.lang.ArrayStoreException: java.lang.String cannot be stored in an array of type java.lang.String[]
05-04 17:45:20.245  4830  4901 I WestlakeVM: VM: nullptr W 05-05 04:45:20  4894  4906 class_linker.cc:6687] (Throwable with no stack trace)
05-04 17:45:20.245  4830  4901 I WestlakeVM: VM: nullptr W 05-05 04:45:20  4894  4906 class_linker.cc:6687] 
05-04 17:45:20.247  4830  4901 I WestlakeVM: VM: [PFCUT] System.arraycopy intrinsic src=[Lsun/security/jca/ProviderConfig; dst=[Ljava/lang/Object; srcPos=0 dstPos=0 count=2
05-04 17:45:20.248  4830  4901 I WestlakeVM: VM: [PFCUT] System.arraycopy intrinsic src=[Ljava/lang/Object; dst=[Ljava/lang/Object; srcPos=0 dstPos=0 count=2
05-04 17:45:20.248  4830  4901 I WestlakeVM: VM: [PFCUT] System.arraycopy intrinsic src=[Ljava/lang/Object; dst=[Ljava/lang/Object; srcPos=0 dstPos=1 count=2
05-04 17:45:20.248  4830  4901 I WestlakeVM: VM: [PFCUT] System.arraycopy intrinsic src=[Ljava/lang/Object; dst=[Lsun/security/jca/ProviderConfig; srcPos=0 dstPos=0 count=3
05-04 17:45:20.248  4830  4901 I WestlakeVM: VM: [PFCUT] AtomicInteger.incrementAndGet intrinsic current=0
05-04 17:45:20.250  4830  4901 I WestlakeVM: VM: [PFCUT] System.arraycopy intrinsic src=[B dst=[B srcPos=0 dstPos=0 count=16
05-04 17:45:20.251  4830  4901 I WestlakeVM: VM: [PFCUT] InterpreterJni jdk.Unsafe CAS int target=0x1407b100 offset=52 current=0 expected=0 new=-1 success=1
05-04 17:45:20.251  4830  4901 I WestlakeVM: VM: [PFCUT] InterpreterJni jdk.Unsafe CAS ref target=0x14084330 offset=60 current=0 expected=0 new=0x14080838 success=1 array_index=12
05-04 17:45:20.252  4830  4901 I WestlakeVM: VM: [PFCUT] InterpreterJni jdk.Unsafe CAS long target=0x1407b100 offset=40 current=0 expected=0 new=1 success=1
05-04 17:45:20.257  4830  4901 I WestlakeVM: VM: [PFCUT] Throwable.nativeFillInStackTrace noop
05-04 17:45:20.258  4830  4901 I WestlakeVM: VM: [PFCUT] System.arraycopy intrinsic src=[B dst=[B srcPos=0 dstPos=0 count=16
05-04 17:45:20.263  4830  4901 I WestlakeVM: VM: [PFCUT] System.arraycopy intrinsic src=[B dst=[B srcPos=0 dstPos=0 count=34
05-04 17:45:20.276  4830  4901 I WestlakeVM: VM: [PFCUT] System.arraycopy intrinsic src=[B dst=[B srcPos=0 dstPos=0 count=70
05-04 17:45:20.277  4830  4901 I WestlakeVM: VM: WESTLAKE_SECURITY_SHA256_FAIL err=java.lang.ArrayStoreException msg=java.lang.String_cannot_be_stored_in_an_array_of_type_java.lang.String__
05-04 17:45:20.277  4830  4901 I WestlakeVM: VM: Hidden API exemption step skipped on standalone guest
05-04 17:45:20.278  4830  4901 I WestlakeVM: VM: Real runtime probe skipped on standalone guest
05-04 17:45:20.278  4830  4901 I WestlakeVM: VM: Framework stubs pre-registered by runtime
05-04 17:45:20.278  4830  4901 I WestlakeVM: VM: [dalvikvm] prime cutoff canary launch
05-04 17:45:20.291  4830  4901 I WestlakeVM: VM: [PFCUT] System.arraycopy intrinsic src=[B dst=[B srcPos=0 dstPos=0 count=16
05-04 17:45:20.292  4830  4901 I WestlakeVM: VM: [PFCUT] System.arraycopy intrinsic src=[B dst=[B srcPos=0 dstPos=0 count=34
05-04 17:45:20.292  4830  4901 I WestlakeVM: VM: [PFCUT] System.arraycopy intrinsic src=[B dst=[B srcPos=0 dstPos=0 count=70
05-04 17:45:20.293  4830  4901 I WestlakeVM: VM: System.log(E): Ignoring attempt to set property "westlake.apk.path" to value "/data/local/tmp/westlake/com_github_ashutoshgngwr_noice.apk".
05-04 17:45:20.296  4830  4901 I WestlakeVM: VM: [PFCUT] System.arraycopy intrinsic src=[B dst=[B srcPos=0 dstPos=0 count=16
05-04 17:45:20.297  4830  4901 I WestlakeVM: VM: [PFCUT] System.arraycopy intrinsic src=[B dst=[B srcPos=0 dstPos=0 count=34
05-04 17:45:20.297  4830  4901 I WestlakeVM: VM: [PFCUT] System.arraycopy intrinsic src=[B dst=[B srcPos=0 dstPos=0 count=70
05-04 17:45:20.298  4830  4901 I WestlakeVM: VM: System.log(E): Ignoring attempt to set property "westlake.apk.resdir" to value "/data/local/tmp/westlake/com_github_ashutoshgngwr_noice_res".
05-04 17:45:20.300  4830  4901 I WestlakeVM: VM: [PFCUT] Class.getDeclaredField intrinsic hit class=java.lang.ClassLoader name=packages
05-04 17:45:20.301  4830  4901 I WestlakeVM: VM: [PFCUT] System.arraycopy intrinsic src=[B dst=[B srcPos=0 dstPos=0 count=16
05-04 17:45:20.302  4830  4901 I WestlakeVM: VM: [PFCUT] System.arraycopy intrinsic src=[B dst=[B srcPos=0 dstPos=0 count=53
05-04 17:45:20.302  4830  4901 I WestlakeVM: VM: [WestlakeLauncher] Repaired ClassLoader packages for dalvik.system.PathClassLoader
05-04 17:45:20.302  4830  4901 I WestlakeVM: VM: [PFCUT] Class.getDeclaredField intrinsic hit class=java.lang.ClassLoader name=packages
05-04 17:45:20.303  4830  4901 I WestlakeVM: VM: [PFCUT] System.arraycopy intrinsic src=[B dst=[B srcPos=0 dstPos=0 count=16
05-04 17:45:20.303  4830  4901 I WestlakeVM: VM: [PFCUT] System.arraycopy intrinsic src=[B dst=[B srcPos=0 dstPos=0 count=53
05-04 17:45:20.304  4830  4901 I WestlakeVM: VM: [WestlakeLauncher] Repaired ClassLoader packages for java.lang.BootClassLoader
05-04 17:45:20.306  4830  4901 I WestlakeVM: VM: Starting on OHOS + ART ...
05-04 17:45:20.306  4830  4901 I WestlakeVM: VM: APK:
05-04 17:45:20.306  4830  4901 I WestlakeVM: VM: /data/local/tmp/westlake/com_github_ashutoshgngwr_noice.apk
05-04 17:45:20.307  4830  4901 I WestlakeVM: VM: Activity:
05-04 17:45:20.307  4830  4901 I WestlakeVM: VM: com.github.ashutoshgngwr.noice.activity.MainActivity
05-04 17:45:20.307  4830  4901 I WestlakeVM: VM: Package:
05-04 17:45:20.307  4830  4901 I WestlakeVM: VM: com.github.ashutoshgngwr.noice
05-04 17:45:20.307  4830  4901 I WestlakeVM: VM: Backend mode:
05-04 17:45:20.307  4830  4901 I WestlakeVM: VM: target_ohos_backend
05-04 17:45:20.307  4830  4901 I WestlakeVM: VM: Framework policy:
05-04 17:45:20.308  4830  4901 I WestlakeVM: VM: westlake_only
05-04 17:45:20.308  4830  4901 I WestlakeVM: VM: Real context bootstrap skipped on standalone guest
05-04 17:45:20.225     0     0 E FG      : fg_psy_get_property: unsupported property 79
05-04 17:45:20.233     0     0 E FG      : fg_psy_get_property: unsupported property 79
05-04 17:45:20.332  1126  1126 D QtiCarrierConfigHelper: WARNING, no carrier configs on phone Id: 0
05-04 17:45:20.239     0     0 W healthd : battery l=100 v=3056 t=24.3 h=2 st=5 c=0 fc=2831000 chg=u
05-04 17:45:20.246     0     0 E FG      : fg_psy_get_property: unsupported property 79
05-04 17:45:20.343   960  2694 D PowerUI : can't show warning due to - plugged: true status unknown: false
05-04 17:45:20.518  4830  4901 I WestlakeVM: VM: [PFCUT] System.arraycopy intrinsic src=[B dst=[B srcPos=0 dstPos=0 count=16
05-04 17:45:20.518  4830  4901 I WestlakeVM: VM: [PFCUT] System.arraycopy intrinsic src=[B dst=[B srcPos=0 dstPos=0 count=57
05-04 17:45:20.519  4830  4901 I WestlakeVM: VM: Manifest: com.github.ashutoshgngwr.noice.NoiceApplication (8 activities, 1 providers)
05-04 17:45:20.519  4830  4901 I WestlakeVM: VM: OHBridge bootstrap deferred on standalone guest
05-04 17:45:20.519  4830  4901 I WestlakeVM: VM: Aux native loads deferred on standalone guest
05-04 17:45:20.519  4830  4901 I WestlakeVM: VM: Bootstrap prop refresh deferred on standalone guest
05-04 17:45:20.520  4830  4901 I WestlakeVM: VM: MiniServer init begin
05-04 17:45:20.525  4830  4901 I WestlakeVM: VM: MiniServer init returned
05-04 17:45:20.525  4830  4901 I WestlakeVM: VM: MiniServer activityManager ready
05-04 17:45:20.525  4830  4901 I WestlakeVM: VM: MiniServer initialized
05-04 17:45:20.526  4830  4901 I WestlakeVM: VM: [PFCUT] System.arraycopy intrinsic src=[B dst=[B srcPos=0 dstPos=0 count=16
05-04 17:45:20.526  4830  4901 I WestlakeVM: VM: [PFCUT] System.arraycopy intrinsic src=[B dst=[B srcPos=0 dstPos=0 count=46
05-04 17:45:20.526  4830  4901 I WestlakeVM: VM: [WestlakeLauncher] Application from manifest: com.github.ashutoshgngwr.noice.NoiceApplication
05-04 17:45:20.529  4830  4901 I WestlakeVM: VM: [PFCUT] Class.getDeclaredField intrinsic hit class=java.lang.ClassLoader name=packages
05-04 17:45:20.529  4830  4901 I WestlakeVM: VM: [PFCUT] Class.getDeclaredField intrinsic hit class=java.lang.ClassLoader name=packages
05-04 17:45:20.533  4830  4901 I WestlakeVM: VM: [PFCUT] InterpreterJni jdk.Unsafe CAS ref target=0x14055380 offset=32 current=0 expected=0 new=0x140993d0 success=1 array_index=5
05-04 17:45:20.533  4830  4901 I WestlakeVM: VM: [PFCUT] InterpreterJni jdk.Unsafe CAS long target=0x140542c0 offset=40 current=2 expected=2 new=3 success=1
05-04 17:45:20.534  4830  4901 I WestlakeVM: VM: [PFCUT] InterpreterJni jdk.Unsafe CAS long target=0x140542c0 offset=40 current=3 expected=3 new=4 success=1
05-04 17:45:20.535  4830  4901 I WestlakeVM: VM: [PFCUT] InterpreterJni jdk.Unsafe CAS ref target=0x14055380 offset=12 current=0 expected=0 new=0x14099418 success=1 array_index=0
05-04 17:45:20.535  4830  4901 I WestlakeVM: VM: [PFCUT] InterpreterJni jdk.Unsafe CAS long target=0x140542c0 offset=40 current=4 expected=4 new=5 success=1
05-04 17:45:20.536  4830  4901 I WestlakeVM: VM: [PFCUT] System.arraycopy intrinsic src=[B dst=[B srcPos=0 dstPos=0 count=16
05-04 17:45:20.537  4830  4901 I WestlakeVM: VM: [PFCUT] System.arraycopy intrinsic src=[B dst=[B srcPos=0 dstPos=0 count=34
05-04 17:45:20.541  4830  4901 I WestlakeVM: VM: [PFCUT] InterpreterJni jdk.Unsafe CAS ref target=0x14055380 offset=16 current=0 expected=0 new=0x140994d8 success=1 array_index=1
05-04 17:45:20.542  4830  4901 I WestlakeVM: VM: [PFCUT] InterpreterJni jdk.Unsafe CAS long target=0x140542c0 offset=40 current=5 expected=5 new=6 success=1
05-04 17:45:20.542  4830  4901 I WestlakeVM: VM: [PFCUT] Throwable.nativeFillInStackTrace noop
05-04 17:45:20.542  4830  4901 I WestlakeVM: VM: [PFCUT] Throwable.nativeFillInStackTrace noop
05-04 17:45:20.543  4830  4901 I WestlakeVM: VM: [PFCUT] Throwable.nativeFillInStackTrace noop
05-04 17:45:20.543  4830  4901 I WestlakeVM: VM: [PFCUT] Throwable.nativeFillInStackTrace noop
05-04 17:45:20.543  4830  4901 I WestlakeVM: VM: [PFCUT] Throwable.nativeFillInStackTrace noop
05-04 17:45:20.545  4830  4901 I WestlakeVM: VM: [WestlakeLauncher] Coroutine runtime seed failed: java.lang.ArrayStoreException
05-04 17:45:20.560  4830  4901 I WestlakeVM: VM: [PFCUT] Throwable.nativeFillInStackTrace noop
05-04 17:45:20.562  4830  4901 I WestlakeVM: VM: [WestlakeLauncher] Application error (caught): java.lang.ArrayStoreException
05-04 17:45:20.562  4830  4901 I WestlakeVM: VM: Post-init launch path refresh deferred on standalone guest
05-04 17:45:20.562  4830  4901 I WestlakeVM: VM: Launch props resolved on standalone guest
05-04 17:45:20.562  4830  4901 I WestlakeVM: VM: Launch snapshot ready on standalone guest
05-04 17:45:20.562  4830  4901 I WestlakeVM: VM: PF202 strict launch assignments ready
05-04 17:45:20.563  4830  4901 I WestlakeVM: VM: PF202 strict package block ready
05-04 17:45:20.563  4830  4901 I WestlakeVM: VM: PF202 strict resource block begin
05-04 17:45:20.563  4830  4901 I WestlakeVM: VM: PF202 strict pre-extracted loader enter
05-04 17:45:20.564  4830  4901 I WestlakeVM: VM: PF202 ApkLoader enter
05-04 17:45:20.566  4830  4901 I WestlakeVM: VM: PF202 ApkLoader info seeded
05-04 17:45:20.571  4830  4901 I WestlakeVM: VM: CV PF-MCD-RES_TABLE_READ_BEGIN path=/data/local/tmp/westlake/com_github_ashutoshgngwr_noice_res/resources.arsc
05-04 17:45:20.585  4830  4901 I WestlakeVM: VM: CV PF-MCD-RES_TABLE_READ_DONE bytes=2019644
05-04 17:45:20.585  4830  4901 I WestlakeVM: VM: CV PF-MCD-RES_TABLE_PARSE_BEGIN
05-04 17:45:20.901  3704  3747 W HidlServiceManagement: Waited one second for vendor.qti.hardware.cacert@1.0::IService/default
05-04 17:45:20.902   660   660 I hwservicemanager: Since vendor.qti.hardware.cacert@1.0::IService/default is not registered, trying to start it as a lazy HAL (if it's not configured to be a lazy HAL, it may be stuck starting or still starting).
05-04 17:45:20.905  3704  3747 I HidlServiceManagement: getService: Trying again for vendor.qti.hardware.cacert@1.0::IService/default...
05-04 17:45:20.908   660  4909 W libc    : Unable to set property "ctl.interface_start" to "vendor.qti.hardware.cacert@1.0::IService/default": PROP_ERROR_HANDLE_CONTROL_MESSAGE (0x20)
05-04 17:45:20.908   660  4909 I hwservicemanager: Tried to start vendor.qti.hardware.cacert@1.0::IService/default as a lazy service, but was unable to. Usually this happens when a service is not installed, but if the service is intended to be used as a lazy service, then it may be configured incorrectly.
05-04 17:45:20.822     0     0 E init    : Control message: Could not find 'vendor.qti.hardware.cacert@1.0::IService/default' for ctl.interface_start from pid: 660 (/system/system_ext/bin/hwservicemanager)
05-04 17:45:21.460  4830  4910 D ProfileInstaller: Installing profile for com.westlake.host
05-04 17:45:21.906  3704  3747 W HidlServiceManagement: Waited one second for vendor.qti.hardware.cacert@1.0::IService/default
05-04 17:45:21.907   660   660 I hwservicemanager: Since vendor.qti.hardware.cacert@1.0::IService/default is not registered, trying to start it as a lazy HAL (if it's not configured to be a lazy HAL, it may be stuck starting or still starting).
05-04 17:45:21.910  3704  3747 I HidlServiceManagement: getService: Trying again for vendor.qti.hardware.cacert@1.0::IService/default...
05-04 17:45:21.912   660  4911 W libc    : Unable to set property "ctl.interface_start" to "vendor.qti.hardware.cacert@1.0::IService/default": PROP_ERROR_HANDLE_CONTROL_MESSAGE (0x20)
05-04 17:45:21.912   660  4911 I hwservicemanager: Tried to start vendor.qti.hardware.cacert@1.0::IService/default as a lazy service, but was unable to. Usually this happens when a service is not installed, but if the service is intended to be used as a lazy service, then it may be configured incorrectly.
05-04 17:45:21.825     0     0 E init    : Control message: Could not find 'vendor.qti.hardware.cacert@1.0::IService/default' for ctl.interface_start from pid: 660 (/system/system_ext/bin/hwservicemanager)
05-04 17:45:22.911  3704  3747 W HidlServiceManagement: Waited one second for vendor.qti.hardware.cacert@1.0::IService/default
05-04 17:45:22.911   660   660 I hwservicemanager: Since vendor.qti.hardware.cacert@1.0::IService/default is not registered, trying to start it as a lazy HAL (if it's not configured to be a lazy HAL, it may be stuck starting or still starting).
05-04 17:45:22.912  3704  3747 I HidlServiceManagement: getService: Trying again for vendor.qti.hardware.cacert@1.0::IService/default...
05-04 17:45:22.914   660  4917 W libc    : Unable to set property "ctl.interface_start" to "vendor.qti.hardware.cacert@1.0::IService/default": PROP_ERROR_HANDLE_CONTROL_MESSAGE (0x20)
05-04 17:45:22.914   660  4917 I hwservicemanager: Tried to start vendor.qti.hardware.cacert@1.0::IService/default as a lazy service, but was unable to. Usually this happens when a service is not installed, but if the service is intended to be used as a lazy service, then it may be configured incorrectly.
05-04 17:45:22.827     0     0 E init    : Control message: Could not find 'vendor.qti.hardware.cacert@1.0::IService/default' for ctl.interface_start from pid: 660 (/system/system_ext/bin/hwservicemanager)
05-04 17:45:23.912  3704  3747 W HidlServiceManagement: Waited one second for vendor.qti.hardware.cacert@1.0::IService/default
05-04 17:45:23.914   660   660 I hwservicemanager: Since vendor.qti.hardware.cacert@1.0::IService/default is not registered, trying to start it as a lazy HAL (if it's not configured to be a lazy HAL, it may be stuck starting or still starting).
05-04 17:45:23.915  3704  3747 I HidlServiceManagement: getService: Trying again for vendor.qti.hardware.cacert@1.0::IService/default...
05-04 17:45:23.918   660  4918 W libc    : Unable to set property "ctl.interface_start" to "vendor.qti.hardware.cacert@1.0::IService/default": PROP_ERROR_HANDLE_CONTROL_MESSAGE (0x20)
05-04 17:45:23.918   660  4918 I hwservicemanager: Tried to start vendor.qti.hardware.cacert@1.0::IService/default as a lazy service, but was unable to. Usually this happens when a service is not installed, but if the service is intended to be used as a lazy service, then it may be configured incorrectly.
05-04 17:45:23.831     0     0 E init    : Control message: Could not find 'vendor.qti.hardware.cacert@1.0::IService/default' for ctl.interface_start from pid: 660 (/system/system_ext/bin/hwservicemanager)
05-04 17:45:24.915  3704  3747 W HidlServiceManagement: Waited one second for vendor.qti.hardware.cacert@1.0::IService/default
05-04 17:45:24.916   660   660 I hwservicemanager: Since vendor.qti.hardware.cacert@1.0::IService/default is not registered, trying to start it as a lazy HAL (if it's not configured to be a lazy HAL, it may be stuck starting or still starting).
05-04 17:45:24.917  3704  3747 I HidlServiceManagement: getService: Trying again for vendor.qti.hardware.cacert@1.0::IService/default...
05-04 17:45:24.920   660  4919 W libc    : Unable to set property "ctl.interface_start" to "vendor.qti.hardware.cacert@1.0::IService/default": PROP_ERROR_HANDLE_CONTROL_MESSAGE (0x20)
05-04 17:45:24.920   660  4919 I hwservicemanager: Tried to start vendor.qti.hardware.cacert@1.0::IService/default as a lazy service, but was unable to. Usually this happens when a service is not installed, but if the service is intended to be used as a lazy service, then it may be configured incorrectly.
05-04 17:45:24.832     0     0 E init    : Control message: Could not find 'vendor.qti.hardware.cacert@1.0::IService/default' for ctl.interface_start from pid: 660 (/system/system_ext/bin/hwservicemanager)
05-04 17:45:25.918  3704  3747 W HidlServiceManagement: Waited one second for vendor.qti.hardware.cacert@1.0::IService/default
05-04 17:45:25.919   660   660 I hwservicemanager: Since vendor.qti.hardware.cacert@1.0::IService/default is not registered, trying to start it as a lazy HAL (if it's not configured to be a lazy HAL, it may be stuck starting or still starting).
05-04 17:45:25.921  3704  3747 I HidlServiceManagement: getService: Trying again for vendor.qti.hardware.cacert@1.0::IService/default...
05-04 17:45:25.835     0     0 E init    : Control message: Could not find 'vendor.qti.hardware.cacert@1.0::IService/default' for ctl.interface_start from pid: 660 (/system/system_ext/bin/hwservicemanager)
05-04 17:45:25.924   660  4920 W libc    : Unable to set property "ctl.interface_start" to "vendor.qti.hardware.cacert@1.0::IService/default": PROP_ERROR_HANDLE_CONTROL_MESSAGE (0x20)
05-04 17:45:25.924   660  4920 I hwservicemanager: Tried to start vendor.qti.hardware.cacert@1.0::IService/default as a lazy service, but was unable to. Usually this happens when a service is not installed, but if the service is intended to be used as a lazy service, then it may be configured incorrectly.
05-04 17:45:26.038  4830  4839 I m.westlake.host: Background concurrent copying GC freed 15MB AllocSpace bytes, 9(460KB) LOS objects, 86% free, 3810KB/27MB, paused 145us,127us total 128.952ms
05-04 17:45:26.921  3704  3747 W HidlServiceManagement: Waited one second for vendor.qti.hardware.cacert@1.0::IService/default
05-04 17:45:26.923   660   660 I hwservicemanager: Since vendor.qti.hardware.cacert@1.0::IService/default is not registered, trying to start it as a lazy HAL (if it's not configured to be a lazy HAL, it may be stuck starting or still starting).
05-04 17:45:26.927  3704  3747 I HidlServiceManagement: getService: Trying again for vendor.qti.hardware.cacert@1.0::IService/default...
05-04 17:45:26.927   660  4921 W libc    : Unable to set property "ctl.interface_start" to "vendor.qti.hardware.cacert@1.0::IService/default": PROP_ERROR_HANDLE_CONTROL_MESSAGE (0x20)
05-04 17:45:26.927   660  4921 I hwservicemanager: Tried to start vendor.qti.hardware.cacert@1.0::IService/default as a lazy service, but was unable to. Usually this happens when a service is not installed, but if the service is intended to be used as a lazy service, then it may be configured incorrectly.
05-04 17:45:26.840     0     0 E init    : Control message: Could not find 'vendor.qti.hardware.cacert@1.0::IService/default' for ctl.interface_start from pid: 660 (/system/system_ext/bin/hwservicemanager)
05-04 17:45:26.917     0     0 I QCOM-BATT: pl_fcc_vote_callback: total_fcc_ua=1950000
05-04 17:45:26.917     0     0 I QCOM-BATT: pl_fv_vote_callback: fv_uv=4400000
05-04 17:45:27.275     0     0 E FG      : fg_psy_get_property: unsupported property 79
05-04 17:45:27.289     0     0 E FG      : fg_psy_get_property: unsupported property 79
05-04 17:45:27.294     0     0 W healthd : battery l=100 v=3056 t=24.3 h=2 st=5 c=0 fc=2831000 chg=u
05-04 17:45:27.301     0     0 E FG      : fg_psy_get_property: unsupported property 79
05-04 17:45:27.927  3704  3747 W HidlServiceManagement: Waited one second for vendor.qti.hardware.cacert@1.0::IService/default
05-04 17:45:27.929   660   660 I hwservicemanager: Since vendor.qti.hardware.cacert@1.0::IService/default is not registered, trying to start it as a lazy HAL (if it's not configured to be a lazy HAL, it may be stuck starting or still starting).
05-04 17:45:27.931  3704  3747 I HidlServiceManagement: getService: Trying again for vendor.qti.hardware.cacert@1.0::IService/default...
05-04 17:45:27.932   660  4922 W libc    : Unable to set property "ctl.interface_start" to "vendor.qti.hardware.cacert@1.0::IService/default": PROP_ERROR_HANDLE_CONTROL_MESSAGE (0x20)
05-04 17:45:27.932   660  4922 I hwservicemanager: Tried to start vendor.qti.hardware.cacert@1.0::IService/default as a lazy service, but was unable to. Usually this happens when a service is not installed, but if the service is intended to be used as a lazy service, then it may be configured incorrectly.
05-04 17:45:27.846     0     0 E init    : Control message: Could not find 'vendor.qti.hardware.cacert@1.0::IService/default' for ctl.interface_start from pid: 660 (/system/system_ext/bin/hwservicemanager)
05-04 17:45:28.931  3704  3747 W HidlServiceManagement: Waited one second for vendor.qti.hardware.cacert@1.0::IService/default
05-04 17:45:28.932   660   660 I hwservicemanager: Since vendor.qti.hardware.cacert@1.0::IService/default is not registered, trying to start it as a lazy HAL (if it's not configured to be a lazy HAL, it may be stuck starting or still starting).
05-04 17:45:28.933  3704  3747 I HidlServiceManagement: getService: Trying again for vendor.qti.hardware.cacert@1.0::IService/default...
05-04 17:45:28.936   660  4923 W libc    : Unable to set property "ctl.interface_start" to "vendor.qti.hardware.cacert@1.0::IService/default": PROP_ERROR_HANDLE_CONTROL_MESSAGE (0x20)
05-04 17:45:28.936   660  4923 I hwservicemanager: Tried to start vendor.qti.hardware.cacert@1.0::IService/default as a lazy service, but was unable to. Usually this happens when a service is not installed, but if the service is intended to be used as a lazy service, then it may be configured incorrectly.
05-04 17:45:28.849     0     0 E init    : Control message: Could not find 'vendor.qti.hardware.cacert@1.0::IService/default' for ctl.interface_start from pid: 660 (/system/system_ext/bin/hwservicemanager)
05-04 17:45:29.934  3704  3747 W HidlServiceManagement: Waited one second for vendor.qti.hardware.cacert@1.0::IService/default
05-04 17:45:29.935   660   660 I hwservicemanager: Since vendor.qti.hardware.cacert@1.0::IService/default is not registered, trying to start it as a lazy HAL (if it's not configured to be a lazy HAL, it may be stuck starting or still starting).
05-04 17:45:29.936  3704  3747 I HidlServiceManagement: getService: Trying again for vendor.qti.hardware.cacert@1.0::IService/default...
05-04 17:45:29.939   660  4924 W libc    : Unable to set property "ctl.interface_start" to "vendor.qti.hardware.cacert@1.0::IService/default": PROP_ERROR_HANDLE_CONTROL_MESSAGE (0x20)
05-04 17:45:29.939   660  4924 I hwservicemanager: Tried to start vendor.qti.hardware.cacert@1.0::IService/default as a lazy service, but was unable to. Usually this happens when a service is not installed, but if the service is intended to be used as a lazy service, then it may be configured incorrectly.
05-04 17:45:29.852     0     0 E init    : Control message: Could not find 'vendor.qti.hardware.cacert@1.0::IService/default' for ctl.interface_start from pid: 660 (/system/system_ext/bin/hwservicemanager)
05-04 17:45:30.590  4830  4901 I WestlakeVM: VM: CV PF-MCD-RES_TABLE_PARSE_DONE
05-04 17:45:30.592  4830  4901 I WestlakeVM: VM: CV PF-MCD-RES_TABLE_LOADED bytes=2019644 strings=586 integers=0
05-04 17:45:30.594  4830  4901 I WestlakeVM: VM: PF202 ApkLoader res dirs ready
05-04 17:45:30.596  4830  4901 I WestlakeVM: VM: PF202 ApkLoader activity seeded
05-04 17:45:30.597  4830  4901 I WestlakeVM: VM: PF202 ApkLoader return
05-04 17:45:30.597  4830  4901 I WestlakeVM: VM: PF202 strict post-loader return
05-04 17:45:30.597  4830  4901 I WestlakeVM: VM: PF202 strict post-loader info seeded
05-04 17:45:30.597  4830  4901 I WestlakeVM: VM: PF202 strict split work skipped
05-04 17:45:30.597  4830  4901 I WestlakeVM: VM: PF202 strict setApkInfo skipped
05-04 17:45:30.597  4830  4901 I WestlakeVM: VM: PF202 strict pre-extracted resources loaded
05-04 17:45:30.598  4830  4901 I WestlakeVM: VM: PF202 strict resource wiring skipped
05-04 17:45:30.598  4830  4901 I WestlakeVM: VM: PF202 strict package reconciliation skipped
05-04 17:45:30.598  4830  4901 I WestlakeVM: VM: PF202 strict APK summary skipped
05-04 17:45:30.599  4830  4901 I WestlakeVM: VM: PF202 strict launch target reconciliation skipped
05-04 17:45:30.600  4830  4901 I WestlakeVM: VM: PF202 strict launch banner skipped
05-04 17:45:30.600  4830  4901 I WestlakeVM: VM: PF202 strict activity resolve skipped
05-04 17:45:30.601  4830  4901 I WestlakeVM: VM: [PFCUT] Class.getDeclaredField intrinsic hit class=java.lang.ClassLoader name=packages
05-04 17:45:30.601  4830  4901 I WestlakeVM: VM: [PFCUT] Class.getDeclaredField intrinsic hit class=java.lang.ClassLoader name=packages
05-04 17:45:30.602  4830  4901 I WestlakeVM: VM: [PFCUT] Class.classForName name=com.newrelic.agent.android.tracing.TraceMachine initialize=0 loader=0x70788c4239 lifecycle_adapter=0 mcd_analytics=0 callers=java.lang.Class java.lang.Class.classForName(java.lang.String, boolean, java.lang.ClassLoader) | java.lang.Class java.lang.Class.forName(java.lang.String, boolean, java.lang.ClassLoader) | boolean com.westlake.engine.WestlakeLauncher.nativePatchClassNoop(java.lang.String, java.lang.ClassLoader) | boolean com.westlake.engine.WestlakeLauncher.nativePatchClassNoop(java.lang.String, java.lang.ClassLoader) | void com.westlake.engine.WestlakeLauncher.patchProblematicAppClasses(java.lang.ClassLoader) | void com.westlake.engine.WestlakeLauncher.mainImpl(java.lang.String[]) | void com.westlake.engine.WestlakeLauncher.main(java.lang.String[])
05-04 17:45:30.602  4830  4901 I WestlakeVM: VM: [PFCUT] Throwable.nativeFillInStackTrace noop
05-04 17:45:30.602  4830  4901 I WestlakeVM: VM: [PFCUT] Throwable.nativeFillInStackTrace noop
05-04 17:45:30.603  4830  4901 I WestlakeVM: VM: [PFCUT] Class.classForName name=com.newrelic.agent.android.tracing.Trace initialize=0 loader=0x70788c4239 lifecycle_adapter=0 mcd_analytics=0 callers=java.lang.Class java.lang.Class.classForName(java.lang.String, boolean, java.lang.ClassLoader) | java.lang.Class java.lang.Class.forName(java.lang.String, boolean, java.lang.ClassLoader) | boolean com.westlake.engine.WestlakeLauncher.nativePatchClassNoop(java.lang.String, java.lang.ClassLoader) | boolean com.westlake.engine.WestlakeLauncher.nativePatchClassNoop(java.lang.String, java.lang.ClassLoader) | void com.westlake.engine.WestlakeLauncher.patchProblematicAppClasses(java.lang.ClassLoader) | void com.westlake.engine.WestlakeLauncher.mainImpl(java.lang.String[]) | void com.westlake.engine.WestlakeLauncher.main(java.lang.String[])
05-04 17:45:30.604  4830  4901 I WestlakeVM: VM: [PFCUT] Class.classForName name=com.newrelic.agent.android.NewRelic initialize=0 loader=0x70788c4239 lifecycle_adapter=0 mcd_analytics=0 callers=java.lang.Class java.lang.Class.classForName(java.lang.String, boolean, java.lang.ClassLoader) | java.lang.Class java.lang.Class.forName(java.lang.String, boolean, java.lang.ClassLoader) | boolean com.westlake.engine.WestlakeLauncher.nativePatchClassNoop(java.lang.String, java.lang.ClassLoader) | boolean com.westlake.engine.WestlakeLauncher.nativePatchClassNoop(java.lang.String, java.lang.ClassLoader) | void com.westlake.engine.WestlakeLauncher.patchProblematicAppClasses(java.lang.ClassLoader) | void com.westlake.engine.WestlakeLauncher.mainImpl(java.lang.String[]) | void com.westlake.engine.WestlakeLauncher.main(java.lang.String[])
05-04 17:45:30.607  4830  4901 I WestlakeVM: VM: [WestlakeLauncher] AM direct launch: pkg=com.github.ashutoshgngwr.noice cls=com.github.ashutoshgngwr.noice.activity.MainActivity
05-04 17:45:30.618  4830  4901 I WestlakeVM: VM: [shim-log] D/MiniActivityManager: startActivity: com.github.ashutoshgngwr.noice.activity.MainActivity action=android.intent.action.MAIN pkg=com.github.ashutoshgngwr.noice
05-04 17:45:30.672  4830  4901 I WestlakeVM: VM: [PFCUT] MethodHandles.lookup intrinsic caller=void java.util.concurrent.atomic.AtomicReference.<clinit>()
05-04 17:45:30.673  4830  4901 I WestlakeVM: VM: [PFCUT] Class.getDeclaredField intrinsic hit class=java.util.concurrent.atomic.AtomicReference name=value
05-04 17:45:30.685  4830  4901 I WestlakeVM: VM: nullptr W 05-05 04:45:30  4894  4906 class_linker.cc:6687] Tolerating clinit failure for Landroid/os/Build;: java.lang.ArrayStoreException: java.lang.String cannot be stored in an array of type java.lang.String[]
05-04 17:45:30.685  4830  4901 I WestlakeVM: VM: nullptr W 05-05 04:45:30  4894  4906 class_linker.cc:6687] (Throwable with no stack trace)
05-04 17:45:30.685  4830  4901 I WestlakeVM: VM: nullptr W 05-05 04:45:30  4894  4906 class_linker.cc:6687] 
05-04 17:45:30.710  4830  4901 I WestlakeVM: VM: [PFCUT] Class.getDeclaredField intrinsic hit class=android.app.Activity name=mIntent
05-04 17:45:30.710  4830  4901 I WestlakeVM: VM: [PFCUT] Class.getDeclaredField intrinsic hit class=android.app.Activity name=mComponent
05-04 17:45:30.710  4830  4901 I WestlakeVM: VM: [PFCUT] Class.getDeclaredField intrinsic hit class=android.app.Activity name=mApplication
05-04 17:45:30.710  4830  4901 I WestlakeVM: VM: [PFCUT] Class.getDeclaredField intrinsic hit class=android.app.Activity name=mFinished
05-04 17:45:30.711  4830  4901 I WestlakeVM: VM: [PFCUT] Class.getDeclaredField intrinsic hit class=android.app.Activity name=mDestroyed
05-04 17:45:30.715  4830  4901 I WestlakeVM: VM: [PFCUT] Class.getDeclaredField intrinsic hit class=android.app.ActivityThread name=sCurrentActivityThread
05-04 17:45:30.715  4830  4901 I WestlakeVM: VM: [PFCUT] Class.getDeclaredField intrinsic hit class=android.app.Activity name=mIntent
05-04 17:45:30.715  4830  4901 I WestlakeVM: VM: [PFCUT] Class.getDeclaredField intrinsic hit class=android.app.Activity name=mComponent
05-04 17:45:30.715  4830  4901 I WestlakeVM: VM: [PFCUT] Class.getDeclaredField intrinsic hit class=android.app.Activity name=mApplication
05-04 17:45:30.716  4830  4901 I WestlakeVM: VM: [PFCUT] Class.getDeclaredField intrinsic hit class=android.app.Activity name=mFinished
05-04 17:45:30.716  4830  4901 I WestlakeVM: VM: [PFCUT] Class.getDeclaredField intrinsic hit class=android.app.Activity name=mDestroyed
05-04 17:45:30.721  4830  4901 I WestlakeVM: VM: [shim-log] D/MiniActivityManager:   performCreate: com.github.ashutoshgngwr.noice.activity.MainActivity
05-04 17:45:30.726  4830  4901 I WestlakeVM: VM: [PFCUT] StringFactory Charset fallback bytes=7 offset=0 utf16=7 shorty=LLIIL
05-04 17:45:30.730  4830  4901 I WestlakeVM: VM: [shim-log] D/MiniActivityManager:   performCreate app cl=dalvik.system.PathClassLoader@cfb6ac1
05-04 17:45:30.731  4830  4901 I WestlakeVM: VM: [PFCUT] VMClassLoader.getResources(String) fallback -> Collections.emptyList
05-04 17:45:30.736  4830  4901 I WestlakeVM: VM: [shim-log] D/MiniActivityManager:   performCreate app service not found
05-04 17:45:30.742  4830  4901 I WestlakeVM: VM: [shim-log] D/MiniActivityManager:   performCreate app factoryClass failed: ClassNotFoundException: kotlinx.coroutines.android.AndroidDispatcherFactory
05-04 17:45:30.745  4830  4901 I WestlakeVM: VM: [PFCUT] System.arraycopy intrinsic src=[B dst=[B srcPos=0 dstPos=0 count=16
05-04 17:45:30.746  4830  4901 I WestlakeVM: VM: [PFCUT] System.arraycopy intrinsic src=[B dst=[B srcPos=0 dstPos=0 count=16
05-04 17:45:30.747  4830  4901 I WestlakeVM: VM: [PFCUT] StringFactory Charset fallback bytes=7 offset=0 utf16=7 shorty=LLIIL
05-04 17:45:30.747  4830  4901 I WestlakeVM: VM: [PFCUT] System.arraycopy intrinsic src=[B dst=[B srcPos=0 dstPos=0 count=34
05-04 17:45:30.748  4830  4901 I WestlakeVM: VM: [PFCUT] System.arraycopy intrinsic src=[B dst=[B srcPos=0 dstPos=0 count=34
05-04 17:45:30.749  4830  4901 I WestlakeVM: VM: [PFCUT] System.arraycopy intrinsic src=[B dst=[B srcPos=0 dstPos=0 count=16
05-04 17:45:30.750  4830  4901 I WestlakeVM: VM: [PFCUT] System.arraycopy intrinsic src=[B dst=[B srcPos=0 dstPos=0 count=34
05-04 17:45:30.752  4830  4901 I WestlakeVM: VM: [PFCUT] System.arraycopy intrinsic src=[B dst=[B srcPos=0 dstPos=0 count=16
05-04 17:45:30.752  4830  4901 I WestlakeVM: VM: [shim-log] D/MiniActivityManager:   performCreate thread cl=dalvik.system.PathClassLoader@cfb6ac1
05-04 17:45:30.753  4830  4901 I WestlakeVM: VM: [PFCUT] VMClassLoader.getResources(String) fallback -> Collections.emptyList
05-04 17:45:30.753  4830  4901 I WestlakeVM: VM: [PFCUT] System.arraycopy intrinsic src=[B dst=[B srcPos=0 dstPos=0 count=16
05-04 17:45:30.754  4830  4901 I WestlakeVM: VM: [PFCUT] System.arraycopy intrinsic src=[B dst=[B srcPos=0 dstPos=0 count=34
05-04 17:45:30.755  4830  4901 I WestlakeVM: VM: [PFCUT] System.arraycopy intrinsic src=[B dst=[B srcPos=0 dstPos=0 count=16
05-04 17:45:30.756  4830  4901 I WestlakeVM: VM: [PFCUT] System.arraycopy intrinsic src=[B dst=[B srcPos=0 dstPos=0 count=34
05-04 17:45:30.757  4830  4901 I WestlakeVM: VM: [PFCUT] System.arraycopy intrinsic src=[B dst=[B srcPos=0 dstPos=0 count=16
05-04 17:45:30.758  4830  4901 I WestlakeVM: VM: [shim-log] D/MiniActivityManager:   performCreate thread service not found
05-04 17:45:30.758  4830  4901 I WestlakeVM: VM: [PFCUT] forced interpreter JNI reason=Class.classForName method=java.lang.Class java.lang.Class.classForName(java.lang.String, boolean, java.lang.ClassLoader) quick=0xd07ac0 jni=0x734cc4
05-04 17:45:30.759  4830  4901 I WestlakeVM: VM: [PFCUT] System.arraycopy intrinsic src=[B dst=[B srcPos=0 dstPos=0 count=16
05-04 17:45:30.760  4830  4901 I WestlakeVM: VM: [PFCUT] System.arraycopy intrinsic src=[B dst=[B srcPos=0 dstPos=0 count=34
05-04 17:45:30.761  4830  4901 I WestlakeVM: VM: [PFCUT] System.arraycopy intrinsic src=[B dst=[B srcPos=0 dstPos=0 count=70
05-04 17:45:30.762  4830  4901 I WestlakeVM: VM: [PFCUT] System.arraycopy intrinsic src=[B dst=[B srcPos=0 dstPos=0 count=16
05-04 17:45:30.762  4830  4901 I WestlakeVM: VM: [PFCUT] System.arraycopy intrinsic src=[B dst=[B srcPos=0 dstPos=0 count=34
05-04 17:45:30.764  4830  4901 I WestlakeVM: VM: [PFCUT] System.arraycopy intrinsic src=[B dst=[B srcPos=0 dstPos=0 count=16
05-04 17:45:30.765  4830  4901 I WestlakeVM: VM: [shim-log] D/MiniActivityManager:   performCreate thread factoryClass failed: ClassNotFoundException: kotlinx.coroutines.android.AndroidDispatcherFactory
05-04 17:45:30.774  4830  4901 I WestlakeVM: VM: [PFCUT] System.arraycopy intrinsic src=[B dst=[B srcPos=0 dstPos=0 count=16
05-04 17:45:30.774  4830  4901 I WestlakeVM: VM: [PFCUT] System.arraycopy intrinsic src=[B dst=[B srcPos=0 dstPos=0 count=34
05-04 17:45:30.783  4830  4901 I WestlakeVM: VM: [PFCUT] forced interpreter JNI reason=Unsafe method=java.lang.Object jdk.internal.misc.Unsafe.getReferenceVolatile(java.lang.Object, long) quick=0xd07c00 jni=0x7331e4
05-04 17:45:30.783  4830  4901 I WestlakeVM: VM: [PFCUT] InterpreterJni jdk.Unsafe getReferenceVolatile target=0x14055380 offset=28 value=0 array_index=4
05-04 17:45:30.783  4830  4901 I WestlakeVM: VM: [PFCUT]   caller#0 java.lang.Object jdk.internal.misc.Unsafe.getReferenceVolatile(java.lang.Object, long) dex_pc=0
05-04 17:45:30.783  4830  4901 I WestlakeVM: VM: [PFCUT]   caller#1 java.lang.Object jdk.internal.misc.Unsafe.getReferenceAcquire(java.lang.Object, long) dex_pc=0
05-04 17:45:30.783  4830  4901 I WestlakeVM: VM: [PFCUT]   caller#2 java.util.concurrent.ConcurrentHashMap$Node java.util.concurrent.ConcurrentHashMap.tabAt(java.util.concurrent.ConcurrentHashMap$Node[], int) dex_pc=10
05-04 17:45:30.783  4830  4901 I WestlakeVM: VM: [PFCUT]   caller#3 java.lang.Object java.util.concurrent.ConcurrentHashMap.get(java.lang.Object) dex_pc=21
05-04 17:45:30.784  4830  4901 I WestlakeVM: VM: [PFCUT]   caller#4 java.lang.String java.util.Properties.getProperty(java.lang.String) dex_pc=2
05-04 17:45:30.784  4830  4901 I WestlakeVM: VM: [PFCUT]   caller#5 java.lang.String java.util.Properties.getProperty(java.lang.String, java.lang.String) dex_pc=0
05-04 17:45:30.784  4830  4901 I WestlakeVM: VM: [PFCUT] forced interpreter JNI reason=Unsafe method=java.lang.Object jdk.internal.misc.Unsafe.getReferenceVolatile(java.lang.Object, long) quick=0xd07c00 jni=0x7331e4
05-04 17:45:30.784  4830  4901 I WestlakeVM: VM: [PFCUT] InterpreterJni jdk.Unsafe getReferenceVolatile target=0x14058450 offset=220 value=0x140577f0 array_index=52
05-04 17:45:30.785  4830  4901 I WestlakeVM: VM: [PFCUT]   caller#0 java.lang.Object jdk.internal.misc.Unsafe.getReferenceVolatile(java.lang.Object, long) dex_pc=0
05-04 17:45:30.785  4830  4901 I WestlakeVM: VM: [PFCUT]   caller#1 java.lang.Object jdk.internal.misc.Unsafe.getReferenceAcquire(java.lang.Object, long) dex_pc=0
05-04 17:45:30.785  4830  4901 I WestlakeVM: VM: [PFCUT]   caller#2 java.util.concurrent.ConcurrentHashMap$Node java.util.concurrent.ConcurrentHashMap.tabAt(java.util.concurrent.ConcurrentHashMap$Node[], int) dex_pc=10
05-04 17:45:30.785  4830  4901 I WestlakeVM: VM: [PFCUT]   caller#3 java.lang.Object java.util.concurrent.ConcurrentHashMap.get(java.lang.Object) dex_pc=21
05-04 17:45:30.785  4830  4901 I WestlakeVM: VM: [PFCUT]   caller#4 java.lang.String java.util.Properties.getProperty(java.lang.String) dex_pc=2
05-04 17:45:30.786  4830  4901 I WestlakeVM: VM: [PFCUT]   caller#5 java.lang.String java.util.Properties.getProperty(java.lang.String) dex_pc=22
05-04 17:45:30.786  4830  4901 I WestlakeVM: VM: [PFCUT] forced interpreter JNI reason=Unsafe method=java.lang.Object jdk.internal.misc.Unsafe.getReferenceVolatile(java.lang.Object, long) quick=0xd07c00 jni=0x7331e4
05-04 17:45:30.786  4830  4901 I WestlakeVM: VM: [PFCUT] InterpreterJni jdk.Unsafe getReferenceVolatile target=0x14055380 offset=68 value=0 array_index=14
05-04 17:45:30.786  4830  4901 I WestlakeVM: VM: [PFCUT]   caller#0 java.lang.Object jdk.internal.misc.Unsafe.getReferenceVolatile(java.lang.Object, long) dex_pc=0
05-04 17:45:30.786  4830  4901 I WestlakeVM: VM: [PFCUT]   caller#1 java.lang.Object jdk.internal.misc.Unsafe.getReferenceAcquire(java.lang.Object, long) dex_pc=0
05-04 17:45:30.786  4830  4901 I WestlakeVM: VM: [PFCUT]   caller#2 java.util.concurrent.ConcurrentHashMap$Node java.util.concurrent.ConcurrentHashMap.tabAt(java.util.concurrent.ConcurrentHashMap$Node[], int) dex_pc=10
05-04 17:45:30.786  4830  4901 I WestlakeVM: VM: [PFCUT]   caller#3 java.lang.Object java.util.concurrent.ConcurrentHashMap.get(java.lang.Object) dex_pc=21
05-04 17:45:30.786  4830  4901 I WestlakeVM: VM: [PFCUT]   caller#4 java.lang.String java.util.Properties.getProperty(java.lang.String) dex_pc=2
05-04 17:45:30.787  4830  4901 I WestlakeVM: VM: [PFCUT]   caller#5 java.lang.String java.util.Properties.getProperty(java.lang.String, java.lang.String) dex_pc=0
05-04 17:45:30.787  4830  4901 I WestlakeVM: VM: [PFCUT] forced interpreter JNI reason=Unsafe method=java.lang.Object jdk.internal.misc.Unsafe.getReferenceVolatile(java.lang.Object, long) quick=0xd07c00 jni=0x7331e4
05-04 17:45:30.787  4830  4901 I WestlakeVM: VM: [PFCUT] InterpreterJni jdk.Unsafe getReferenceVolatile target=0x14058450 offset=260 value=0x140577d8 array_index=62
05-04 17:45:30.787  4830  4901 I WestlakeVM: VM: [PFCUT]   caller#0 java.lang.Object jdk.internal.misc.Unsafe.getReferenceVolatile(java.lang.Object, long) dex_pc=0
05-04 17:45:30.787  4830  4901 I WestlakeVM: VM: [PFCUT]   caller#1 java.lang.Object jdk.internal.misc.Unsafe.getReferenceAcquire(java.lang.Object, long) dex_pc=0
05-04 17:45:30.787  4830  4901 I WestlakeVM: VM: [PFCUT]   caller#2 java.util.concurrent.ConcurrentHashMap$Node java.util.concurrent.ConcurrentHashMap.tabAt(java.util.concurrent.ConcurrentHashMap$Node[], int) dex_pc=10
05-04 17:45:30.787  4830  4901 I WestlakeVM: VM: [PFCUT]   caller#3 java.lang.Object java.util.concurrent.ConcurrentHashMap.get(java.lang.Object) dex_pc=21
05-04 17:45:30.788  4830  4901 I WestlakeVM: VM: [PFCUT]   caller#4 java.lang.String java.util.Properties.getProperty(java.lang.String) dex_pc=2
05-04 17:45:30.788  4830  4901 I WestlakeVM: VM: [PFCUT]   caller#5 java.lang.String java.util.Properties.getProperty(java.lang.String) dex_pc=22
05-04 17:45:30.798  4830  4901 I WestlakeVM: VM: [PFCUT] System.arraycopy intrinsic src=[B dst=[B srcPos=0 dstPos=0 count=16
05-04 17:45:30.802  4830  4901 I WestlakeVM: VM: [PFCUT] System.arraycopy intrinsic src=[Ljava/lang/Object; dst=[Ljava/lang/Object; srcPos=0 dstPos=0 count=0
05-04 17:45:30.806  4830  4901 I WestlakeVM: VM: [PFCUT] System.arraycopy intrinsic src=[Ljava/lang/Object; dst=[Ljava/lang/Object; srcPos=0 dstPos=0 count=0
05-04 17:45:30.814  4830  4901 I WestlakeVM: VM: [PFCUT] System.arraycopy intrinsic src=[B dst=[B srcPos=0 dstPos=0 count=16
05-04 17:45:30.815  4830  4901 I WestlakeVM: VM: [PFCUT] forced interpreter JNI reason=Class.classForName method=java.lang.Class java.lang.Class.classForName(java.lang.String, boolean, java.lang.ClassLoader) quick=0xd07ac0 jni=0x734cc4
05-04 17:45:30.817  4830  4901 I WestlakeVM: VM: [PFCUT] MethodHandles.lookup intrinsic caller=void java.util.concurrent.atomic.AtomicLong.<clinit>()
05-04 17:45:30.817  4830  4901 I WestlakeVM: VM: [PFCUT] Class.getDeclaredField intrinsic hit class=java.util.concurrent.atomic.AtomicLong name=value
05-04 17:45:30.819  4830  4901 I WestlakeVM: VM: [PFCUT] Class.getDeclaredField intrinsic hit class=java.util.Random name=seed
05-04 17:45:30.819  4830  4901 I WestlakeVM: VM: [PFCUT] AtomicLong.get intrinsic current=8682522807148012
05-04 17:45:30.819  4830  4901 I WestlakeVM: VM: [PFCUT] AtomicLong.compareAndSet intrinsic current=8682522807148012
05-04 17:45:30.820  4830  4901 I WestlakeVM: VM: [PFCUT] AtomicLong.get intrinsic current=4977599409835
05-04 17:45:30.820  4830  4901 I WestlakeVM: VM: [PFCUT] AtomicLong.compareAndSet intrinsic current=4977599409835
05-04 17:45:30.821  4830  4901 I WestlakeVM: VM: [PFCUT] System.arraycopy intrinsic src=[B dst=[B srcPos=0 dstPos=0 count=16
05-04 17:45:30.823  4830  4901 I WestlakeVM: VM: [PFCUT] AtomicLong.get intrinsic current=148398802976986
05-04 17:45:30.823  4830  4901 I WestlakeVM: VM: [PFCUT] AtomicLong.compareAndSet intrinsic current=148398802976986
05-04 17:45:30.825  4830  4901 I WestlakeVM: VM: [PFCUT] System.arraycopy intrinsic src=[B dst=[B srcPos=0 dstPos=0 count=16
05-04 17:45:30.825  4830  4901 I WestlakeVM: VM: [PFCUT] AtomicLong.get intrinsic current=261079105075421
05-04 17:45:30.826  4830  4901 I WestlakeVM: VM: [PFCUT] AtomicLong.compareAndSet intrinsic current=261079105075421
05-04 17:45:30.827  4830  4901 I WestlakeVM: VM: [PFCUT] System.arraycopy intrinsic src=[Ljava/lang/Object; dst=[Ljava/lang/Object; srcPos=0 dstPos=0 count=1
05-04 17:45:30.827  4830  4901 I WestlakeVM: VM: [PFCUT] System.arraycopy intrinsic src=[Ljava/lang/Object; dst=[Ljava/lang/Object; srcPos=0 dstPos=0 count=0
05-04 17:45:30.827  4830  4901 I WestlakeVM: VM: [PFCUT] System.arraycopy intrinsic src=[Ljava/lang/Object; dst=[Ljava/lang/Object; srcPos=0 dstPos=0 count=0
05-04 17:45:30.827  4830  4901 I WestlakeVM: VM: [PFCUT] System.arraycopy intrinsic src=[Ljava/lang/Object; dst=[Ljava/lang/Object; srcPos=0 dstPos=0 count=0
05-04 17:45:30.827  4830  4901 I WestlakeVM: VM: [PFCUT] System.arraycopy intrinsic src=[Ljava/lang/Object; dst=[Ljava/lang/Object; srcPos=0 dstPos=0 count=0
05-04 17:45:30.850  4830  4901 I WestlakeVM: VM: [PFCUT] System.arraycopy intrinsic src=[Ljava/util/Locale; dst=[Ljava/util/Locale; srcPos=0 dstPos=0 count=0
05-04 17:45:30.851  4830  4901 I WestlakeVM: VM: [PFCUT] System.arraycopy intrinsic src=[Ljava/util/Locale; dst=[Ljava/util/Locale; srcPos=0 dstPos=0 count=1
05-04 17:45:30.852  4830  4901 I WestlakeVM: VM: nullptr W 05-05 04:45:30  4894  4925 class_linker.cc:6687] Tolerating clinit failure for Lsun/util/locale/LanguageTag;: java.lang.ArrayStoreException: java.lang.String cannot be stored in an array of type java.lang.String[]
05-04 17:45:30.852  4830  4901 I WestlakeVM: VM: nullptr W 05-05 04:45:30  4894  4925 class_linker.cc:6687] (Throwable with no stack trace)
05-04 17:45:30.852  4830  4901 I WestlakeVM: VM: nullptr W 05-05 04:45:30  4894  4925 class_linker.cc:6687] 
05-04 17:45:30.855  4830  4901 I WestlakeVM: VM: [PFCUT] System.arraycopy intrinsic src=[Ljava/util/Locale; dst=[Ljava/util/Locale; srcPos=0 dstPos=0 count=0
05-04 17:45:30.855  4830  4901 I WestlakeVM: VM: [PFCUT] String.split intrinsic delimiter=44 limit=-1 pieces=1
05-04 17:45:30.861  4830  4901 I WestlakeVM: VM: [PFCUT] forced interpreter JNI reason=Unsafe method=boolean jdk.internal.misc.Unsafe.compareAndSetInt(java.lang.Object, long, int, int) quick=0xd07c00 jni=0x732408
05-04 17:45:30.861  4830  4901 I WestlakeVM: VM: [PFCUT] InterpreterJni jdk.Unsafe CAS int target=0x141de6c0 offset=52 current=32 expected=32 new=-1 success=1
05-04 17:45:30.861  4830  4901 I WestlakeVM: VM: [PFCUT]   caller#0 boolean jdk.internal.misc.Unsafe.compareAndSetInt(java.lang.Object, long, int, int) dex_pc=0
05-04 17:45:30.862  4830  4901 I WestlakeVM: VM: [PFCUT]   caller#1 java.util.concurrent.ConcurrentHashMap$Node[] java.util.concurrent.ConcurrentHashMap.initTable() dex_pc=25
05-04 17:45:30.862  4830  4901 I WestlakeVM: VM: [PFCUT]   caller#2 java.lang.Object java.util.concurrent.ConcurrentHashMap.putVal(java.lang.Object, java.lang.Object, boolean) dex_pc=196
05-04 17:45:30.862  4830  4901 I WestlakeVM: VM: [PFCUT]   caller#3 java.lang.Object java.util.concurrent.ConcurrentHashMap.putIfAbsent(java.lang.Object, java.lang.Object) dex_pc=1
