05-04 17:46:27.254  3703 20622 D LOWI-9.0.0.79: [LOWIUtils] hexDump: msg(30 18 01 00 00 0f ac 04 01 00 00 0f ac 04 02 00 00 0f ac 01 00 0f ac 03 )
05-04 17:46:27.254  3703 20622 D LOWI-9.0.0.79: [LOWI-Scan] decode_rsn_wpa_ie: LOWI_ENCRYPTION_TYPE_WPA_EAP
05-04 17:46:27.254  3703 20622 D LOWI-9.0.0.79: [LOWI-Scan] is_qcom_ie, bss_age: 0
05-04 17:46:27.254  3703 20622 D LOWI-9.0.0.79: [LOWI-Scan] BSS a2:05:d6:4d:32:b7 LOWI_PHY_MODE_11AC_VHT40(9), Beacon Interval: 100, LOWI_ENCRYPTION_TYPE_WPA_EAP 11mcRanging: No, ANQP: No, LCI: No, Civic: No, capability(0x1111): ESS Privacy SpectrumMgmt
05-04 17:46:27.254  3703 20622 D LOWI-9.0.0.79: [LOWI-Scan] BSS a2:05:d6:4d:32:b7 FREQ: 5785, cFreq1[40:80:160] = [5795:0:0] cFreq2 = 0 Country Code = US 
05-04 17:46:27.254  3703 20622 D LOWI-9.0.0.79: [LOWI-Scan] BSS a2:05:d6:4d:32:b7 (wlan0) ASSO: NO AddInfo: 0x0, TSF 25, 05:16:17.840, RSSI: -132, CPL: 127, AGE: 1970,  SSID fw-corp, TSFDelta: 0xba0dcb8c, TXRate: 0
05-04 17:46:27.255  3703 20622 D LOWI-9.0.0.79: [LOWI-Scan] 
05-04 17:46:27.255  3703 20622 D LOWI-9.0.0.79: [LOWI-Scan] print_bss_handler: Report Probe TSF 2178977840875 as it greater than Beacon TSF 2178817850723
05-04 17:46:27.255  3703 20622 I LOWI-9.0.0.79: [LOWI-Scan] RSN_IE
05-04 17:46:27.255  3703 20622 D LOWI-9.0.0.79: [LOWI-Scan] decode_rsn_wpa_ie: Entered
05-04 17:46:27.255  3703 20622 D LOWI-9.0.0.79: [LOWIUtils] hexDump: msg(30 18 01 00 00 0f ac 04 01 00 00 0f ac 04 02 00 00 0f ac 01 00 0f ac 03 )
05-04 17:46:27.255  3703 20622 D LOWI-9.0.0.79: [LOWI-Scan] decode_rsn_wpa_ie: LOWI_ENCRYPTION_TYPE_WPA_EAP
05-04 17:46:27.255  3703 20622 D LOWI-9.0.0.79: [LOWI-Scan] is_qcom_ie, bss_age: 0
05-04 17:46:27.255  3703 20622 D LOWI-9.0.0.79: [LOWI-Scan] BSS aa:05:d6:4d:32:b7 LOWI_PHY_MODE_11AC_VHT40(9), Beacon Interval: 100, LOWI_ENCRYPTION_TYPE_WPA_EAP 11mcRanging: No, ANQP: No, LCI: No, Civic: No, capability(0x1111): ESS Privacy SpectrumMgmt
05-04 17:46:27.255  3703 20622 D LOWI-9.0.0.79: [LOWI-Scan] BSS aa:05:d6:4d:32:b7 FREQ: 5785, cFreq1[40:80:160] = [5795:0:0] cFreq2 = 0 Country Code = US 
05-04 17:46:27.255  3703 20622 D LOWI-9.0.0.79: [LOWI-Scan] BSS aa:05:d6:4d:32:b7 (wlan0) ASSO: NO AddInfo: 0x0, TSF 25, 05:16:17.840, RSSI: -132, CPL: 127, AGE: 1970,  SSID fw-guest, TSFDelta: 0xba0dcb8a, TXRate: 0
05-04 17:46:27.255  3703 20622 D LOWI-9.0.0.79: [LOWI-Scan] 
05-04 17:46:27.255  3703 20622 D LOWI-9.0.0.79: [LOWI-Scan] print_bss_handler: Report beacon TSF 2178978062604 as it greater than probe TSF 2178978048763
05-04 17:46:27.255  3703 20622 I LOWI-9.0.0.79: [LOWI-Scan] RSN_IE
05-04 17:46:27.255  3703 20622 D LOWI-9.0.0.79: [LOWI-Scan] decode_rsn_wpa_ie: Entered
05-04 17:46:27.255  3703 20622 D LOWI-9.0.0.79: [LOWIUtils] hexDump: msg(30 18 01 00 00 0f ac 04 01 00 00 0f ac 04 02 00 00 0f ac 01 00 0f ac 03 )
05-04 17:46:27.255  3703 20622 D LOWI-9.0.0.79: [LOWI-Scan] decode_rsn_wpa_ie: LOWI_ENCRYPTION_TYPE_WPA_EAP
05-04 17:46:27.255  3703 20622 D LOWI-9.0.0.79: [LOWI-Scan] is_qcom_ie, bss_age: 0
05-04 17:46:27.255  3703 20622 D LOWI-9.0.0.79: [LOWI-Scan] BSS 9c:05:d6:4d:32:e9 LOWI_PHY_MODE_11AC_VHT40(9), Beacon Interval: 100, LOWI_ENCRYPTION_TYPE_WPA_EAP 11mcRanging: No, ANQP: No, LCI: No, Civic: No, capability(0x1111): ESS Privacy SpectrumMgmt
05-04 17:46:27.255  3703 20622 D LOWI-9.0.0.79: [LOWI-Scan] BSS 9c:05:d6:4d:32:e9 FREQ: 5260, cFreq1[40:80:160] = [5270:0:0] cFreq2 = 0 Country Code = US 
05-04 17:46:27.255  3703 20622 D LOWI-9.0.0.79: [LOWI-Scan] BSS 9c:05:d6:4d:32:e9 (wlan0) ASSO: NO AddInfo: 0x1, TSF 25, 05:16:18.062, RSSI: -168, CPL: 127, AGE: 1740,  SSID fw-internet, TSFDelta: 0x5a80242a, TXRate: 0
05-04 17:46:27.255  3703 20622 D LOWI-9.0.0.79: [LOWI-Scan] 
05-04 17:46:27.255  3703 20622 D LOWI-9.0.0.79: [LOWI-Scan] print_bss_handler: Report beacon TSF 2178978063003 as it greater than probe TSF 2178978049352
05-04 17:46:27.255  3703 20622 I LOWI-9.0.0.79: [LOWI-Scan] RSN_IE
05-04 17:46:27.255  3703 20622 D LOWI-9.0.0.79: [LOWI-Scan] decode_rsn_wpa_ie: Entered
05-04 17:46:27.255  3703 20622 D LOWI-9.0.0.79: [LOWIUtils] hexDump: msg(30 18 01 00 00 0f ac 04 01 00 00 0f ac 04 02 00 00 0f ac 01 00 0f ac 03 )
05-04 17:46:27.255  3703 20622 D LOWI-9.0.0.79: [LOWI-Scan] decode_rsn_wpa_ie: LOWI_ENCRYPTION_TYPE_WPA_EAP
05-04 17:46:27.255  3703 20622 D LOWI-9.0.0.79: [LOWI-Scan] is_qcom_ie, bss_age: 0
05-04 17:46:27.255  3703 20622 D LOWI-9.0.0.79: [LOWI-Scan] BSS a2:05:d6:4d:32:e9 LOWI_PHY_MODE_11AC_VHT40(9), Beacon Interval: 100, LOWI_ENCRYPTION_TYPE_WPA_EAP 11mcRanging: No, ANQP: No, LCI: No, Civic: No, capability(0x1111): ESS Privacy SpectrumMgmt
05-04 17:46:27.255  3703 20622 D LOWI-9.0.0.79: [LOWI-Scan] BSS a2:05:d6:4d:32:e9 FREQ: 5260, cFreq1[40:80:160] = [5270:0:0] cFreq2 = 0 Country Code = US 
05-04 17:46:27.255  3703 20622 D LOWI-9.0.0.79: [LOWI-Scan] BSS a2:05:d6:4d:32:e9 (wlan0) ASSO: NO AddInfo: 0x1, TSF 25, 05:16:18.063, RSSI: -166, CPL: 127, AGE: 1740,  SSID fw-corp, TSFDelta: 0x5a80242c, TXRate: 0
05-04 17:46:27.256  3703 20622 D LOWI-9.0.0.79: [LOWI-Scan] 
05-04 17:46:27.256  3703 20622 D LOWI-9.0.0.79: [LOWI-Scan] print_bss_handler: Report beacon TSF 2178978064477 as it greater than probe TSF 2178978050282
05-04 17:46:27.256  3703 20622 I LOWI-9.0.0.79: [LOWI-Scan] RSN_IE
05-04 17:46:27.256  3703 20622 D LOWI-9.0.0.79: [LOWI-Scan] decode_rsn_wpa_ie: Entered
05-04 17:46:27.256  3703 20622 D LOWI-9.0.0.79: [LOWIUtils] hexDump: msg(30 18 01 00 00 0f ac 04 01 00 00 0f ac 04 02 00 00 0f ac 01 00 0f ac 03 )
05-04 17:46:27.256  3703 20622 D LOWI-9.0.0.79: [LOWI-Scan] decode_rsn_wpa_ie: LOWI_ENCRYPTION_TYPE_WPA_EAP
05-04 17:46:27.256  3703 20622 D LOWI-9.0.0.79: [LOWI-Scan] is_qcom_ie, bss_age: 0
05-04 17:46:27.256  3703 20622 D LOWI-9.0.0.79: [LOWI-Scan] BSS aa:05:d6:4d:32:e9 LOWI_PHY_MODE_11AC_VHT40(9), Beacon Interval: 100, LOWI_ENCRYPTION_TYPE_WPA_EAP 11mcRanging: No, ANQP: No, LCI: No, Civic: No, capability(0x1111): ESS Privacy SpectrumMgmt
05-04 17:46:27.256  3703 20622 D LOWI-9.0.0.79: [LOWI-Scan] BSS aa:05:d6:4d:32:e9 FREQ: 5260, cFreq1[40:80:160] = [5270:0:0] cFreq2 = 0 Country Code = US 
05-04 17:46:27.256  3703 20622 D LOWI-9.0.0.79: [LOWI-Scan] BSS aa:05:d6:4d:32:e9 (wlan0) ASSO: NO AddInfo: 0x1, TSF 25, 05:16:18.064, RSSI: -168, CPL: 127, AGE: 1740,  SSID fw-guest, TSFDelta: 0x5a80242a, TXRate: 0
05-04 17:46:27.256  3703 20622 D LOWI-9.0.0.79: [LOWI-Scan] 
05-04 17:46:27.256  3703 20622 D LOWI-9.0.0.79: [LOWI-Scan] print_bss_handler: Report beacon TSF 2178979351659 as it greater than probe TSF 2178979289425
05-04 17:46:27.256  3703 20622 I LOWI-9.0.0.79: [LOWI-Scan] RSN_IE
05-04 17:46:27.256  3703 20622 D LOWI-9.0.0.79: [LOWI-Scan] decode_rsn_wpa_ie: Entered
05-04 17:46:27.256  3703 20622 D LOWI-9.0.0.79: [LOWIUtils] hexDump: msg(30 18 01 00 00 0f ac 04 01 00 00 0f ac 04 02 00 00 0f ac 01 00 0f ac 03 )
05-04 17:46:27.256  3703 20622 D LOWI-9.0.0.79: [LOWI-Scan] decode_rsn_wpa_ie: LOWI_ENCRYPTION_TYPE_WPA_EAP
05-04 17:46:27.256  3703 20622 D LOWI-9.0.0.79: [LOWI-Scan] is_qcom_ie, bss_age: 0
05-04 17:46:27.256  3703 20622 D LOWI-9.0.0.79: [LOWI-Scan] BSS 9c:05:d6:4d:34:c9 LOWI_PHY_MODE_11AC_VHT40(9), Beacon Interval: 100, LOWI_ENCRYPTION_TYPE_WPA_EAP 11mcRanging: No, ANQP: No, LCI: No, Civic: No, capability(0x1111): ESS Privacy SpectrumMgmt
05-04 17:46:27.256  3703 20622 D LOWI-9.0.0.79: [LOWI-Scan] BSS 9c:05:d6:4d:34:c9 FREQ: 5640, cFreq1[40:80:160] = [5630:0:0] cFreq2 = 0 Country Code = US 
05-04 17:46:27.256  3703 20622 D LOWI-9.0.0.79: [LOWI-Scan] BSS 9c:05:d6:4d:34:c9 (wlan0) ASSO: NO AddInfo: 0x1, TSF 25, 05:16:19.351, RSSI: -134, CPL: 127, AGE: 460,  SSID fw-internet, TSFDelta: 0xc2e6300a, TXRate: 0
05-04 17:46:27.256  3703 20622 D LOWI-9.0.0.79: [LOWI-Scan] 
05-04 17:46:27.256  3703 20622 D LOWI-9.0.0.79: [LOWI-Scan] print_bss_handler: Report beacon TSF 2178979352488 as it greater than probe TSF 2178979290215
05-04 17:46:27.256  3703 20622 I LOWI-9.0.0.79: [LOWI-Scan] RSN_IE
05-04 17:46:27.256  3703 20622 D LOWI-9.0.0.79: [LOWI-Scan] decode_rsn_wpa_ie: Entered
05-04 17:46:27.256  3703 20622 D LOWI-9.0.0.79: [LOWIUtils] hexDump: msg(30 18 01 00 00 0f ac 04 01 00 00 0f ac 04 02 00 00 0f ac 01 00 0f ac 03 )
05-04 17:46:27.256  3703 20622 D LOWI-9.0.0.79: [LOWI-Scan] decode_rsn_wpa_ie: LOWI_ENCRYPTION_TYPE_WPA_EAP
05-04 17:46:27.256  3703 20622 D LOWI-9.0.0.79: [LOWI-Scan] is_qcom_ie, bss_age: 0
05-04 17:46:27.256  3703 20622 D LOWI-9.0.0.79: [LOWI-Scan] BSS a2:05:d6:4d:34:c9 LOWI_PHY_MODE_11AC_VHT40(9), Beacon Interval: 100, LOWI_ENCRYPTION_TYPE_WPA_EAP 11mcRanging: No, ANQP: No, LCI: No, Civic: No, capability(0x1111): ESS Privacy SpectrumMgmt
05-04 17:46:27.256  3703 20622 D LOWI-9.0.0.79: [LOWI-Scan] BSS a2:05:d6:4d:34:c9 FREQ: 5640, cFreq1[40:80:160] = [5630:0:0] cFreq2 = 0 Country Code = US 
05-04 17:46:27.256  3703 20622 D LOWI-9.0.0.79: [LOWI-Scan] BSS a2:05:d6:4d:34:c9 (wlan0) ASSO: NO AddInfo: 0x1, TSF 25, 05:16:19.352, RSSI: -134, CPL: 127, AGE: 450,  SSID fw-corp, TSFDelta: 0xc2e6300b, TXRate: 0
05-04 17:46:27.257  3703 20622 D LOWI-9.0.0.79: [LOWI-Scan] 
05-04 17:46:27.257  3703 20622 D LOWI-9.0.0.79: [LOWI-Scan] print_bss_handler: Report beacon TSF 2178979353294 as it greater than probe TSF 2178979291080
05-04 17:46:27.257  3703 20622 I LOWI-9.0.0.79: [LOWI-Scan] RSN_IE
05-04 17:46:27.257  3703 20622 D LOWI-9.0.0.79: [LOWI-Scan] decode_rsn_wpa_ie: Entered
05-04 17:46:27.257  3703 20622 D LOWI-9.0.0.79: [LOWIUtils] hexDump: msg(30 18 01 00 00 0f ac 04 01 00 00 0f ac 04 02 00 00 0f ac 01 00 0f ac 03 )
05-04 17:46:27.257  3703 20622 D LOWI-9.0.0.79: [LOWI-Scan] decode_rsn_wpa_ie: LOWI_ENCRYPTION_TYPE_WPA_EAP
05-04 17:46:27.257  3703 20622 D LOWI-9.0.0.79: [LOWI-Scan] is_qcom_ie, bss_age: 0
05-04 17:46:27.257  3703 20622 D LOWI-9.0.0.79: [LOWI-Scan] BSS aa:05:d6:4d:34:c9 LOWI_PHY_MODE_11AC_VHT40(9), Beacon Interval: 100, LOWI_ENCRYPTION_TYPE_WPA_EAP 11mcRanging: No, ANQP: No, LCI: No, Civic: No, capability(0x1111): ESS Privacy SpectrumMgmt
05-04 17:46:27.257  3703 20622 D LOWI-9.0.0.79: [LOWI-Scan] BSS aa:05:d6:4d:34:c9 FREQ: 5640, cFreq1[40:80:160] = [5630:0:0] cFreq2 = 0 Country Code = US 
05-04 17:46:27.257  3703 20622 D LOWI-9.0.0.79: [LOWI-Scan] BSS aa:05:d6:4d:34:c9 (wlan0) ASSO: NO AddInfo: 0x1, TSF 25, 05:16:19.353, RSSI: -134, CPL: 127, AGE: 450,  SSID fw-guest, TSFDelta: 0xc2e6300a, TXRate: 0
05-04 17:46:27.257  3703 20622 D LOWI-9.0.0.79: [LOWI-Scan] 
05-04 17:46:27.257  3703 20622 D LOWI-9.0.0.79: [LOWI-Scan] print_bss_handler: Report beacon TSF 2178979353820 as it greater than probe TSF 2178979353820
05-04 17:46:27.257  3703 20622 I LOWI-9.0.0.79: [LOWI-Scan] RSN_IE
05-04 17:46:27.257  3703 20622 D LOWI-9.0.0.79: [LOWI-Scan] decode_rsn_wpa_ie: Entered
05-04 17:46:27.257  3703 20622 D LOWI-9.0.0.79: [LOWIUtils] hexDump: msg(30 14 01 00 00 0f ac 04 01 00 00 0f ac 04 01 00 00 0f ac 02 )
05-04 17:46:27.257  3703 20622 D LOWI-9.0.0.79: [LOWI-Scan] decode_rsn_wpa_ie: LOWI_ENCRYPTION_TYPE_WPA_PSK
05-04 17:46:27.257  3703 20622 D LOWI-9.0.0.79: [LOWI-Scan] is_qcom_ie, bss_age: 0
05-04 17:46:27.257  3703 20622 D LOWI-9.0.0.79: [LOWI-Scan] BSS ae:05:d6:4d:34:c9 LOWI_PHY_MODE_11AC_VHT40(9), Beacon Interval: 100, LOWI_ENCRYPTION_TYPE_WPA_PSK 11mcRanging: No, ANQP: No, LCI: No, Civic: No, capability(0x1111): ESS Privacy SpectrumMgmt
05-04 17:46:27.257  3703 20622 D LOWI-9.0.0.79: [LOWI-Scan] BSS ae:05:d6:4d:34:c9 FREQ: 5640, cFreq1[40:80:160] = [5630:0:0] cFreq2 = 0 Country Code = US 
05-04 17:46:27.257  3703 20622 D LOWI-9.0.0.79: [LOWI-Scan] BSS ae:05:d6:4d:34:c9 (wlan0) ASSO: NO AddInfo: 0x1, TSF 25, 05:16:19.353, RSSI: -134, CPL: 127, AGE: 450,  SSID , TSFDelta: 0xc2e6300b, TXRate: 0
05-04 17:46:27.257  3703 20622 D LOWI-9.0.0.79: [LOWI-Scan] 
05-04 17:46:27.257  3703 20622 D LOWI-9.0.0.79: [LOWI-Scan] print_bss_handler: Report beacon TSF 2178978555921 as it greater than probe TSF 2178978555921
05-04 17:46:27.257  3703 20622 I LOWI-9.0.0.79: [LOWI-Scan] RSN_IE
05-04 17:46:27.257  3703 20622 D LOWI-9.0.0.79: [LOWI-Scan] decode_rsn_wpa_ie: Entered
05-04 17:46:27.257  3703 20622 D LOWI-9.0.0.79: [LOWIUtils] hexDump: msg(30 18 01 00 00 0f ac 04 01 00 00 0f ac 04 02 00 00 0f ac 02 00 0f ac 08 )
05-04 17:46:27.257  3703 20622 D LOWI-9.0.0.79: [LOWI-Scan] decode_rsn_wpa_ie: LOWI_ENCRYPTION_TYPE_WPA_PSK
05-04 17:46:27.257  3703 20622 D LOWI-9.0.0.79: [LOWI-Scan] is_qcom_ie, bss_age: 0
05-04 17:46:27.257  3703 20622 D LOWI-9.0.0.79: [LOWI-Scan] BSS a6:05:d6:4d:37:94 LOWI_PHY_MODE_11AC_VHT40(9), Beacon Interval: 100, LOWI_ENCRYPTION_TYPE_WPA_PSK 11mcRanging: No, ANQP: No, LCI: No, Civic: No, capability(0x1111): ESS Privacy SpectrumMgmt
05-04 17:46:27.257  3703 20622 D LOWI-9.0.0.79: [LOWI-Scan] BSS a6:05:d6:4d:37:94 FREQ: 5500, cFreq1[40:80:160] = [5510:0:0] cFreq2 = 0 Country Code = US 
05-04 17:46:27.257  3703 20622 D LOWI-9.0.0.79: [LOWI-Scan] BSS a6:05:d6:4d:37:94 (wlan0) ASSO: NO AddInfo: 0x1, TSF 25, 05:16:18.555, RSSI: -68, CPL: 127, AGE: 1250,  SSID , TSFDelta: 0xb8a3f610, TXRate: 0
05-04 17:46:27.258  3703 20622 D LOWI-9.0.0.79: [LOWI-Scan] 
05-04 17:46:27.258  3703 20622 D LOWI-9.0.0.79: [LOWI-Scan] print_bss_handler: Report beacon TSF 2178979352741 as it greater than probe TSF 2178979352741
05-04 17:46:27.258  3703 20622 I LOWI-9.0.0.79: [LOWI-Scan] RSN_IE
05-04 17:46:27.258  3703 20622 D LOWI-9.0.0.79: [LOWI-Scan] decode_rsn_wpa_ie: Entered
05-04 17:46:27.258  3703 20622 D LOWI-9.0.0.79: [LOWIUtils] hexDump: msg(30 18 01 00 00 0f ac 04 01 00 00 0f ac 04 02 00 00 0f ac 02 00 0f ac 08 )
05-04 17:46:27.258  3703 20622 D LOWI-9.0.0.79: [LOWI-Scan] decode_rsn_wpa_ie: LOWI_ENCRYPTION_TYPE_WPA_PSK
05-04 17:46:27.258  3703 20622 D LOWI-9.0.0.79: [LOWI-Scan] is_qcom_ie, bss_age: 0
05-04 17:46:27.258  3703 20622 D LOWI-9.0.0.79: [LOWI-Scan] BSS a6:05:d6:4d:34:c9 LOWI_PHY_MODE_11AC_VHT40(9), Beacon Interval: 100, LOWI_ENCRYPTION_TYPE_WPA_PSK 11mcRanging: No, ANQP: No, LCI: No, Civic: No, capability(0x1111): ESS Privacy SpectrumMgmt
05-04 17:46:27.258  3703 20622 D LOWI-9.0.0.79: [LOWI-Scan] BSS a6:05:d6:4d:34:c9 FREQ: 5640, cFreq1[40:80:160] = [5630:0:0] cFreq2 = 0 Country Code = US 
05-04 17:46:27.258  3703 20622 D LOWI-9.0.0.79: [LOWI-Scan] BSS a6:05:d6:4d:34:c9 (wlan0) ASSO: NO AddInfo: 0x1, TSF 25, 05:16:19.352, RSSI: -134, CPL: 127, AGE: 450,  SSID , TSFDelta: 0xc2e63009, TXRate: 0
05-04 17:46:27.258   307   726 W IE_Capabilities: Unknown RSN cipher suite: aac0f00
05-04 17:46:27.258  3703 20622 D LOWI-9.0.0.79: [LOWI-Scan] 
05-04 17:46:27.258  3703 20622 D LOWI-9.0.0.79: [LOWI-Scan] print_bss_handler: Report Probe TSF 2178977902006 as it greater than Beacon TSF 2177857608675
05-04 17:46:27.258  3703 20622 I LOWI-9.0.0.79: [LOWI-Scan] RSN_IE
05-04 17:46:27.258  3703 20622 D LOWI-9.0.0.79: [LOWI-Scan] decode_rsn_wpa_ie: Entered
05-04 17:46:27.258  3703 20622 D LOWI-9.0.0.79: [LOWIUtils] hexDump: msg(30 14 01 00 00 0f ac 04 01 00 00 0f ac 04 01 00 00 0f ac 01 )
05-04 17:46:27.258  3703 20622 D LOWI-9.0.0.79: [LOWI-Scan] decode_rsn_wpa_ie: LOWI_ENCRYPTION_TYPE_WPA_EAP
05-04 17:46:27.258   307   726 W IE_Capabilities: Unknown RSN cipher suite: aac0f00
05-04 17:46:27.258  3703 20622 D LOWI-9.0.0.79: [LOWI-Scan] is_qcom_ie, bss_age: 0
05-04 17:46:27.258  3703 20622 D LOWI-9.0.0.79: [LOWI-Scan] BSS e6:55:b8:20:d9:8a LOWI_PHY_MODE_11AC_VHT80(10), Beacon Interval: 100, LOWI_ENCRYPTION_TYPE_WPA_EAP 11mcRanging: No, ANQP: No, LCI: No, Civic: No, capability(0x1511): ESS Privacy SpectrumMgmt ShortSlotTime
05-04 17:46:27.258  3703 20622 D LOWI-9.0.0.79: [LOWI-Scan] BSS e6:55:b8:20:d9:8a FREQ: 5805, cFreq1[40:80:160] = [5795:5775:0] cFreq2 = 0 Country Code = US
05-04 17:46:27.258  3703 20622 D LOWI-9.0.0.79: [LOWI-Scan] BSS e6:55:b8:20:d9:8a (wlan0) ASSO: NO AddInfo: 0x0, TSF 25, 05:16:17.902, RSSI: -176, CPL: 127, AGE: 1910,  SSID Ivanti, TSFDelta: 0x248ba07e, TXRate: 0
05-04 17:46:27.258  3703 20622 D LOWI-9.0.0.79: [LOWI-Scan] 
05-04 17:46:27.258  3703 20622 D LOWI-9.0.0.79: [LOWI-Scan] print_bss_handler: Report Probe TSF 2178977461643 as it greater than Beacon TSF 2178817467602
05-04 17:46:27.258  3703 20622 I LOWI-9.0.0.79: [LOWI-Scan] RSN_IE
05-04 17:46:27.258  3703 20622 D LOWI-9.0.0.79: [LOWI-Scan] decode_rsn_wpa_ie: Entered
05-04 17:46:27.258  3703 20622 D LOWI-9.0.0.79: [LOWIUtils] hexDump: msg(30 14 01 00 00 0f ac 04 01 00 00 0f ac 04 01 00 00 0f ac 01 )
05-04 17:46:27.258  3703 20622 D LOWI-9.0.0.79: [LOWI-Scan] decode_rsn_wpa_ie: LOWI_ENCRYPTION_TYPE_WPA_EAP
05-04 17:46:27.258  3703 20622 D LOWI-9.0.0.79: [LOWI-Scan] is_qcom_ie, bss_age: 0
05-04 17:46:27.258  3703 20622 D LOWI-9.0.0.79: [LOWI-Scan] BSS e6:55:b8:20:d4:10 LOWI_PHY_MODE_11AC_VHT80(10), Beacon Interval: 100, LOWI_ENCRYPTION_TYPE_WPA_EAP 11mcRanging: No, ANQP: No, LCI: No, Civic: No, capability(0x1511): ESS Privacy SpectrumMgmt ShortSlotTime
05-04 17:46:27.258  3703 20622 D LOWI-9.0.0.79: [LOWI-Scan] BSS e6:55:b8:20:d4:10 FREQ: 5180, cFreq1[40:80:160] = [5190:5210:0] cFreq2 = 0 Country Code = US
05-04 17:46:27.258  3703 20622 D LOWI-9.0.0.79: [LOWI-Scan] BSS e6:55:b8:20:d4:10 (wlan0) ASSO: NO AddInfo: 0x0, TSF 25, 05:16:17.461, RSSI: -162, CPL: 127, AGE: 2350,  SSID Ivanti, TSFDelta: 0x2068fe50, TXRate: 0
05-04 17:46:27.259  3703 20622 D LOWI-9.0.0.79: [LOWI-Scan] 
05-04 17:46:27.259  3703 20622 D LOWI-9.0.0.79: [LOWI-Scan] print_bss_handler: Report beacon TSF 2178978064989 as it greater than probe TSF 2178978064989
05-04 17:46:27.259  3703 20622 I LOWI-9.0.0.79: [LOWI-Scan] RSN_IE
05-04 17:46:27.259  3703 20622 D LOWI-9.0.0.79: [LOWI-Scan] decode_rsn_wpa_ie: Entered
05-04 17:46:27.259  3703 20622 D LOWI-9.0.0.79: [LOWIUtils] hexDump: msg(30 14 01 00 00 0f ac 04 01 00 00 0f ac 04 01 00 00 0f ac 02 )
05-04 17:46:27.259  3703 20622 D LOWI-9.0.0.79: [LOWI-Scan] decode_rsn_wpa_ie: LOWI_ENCRYPTION_TYPE_WPA_PSK
05-04 17:46:27.259  3703 20622 D LOWI-9.0.0.79: [LOWI-Scan] is_qcom_ie, bss_age: 0
05-04 17:46:27.259  3703 20622 D LOWI-9.0.0.79: [LOWI-Scan] BSS ae:05:d6:4d:32:e9 LOWI_PHY_MODE_11AC_VHT40(9), Beacon Interval: 100, LOWI_ENCRYPTION_TYPE_WPA_PSK 11mcRanging: No, ANQP: No, LCI: No, Civic: No, capability(0x1111): ESS Privacy SpectrumMgmt
05-04 17:46:27.259  3703 20622 D LOWI-9.0.0.79: [LOWI-Scan] BSS ae:05:d6:4d:32:e9 FREQ: 5260, cFreq1[40:80:160] = [5270:0:0] cFreq2 = 0 Country Code = US 
05-04 17:46:27.259  3703 20622 D LOWI-9.0.0.79: [LOWI-Scan] BSS ae:05:d6:4d:32:e9 (wlan0) ASSO: NO AddInfo: 0x1, TSF 25, 05:16:18.064, RSSI: -168, CPL: 127, AGE: 1740,  SSID , TSFDelta: 0x5a80242b, TXRate: 0
05-04 17:46:27.259  3703 20622 D LOWI-9.0.0.79: [LOWI-Scan] 
05-04 17:46:27.259  3703 20622 D LOWI-9.0.0.79: [LOWI-Scan] print_bss_handler: Report Probe TSF 2178978766121 as it greater than Beacon TSF 2178978733837
05-04 17:46:27.259  3703 20622 I LOWI-9.0.0.79: [LOWI-Scan] RSN_IE
05-04 17:46:27.259  3703 20622 D LOWI-9.0.0.79: [LOWI-Scan] decode_rsn_wpa_ie: Entered
05-04 17:46:27.259  3703 20622 D LOWI-9.0.0.79: [LOWIUtils] hexDump: msg(30 18 01 00 00 0f ac 04 01 00 00 0f ac 04 02 00 00 0f ac 01 00 0f ac 03 )
05-04 17:46:27.259  3703 20622 D LOWI-9.0.0.79: [LOWI-Scan] decode_rsn_wpa_ie: LOWI_ENCRYPTION_TYPE_WPA_EAP
05-04 17:46:27.259  3703 20622 D LOWI-9.0.0.79: [LOWI-Scan] is_qcom_ie, bss_age: 0
05-04 17:46:27.259  3703 20622 D LOWI-9.0.0.79: [LOWI-Scan] BSS 84:78:48:18:e7:00 LOWI_PHY_MODE_11AC_VHT80(10), Beacon Interval: 100, LOWI_ENCRYPTION_TYPE_WPA_EAP 11mcRanging: No, ANQP: No, LCI: No, Civic: No, capability(0x1111): ESS Privacy SpectrumMgmt
05-04 17:46:27.259  3703 20622 D LOWI-9.0.0.79: [LOWI-Scan] BSS 84:78:48:18:e7:00 FREQ: 5540, cFreq1[40:80:160] = [5550:5530:0] cFreq2 = 0 Country Code = US
05-04 17:46:27.259  3703 20622 D LOWI-9.0.0.79: [LOWI-Scan] BSS 84:78:48:18:e7:00 (wlan0) ASSO: NO AddInfo: 0x0, TSF 25, 05:16:18.766, RSSI: -172, CPL: 127, AGE: 1040,  SSID fw-internet, TSFDelta: 0x3439ff1, TXRate: 0
05-04 17:46:27.259  3703 20622 D LOWI-9.0.0.79: [LOWI-Scan] 
05-04 17:46:27.259  3703 20622 D LOWI-9.0.0.79: [LOWI-Scan] print_bss_handler: Report Probe TSF 2178978766938 as it greater than Beacon TSF 2178978734165
05-04 17:46:27.259  3703 20622 I LOWI-9.0.0.79: [LOWI-Scan] RSN_IE
05-04 17:46:27.259  3703 20622 D LOWI-9.0.0.79: [LOWI-Scan] decode_rsn_wpa_ie: Entered
05-04 17:46:27.259  3703 20622 D LOWI-9.0.0.79: [LOWIUtils] hexDump: msg(30 18 01 00 00 0f ac 04 01 00 00 0f ac 04 02 00 00 0f ac 01 00 0f ac 03 )
05-04 17:46:27.262  3703 20622 D LOWI-9.0.0.79: [LOWI-Scan] 
05-04 17:46:27.283   307   717 D PasspointManager: ANQP entry not found for: 0e:fe:7b:7b:53:6a:<xfinitywifi>
05-04 17:46:27.283   307   717 D PasspointManager: ANQP entry not found for: 90:d0:92:4a:8d:ec:<ATTAgXIJfC>
05-04 17:46:27.283   307   717 D PasspointManager: ANQP entry not found for: 58:96:71:c9:fc:08:<why-phi>
05-04 17:46:27.287  3703  3736 D LOWI-9.0.0.79: [LOWIController] processMeasurementResults: No current Request. Cache measurements
05-04 17:46:27.287  3703  3736 D LOWI-9.0.0.79: [LOWIControllerExtn] sendLOWILpDiscoveryScanResponse: Not a discovery scan response
05-04 17:46:27.292   307   717 E WifiStaIfaceAidlImpl: getCachedScanData failed with service-specific exception: android.os.ServiceSpecificException:  (code 4)
05-04 17:46:27.295   307   717 I HalDevMgr: bestIfaceCreationProposal is null, requestIface=STA, existingIface=[name=wlan0 type=STA]
05-04 17:46:28.092  3704  3747 W HidlServiceManagement: Waited one second for vendor.qti.hardware.cacert@1.0::IService/default
05-04 17:46:28.093   660   660 I hwservicemanager: Since vendor.qti.hardware.cacert@1.0::IService/default is not registered, trying to start it as a lazy HAL (if it's not configured to be a lazy HAL, it may be stuck starting or still starting).
05-04 17:46:28.095  3704  3747 I HidlServiceManagement: getService: Trying again for vendor.qti.hardware.cacert@1.0::IService/default...
05-04 17:46:28.098   660  4987 W libc    : Unable to set property "ctl.interface_start" to "vendor.qti.hardware.cacert@1.0::IService/default": PROP_ERROR_HANDLE_CONTROL_MESSAGE (0x20)
05-04 17:46:28.098   660  4987 I hwservicemanager: Tried to start vendor.qti.hardware.cacert@1.0::IService/default as a lazy service, but was unable to. Usually this happens when a service is not installed, but if the service is intended to be used as a lazy service, then it may be configured incorrectly.
05-04 17:46:28.011     0     0 E init    : Control message: Could not find 'vendor.qti.hardware.cacert@1.0::IService/default' for ctl.interface_start from pid: 660 (/system/system_ext/bin/hwservicemanager)
05-04 17:46:28.986     0     0 I QCOM-BATT: pl_fcc_vote_callback: total_fcc_ua=1950000
05-04 17:46:28.986     0     0 I QCOM-BATT: pl_fv_vote_callback: fv_uv=4400000
05-04 17:46:29.095  3704  3747 W HidlServiceManagement: Waited one second for vendor.qti.hardware.cacert@1.0::IService/default
05-04 17:46:29.096   660   660 I hwservicemanager: Since vendor.qti.hardware.cacert@1.0::IService/default is not registered, trying to start it as a lazy HAL (if it's not configured to be a lazy HAL, it may be stuck starting or still starting).
05-04 17:46:29.097  3704  3747 I HidlServiceManagement: getService: Trying again for vendor.qti.hardware.cacert@1.0::IService/default...
05-04 17:46:29.099   660  4988 W libc    : Unable to set property "ctl.interface_start" to "vendor.qti.hardware.cacert@1.0::IService/default": PROP_ERROR_HANDLE_CONTROL_MESSAGE (0x20)
05-04 17:46:29.099   660  4988 I hwservicemanager: Tried to start vendor.qti.hardware.cacert@1.0::IService/default as a lazy service, but was unable to. Usually this happens when a service is not installed, but if the service is intended to be used as a lazy service, then it may be configured incorrectly.
05-04 17:46:29.012     0     0 E init    : Control message: Could not find 'vendor.qti.hardware.cacert@1.0::IService/default' for ctl.interface_start from pid: 660 (/system/system_ext/bin/hwservicemanager)
05-04 17:46:29.345     0     0 E FG      : fg_psy_get_property: unsupported property 79
05-04 17:46:29.357     0     0 E FG      : fg_psy_get_property: unsupported property 79
05-04 17:46:29.454  1126  1126 D QtiCarrierConfigHelper: WARNING, no carrier configs on phone Id: 0
05-04 17:46:29.362     0     0 W healthd : battery l=100 v=3054 t=24.4 h=2 st=5 c=0 fc=2831000 chg=u
05-04 17:46:29.462   960  2704 D PowerUI : can't show warning due to - plugged: true status unknown: false
05-04 17:46:29.372     0     0 E FG      : fg_psy_get_property: unsupported property 79
05-04 17:46:30.097  3704  3747 W HidlServiceManagement: Waited one second for vendor.qti.hardware.cacert@1.0::IService/default
05-04 17:46:30.099   660   660 I hwservicemanager: Since vendor.qti.hardware.cacert@1.0::IService/default is not registered, trying to start it as a lazy HAL (if it's not configured to be a lazy HAL, it may be stuck starting or still starting).
05-04 17:46:30.100  3704  3747 I HidlServiceManagement: getService: Trying again for vendor.qti.hardware.cacert@1.0::IService/default...
05-04 17:46:30.016     0     0 E init    : Control message: Could not find 'vendor.qti.hardware.cacert@1.0::IService/default' for ctl.interface_start from pid: 660 (/system/system_ext/bin/hwservicemanager)
05-04 17:46:30.105   660  4989 W libc    : Unable to set property "ctl.interface_start" to "vendor.qti.hardware.cacert@1.0::IService/default": PROP_ERROR_HANDLE_CONTROL_MESSAGE (0x20)
05-04 17:46:30.105   660  4989 I hwservicemanager: Tried to start vendor.qti.hardware.cacert@1.0::IService/default as a lazy service, but was unable to. Usually this happens when a service is not installed, but if the service is intended to be used as a lazy service, then it may be configured incorrectly.
05-04 17:46:31.100  3704  3747 W HidlServiceManagement: Waited one second for vendor.qti.hardware.cacert@1.0::IService/default
05-04 17:46:31.101   660   660 I hwservicemanager: Since vendor.qti.hardware.cacert@1.0::IService/default is not registered, trying to start it as a lazy HAL (if it's not configured to be a lazy HAL, it may be stuck starting or still starting).
05-04 17:46:31.102  3704  3747 I HidlServiceManagement: getService: Trying again for vendor.qti.hardware.cacert@1.0::IService/default...
05-04 17:46:31.018     0     0 E init    : Control message: Could not find 'vendor.qti.hardware.cacert@1.0::IService/default' for ctl.interface_start from pid: 660 (/system/system_ext/bin/hwservicemanager)
05-04 17:46:31.105   660  4990 W libc    : Unable to set property "ctl.interface_start" to "vendor.qti.hardware.cacert@1.0::IService/default": PROP_ERROR_HANDLE_CONTROL_MESSAGE (0x20)
05-04 17:46:31.105   660  4990 I hwservicemanager: Tried to start vendor.qti.hardware.cacert@1.0::IService/default as a lazy service, but was unable to. Usually this happens when a service is not installed, but if the service is intended to be used as a lazy service, then it may be configured incorrectly.
05-04 17:46:32.102  3704  3747 W HidlServiceManagement: Waited one second for vendor.qti.hardware.cacert@1.0::IService/default
05-04 17:46:32.104   660   660 I hwservicemanager: Since vendor.qti.hardware.cacert@1.0::IService/default is not registered, trying to start it as a lazy HAL (if it's not configured to be a lazy HAL, it may be stuck starting or still starting).
05-04 17:46:32.105  3704  3747 I HidlServiceManagement: getService: Trying again for vendor.qti.hardware.cacert@1.0::IService/default...
05-04 17:46:32.107   660  4991 W libc    : Unable to set property "ctl.interface_start" to "vendor.qti.hardware.cacert@1.0::IService/default": PROP_ERROR_HANDLE_CONTROL_MESSAGE (0x20)
05-04 17:46:32.107   660  4991 I hwservicemanager: Tried to start vendor.qti.hardware.cacert@1.0::IService/default as a lazy service, but was unable to. Usually this happens when a service is not installed, but if the service is intended to be used as a lazy service, then it may be configured incorrectly.
05-04 17:46:32.020     0     0 E init    : Control message: Could not find 'vendor.qti.hardware.cacert@1.0::IService/default' for ctl.interface_start from pid: 660 (/system/system_ext/bin/hwservicemanager)
05-04 17:46:33.105  3704  3747 W HidlServiceManagement: Waited one second for vendor.qti.hardware.cacert@1.0::IService/default
05-04 17:46:33.106   660   660 I hwservicemanager: Since vendor.qti.hardware.cacert@1.0::IService/default is not registered, trying to start it as a lazy HAL (if it's not configured to be a lazy HAL, it may be stuck starting or still starting).
05-04 17:46:33.107  3704  3747 I HidlServiceManagement: getService: Trying again for vendor.qti.hardware.cacert@1.0::IService/default...
05-04 17:46:33.108   660  4992 W libc    : Unable to set property "ctl.interface_start" to "vendor.qti.hardware.cacert@1.0::IService/default": PROP_ERROR_HANDLE_CONTROL_MESSAGE (0x20)
05-04 17:46:33.108   660  4992 I hwservicemanager: Tried to start vendor.qti.hardware.cacert@1.0::IService/default as a lazy service, but was unable to. Usually this happens when a service is not installed, but if the service is intended to be used as a lazy service, then it may be configured incorrectly.
05-04 17:46:33.021     0     0 E init    : Control message: Could not find 'vendor.qti.hardware.cacert@1.0::IService/default' for ctl.interface_start from pid: 660 (/system/system_ext/bin/hwservicemanager)
05-04 17:46:34.107  3704  3747 W HidlServiceManagement: Waited one second for vendor.qti.hardware.cacert@1.0::IService/default
05-04 17:46:34.108   660   660 I hwservicemanager: Since vendor.qti.hardware.cacert@1.0::IService/default is not registered, trying to start it as a lazy HAL (if it's not configured to be a lazy HAL, it may be stuck starting or still starting).
05-04 17:46:34.108  3704  3747 I HidlServiceManagement: getService: Trying again for vendor.qti.hardware.cacert@1.0::IService/default...
05-04 17:46:34.111   660  4993 W libc    : Unable to set property "ctl.interface_start" to "vendor.qti.hardware.cacert@1.0::IService/default": PROP_ERROR_HANDLE_CONTROL_MESSAGE (0x20)
05-04 17:46:34.111   660  4993 I hwservicemanager: Tried to start vendor.qti.hardware.cacert@1.0::IService/default as a lazy service, but was unable to. Usually this happens when a service is not installed, but if the service is intended to be used as a lazy service, then it may be configured incorrectly.
05-04 17:46:34.024     0     0 E init    : Control message: Could not find 'vendor.qti.hardware.cacert@1.0::IService/default' for ctl.interface_start from pid: 660 (/system/system_ext/bin/hwservicemanager)
05-04 17:46:34.495     0     0 E FG      : fg_psy_get_property: unsupported property 79
05-04 17:46:34.502     0     0 W healthd : battery l=100 v=3054 t=24.4 h=2 st=5 c=0 fc=2831000 chg=u
05-04 17:46:34.509     0     0 E FG      : fg_psy_get_property: unsupported property 79
05-04 17:46:35.109  3704  3747 W HidlServiceManagement: Waited one second for vendor.qti.hardware.cacert@1.0::IService/default
05-04 17:46:35.110   660   660 I hwservicemanager: Since vendor.qti.hardware.cacert@1.0::IService/default is not registered, trying to start it as a lazy HAL (if it's not configured to be a lazy HAL, it may be stuck starting or still starting).
05-04 17:46:35.111  3704  3747 I HidlServiceManagement: getService: Trying again for vendor.qti.hardware.cacert@1.0::IService/default...
05-04 17:46:35.027     0     0 E init    : Control message: Could not find 'vendor.qti.hardware.cacert@1.0::IService/default' for ctl.interface_start from pid: 660 (/system/system_ext/bin/hwservicemanager)
05-04 17:46:35.114   660  4994 W libc    : Unable to set property "ctl.interface_start" to "vendor.qti.hardware.cacert@1.0::IService/default": PROP_ERROR_HANDLE_CONTROL_MESSAGE (0x20)
05-04 17:46:35.114   660  4994 I hwservicemanager: Tried to start vendor.qti.hardware.cacert@1.0::IService/default as a lazy service, but was unable to. Usually this happens when a service is not installed, but if the service is intended to be used as a lazy service, then it may be configured incorrectly.
05-04 17:46:35.386     0     0 I QCOM-BATT: pl_fcc_vote_callback: total_fcc_ua=1950000
05-04 17:46:35.386     0     0 I QCOM-BATT: pl_fv_vote_callback: fv_uv=4400000
05-04 17:46:35.521  3731  3790 E QMI_FW  : qmi_cci_get_ref: ref count increased 2
05-04 17:46:35.524  3731  3790 E QMI_FW  : qmi_cci_get_ref: ref count increased 2
05-04 17:46:35.526  3731  3790 E QMI_FW  : qmi_cci_get_ref: ref count increased 2
05-04 17:46:35.527  3731  3790 E QMI_FW  : qmi_cci_get_ref: ref count increased 2
05-04 17:46:35.529  3731  3790 E QMI_FW  : qmi_cci_get_ref: ref count increased 2
05-04 17:46:35.530  3731  3790 E QMI_FW  : qmi_cci_get_ref: ref count increased 2
05-04 17:46:35.532  3731  3790 E QMI_FW  : qmi_cci_get_ref: ref count increased 2
05-04 17:46:35.533  3731  3790 E QMI_FW  : qmi_cci_get_ref: ref count increased 2
05-04 17:46:35.745     0     0 E FG      : fg_psy_get_property: unsupported property 79
05-04 17:46:35.753     0     0 E FG      : fg_psy_get_property: unsupported property 79
05-04 17:46:35.759     0     0 W healthd : battery l=100 v=3054 t=24.4 h=2 st=5 c=0 fc=2831000 chg=u
05-04 17:46:35.765     0     0 E FG      : fg_psy_get_property: unsupported property 79
05-04 17:46:36.111  3704  3747 W HidlServiceManagement: Waited one second for vendor.qti.hardware.cacert@1.0::IService/default
05-04 17:46:36.112   660   660 I hwservicemanager: Since vendor.qti.hardware.cacert@1.0::IService/default is not registered, trying to start it as a lazy HAL (if it's not configured to be a lazy HAL, it may be stuck starting or still starting).
05-04 17:46:36.113  3704  3747 I HidlServiceManagement: getService: Trying again for vendor.qti.hardware.cacert@1.0::IService/default...
05-04 17:46:36.117   660  4995 W libc    : Unable to set property "ctl.interface_start" to "vendor.qti.hardware.cacert@1.0::IService/default": PROP_ERROR_HANDLE_CONTROL_MESSAGE (0x20)
05-04 17:46:36.117   660  4995 I hwservicemanager: Tried to start vendor.qti.hardware.cacert@1.0::IService/default as a lazy service, but was unable to. Usually this happens when a service is not installed, but if the service is intended to be used as a lazy service, then it may be configured incorrectly.
05-04 17:46:36.030     0     0 E init    : Control message: Could not find 'vendor.qti.hardware.cacert@1.0::IService/default' for ctl.interface_start from pid: 660 (/system/system_ext/bin/hwservicemanager)
05-04 17:46:37.114  3704  3747 W HidlServiceManagement: Waited one second for vendor.qti.hardware.cacert@1.0::IService/default
05-04 17:46:37.114   660   660 I hwservicemanager: Since vendor.qti.hardware.cacert@1.0::IService/default is not registered, trying to start it as a lazy HAL (if it's not configured to be a lazy HAL, it may be stuck starting or still starting).
05-04 17:46:37.115  3704  3747 I HidlServiceManagement: getService: Trying again for vendor.qti.hardware.cacert@1.0::IService/default...
05-04 17:46:37.117   660  4996 W libc    : Unable to set property "ctl.interface_start" to "vendor.qti.hardware.cacert@1.0::IService/default": PROP_ERROR_HANDLE_CONTROL_MESSAGE (0x20)
05-04 17:46:37.117   660  4996 I hwservicemanager: Tried to start vendor.qti.hardware.cacert@1.0::IService/default as a lazy service, but was unable to. Usually this happens when a service is not installed, but if the service is intended to be used as a lazy service, then it may be configured incorrectly.
05-04 17:46:37.030     0     0 E init    : Control message: Could not find 'vendor.qti.hardware.cacert@1.0::IService/default' for ctl.interface_start from pid: 660 (/system/system_ext/bin/hwservicemanager)
05-04 17:46:38.115  3704  3747 W HidlServiceManagement: Waited one second for vendor.qti.hardware.cacert@1.0::IService/default
05-04 17:46:38.116   660   660 I hwservicemanager: Since vendor.qti.hardware.cacert@1.0::IService/default is not registered, trying to start it as a lazy HAL (if it's not configured to be a lazy HAL, it may be stuck starting or still starting).
05-04 17:46:38.117  3704  3747 I HidlServiceManagement: getService: Trying again for vendor.qti.hardware.cacert@1.0::IService/default...
05-04 17:46:38.119   660  4997 W libc    : Unable to set property "ctl.interface_start" to "vendor.qti.hardware.cacert@1.0::IService/default": PROP_ERROR_HANDLE_CONTROL_MESSAGE (0x20)
05-04 17:46:38.119   660  4997 I hwservicemanager: Tried to start vendor.qti.hardware.cacert@1.0::IService/default as a lazy service, but was unable to. Usually this happens when a service is not installed, but if the service is intended to be used as a lazy service, then it may be configured incorrectly.
05-04 17:46:38.032     0     0 E init    : Control message: Could not find 'vendor.qti.hardware.cacert@1.0::IService/default' for ctl.interface_start from pid: 660 (/system/system_ext/bin/hwservicemanager)
05-04 17:46:39.117  3704  3747 W HidlServiceManagement: Waited one second for vendor.qti.hardware.cacert@1.0::IService/default
05-04 17:46:39.118   660   660 I hwservicemanager: Since vendor.qti.hardware.cacert@1.0::IService/default is not registered, trying to start it as a lazy HAL (if it's not configured to be a lazy HAL, it may be stuck starting or still starting).
05-04 17:46:39.118  3704  3747 I HidlServiceManagement: getService: Trying again for vendor.qti.hardware.cacert@1.0::IService/default...
05-04 17:46:39.121   660  4998 W libc    : Unable to set property "ctl.interface_start" to "vendor.qti.hardware.cacert@1.0::IService/default": PROP_ERROR_HANDLE_CONTROL_MESSAGE (0x20)
05-04 17:46:39.121   660  4998 I hwservicemanager: Tried to start vendor.qti.hardware.cacert@1.0::IService/default as a lazy service, but was unable to. Usually this happens when a service is not installed, but if the service is intended to be used as a lazy service, then it may be configured incorrectly.
05-04 17:46:39.034     0     0 E init    : Control message: Could not find 'vendor.qti.hardware.cacert@1.0::IService/default' for ctl.interface_start from pid: 660 (/system/system_ext/bin/hwservicemanager)
05-04 17:46:40.119  3704  3747 W HidlServiceManagement: Waited one second for vendor.qti.hardware.cacert@1.0::IService/default
05-04 17:46:40.120   660   660 I hwservicemanager: Since vendor.qti.hardware.cacert@1.0::IService/default is not registered, trying to start it as a lazy HAL (if it's not configured to be a lazy HAL, it may be stuck starting or still starting).
05-04 17:46:40.121  3704  3747 I HidlServiceManagement: getService: Trying again for vendor.qti.hardware.cacert@1.0::IService/default...
05-04 17:46:40.123   660  4999 W libc    : Unable to set property "ctl.interface_start" to "vendor.qti.hardware.cacert@1.0::IService/default": PROP_ERROR_HANDLE_CONTROL_MESSAGE (0x20)
05-04 17:46:40.123   660  4999 I hwservicemanager: Tried to start vendor.qti.hardware.cacert@1.0::IService/default as a lazy service, but was unable to. Usually this happens when a service is not installed, but if the service is intended to be used as a lazy service, then it may be configured incorrectly.
05-04 17:46:40.036     0     0 E init    : Control message: Could not find 'vendor.qti.hardware.cacert@1.0::IService/default' for ctl.interface_start from pid: 660 (/system/system_ext/bin/hwservicemanager)
05-04 17:46:41.121  3704  3747 W HidlServiceManagement: Waited one second for vendor.qti.hardware.cacert@1.0::IService/default
05-04 17:46:41.122   660   660 I hwservicemanager: Since vendor.qti.hardware.cacert@1.0::IService/default is not registered, trying to start it as a lazy HAL (if it's not configured to be a lazy HAL, it may be stuck starting or still starting).
05-04 17:46:41.123  3704  3747 I HidlServiceManagement: getService: Trying again for vendor.qti.hardware.cacert@1.0::IService/default...
05-04 17:46:41.126   660  5000 W libc    : Unable to set property "ctl.interface_start" to "vendor.qti.hardware.cacert@1.0::IService/default": PROP_ERROR_HANDLE_CONTROL_MESSAGE (0x20)
05-04 17:46:41.126   660  5000 I hwservicemanager: Tried to start vendor.qti.hardware.cacert@1.0::IService/default as a lazy service, but was unable to. Usually this happens when a service is not installed, but if the service is intended to be used as a lazy service, then it may be configured incorrectly.
05-04 17:46:41.039     0     0 E init    : Control message: Could not find 'vendor.qti.hardware.cacert@1.0::IService/default' for ctl.interface_start from pid: 660 (/system/system_ext/bin/hwservicemanager)
05-04 17:46:41.786     0     0 I QCOM-BATT: pl_fcc_vote_callback: total_fcc_ua=1950000
05-04 17:46:41.786     0     0 I QCOM-BATT: pl_fv_vote_callback: fv_uv=4400000
05-04 17:46:42.124  3704  3747 W HidlServiceManagement: Waited one second for vendor.qti.hardware.cacert@1.0::IService/default
05-04 17:46:42.124   660   660 I hwservicemanager: Since vendor.qti.hardware.cacert@1.0::IService/default is not registered, trying to start it as a lazy HAL (if it's not configured to be a lazy HAL, it may be stuck starting or still starting).
05-04 17:46:42.125  3704  3747 I HidlServiceManagement: getService: Trying again for vendor.qti.hardware.cacert@1.0::IService/default...
05-04 17:46:42.127   660  5001 W libc    : Unable to set property "ctl.interface_start" to "vendor.qti.hardware.cacert@1.0::IService/default": PROP_ERROR_HANDLE_CONTROL_MESSAGE (0x20)
05-04 17:46:42.127   660  5001 I hwservicemanager: Tried to start vendor.qti.hardware.cacert@1.0::IService/default as a lazy service, but was unable to. Usually this happens when a service is not installed, but if the service is intended to be used as a lazy service, then it may be configured incorrectly.
05-04 17:46:42.041     0     0 E init    : Control message: Could not find 'vendor.qti.hardware.cacert@1.0::IService/default' for ctl.interface_start from pid: 660 (/system/system_ext/bin/hwservicemanager)
05-04 17:46:42.145     0     0 E FG      : fg_psy_get_property: unsupported property 79
05-04 17:46:42.153     0     0 E FG      : fg_psy_get_property: unsupported property 79
05-04 17:46:42.159     0     0 W healthd : battery l=100 v=3054 t=24.4 h=2 st=5 c=0 fc=2831000 chg=u
05-04 17:46:42.164     0     0 E FG      : fg_psy_get_property: unsupported property 79
05-04 17:46:43.125  3704  3747 W HidlServiceManagement: Waited one second for vendor.qti.hardware.cacert@1.0::IService/default
05-04 17:46:43.127   660   660 I hwservicemanager: Since vendor.qti.hardware.cacert@1.0::IService/default is not registered, trying to start it as a lazy HAL (if it's not configured to be a lazy HAL, it may be stuck starting or still starting).
05-04 17:46:43.127  3704  3747 I HidlServiceManagement: getService: Trying again for vendor.qti.hardware.cacert@1.0::IService/default...
05-04 17:46:43.131   660  5002 W libc    : Unable to set property "ctl.interface_start" to "vendor.qti.hardware.cacert@1.0::IService/default": PROP_ERROR_HANDLE_CONTROL_MESSAGE (0x20)
05-04 17:46:43.131   660  5002 I hwservicemanager: Tried to start vendor.qti.hardware.cacert@1.0::IService/default as a lazy service, but was unable to. Usually this happens when a service is not installed, but if the service is intended to be used as a lazy service, then it may be configured incorrectly.
05-04 17:46:43.044     0     0 E init    : Control message: Could not find 'vendor.qti.hardware.cacert@1.0::IService/default' for ctl.interface_start from pid: 660 (/system/system_ext/bin/hwservicemanager)
05-04 17:46:44.128  3704  3747 W HidlServiceManagement: Waited one second for vendor.qti.hardware.cacert@1.0::IService/default
05-04 17:46:44.129   660   660 I hwservicemanager: Since vendor.qti.hardware.cacert@1.0::IService/default is not registered, trying to start it as a lazy HAL (if it's not configured to be a lazy HAL, it may be stuck starting or still starting).
05-04 17:46:44.130  3704  3747 I HidlServiceManagement: getService: Trying again for vendor.qti.hardware.cacert@1.0::IService/default...
05-04 17:46:44.132   660  5003 W libc    : Unable to set property "ctl.interface_start" to "vendor.qti.hardware.cacert@1.0::IService/default": PROP_ERROR_HANDLE_CONTROL_MESSAGE (0x20)
05-04 17:46:44.132   660  5003 I hwservicemanager: Tried to start vendor.qti.hardware.cacert@1.0::IService/default as a lazy service, but was unable to. Usually this happens when a service is not installed, but if the service is intended to be used as a lazy service, then it may be configured incorrectly.
05-04 17:46:44.045     0     0 E init    : Control message: Could not find 'vendor.qti.hardware.cacert@1.0::IService/default' for ctl.interface_start from pid: 660 (/system/system_ext/bin/hwservicemanager)
05-04 17:46:45.131  3704  3747 W HidlServiceManagement: Waited one second for vendor.qti.hardware.cacert@1.0::IService/default
05-04 17:46:45.131   660   660 I hwservicemanager: Since vendor.qti.hardware.cacert@1.0::IService/default is not registered, trying to start it as a lazy HAL (if it's not configured to be a lazy HAL, it may be stuck starting or still starting).
05-04 17:46:45.133  3704  3747 I HidlServiceManagement: getService: Trying again for vendor.qti.hardware.cacert@1.0::IService/default...
05-04 17:46:45.136   660  5004 W libc    : Unable to set property "ctl.interface_start" to "vendor.qti.hardware.cacert@1.0::IService/default": PROP_ERROR_HANDLE_CONTROL_MESSAGE (0x20)
05-04 17:46:45.136   660  5004 I hwservicemanager: Tried to start vendor.qti.hardware.cacert@1.0::IService/default as a lazy service, but was unable to. Usually this happens when a service is not installed, but if the service is intended to be used as a lazy service, then it may be configured incorrectly.
05-04 17:46:45.048     0     0 E init    : Control message: Could not find 'vendor.qti.hardware.cacert@1.0::IService/default' for ctl.interface_start from pid: 660 (/system/system_ext/bin/hwservicemanager)
05-04 17:46:45.426  3512  3691 I ThermalEngine: Monitor : quiet_therm = 25917, msm_therm = 27522, xo_therm = 27385, battery_therm = 244,current_now = 0 
05-04 17:46:46.133  3704  3747 W HidlServiceManagement: Waited one second for vendor.qti.hardware.cacert@1.0::IService/default
05-04 17:46:46.134   660   660 I hwservicemanager: Since vendor.qti.hardware.cacert@1.0::IService/default is not registered, trying to start it as a lazy HAL (if it's not configured to be a lazy HAL, it may be stuck starting or still starting).
05-04 17:46:46.135  3704  3747 I HidlServiceManagement: getService: Trying again for vendor.qti.hardware.cacert@1.0::IService/default...
05-04 17:46:46.138   660  5005 W libc    : Unable to set property "ctl.interface_start" to "vendor.qti.hardware.cacert@1.0::IService/default": PROP_ERROR_HANDLE_CONTROL_MESSAGE (0x20)
05-04 17:46:46.138   660  5005 I hwservicemanager: Tried to start vendor.qti.hardware.cacert@1.0::IService/default as a lazy service, but was unable to. Usually this happens when a service is not installed, but if the service is intended to be used as a lazy service, then it may be configured incorrectly.
05-04 17:46:46.050     0     0 E init    : Control message: Could not find 'vendor.qti.hardware.cacert@1.0::IService/default' for ctl.interface_start from pid: 660 (/system/system_ext/bin/hwservicemanager)
05-04 17:46:47.136  3704  3747 W HidlServiceManagement: Waited one second for vendor.qti.hardware.cacert@1.0::IService/default
05-04 17:46:47.137   660   660 I hwservicemanager: Since vendor.qti.hardware.cacert@1.0::IService/default is not registered, trying to start it as a lazy HAL (if it's not configured to be a lazy HAL, it may be stuck starting or still starting).
05-04 17:46:47.139  3704  3747 I HidlServiceManagement: getService: Trying again for vendor.qti.hardware.cacert@1.0::IService/default...
05-04 17:46:47.140   660  5006 W libc    : Unable to set property "ctl.interface_start" to "vendor.qti.hardware.cacert@1.0::IService/default": PROP_ERROR_HANDLE_CONTROL_MESSAGE (0x20)
05-04 17:46:47.141   660  5006 I hwservicemanager: Tried to start vendor.qti.hardware.cacert@1.0::IService/default as a lazy service, but was unable to. Usually this happens when a service is not installed, but if the service is intended to be used as a lazy s