--------- beginning of system
04-30 05:24:47.397   960   982 V WindowManagerShell: Transition animation finished (aborted=false), notifying core (#3705) android.os.BinderProxy@c55685f@0
04-30 05:24:47.400   307   388 V WindowManager: Finish Transition (#3705): created at 04-30 05:24:46.667 collect-started=0.075ms request-sent=0.785ms started=116.873ms ready=116.834ms sent=210.391ms finished=732.335ms
04-30 05:24:47.400   307 21605 W ActivityManager: pid 307 system sent binder code 7 with flags 1 to frozen apps and got error -32
04-30 05:24:47.401   307 21605 W WindowManager: Exception thrown during dispatchAppVisibility Window{c99afe0 u0 com.westlake.host/com.westlake.host.WestlakeActivity EXITING}
04-30 05:24:47.401   307 21605 W WindowManager: android.os.DeadObjectException
04-30 05:24:47.401   307 21605 W WindowManager: 	at android.os.BinderProxy.transactNative(Native Method)
04-30 05:24:47.401   307 21605 W WindowManager: 	at android.os.BinderProxy.transact(BinderProxy.java:592)
04-30 05:24:47.401   307 21605 W WindowManager: 	at android.view.IWindow$Stub$Proxy.dispatchAppVisibility(IWindow.java:557)
04-30 05:24:47.401   307 21605 W WindowManager: 	at com.android.server.wm.WindowState.sendAppVisibilityToClients(WindowState.java:3317)
04-30 05:24:47.401   307 21605 W WindowManager: 	at com.android.server.wm.WindowContainer.sendAppVisibilityToClients(WindowContainer.java:1343)
04-30 05:24:47.401   307 21605 W WindowManager: 	at com.android.server.wm.WindowToken.setClientVisible(WindowToken.java:437)
04-30 05:24:47.401   307 21605 W WindowManager: 	at com.android.server.wm.ActivityRecord.setClientVisible(ActivityRecord.java:7171)
04-30 05:24:47.401   307 21605 W WindowManager: 	at com.android.server.wm.ActivityRecord.postApplyAnimation(ActivityRecord.java:5865)
04-30 05:24:47.401   307 21605 W WindowManager: 	at com.android.server.wm.ActivityRecord.commitVisibility(ActivityRecord.java:5808)
04-30 05:24:47.401   307 21605 W WindowManager: 	at com.android.server.wm.Transition.finishTransition(Transition.java:1375)
04-30 05:24:47.401   307 21605 W WindowManager: 	at com.android.server.wm.TransitionController.finishTransition(TransitionController.java:986)
04-30 05:24:47.401   307 21605 W WindowManager: 	at com.android.server.wm.WindowOrganizerController.finishTransition(WindowOrganizerController.java:526)
04-30 05:24:47.401   307 21605 W WindowManager: 	at android.window.IWindowOrganizerController$Stub.onTransact(IWindowOrganizerController.java:293)
04-30 05:24:47.401   307 21605 W WindowManager: 	at com.android.server.wm.WindowOrganizerController.onTransact(WindowOrganizerController.java:215)
04-30 05:24:47.401   307 21605 W WindowManager: 	at android.os.Binder.execTransactInternal(Binder.java:1406)
04-30 05:24:47.401   307 21605 W WindowManager: 	at android.os.Binder.execTransact(Binder.java:1350)
--------- beginning of kernel
04-30 05:24:47.313     0     0 I binder  : 307:21605 transaction failed 29189/-22, size 64-0 line 3131
04-30 05:24:47.411   960   982 V WindowManagerShell: Track 0 became idle
04-30 05:24:47.411   960   982 V WindowManagerShell: All active transition animations finished
04-30 05:24:47.412   307 21605 W UserManagerService: Requested status bar icon for non-badged user 0
04-30 05:24:47.419   307 27297 W UserManagerService: Requested status bar icon for non-badged user 0
04-30 05:24:47.504   307 21841 I ActivityManager: Force stopping com.westlake.host appid=10218 user=0: from pid 31364
04-30 05:24:47.411     0     0 I binder  : 31364:31364 ioctl 40046210 7fd9c08e84 returned -22
04-30 05:24:47.510   307   767 I AppWidgetServiceImpl: Received broadcast: android.intent.action.PACKAGE_RESTARTED on user 0
04-30 05:24:47.510   307   767 I AppWidgetServiceImpl: Updating package stopped masked state for uid 10218 package com.westlake.host isStopped true
04-30 05:24:47.600     0     0 E init    : Control message: Could not find 'vendor.qti.hardware.cacert@1.0::IService/default' for ctl.interface_start from pid: 660 (/system/system_ext/bin/hwservicemanager)
04-30 05:24:47.762   307 21841 W ActivityTaskManager: callingPackage for (uid=2000, pid=31364) has no WPC
04-30 05:24:47.772   307 21841 W OptProp : Cannot read opt property android.window.PROPERTY_COMPAT_ALLOW_RESIZEABLE_ACTIVITY_OVERRIDES
04-30 05:24:47.773   307 21841 W OptProp : Cannot read opt property android.window.PROPERTY_COMPAT_ALLOW_MIN_ASPECT_RATIO_OVERRIDE
04-30 05:24:47.784   307 21841 W OptProp : Cannot read opt property android.window.PROPERTY_COMPAT_ALLOW_ORIENTATION_OVERRIDE
04-30 05:24:47.787   307 21841 V SplashScreenExceptionList: SplashScreen checking exception for package com.westlake.host (target sdk:28) -> false
04-30 05:24:47.791   307 21841 I ActivityTaskManager: START u0 {flg=0x10000000 cmp=com.westlake.host/.WestlakeActivity (has extras)} with LAUNCH_MULTIPLE from uid 2000 (BAL_ALLOW_PERMISSION) result code=0
04-30 05:24:47.791   960   982 V WindowManagerShell: Transition requested (#3706): android.os.BinderProxy@ebf6ba TransitionRequestInfo { type = OPEN, triggerTask = TaskInfo{userId=0 taskId=1925 effectiveUid=10218 displayId=0 isRunning=true baseIntent=Intent { flg=0x10000000 cmp=com.westlake.host/.WestlakeActivity } baseActivity=ComponentInfo{com.westlake.host/com.westlake.host.WestlakeActivity} topActivity=ComponentInfo{com.westlake.host/com.westlake.host.WestlakeActivity} origActivity=null realActivity=ComponentInfo{com.westlake.host/com.westlake.host.WestlakeActivity} numActivities=1 lastActiveTime=1788880358 supportsMultiWindow=true resizeMode=1 isResizeable=true minWidth=-1 minHeight=-1 defaultMinSize=220 token=WCT{android.window.IWindowContainerToken$Stub$Proxy@780e96b} topActivityType=1 pictureInPictureParams=null shouldDockBigOverlays=false launchIntoPipHostTaskId=-1 lastParentTaskIdBeforePip=-1 displayCutoutSafeInsets=Rect(0, 80 - 0, 0) topActivityInfo=ActivityInfo{cc42cc8 com.westlake.host.WestlakeActivity} launchCookies=[] positionInParent=Point(0, 0) parentTaskId=-1 isFocused=false isVisible=false isVisibleRequested=false isTopActivityNoDisplay=false isSleeping=false locusId=null displayAreaFeatureId=1 isTopActivityTransparent=false isActivityStackTransparent=false lastNonFullscreenBounds=Rect(267, 606 - 814, 1686) capturedLink=null capturedLinkTimestamp=0 requestedVisibleTypes=-9 topActivityRequestOpenInBrowserEducationTimestamp=0 appCompatTaskInfo=AppCompatTaskInfo { topActivityInSizeCompat=false eligibleForLetterboxEducation= false isLetterboxEducationEnabled= false isLetterboxDoubleTapEnabled= false eligibleForUserAspectRatioButton= false topActivityBoundsLetterboxed= false isFromLetterboxDoubleTap= false topActivityLetterboxVerticalPosition= -1 topActivityLetterboxHorizontalPosition= -1 topActivityLetterboxWidth=-1 topActivityLetterboxHeight=-1 topActivityLetterboxAppWidth=-1 topActivityLetterboxAppHeight=-1 isUserFullscreenOverrideEnabled=false isSystemFullscreenOverrideEnabled=false hasMinAspectRatioOverride=false topActivityLetterboxBounds=null cameraCompatTaskInfo=CameraCompatTaskInfo { freeformCameraCompatMode=inactive}} topActivityMainWindowFrame=null}, pipChange = null, remoteTransition = null, displayChange = null, flags = 0, debugId = 3706 }
04-30 05:24:47.791   960   982 D ShellSplitScreen: logExit: no-op, mLoggerSessionId is null
04-30 05:24:47.707     0     0 I CPU7    : update max cpu_capacity 967
04-30 05:24:47.802   307 27297 D CoreBackPreview: Window{54af799 u0 Splash Screen com.westlake.host}: Setting back callback OnBackInvokedCallbackInfo{mCallback=android.window.IOnBackInvokedCallback$Stub$Proxy@95fae3f, mPriority=0, mIsAnimationCallback=false, mOverrideBehavior=0}
04-30 05:24:47.809   307   780 D BackgroundInstallControlService: Package event received: 0
04-30 05:24:47.811   307   767 I AppWidgetServiceImpl: Received broadcast: android.intent.action.PACKAGE_UNSTOPPED on user 0
04-30 05:24:47.811   307   767 I AppWidgetServiceImpl: Updating package stopped masked state for uid 10218 package com.westlake.host isStopped false
04-30 05:24:47.811   307   526 I ActivityManager: Start proc 31370:com.westlake.host/u0a218 for next-top-activity {com.westlake.host/com.westlake.host.WestlakeActivity}
04-30 05:24:47.816   960  1749 V WindowManagerShell: onTransitionReady(transaction=1318555100995)
04-30 05:24:47.816   960   982 V WindowManagerShell: onTransitionReady (#3706) android.os.BinderProxy@ebf6ba: {id=3706 t=OPEN f=0x0 trk=0 r=[0@Point(0, 0)] c=[
04-30 05:24:47.816   960   982 V WindowManagerShell:         {m=OPEN f=NONE leash=Surface(name=Task=1925)/@0xdd410c5 sb=Rect(0, 0 - 1080, 2280) eb=Rect(0, 0 - 1080, 2280) epz=Point(1080, 2280) d=0 taskParent=-1},
04-30 05:24:47.816   960   982 V WindowManagerShell:         {m=TO_BACK f=NONE leash=Surface(name=Task=1575)/@0xdc55a1a sb=Rect(0, 0 - 1080, 2280) eb=Rect(0, 0 - 1080, 2280) epz=Point(1080, 2280) d=0 taskParent=-1}
04-30 05:24:47.816   960   982 V WindowManagerShell:     ]}
04-30 05:24:47.816   960   982 V WindowManagerShell: Playing animation for (#3706) android.os.BinderProxy@ebf6ba@0
04-30 05:24:47.816   960   982 V ShellRecents: RecentsTransitionHandler.startAnimation: no controller found
04-30 05:24:47.816   960   982 V WindowManagerShell: Transition doesn't have explicit remote, search filters for match for {id=3706 t=OPEN f=0x0 trk=0 r=[0@Point(0, 0)] c=[{m=OPEN f=NONE leash=Surface(name=Task=1925)/@0xdd410c5 sb=Rect(0, 0 - 1080, 2280) eb=Rect(0, 0 - 1080, 2280) epz=Point(1080, 2280) d=0 taskParent=-1},{m=TO_BACK f=NONE leash=Surface(name=Task=1575)/@0xdc55a1a sb=Rect(0, 0 - 1080, 2280) eb=Rect(0, 0 - 1080, 2280) epz=Point(1080, 2280) d=0 taskParent=-1}]}
04-30 05:24:47.817   960   982 V WindowManagerShell:  Checking filter Pair{{types=[] flags=0x0] notFlags=0x100 checks=[{atype=home independent=true modes=[OPEN,TO_FRONT] flags=NONE mustBeTask=false order=TOP topActivity=ComponentInfo{com.android.launcher3/com.android.launcher3.uioverrides.QuickstepLauncher} launchCookie=null windowingMode=undefined},{atype=standard independent=true modes=[CLOSE,TO_BACK] flags=NONE mustBeTask=false order=ANY topActivity=null launchCookie=null windowingMode=undefined},{NOT atype=undefined independent=true modes=[] flags=NONE mustBeTask=true order=ANY topActivity=null launchCookie=null customAnim=true windowingMode=undefined}]} RemoteTransition { remoteTransition = android.window.IRemoteTransition$Stub$Proxy@ae59c67, appThread = android.app.IApplicationThread$Stub$Proxy@8152a14, debugName = QuickstepLaunchHome }}
04-30 05:24:47.817   960   982 V WindowManagerShell:  Delegate animation for (#3706) to null
04-30 05:24:47.817   960   982 V WindowManagerShell: start default transition animation, info = {id=3706 t=OPEN f=0x0 trk=0 r=[0@Point(0, 0)] c=[{m=OPEN f=NONE leash=Surface(name=Task=1925)/@0xdd410c5 sb=Rect(0, 0 - 1080, 2280) eb=Rect(0, 0 - 1080, 2280) epz=Point(1080, 2280) d=0 taskParent=-1},{m=TO_BACK f=NONE leash=Surface(name=Task=1575)/@0xdc55a1a sb=Rect(0, 0 - 1080, 2280) eb=Rect(0, 0 - 1080, 2280) epz=Point(1080, 2280) d=0 taskParent=-1}]}
04-30 05:24:47.817   960   982 V WindowManagerShell: loadAnimation: anim=android.view.animation.AnimationSet@69f441 animAttr=0x9 type=OPEN isEntrance=false
04-30 05:24:47.817   960   982 V WindowManagerShell: loadAnimation: anim=android.view.animation.AnimationSet@f625f27 animAttr=0x8 type=OPEN isEntrance=true
04-30 05:24:47.818   960   982 V WindowManagerShell:  animated by com.android.wm.shell.transition.DefaultTransitionHandler@6c3a7ac
04-30 05:24:47.821   307   388 V WindowManager: Sent Transition (#3706) createdAt=04-30 05:24:47.775 via request=TransitionRequestInfo { type = OPEN, triggerTask = TaskInfo{userId=0 taskId=1925 effectiveUid=10218 displayId=0 isRunning=true baseIntent=Intent { flg=0x10000000 cmp=com.westlake.host/.WestlakeActivity } baseActivity=ComponentInfo{com.westlake.host/com.westlake.host.WestlakeActivity} topActivity=ComponentInfo{com.westlake.host/com.westlake.host.WestlakeActivity} origActivity=null realActivity=ComponentInfo{com.westlake.host/com.westlake.host.WestlakeActivity} numActivities=1 lastActiveTime=1788880358 supportsMultiWindow=true resizeMode=1 isResizeable=true minWidth=-1 minHeight=-1 defaultMinSize=220 token=WCT{RemoteToken{ef237a4 Task{99f8974 #1925 type=standard A=10218:com.westlake.host}}} topActivityType=1 pictureInPictureParams=null shouldDockBigOverlays=false launchIntoPipHostTaskId=-1 lastParentTaskIdBeforePip=-1 displayCutoutSafeInsets=Rect(0, 80 - 0, 0) topActivityInfo=ActivityInfo{6edd90d com.westlake.host.WestlakeActivity} launchCookies=[] positionInParent=Point(0, 0) parentTaskId=-1 isFocused=false isVisible=false isVisibleRequested=false isTopActivityNoDisplay=false isSleeping=false locusId=null displayAreaFeatureId=1 isTopActivityTransparent=false isActivityStackTransparent=false lastNonFullscreenBounds=Rect(267, 606 - 814, 1686) capturedLink=null capturedLinkTimestamp=0 requestedVisibleTypes=-9 topActivityRequestOpenInBrowserEducationTimestamp=0 appCompatTaskInfo=AppCompatTaskInfo { topActivityInSizeCompat=false eligibleForLetterboxEducation= false isLetterboxEducationEnabled= false isLetterboxDoubleTapEnabled= false eligibleForUserAspectRatioButton= false topActivityBoundsLetterboxed= false isFromLetterboxDoubleTap= false topActivityLetterboxVerticalPosition= -1 topActivityLetterboxHorizontalPosition= -1 topActivityLetterboxWidth=-1 topActivityLetterboxHeight=-1 topActivityLetterboxAppWidth=-1 topActivityLetterboxAppHeight=-1 isUserFullscreenOverrideEnabled=false isSystemFullscreenOverrideEnabled=false hasMinAspectRatioOverride=false topActivityLetterboxBounds=null cameraCompatTaskInfo=CameraCompatTaskInfo { freeformCameraCompatMode=inactive}} topActivityMainWindowFrame=null}, pipChange = null, remoteTransition = null, displayChange = null, flags = 0, debugId = 3706 }
04-30 05:24:47.821   307   388 V WindowManager:     startWCT=WindowContainerTransaction { changes= {} hops= [] errorCallbackToken=null taskFragmentOrganizer=null }
04-30 05:24:47.822   307   388 V WindowManager:     info={id=3706 t=OPEN f=0x0 trk=0 r=[0@Point(0, 0)] c=[
04-30 05:24:47.822   307   388 V WindowManager:         {WCT{RemoteToken{ef237a4 Task{99f8974 #1925 type=standard A=10218:com.westlake.host}}} m=OPEN f=NONE leash=Surface(name=Task=1925)/@0xf8b00d1 sb=Rect(0, 0 - 1080, 2280) eb=Rect(0, 0 - 1080, 2280) epz=Point(1080, 2280) d=0 taskParent=-1},
04-30 05:24:47.822   307   388 V WindowManager:         {WCT{RemoteToken{2c4595d Task{43a3d96 #1575 type=standard A=1000:com.android.settings.root}}} m=TO_BACK f=NONE leash=Surface(name=Task=1575)/@0xbe07a07 sb=Rect(0, 0 - 1080, 2280) eb=Rect(0, 0 - 1080, 2280) epz=Point(1080, 2280) d=0 taskParent=-1}
04-30 05:24:47.822   307   388 V WindowManager:     ]}
04-30 05:24:47.823   307 28870 W UserManagerService: Requested status bar icon for non-badged user 0
04-30 05:24:47.777     0     0 I binder  : 31370:31370 ioctl 40046210 7fd4a812f4 returned -22
04-30 05:24:47.887   307   391 E AccessPersistence: Failed to verity-protect runtime-permissions
04-30 05:24:47.887   307   391 E AccessPersistence: java.io.IOException: Failed to enable fs-verity on FD(681): Inappropriate ioctl for device
04-30 05:24:47.887   307   391 E AccessPersistence: 	at com.android.internal.security.VerityUtils.setUpFsverity(VerityUtils.java:94)
04-30 05:24:47.887   307   391 E AccessPersistence: 	at com.android.server.security.FileIntegrity.setUpFsVerity(FileIntegrity.java:66)
04-30 05:24:47.887   307   391 E AccessPersistence: 	at com.android.server.security.FileIntegrity.setUpFsVerity(FileIntegrity.java:50)
04-30 05:24:47.887   307   391 E AccessPersistence: 	at com.android.server.permission.access.AccessPersistence.writeSystemState(AccessPersistence.kt:65)
04-30 05:24:47.887   307   391 E AccessPersistence: 	at com.android.server.permission.access.AccessPersistence.writePendingState(AccessPersistence.kt:149)
04-30 05:24:47.887   307   391 E AccessPersistence: 	at com.android.server.permission.access.AccessPersistence.access$writePendingState(AccessPersistence.kt:41)
04-30 05:24:47.887   307   391 E AccessPersistence: 	at com.android.server.permission.access.AccessPersistence$WriteHandler.handleMessage(AccessPersistence.kt:190)
04-30 05:24:47.887   307   391 E AccessPersistence: 	at android.os.Handler.dispatchMessage(Handler.java:109)
04-30 05:24:47.887   307   391 E AccessPersistence: 	at android.os.Looper.loopOnce(Looper.java:232)
04-30 05:24:47.887   307   391 E AccessPersistence: 	at android.os.Looper.loop(Looper.java:317)
04-30 05:24:47.887   307   391 E AccessPersistence: 	at android.os.HandlerThread.run(HandlerThread.java:85)
04-30 05:24:47.887   307   391 E AccessPersistence: 	at com.android.server.ServiceThread.run(ServiceThread.java:49)
04-30 05:24:47.899   307   391 E AccessPersistence: Failed to verity-protect runtime-permissions
04-30 05:24:47.899   307   391 E AccessPersistence: java.io.IOException: Failed to enable fs-verity on FD(681): Inappropriate ioctl for device
04-30 05:24:47.899   307   391 E AccessPersistence: 	at com.android.internal.security.VerityUtils.setUpFsverity(VerityUtils.java:94)
04-30 05:24:47.899   307   391 E AccessPersistence: 	at com.android.server.security.FileIntegrity.setUpFsVerity(FileIntegrity.java:66)
04-30 05:24:47.899   307   391 E AccessPersistence: 	at com.android.server.security.FileIntegrity.setUpFsVerity(FileIntegrity.java:50)
04-30 05:24:47.899   307   391 E AccessPersistence: 	at com.android.server.permission.access.AccessPersistence.writeUserState(AccessPersistence.kt:65)
04-30 05:24:47.899   307   391 E AccessPersistence: 	at com.android.server.permission.access.AccessPersistence.writePendingState(AccessPersistence.kt:151)
04-30 05:24:47.899   307   391 E AccessPersistence: 	at com.android.server.permission.access.AccessPersistence.access$writePendingState(AccessPersistence.kt:41)
04-30 05:24:47.899   307   391 E AccessPersistence: 	at com.android.server.permission.access.AccessPersistence$WriteHandler.handleMessage(AccessPersistence.kt:190)
04-30 05:24:47.899   307   391 E AccessPersistence: 	at android.os.Handler.dispatchMessage(Handler.java:109)
04-30 05:24:47.899   307   391 E AccessPersistence: 	at android.os.Looper.loopOnce(Looper.java:232)
04-30 05:24:47.899   307   391 E AccessPersistence: 	at android.os.Looper.loop(Looper.java:317)
04-30 05:24:47.899   307   391 E AccessPersistence: 	at android.os.HandlerThread.run(HandlerThread.java:85)
04-30 05:24:47.899   307   391 E AccessPersistence: 	at com.android.server.ServiceThread.run(ServiceThread.java:49)
04-30 05:24:47.900   307   780 D BackgroundInstallControlService: Package event received: 0
04-30 05:24:48.118  3530  3530 W wificond: Failed to get NL80211_ATTR_MAX_NUM_AKM_SUITES
04-30 05:24:48.120  3530  3530 W wificond: Failed to get NL80211_ATTR_MAX_NUM_AKM_SUITES
04-30 05:24:48.121  3530  3530 W wificond: Failed to get NL80211_ATTR_MAX_NUM_AKM_SUITES
04-30 05:24:48.330   960   982 V WindowManagerShell: Transition animation finished (aborted=false), notifying core (#3706) android.os.BinderProxy@ebf6ba@0
04-30 05:24:48.331   307   388 V WindowManager: Finish Transition (#3706): created at 04-30 05:24:47.775 collect-started=0.3ms request-sent=15.162ms started=17.259ms ready=38.599ms sent=39.867ms finished=555.845ms
04-30 05:24:48.332   960   982 V WindowManagerShell: Track 0 became idle
04-30 05:24:48.332   960   982 V WindowManagerShell: All active transition animations finished
04-30 05:24:48.333   307 27297 W UserManagerService: Requested status bar icon for non-badged user 0
04-30 05:24:48.333   307 28870 W UserManagerService: Requested status bar icon for non-badged user 0
04-30 05:24:48.405   307   780 D BackgroundInstallControlService: Package event received: 0
04-30 05:24:48.405   307   780 D BackgroundInstallControlService: Package event received: 0
04-30 05:24:48.505 31370 31370 D InsetsController: Setting requestedVisibleTypes to -10 (was -9)
04-30 05:24:48.506   307 21605 W WindowManager: Failed looking up window session=Session{6a4346 31370:u0a10218} callers=com.android.server.wm.WindowManagerService.windowForClientLocked:6324 com.android.server.wm.Session.updateRequestedVisibleTypes:699 android.view.IWindowSession$Stub.onTransact:1023 
04-30 05:24:48.600     0     0 E init    : Control message: Could not find 'vendor.qti.hardware.cacert@1.0::IService/default' for ctl.interface_start from pid: 660 (/system/system_ext/bin/hwservicemanager)
04-30 05:24:48.781   307 27297 D CoreBackPreview: Window{c774dd2 u0 com.westlake.host/com.westlake.host.WestlakeActivity}: Setting back callback OnBackInvokedCallbackInfo{mCallback=android.window.IOnBackInvokedCallback$Stub$Proxy@40e6559, mPriority=0, mIsAnimationCallback=false, mOverrideBehavior=0}
04-30 05:24:48.716     0     0 I servicemanager: Caller(pid=31370,uid=10218,sid=u:r:untrusted_app_27:s0:c218,c256,c512,c768) Could not find android.hardware.graphics.allocator.IAllocator/default in the VINTF manifest. No alternative instances declared in VINTF.
04-30 05:24:48.717     0     0 I binder  : 31370:31390 ioctl 40046210 7a9c03e094 returned -22
04-30 05:24:48.868   307   780 D BackgroundInstallControlService: Package event received: 0
04-30 05:24:49.192   307   750 D CoreBackPreview: Window{54af799 u0 Splash Screen com.westlake.host EXITING}: Setting back callback null
04-30 05:24:49.117     0     0 I CPU6    : update max cpu_capacity 1024
04-30 05:24:49.603     0     0 E init    : Control message: Could not find 'vendor.qti.hardware.cacert@1.0::IService/default' for ctl.interface_start from pid: 660 (/system/system_ext/bin/hwservicemanager)
04-30 05:24:50.604     0     0 E init    : Control message: Could not find 'vendor.qti.hardware.cacert@1.0::IService/default' for ctl.interface_start from pid: 660 (/system/system_ext/bin/hwservicemanager)
04-30 05:24:51.317     0     0 W         : IRQ6 no longer affine to CPU4
04-30 05:24:51.605     0     0 E init    : Control message: Could not find 'vendor.qti.hardware.cacert@1.0::IService/default' for ctl.interface_start from pid: 660 (/system/system_ext/bin/hwservicemanager)
04-30 05:24:52.606     0     0 E init    : Control message: Could not find 'vendor.qti.hardware.cacert@1.0::IService/default' for ctl.interface_start from pid: 660 (/system/system_ext/bin/hwservicemanager)
04-30 05:24:52.982     0     0 I QCOM-BATT: pl_fcc_vote_callback: total_fcc_ua=1950000
04-30 05:24:52.982     0     0 I QCOM-BATT: pl_fv_vote_callback: fv_uv=4400000
04-30 05:24:53.297     0     0 W         : IRQ6 no longer affine to CPU7
04-30 05:24:53.343     0     0 E FG      : fg_psy_get_property: unsupported property 79
04-30 05:24:53.352     0     0 E FG      : fg_psy_get_property: unsupported property 79
04-30 05:24:53.357     0     0 W healthd : battery l=100 v=4280 t=23.2 h=2 st=5 c=263000 fc=3036000 chg=u
04-30 05:24:53.458   960  2713 D PowerUI : can't show warning due to - plugged: true status unknown: false
04-30 05:24:53.368     0     0 E FG      : fg_psy_get_property: unsupported property 79
04-30 05:24:53.608     0     0 E init    : Control message: Could not find 'vendor.qti.hardware.cacert@1.0::IService/default' for ctl.interface_start from pid: 660 (/system/system_ext/bin/hwservicemanager)
04-30 05:24:53.777     0     0 W         : IRQ6 no longer affine to CPU7
04-30 05:24:54.177     0     0 W         : IRQ6 no longer affine to CPU4
04-30 05:24:54.609     0     0 E init    : Control message: Could not find 'vendor.qti.hardware.cacert@1.0::IService/default' for ctl.interface_start from pid: 660 (/system/system_ext/bin/hwservicemanager)
04-30 05:24:55.612     0     0 E init    : Control message: Could not find 'vendor.qti.hardware.cacert@1.0::IService/default' for ctl.interface_start from pid: 660 (/system/system_ext/bin/hwservicemanager)
04-30 05:24:56.612     0     0 E init    : Control message: Could not find 'vendor.qti.hardware.cacert@1.0::IService/default' for ctl.interface_start from pid: 660 (/system/system_ext/bin/hwservicemanager)
04-30 05:24:57.614     0     0 E init    : Control message: Could not find 'vendor.qti.hardware.cacert@1.0::IService/default' for ctl.interface_start from pid: 660 (/system/system_ext/bin/hwservicemanager)
04-30 05:24:58.238     0     0 W         : IRQ6 no longer affine to CPU4
04-30 05:24:58.616     0     0 E init    : Control message: Could not find 'vendor.qti.hardware.cacert@1.0::IService/default' for ctl.interface_start from pid: 660 (/system/system_ext/bin/hwservicemanager)
04-30 05:24:59.382     0     0 I QCOM-BATT: pl_fcc_vote_callback: total_fcc_ua=1950000
04-30 05:24:59.382     0     0 I QCOM-BATT: pl_fv_vote_callback: fv_uv=4400000
04-30 05:24:59.500     0     0 I SMBLIB  : op_charging_en: enable=1
04-30 05:24:59.502     0     0 E SMBLIB  : handle_batt_temp_normal: triggered
04-30 05:24:59.502     0     0 E SMBLIB  : set_chg_ibat_vbat_max: set ibatmax=1950 and set vbatmax=4400
04-30 05:24:59.502     0     0 E SMBLIB  : op_battery_temp_region_set: set temp_region=5
04-30 05:24:59.617     0     0 E init    : Control message: Could not find 'vendor.qti.hardware.cacert@1.0::IService/default' for ctl.interface_start from pid: 660 (/system/system_ext/bin/hwservicemanager)
04-30 05:24:59.743     0     0 E FG      : fg_psy_get_property: unsupported property 79
04-30 05:24:59.752     0     0 E FG      : fg_psy_get_property: unsupported property 79
04-30 05:24:59.758     0     0 W healthd : battery l=100 v=4236 t=23.2 h=2 st=5 c=113000 fc=3036000 chg=u
04-30 05:24:59.766     0     0 E FG      : fg_psy_get_property: unsupported property 79
04-30 05:24:59.854   960  2704 D PowerUI : can't show warning due to - plugged: true status unknown: false
04-30 05:24:59.822     0     0 I QCOM-BATT: pl_fcc_vote_callback: total_fcc_ua=1950000
04-30 05:24:59.822     0     0 I QCOM-BATT: pl_fv_vote_callback: fv_uv=4400000
04-30 05:25:00.017     0     0 W         : IRQ6 no longer affine to CPU4
04-30 05:25:00.073     0     0 E FG      : fg_psy_get_property: unsupported property 79
04-30 05:25:00.081     0     0 E FG      : fg_psy_get_property: unsupported property 79
04-30 05:25:00.089     0     0 W healthd : battery l=100 v=4313 t=23.2 h=2 st=5 c=55000 fc=3036000 chg=u
04-30 05:25:00.098     0     0 E FG      : fg_psy_get_property: unsupported property 79
04-30 05:25:00.194   960  1373 D PowerUI : can't show warning due to - plugged: true status unknown: false
04-30 05:25:00.621     0     0 E init    : Control message: Could not find 'vendor.qti.hardware.cacert@1.0::IService/default' for ctl.interface_start from pid: 660 (/system/system_ext/bin/hwservicemanager)
04-30 05:25:01.257     0     0 W         : IRQ6 no longer affine to CPU7
04-30 05:25:01.621     0     0 E init    : Control message: Could not find 'vendor.qti.hardware.cacert@1.0::IService/default' for ctl.interface_start from pid: 660 (/system/system_ext/bin/hwservicemanager)
04-30 05:25:01.657     0     0 W         : IRQ6 no longer affine to CPU4
04-30 05:25:02.571     0     0 I QCOM-BATT: pl_fcc_vote_callback: total_fcc_ua=1950000
04-30 05:25:02.571     0     0 I QCOM-BATT: pl_fv_vote_callback: fv_uv=4400000
04-30 05:25:02.626     0     0 E init    : Control message: Could not find 'vendor.qti.hardware.cacert@1.0::IService/default' for ctl.interface_start from pid: 660 (/system/system_ext/bin/hwservicemanager)
04-30 05:25:02.825     0     0 E FG      : fg_psy_get_property: unsupported property 79
04-30 05:25:02.833     0     0 E FG      : fg_psy_get_property: unsupported property 79
04-30 05:25:02.839     0     0 W healthd : battery l=100 v=4318 t=23.2 h=2 st=5 c=55000 fc=3036000 chg=u
04-30 05:25:02.847     0     0 E FG      : fg_psy_get_property: unsupported property 79
04-30 05:25:02.936   960  2050 D PowerUI : can't show warning due to - plugged: true status unknown: false
04-30 05:25:03.400     0     0 I QCOM-BATT: pl_fcc_vote_callback: total_fcc_ua=1950000
04-30 05:25:03.400     0     0 I QCOM-BATT: pl_fv_vote_callback: fv_uv=4400000
04-30 05:25:03.628     0     0 E init    : Control message: Could not find 'vendor.qti.hardware.cacert@1.0::IService/default' for ctl.interface_start from pid: 660 (/system/system_ext/bin/hwservicemanager)
04-30 05:25:03.644     0     0 E FG      : fg_psy_get_property: unsupported property 79
04-30 05:25:03.654     0     0 E FG      : fg_psy_get_property: unsupported property 79
04-30 05:25:03.659     0     0 W healthd : battery l=100 v=4306 t=23.3 h=2 st=5 c=-144000 fc=3035000 chg=u
04-30 05:25:03.756   960  2657 D PowerUI : can't show warning due to - plugged: true status unknown: false
04-30 05:25:03.670     0     0 E FG      : fg_psy_get_property: unsupported property 79
04-30 05:25:03.916     0     0 I QCOM-BATT: pl_fcc_vote_callback: total_fcc_ua=1950000
04-30 05:25:03.916     0     0 I QCOM-BATT: pl_fv_vote_callback: fv_uv=4400000
04-30 05:25:04.105     0     0 E FG      : fg_psy_get_property: unsupported property 79
04-30 05:25:04.113     0     0 E FG      : fg_psy_get_property: unsupported property 79
04-30 05:25:04.119     0     0 W healthd : battery l=100 v=4383 t=23.3 h=2 st=5 c=-154000 fc=3036000 chg=u
04-30 05:25:04.128     0     0 E FG      : fg_psy_get_property: unsupported property 79
04-30 05:25:04.217   960  2676 D PowerUI : can't show warning due to - plugged: true status unknown: false
04-30 05:25:04.629     0     0 E init    : Control message: Could not find 'vendor.qti.hardware.cacert@1.0::IService/default' for ctl.interface_start from pid: 660 (/system/system_ext/bin/hwservicemanager)
04-30 05:25:05.305     0     0 I QCOM-BATT: pl_fcc_vote_callback: total_fcc_ua=1950000
04-30 05:25:05.305     0     0 I QCOM-BATT: pl_fv_vote_callback: fv_uv=4400000
04-30 05:25:05.554     0     0 E FG      : fg_psy_get_property: unsupported property 79
04-30 05:25:05.561     0     0 E FG      : fg_psy_get_property: unsupported property 79
04-30 05:25:05.568     0     0 W healthd : battery l=100 v=4384 t=23.3 h=2 st=5 c=-171000 fc=3036000 chg=u
04-30 05:25:05.669   960  2692 D PowerUI : can't show warning due to - plugged: true status unknown: false
04-30 05:25:05.577     0     0 W         : IRQ6 no longer affine to CPU7
04-30 05:25:05.578     0     0 E FG      : fg_psy_get_property: unsupported property 79
04-30 05:25:05.631     0     0 E init    : Control message: Could not find 'vendor.qti.hardware.cacert@1.0::IService/default' for ctl.interface_start from pid: 660 (/system/system_ext/bin/hwservicemanager)
04-30 05:25:05.784     0     0 I QCOM-BATT: pl_fcc_vote_callback: total_fcc_ua=1950000
04-30 05:25:05.784     0     0 I QCOM-BATT: pl_fv_vote_callback: fv_uv=4400000
04-30 05:25:06.144     0     0 E FG      : fg_psy_get_property: unsupported property 79
04-30 05:25:06.150     0     0 E FG      : fg_psy_get_property: unsupported property 79
04-30 05:25:06.156     0     0 W healthd : battery l=100 v=4382 t=23.3 h=2 st=5 c=59000 fc=3036000 chg=u
04-30 05:25:06.252   960  2694 D PowerUI : can't show warning due to - plugged: true status unknown: false
04-30 05:25:06.164     0     0 E FG      : fg_psy_get_property: unsupported property 79
04-30 05:25:06.297     0     0 W         : IRQ6 no longer affine to CPU4
04-30 05:25:06.457     0     0 W         : IRQ6 no longer affine to CPU7
04-30 05:25:06.632     0     0 E init    : Control message: Could not find 'vendor.qti.hardware.cacert@1.0::IService/default' for ctl.interface_start from pid: 660 (/system/system_ext/bin/hwservicemanager)
04-30 05:25:07.633     0     0 E init    : Control message: Could not find 'vendor.qti.hardware.cacert@1.0::IService/default' for ctl.interface_start from pid: 660 (/system/system_ext/bin/hwservicemanager)
04-30 05:25:08.635     0     0 E init    : Control message: Could not find 'vendor.qti.hardware.cacert@1.0::IService/default' for ctl.interface_start from pid: 660 (/system/system_ext/bin/hwservicemanager)
--------- beginning of main
04-30 05:25:09.320 31370 31416 I WestlakeVM: VM: [PC-TRACE] BEFORE int java.lang.String.lastIndexOf(byte[], byte, int, java.lang.String, int) → byte java.lang.String.coder(): v0=0x0 v1=0x0 v2=0x0 v3=0x0 v4=0x1cf6bdc0 v5=0x0 v6=0x9 v7=0x1cf028b0 v8=0x5 
04-30 05:25:09.320 31370 31416 I WestlakeVM: VM: [PC-TRACE] AFTER: v0=0x0 v1=0x0 v2=0x0 v3=0x0 v4=0x1cf6bdc0 v5=0x0 v6=0x9 v7=0x1cf028b0 v8=0x5 
04-30 05:25:09.320 31370 31416 I WestlakeVM: VM: [PC-TRACE] BEFORE int java.lang.String.lastIndexOf(byte[], byte, int, java.lang.String, int) → int java.lang.StringLatin1.lastIndexOf(byte[], int, java.lang.String, int, int): v0=0x0 v1=0x4 v2=0x5 v3=0xffffffff v4=0x1cf6bdc0 v5=0x0 v6=0x9 v7=0x1cf028b0 v8=0x5 
04-30 05:25:09.320 31370 31416 I WestlakeVM: VM: [PC-TRACE] AFTER: v0=0x0 v1=0x4 v2=0x5 v3=0xffffffff v4=0x1cf6bdc0 v5=0x0 v6=0x9 v7=0x1cf028b0 v8=0x5 
04-30 05:25:09.320 31370 31416 I WestlakeVM: VM: [PC-TRACE] AFTER: v0=0x1cf6bdc0 v1=0x0 v2=0x9 v3=0x1cfb51f0 v4=0x1cf028b0 v5=0x5 
04-30 05:25:09.320 31370 31416 I WestlakeVM: VM: [PC-TRACE] AFTER: v0=0x0 v1=0x1cfb51f0 v2=0x1cf028b0 v3=0x5 
04-30 05:25:09.320 31370 31416 I WestlakeVM: VM: [PC-TRACE] BEFORE int java.lang.StringBuilder.lastIndexOf(java.lang.String, int) → int java.lang.AbstractStringBuilder.lastIndexOf(java.lang.String, int): v0=0x0 v1=0x1cfb51f0 v2=0x1cf028b0 v3=0x5 
04-30 05:25:09.320 31370 31416 I WestlakeVM: VM: [PC-TRACE] BEFORE int java.lang.AbstractStringBuilder.lastIndexOf(java.lang.String, int) → int java.lang.String.lastIndexOf(byte[], byte, int, java.lang.String, int): v0=0x1cf6bdc0 v1=0x0 v2=0x9 v3=0x1cfb51f0 v4=0x1cf028b0 v5=0x5 
04-30 05:25:09.320 31370 31416 I WestlakeVM: VM: [PC-TRACE] BEFORE int java.lang.String.lastIndexOf(byte[], byte, int, java.lang.String, int) → byte java.lang.String.coder(): v0=0x0 v1=0x0 v2=0x0 v3=0x0 v4=0x1cf6bdc0 v5=0x0 v6=0x9 v7=0x1cf028b0 v8=0x5 
04-30 05:25:09.320 31370 31416 I WestlakeVM: VM: [PC-TRACE] AFTER: v0=0x0 v1=0x0 v2=0x0 v3=0x0 v4=0x1cf6bdc0 v5=0x0 v6=0x9 v7=0x1cf028b0 v8=0x5 
04-30 05:25:09.320 31370 31416 I WestlakeVM: VM: [PC-TRACE] BEFORE int java.lang.String.lastIndexOf(byte[], byte, int, java.lang.String, int) → int java.lang.StringLatin1.lastIndexOf(byte[], int, java.lang.String, int, int): v0=0x0 v1=0x4 v2=0x5 v3=0xffffffff v4=0x1cf6bdc0 v5=0x0 v6=0x9 v7=0x1cf028b0 v8=0x5 
04-30 05:25:09.320 31370 31416 I WestlakeVM: VM: [PC-TRACE] AFTER: v0=0x0 v1=0x4 v2=0x5 v3=0xffffffff v4=0x1cf6bdc0 v5=0x0 v6=0x9 v7=0x1cf028b0 v8=0x5 
04-30 05:25:09.320 31370 31416 I WestlakeVM: VM: [PC-TRACE] AFTER: v0=0x1cf6bdc0 v1=0x0 v2=0x9 v3=0x1cfb51f0 v4=0x1cf028b0 v5=0x5 
04-30 05:25:09.320 31370 31416 I WestlakeVM: VM: [PC-TRACE] AFTER: v0=0x0 v1=0x1cfb51f0 v2=0x1cf028b0 v3=0x5 
04-30 05:25:09.320 31370 31416 I WestlakeVM: VM: [PC-TRACE] BEFORE int java.lang.StringBuilder.lastIndexOf(java.lang.String, int) → int java.lang.AbstractStringBuilder.lastIndexOf(java.lang.String, int): v0=0x0 v1=0x1cfb51f0 v2=0x1cf028b0 v3=0x5 
04-30 05:25:09.320 31370 31416 I WestlakeVM: VM: [PC-TRACE] BEFORE int java.lang.AbstractStringBuilder.lastIndexOf(java.lang.String, int) → int java.lang.String.lastIndexOf(byte[], byte, int, java.lang.String, int): v0=0x1cf6bdc0 v1=0x0 v2=0x9 v3=0x1cfb51f0 v4=0x1cf028b0 v5=0x5 
04-30 05:25:09.320 31370 31416 I WestlakeVM: VM: [PC-TRACE] BEFORE int java.lang.String.lastIndexOf(byte[], byte, int, java.lang.String, int) → byte java.lang.String.coder(): v0=0x0 v1=0x0 v2=0x0 v3=0x0 v4=0x1cf6bdc0 v5=0x0 v6=0x9 v7=0x1cf028b0 v8=0x5 
04-30 05:25:09.320 31370 31416 I WestlakeVM: VM: [PC-TRACE] AFTER: v0=0x0 v1=0x0 v2=0x0 v3=0x0 v4=0x1cf6bdc0 v5=0x0 v6=0x9 v7=0x1cf028b0 v8=0x5 
04-30 05:25:09.320 31370 31416 I WestlakeVM: VM: [PC-TRACE] BEFORE int java.lang.String.lastIndexOf(byte[], byte, int, java.lang.String, int) → int java.lang.StringLatin1.lastIndexOf(byte[], int, java.lang.String, int, int): v0=0x0 v1=0x4 v2=0x5 v3=0xffffffff v4=0x1cf6bdc0 v5=0x0 v6=0x9 v7=0x1cf028b0 v8=0x5 
04-30 05:25:09.320 31370 31416 I WestlakeVM: VM: [PC-TRACE] AFTER: v0=0x0 v1=0x4 v2=0x5 v3=0xffffffff v4=0x1cf6bdc0 v5=0x0 v6=0x9 v7=0x1cf028b0 v8=0x5 
04-30 05:25:09.320 31370 31416 I WestlakeVM: VM: [PC-TRACE] AFTER: v0=0x1cf6bdc0 v1=0x0 v2=0x9 v3=0x1cfb51f0 v4=0x1cf028b0 v5=0x5 
04-30 05:25:09.320 31370 31416 I WestlakeVM: VM: [PC-TRACE] AFTER: v0=0x0 v1=0x1cfb51f0 v2=0x1cf028b0 v3=0x5 
04-30 05:25:09.320 31370 31416 I WestlakeVM: VM: [PC-TRACE] BEFORE int java.lang.StringBuilder.lastIndexOf(java.lang.String, int) → int java.lang.AbstractStringBuilder.lastIndexOf(java.lang.String, int): v0=0x0 v1=0x1cfb51f0 v2=0x1cf028b0 v3=0x5 
04-30 05:25:09.320 31370 31416 I WestlakeVM: VM: [PC-TRACE] BEFORE int java.lang.AbstractStringBuilder.lastIndexOf(java.lang.String, int) → int java.lang.String.lastIndexOf(byte[], byte, int, java.lang.String, int): v0=0x1cf6bdc0 v1=0x0 v2=0x9 v3=0x1cfb51f0 v4=0x1cf028b0 v5=0x5 
04-30 05:25:09.320 31370 31416 I WestlakeVM: VM: [PC-TRACE] BEFORE int java.lang.String.lastIndexOf(byte[], byte, int, java.lang.String, int) → byte java.lang.String.coder(): v0=0x0 v1=0x0 v2=0x0 v3=0x0 v4=0x1cf6bdc0 v5=0x0 v6=0x9 v7=0x1cf028b0 v8=0x5 
04-30 05:25:09.320 31370 31416 I WestlakeVM: VM: [PC-TRACE] AFTER: v0=0x0 v1=0x0 v2=0x0 v3=0x0 v4=0x1cf6bdc0 v5=0x0 v6=0x9 v7=0x1cf028b0 v8=0x5 
04-30 05:25:09.320 31370 31416 I WestlakeVM: VM: [PC-TRACE] BEFORE int java.lang.String.lastIndexOf(byte[], byte, int, java.lang.String, int) → int java.lang.StringLatin1.lastIndexOf(byte[], int, java.lang.String, int, int): v0=0x0 v1=0x4 v2=0x5 v3=0xffffffff v4=0x1cf6bdc0 v5=0x0 v6=0x9 v7=0x1cf028b0 v8=0x5 
04-30 05:25:09.321 31370 31416 I WestlakeVM: VM: [PC-TRACE] AFTER: v0=0x0 v1=0x4 v2=0x5 v3=0xffffffff v4=0x1cf6bdc0 v5=0x0 v6=0x9 v7=0x1cf028b0 v8=0x5 
04-30 05:25:09.321 31370 31416 I WestlakeVM: VM: [PC-TRACE] AFTER: v0=0x1cf6bdc0 v1=0x0 v2=0x9 v3=0x1cfb51f0 v4=0x1cf028b0 v5=0x5 
04-30 05:25:09.321 31370 31416 I WestlakeVM: VM: [PC-TRACE] AFTER: v0=0x0 v1=0x1cfb51f0 v2=0x1cf028b0 v3=0x5 
04-30 05:25:09.321 31370 31416 I WestlakeVM: VM: [PC-TRACE] BEFORE int java.lang.StringBuilder.lastIndexOf(java.lang.String, int) → int java.lang.AbstractStringBuilder.lastIndexOf(java.lang.String, int): v0=0x0 v1=0x1cfb51f0 v2=0x1cf028b0 v3=0x5 
04-30 05:25:09.321 31370 31416 I WestlakeVM: VM: [PC-TRACE] BEFORE int java.lang.AbstractStringBuilder.lastIndexOf(java.lang.String, int) → int java.lang.String.lastIndexOf(byte[], byte, int, java.lang.String, int): v0=0x1cf6bdc0 v1=0x0 v2=0x9 v3=0x1cfb51f0 v4=0x1cf028b0 v5=0x5 
04-30 05:25:09.321 31370 31416 I WestlakeVM: VM: [PC-TRACE] BEFORE int java.lang.String.lastIndexOf(byte[], byte, int, java.lang.String, int) → byte java.lang.String.coder(): v0=0x0 v1=0x0 v2=0x0 v3=0x0 v4=0x1cf6bdc0 v5=0x0 v6=0x9 v7=0x1cf028b0 v8=0x5 
04-30 05:25:09.321 31370 31416 I WestlakeVM: VM: [PC-TRACE] AFTER: v0=0x0 v1=0x0 v2=0x0 v3=0x0 v4=0x1cf6bdc0 v5=0x0 v6=0x9 v7=0x1cf028b0 v8=0x5 
04-30 05:25:09.321 31370 31416 I WestlakeVM: VM: [PC-TRACE] BEFORE int java.lang.String.lastIndexOf(byte[], byte, int, java.lang.String, int) → int java.lang.StringLatin1.lastIndexOf(byte[], int, java.lang.String, int, int): v0=0x0 v1=0x4 v2=0x5 v3=0xffffffff v4=0x1cf6bdc0 v5=0x0 v6=0x9 v7=0x1cf028b0 v8=0x5 
04-30 05:25:09.321 31370 31416 I WestlakeVM: VM: [PC-TRACE] AFTER: v0=0x0 v1=0x4 v2=0x5 v3=0xffffffff v4=0x1cf6bdc0 v5=0x0 v6=0x9 v7=0x1cf028b0 v8=0x5 
04-30 05:25:09.321 31370 31416 I WestlakeVM: VM: [PC-TRACE] AFTER: v0=0x1cf6bdc0 v1=0x0 v2=0x9 v3=0x1cfb51f0 v4=0x1cf028b0 v5=0x5 
04-30 05:25:09.321 31370 31416 I WestlakeVM: VM: [PC-TRACE] AFTER: v0=0x0 v1=0x1cfb51f0 v2=0x1cf028b0 v3=0x5 
04-30 05:25:09.321 31370 31416 I WestlakeVM: VM: [PC-TRACE] BEFORE int java.lang.StringBuilder.lastIndexOf(java.lang.String, int) → int java.lang.AbstractStringBuilder.lastIndexOf(java.lang.String, int): v0=0x0 v1=0x1cfb51f0 v2=0x1cf028b0 v3=0x5 
04-30 05:25:09.321 31370 31416 I WestlakeVM: VM: [PC-TRACE] BEFORE int java.lang.AbstractStringBuilder.lastIndexOf(java.lang.String, int) → int java.lang.String.lastIndexOf(byte[], byte, int, java.lang.String, int): v0=0x1cf6bdc0 v1=0x0 v2=0x9 v3=0x1cfb51f0 v4=0x1cf028b0 v5=0x5 
04-30 05:25:09.321 31370 31416 I WestlakeVM: VM: [PC-TRACE] BEFORE int java.lang.String.lastIndexOf(byte[], byte, int, java.lang.String, int) → byte java.lang.String.coder(): v0=0x0 v1=0x0 v2=0x0 v3=0x0 v4=0x1cf6bdc0 v5=0x0 v6=0x9 v7=0x1cf028b0 v8=0x5 
04-30 05:25:09.321 31370 31416 I WestlakeVM: VM: [PC-TRACE] AFTER: v0=0x0 v1=0x0 v2=0x0 v3=0x0 v4=0x1cf6bdc0 v5=0x0 v6=0x9 v7=0x1cf028b0 v8=0x5 
04-30 05:25:09.321 31370 31416 I WestlakeVM: VM: [PC-TRACE] BEFORE int java.lang.String.lastIndexOf(byte[], byte, int, java.lang.String, int) → int java.lang.StringLatin1.lastIndexOf(byte[], int, java.lang.String, int, int): v0=0x0 v1=0x4 v2=0x5 v3=0xffffffff v4=0x1cf6bdc0 v5=0x0 v6=0x9 v7=0x1cf028b0 v8=0x5 
04-30 05:25:09.321 31370 31416 I WestlakeVM: VM: [PC-TRACE] AFTER: v0=0x0 v1=0x4 v2=0x5 v3=0xffffffff v4=0x1cf6bdc0 v5=0x0 v6=0x9 v7=0x1cf028b0 v8=0x5 
04-30 05:25:09.321 31370 31416 I WestlakeVM: VM: [PC-TRACE] AFTER: v0=0x1cf6bdc0 v1=0x0 v2=0x9 v3=0x1cfb51f0 v4=0x1cf028b0 v5=0x5 
04-30 05:25:09.321 31370 31416 I WestlakeVM: VM: [PC-TRACE] AFTER: v0=0x0 v1=0x1cfb51f0 v2=0x1cf028b0 v3=0x5 
04-30 05:25:09.321 31370 31416 I WestlakeVM: VM: [PC-TRACE] BEFORE int java.lang.StringBuilder.lastIndexOf(java.lang.String, int) → int java.lang.AbstractStringBuilder.lastIndexOf(java.lang.String, int): v0=0x0 v1=0x1cfb51f0 v2=0x1cf028b0 v3=0x5 
04-30 05:25:09.321 31370 31416 I WestlakeVM: VM: [PC-TRACE] BEFORE int java.lang.AbstractStringBuilder.lastIndexOf(java.lang.String, int) → int java.lang.String.lastIndexOf(byte[], byte, int, java.lang.String, int): v0=0x1cf6bdc0 v1=0x0 v2=0x9 v3=0x1cfb51f0 v4=0x1cf028b0 v5=0x5 
04-30 05:25:09.321 31370 31416 I WestlakeVM: VM: [PC-TRACE] BEFORE int java.lang.String.lastIndexOf(byte[], byte, int, java.lang.String, int) → byte java.lang.String.coder(): v0=0x0 v1=0x0 v2=0x0 v3=0x0 v4=0x1cf6bdc0 v5=0x0 v6=0x9 v7=0x1cf028b0 v8=0x5 
04-30 05:25:09.321 31370 31416 I WestlakeVM: VM: [PC-TRACE] AFTER: v0=0x0 v1=0x0 v2=0x0 v3=0x0 v4=0x1cf6bdc0 v5=0x0 v6=0x9 v7=0x1cf028b0 v8=0x5 
04-30 05:25:09.321 31370 31416 I WestlakeVM: VM: [PC-TRACE] BEFORE int java.lang.String.lastIndexOf(byte[], byte, int, java.lang.String, int) → int java.lang.StringLatin1.lastIndexOf(byte[], int, java.lang.String, int, int): v0=0x0 v1=0x4 v2=0x5 v3=0xffffffff v4=0x1cf6bdc0 v5=0x0 v6=0x9 v7=0x1cf028b0 v8=0x5 
04-30 05:25:09.321 31370 31416 I WestlakeVM: VM: [PC-TRACE] AFTER: v0=0x0 v1=0x4 v2=0x5 v3=0xffffffff v4=0x1cf6bdc0 v5=0x0 v6=0x9 v7=0x1cf028b0 v8=0x5 
04-30 05:25:09.321 31370 31416 I WestlakeVM: VM: [PC-TRACE] AFTER: v0=0x1cf6bdc0 v1=0x0 v2=0x9 v3=0x1cfb51f0 v4=0x1cf028b0 v5=0x5 
04-30 05:25:09.321 31370 31416 I WestlakeVM: VM: [PC-TRACE] AFTER: v0=0x0 v1=0x1cfb51f0 v2=0x1cf028b0 v3=0x5 
04-30 05:25:09.321 31370 31416 I WestlakeVM: VM: [PC-TRACE] BEFORE int java.lang.StringBuilder.lastIndexOf(java.lang.String, int) → int java.lang.AbstractStringBuilder.lastIndexOf(java.lang.String, int): v0=0x0 v1=0x1cfb51f0 v2=0x1cf028b0 v3=0x5 
04-30 05:25:09.321 31370 31416 I WestlakeVM: VM: [PC-TRACE] BEFORE int java.lang.AbstractStringBuilder.lastIndexOf(java.lang.String, int) → int java.lang.String.lastIndexOf(byte[], byte, int, java.lang.String, int): v0=0x1cf6bdc0 v1=0x0 v2=0x9 v3=0x1cfb51f0 v4=0x1cf028b0 v5=0x5 
04-30 05:25:09.321 31370 31416 I WestlakeVM: VM: [PC-TRACE] BEFORE int java.lang.String.lastIndexOf(byte[], byte, int, java.lang.String, int) → byte java.lang.String.coder(): v0=0x0 v1=0x0 v2=0x0 v3=0x0 v4=0x1cf6bdc0 v5=0x0 v6=0x9 v7=0x1cf028b0 v8=0x5 
04-30 05:25:09.321 31370 31416 I WestlakeVM: VM: [PC-TRACE] AFTER: v0=0x0 v1=0x0 v2=0x0 v3=0x0 v4=0x1cf6bdc0 v5=0x0 v6=0x9 v7=0x1cf028b0 v8=0x5 
04-30 05:25:09.321 31370 31416 I WestlakeVM: VM: [PC-TRACE] BEFORE int java.lang.String.lastIndexOf(byte[], byte, int, java.lang.String, int) → int java.lang.StringLatin1.lastIndexOf(byte[], int, java.lang.String, int, int): v0=0x0 v1=0x4 v2=0x5 v3=0xffffffff v4=0x1cf6bdc0 v5=0x0 v6=0x9 v7=0x1cf028b0 v8=0x5 
04-30 05:25:09.321 31370 31416 I WestlakeVM: VM: [PC-TRACE] AFTER: v0=0x0 v1=0x4 v2=0x5 v3=0xffffffff v4=0x1cf6bdc0 v5=0x0 v6=0x9 v7=0x1cf028b0 v8=0x5 
04-30 05:25:09.321 31370 31416 I WestlakeVM: VM: [PC-TRACE] AFTER: v0=0x1cf6bdc0 v1=0x0 v2=0x9 v3=0x1cfb51f0 v4=0x1cf028b0 v5=0x5 
04-30 05:25:09.321 31370 31416 I WestlakeVM: VM: [PC-TRACE] AFTER: v0=0x0 v1=0x1cfb51f0 v2=0x1cf028b0 v3=0x5 
04-30 05:25:09.324 31370 31416 I WestlakeVM: VM: [PC-TRACE] BEFORE int java.lang.StringBuilder.lastIndexOf(java.lang.String, int) → int java.lang.AbstractStringBuilder.lastIndexOf(java.lang.String, int): v0=0x0 v1=0x1cfb51f0 v2=0x1cf028b0 v3=0x5 
04-30 05:25:09.324 31370 31416 I WestlakeVM: VM: [PC-TRACE] BEFORE int java.lang.AbstractStringBuilder.lastIndexOf(java.lang.String, int) → int java.lang.String.lastIndexOf(byte[], byte, int, java.lang.String, int): v0=0x1cf6bdc0 v1=0x0 v2=0x9 v3=0x1cfb51f0 v4=0x1cf028b0 v5=0x5 
04-30 05:25:09.324 31370 31416 I WestlakeVM: VM: [PC-TRACE] BEFORE int java.lang.String.lastIndexOf(byte[], byte, int, java.lang.String, int) → byte java.lang.String.coder(): v0=0x0 v1=0x0 v2=0x0 v3=0x0 v4=0x1cf6bdc0 v5=0x0 v6=0x9 v7=0x1cf028b0 v8=0x5 
04-30 05:25:09.324 31370 31416 I WestlakeVM: VM: [PC-TRACE] AFTER: v0=0x0 v1=0x0 v2=0x0 v3=0x0 v4=0x1cf6bdc0 v5=0x0 v6=0x9 v7=0x1cf028b0 v8=0x5 
04-30 05:25:09.324 31370 31416 I WestlakeVM: VM: [PC-TRACE] BEFORE int java.lang.String.lastIndexOf(byte[], byte, int, java.lang.String, int) → int java.lang.StringLatin1.lastIndexOf(byte[], int, java.lang.String, int, int): v0=0x0 v1=0x4 v2=0x5 v3=0xffffffff v4=0x1cf6bdc0 v5=0x0 v6=0x9 v7=0x1cf028b0 v8=0x5 
04-30 05:25:09.324 31370 31416 I WestlakeVM: VM: [PC-TRACE] AFTER: v0=0x0 v1=0x4 v2=0x5 v3=0xffffffff v4=0x1cf6bdc0 v5=0x0 v6=0x9 v7=0x1cf028b0 v8=0x5 
04-30 05:25:09.324 31370 31416 I WestlakeVM: VM: [PC-TRACE] AFTER: v0=0x1cf6bdc0 v1=0x0 v2=0x9 v3=0x1cfb51f0 v4=0x1cf028b0 v5=0x5 
04-30 05:25:09.324 31370 31416 I WestlakeVM: VM: [PC-TRACE] AFTER: v0=0x0 v1=0x1cfb51f0 v2=0x1cf028b0 v3=0x5 
04-30 05:25:09.324 31370 31416 I WestlakeVM: VM: [PC-TRACE] BEFORE int java.lang.StringBuilder.lastIndexOf(java.lang.String, int) → int java.lang.AbstractStringBuilder.lastIndexOf(java.lang.String, int): v0=0x0 v1=0x1cfb51f0 v2=0x1cf028b0 v3=0x5 
04-30 05:25:09.325 31370 31416 I WestlakeVM: VM: [PC-TRACE] BEFORE int java.lang.AbstractStringBuilder.lastIndexOf(java.lang.String, int) → int java.lang.String.lastIndexOf(byte[], byte, int, java.lang.String, int): v0=0x1cf6bdc0 v1=0x0 v2=0x9 v3=0x1cfb51f0 v4=0x1cf028b0 v5=0x5 
04-30 05:25:09.325 31370 31416 I WestlakeVM: VM: [PC-TRACE] BEFORE int java.lang.String.lastIndexOf(byte[], byte, int, java.lang.String, int) → byte java.lang.String.coder(): v0=0x0 v1=0x0 v2=0x0 v3=0x0 v4=0x1cf6bdc0 v5=0x0 v6=0x9 v7=0x1cf028b0 v8=0x5 
04-30 05:25:09.325 31370 31416 I WestlakeVM: VM: [PC-TRACE] AFTER: v0=0x0 v1=0x0 v2=0x0 v3=0x0 v4=0x1cf6bdc0 v5=0x0 v6=0x9 v7=0x1cf028b0 v8=0x5 
04-30 05:25:09.325 31370 31416 I WestlakeVM: VM: [PC-TRACE] BEFORE int java.lang.String.lastIndexOf(byte[], byte, int, java.lang.String, int) → int java.lang.StringLatin1.lastIndexOf(byte[], int, java.lang.String, int, int): v0=0x0 v1=0x4 v2=0x5 v3=0xffffffff v4=0x1cf6bdc0 v5=0x0 v6=0x9 v7=0x1cf028b0 v8=0x5 
04-30 05:25:09.325 31370 31416 I WestlakeVM: VM: [PC-TRACE] AFTER: v0=0x0 v1=0x4 v2=0x5 v3=0xffffffff v4=0x1cf6bdc0 v5=0x0 v6=0x9 v7=0x1cf028b0 v8=0x5 
04-30 05:25:09.325 31370 31416 I WestlakeVM: VM: [PC-TRACE] AFTER: v0=0x1cf6bdc0 v1=0x0 v2=0x9 v3=0x1cfb51f0 v4=0x1cf028b0 v5=0x5 
04-30 05:25:09.325 31370 31416 I WestlakeVM: VM: [PC-TRACE] AFTER: v0=0x0 v1=0x1cfb51f0 v2=0x1cf028b0 v3=0x5 
04-30 05:25:09.325 31370 31416 I WestlakeVM: VM: [PC-TRACE] BEFORE int java.lang.StringBuilder.lastIndexOf(java.lang.String, int) → int java.lang.AbstractStringBuilder.lastIndexOf(java.lang.String, int): v0=0x0 v1=0x1cfb51f0 v2=0x1cf028b0 v3=0x5 
04-30 05:25:09.325 31370 31416 I WestlakeVM: VM: [PC-TRACE] BEFORE int java.lang.AbstractStringBuilder.lastIndexOf(java.lang.String, int) → int java.lang.String.lastIndexOf(byte[], byte, int, java.lang.String, int): v0=0x1cf6bdc0 v1=0x0 v2=0x9 v3=0x1cfb51f0 v4=0x1cf028b0 v5=0x5 
04-30 05:25:09.325 31370 31416 I WestlakeVM: VM: [PC-TRACE] BEFORE int java.lang.String.lastIndexOf(byte[], byte, int, java.lang.String, int) → byte java.lang.String.coder(): v0=0x0 v1=0x0 v2=0x0 v3=0x0 v4=0x1cf6bdc0 v5=0x0 v6=0x9 v7=0x1cf028b0 v8=0x5 
04-30 05:25:09.325 31370 31416 I WestlakeVM: VM: [PC-TRACE] AFTER: v0=0x0 v1=0x0 v2=0x0 v3=0x0 v4=0x1cf6bdc0 v5=0x0 v6=0x9 v7=0x1cf028b0 v8=0x5 
04-30 05:25:09.325 31370 31416 I WestlakeVM: VM: [PC-TRACE] BEFORE int java.lang.String.lastIndexOf(byte[], byte, int, java.lang.String, int) → int java.lang.StringLatin1.lastIndexOf(byte[], int, java.lang.String, int, int): v0=0x0 v1=0x4 v2=0x5 v3=0xffffffff v4=0x1cf6bdc0 v5=0x0 v6=0x9 v7=0x1cf028b0 v8=0x5 
04-30 05:25:09.325 31370 31416 I WestlakeVM: VM: [PC-TRACE] AFTER: v0=0x0 v1=0x4 v2=0x5 v3=0xffffffff v4=0x1cf6bdc0 v5=0x0 v6=0x9 v7=0x1cf028b0 v8=0x5 
04-30 05:25:09.325 31370 31416 I WestlakeVM: VM: [PC-TRACE] AFTER: v0=0x1cf6bdc0 v1=0x0 v2=0x9 v3=0x1cfb51f0 v4=0x1cf028b0 v5=0x5 
04-30 05:25:09.325 31370 31416 I WestlakeVM: VM: [PC-TRACE] AFTER: v0=0x0 v1=0x1cfb51f0 v2=0x1cf028b0 v3=0x5 
04-30 05:25:09.325 31370 31416 I WestlakeVM: VM: [PC-TRACE] BEFORE int java.lang.StringBuilder.lastIndexOf(java.lang.String, int) → int java.lang.AbstractStringBuilder.lastIndexOf(java.lang.String, int): v0=0x0 v1=0x1cfb51f0 v2=0x1cf028b0 v3=0x5 
04-30 05:25:09.325 31370 31416 I WestlakeVM: VM: [PC-TRACE] BEFORE int java.lang.AbstractStringBuilder.lastIndexOf(java.lang.String, int) → int java.lang.String.lastIndexOf(byte[], byte, int, java.lang.String, int): v0=0x1cf6bdc0 v1=0x0 v2=0x9 v3=0x1cfb51f0 v4=0x1cf028b0 v5=0x5 
04-30 05:25:09.325 31370 31416 I WestlakeVM: VM: [PC-TRACE] BEFORE int java.lang.String.lastIndexOf(byte[], byte, int, java.lang.String, int) → byte java.lang.String.coder(): v0=0x0 v1=0x0 v2=0x0 v3=0x0 v4=0x1cf6bdc0 v5=0x0 v6=0x9 v7=0x1cf028b0 v8=0x5 
