05-04 17:41:39.809  4301  4411 I WestlakeVM: VM: [PFCUT] InterpreterJni jdk.Unsafe CAS long target=0x1407b3c0 offset=40 current=2 expected=2 new=3 success=1
05-04 17:41:39.809  4301  4411 I WestlakeVM: VM: [PFCUT] InterpreterJni jdk.Unsafe CAS ref target=0x14084290 offset=36 current=0 expected=0 new=0x140805f8 success=1 array_index=6
05-04 17:41:39.809  4301  4411 I WestlakeVM: VM: [PFCUT] InterpreterJni jdk.Unsafe CAS long target=0x1407b3c0 offset=40 current=3 expected=3 new=4 success=1
05-04 17:41:39.809  4301  4411 I WestlakeVM: VM: [PFCUT] System.arraycopy intrinsic src=[B dst=[B srcPos=0 dstPos=0 count=16
05-04 17:41:39.810  4301  4411 I WestlakeVM: VM: [PFCUT] System.arraycopy intrinsic src=[B dst=[B srcPos=0 dstPos=0 count=34
05-04 17:41:39.811  4301  4411 I WestlakeVM: VM: [PFCUT] InterpreterJni jdk.Unsafe CAS ref target=0x14084290 offset=16 current=0 expected=0 new=0x14080628 success=1 array_index=1
05-04 17:41:39.811  4301  4411 I WestlakeVM: VM: [PFCUT] InterpreterJni jdk.Unsafe CAS long target=0x1407b3c0 offset=40 current=4 expected=4 new=5 success=1
05-04 17:41:39.811  4301  4411 I WestlakeVM: VM: [PFCUT] System.arraycopy intrinsic src=[B dst=[B srcPos=0 dstPos=0 count=16
05-04 17:41:39.811  4301  4411 I WestlakeVM: VM: [PFCUT] System.arraycopy intrinsic src=[B dst=[B srcPos=0 dstPos=0 count=34
05-04 17:41:39.812  4301  4411 I WestlakeVM: VM: [PFCUT] InterpreterJni jdk.Unsafe CAS ref target=0x14084290 offset=44 current=0 expected=0 new=0x14080670 success=1 array_index=8
05-04 17:41:39.813  4301  4411 I WestlakeVM: VM: [PFCUT] InterpreterJni jdk.Unsafe CAS long target=0x1407b3c0 offset=40 current=5 expected=5 new=6 success=1
05-04 17:41:39.813  4301  4411 I WestlakeVM: VM: [PFCUT] System.arraycopy intrinsic src=[B dst=[B srcPos=0 dstPos=0 count=16
05-04 17:41:39.813  4301  4411 I WestlakeVM: VM: [PFCUT] System.arraycopy intrinsic src=[B dst=[B srcPos=0 dstPos=0 count=34
05-04 17:41:39.814  4301  4411 I WestlakeVM: VM: [PFCUT] InterpreterJni jdk.Unsafe CAS long target=0x1407b3c0 offset=40 current=6 expected=6 new=7 success=1
05-04 17:41:39.815  4301  4411 I WestlakeVM: VM: [PFCUT] System.arraycopy intrinsic src=[B dst=[B srcPos=0 dstPos=0 count=16
05-04 17:41:39.815  4301  4411 I WestlakeVM: VM: [PFCUT] System.arraycopy intrinsic src=[B dst=[B srcPos=0 dstPos=0 count=34
05-04 17:41:39.816  4301  4411 I WestlakeVM: VM: [PFCUT] InterpreterJni jdk.Unsafe CAS long target=0x1407b3c0 offset=40 current=7 expected=7 new=8 success=1
05-04 17:41:39.816  4301  4411 I WestlakeVM: VM: [PFCUT] System.arraycopy intrinsic src=[B dst=[B srcPos=0 dstPos=0 count=16
05-04 17:41:39.817  4301  4411 I WestlakeVM: VM: [PFCUT] System.arraycopy intrinsic src=[B dst=[B srcPos=0 dstPos=0 count=34
05-04 17:41:39.818  4301  4411 I WestlakeVM: VM: [PFCUT] InterpreterJni jdk.Unsafe CAS ref target=0x14084290 offset=48 current=0 expected=0 new=0x14080718 success=1 array_index=9
05-04 17:41:39.818  4301  4411 I WestlakeVM: VM: [PFCUT] InterpreterJni jdk.Unsafe CAS long target=0x1407b3c0 offset=40 current=8 expected=8 new=9 success=1
05-04 17:41:39.818  4301  4411 I WestlakeVM: VM: [PFCUT] System.arraycopy intrinsic src=[B dst=[B srcPos=0 dstPos=0 count=16
05-04 17:41:39.818  4301  4411 I WestlakeVM: VM: [PFCUT] System.arraycopy intrinsic src=[B dst=[B srcPos=0 dstPos=0 count=34
05-04 17:41:39.819  4301  4411 I WestlakeVM: VM: [PFCUT] InterpreterJni jdk.Unsafe CAS ref target=0x14084290 offset=12 current=0 expected=0 new=0x14080748 success=1 array_index=0
05-04 17:41:39.819  4301  4411 I WestlakeVM: VM: [PFCUT] InterpreterJni jdk.Unsafe CAS long target=0x1407b3c0 offset=40 current=9 expected=9 new=10 success=1
05-04 17:41:39.820  4301  4411 I WestlakeVM: VM: [PFCUT] Class.newInstance intrinsic class=java.lang.Class<sun.security.provider.CertPathProvider> ctor=void sun.security.provider.CertPathProvider.<init>()
05-04 17:41:39.820  4301  4411 I WestlakeVM: VM: [PFCUT] Throwable.nativeFillInStackTrace noop
05-04 17:41:39.820  4301  4411 I WestlakeVM: VM: nullptr W 05-05 04:41:39  4403  4415 class_linker.cc:6687] Tolerating clinit failure for Lsun/security/jca/Providers;: java.lang.ArrayStoreException: java.lang.String cannot be stored in an array of type java.lang.String[]
05-04 17:41:39.821  4301  4411 I WestlakeVM: VM: nullptr W 05-05 04:41:39  4403  4415 class_linker.cc:6687] (Throwable with no stack trace)
05-04 17:41:39.821  4301  4411 I WestlakeVM: VM: nullptr W 05-05 04:41:39  4403  4415 class_linker.cc:6687] 
05-04 17:41:39.822  4301  4411 I WestlakeVM: VM: [PFCUT] System.arraycopy intrinsic src=[Lsun/security/jca/ProviderConfig; dst=[Ljava/lang/Object; srcPos=0 dstPos=0 count=2
05-04 17:41:39.823  4301  4411 I WestlakeVM: VM: [PFCUT] System.arraycopy intrinsic src=[Ljava/lang/Object; dst=[Ljava/lang/Object; srcPos=0 dstPos=0 count=2
05-04 17:41:39.824  4301  4411 I WestlakeVM: VM: [PFCUT] System.arraycopy intrinsic src=[Ljava/lang/Object; dst=[Ljava/lang/Object; srcPos=0 dstPos=1 count=2
05-04 17:41:39.824  4301  4411 I WestlakeVM: VM: [PFCUT] System.arraycopy intrinsic src=[Ljava/lang/Object; dst=[Lsun/security/jca/ProviderConfig; srcPos=0 dstPos=0 count=3
05-04 17:41:39.824  4301  4411 I WestlakeVM: VM: [PFCUT] AtomicInteger.incrementAndGet intrinsic current=0
05-04 17:41:39.825  4301  4411 I WestlakeVM: VM: [PFCUT] System.arraycopy intrinsic src=[B dst=[B srcPos=0 dstPos=0 count=16
05-04 17:41:39.826  4301  4411 I WestlakeVM: VM: [PFCUT] InterpreterJni jdk.Unsafe CAS int target=0x1407b100 offset=52 current=0 expected=0 new=-1 success=1
05-04 17:41:39.827  4301  4411 I WestlakeVM: VM: [PFCUT] InterpreterJni jdk.Unsafe CAS ref target=0x14084330 offset=60 current=0 expected=0 new=0x14080838 success=1 array_index=12
05-04 17:41:39.827  4301  4411 I WestlakeVM: VM: [PFCUT] InterpreterJni jdk.Unsafe CAS long target=0x1407b100 offset=40 current=0 expected=0 new=1 success=1
05-04 17:41:39.832  4301  4411 I WestlakeVM: VM: [PFCUT] Throwable.nativeFillInStackTrace noop
05-04 17:41:39.833  4301  4411 I WestlakeVM: VM: [PFCUT] System.arraycopy intrinsic src=[B dst=[B srcPos=0 dstPos=0 count=16
05-04 17:41:39.838  4301  4411 I WestlakeVM: VM: [PFCUT] System.arraycopy intrinsic src=[B dst=[B srcPos=0 dstPos=0 count=34
05-04 17:41:39.850  4301  4411 I WestlakeVM: VM: [PFCUT] System.arraycopy intrinsic src=[B dst=[B srcPos=0 dstPos=0 count=70
05-04 17:41:39.851  4301  4411 I WestlakeVM: VM: WESTLAKE_SECURITY_SHA256_FAIL err=java.lang.ArrayStoreException msg=java.lang.String_cannot_be_stored_in_an_array_of_type_java.lang.String__
05-04 17:41:39.852  4301  4411 I WestlakeVM: VM: Hidden API exemption step skipped on standalone guest
05-04 17:41:39.852  4301  4411 I WestlakeVM: VM: Real runtime probe skipped on standalone guest
05-04 17:41:39.852  4301  4411 I WestlakeVM: VM: Framework stubs pre-registered by runtime
05-04 17:41:39.853  4301  4411 I WestlakeVM: VM: [dalvikvm] prime cutoff canary launch
05-04 17:41:39.866  4301  4411 I WestlakeVM: VM: [PFCUT] System.arraycopy intrinsic src=[B dst=[B srcPos=0 dstPos=0 count=16
05-04 17:41:39.867  4301  4411 I WestlakeVM: VM: [PFCUT] System.arraycopy intrinsic src=[B dst=[B srcPos=0 dstPos=0 count=34
05-04 17:41:39.867  4301  4411 I WestlakeVM: VM: [PFCUT] System.arraycopy intrinsic src=[B dst=[B srcPos=0 dstPos=0 count=70
05-04 17:41:39.868  4301  4411 I WestlakeVM: VM: System.log(E): Ignoring attempt to set property "westlake.apk.path" to value "/data/local/tmp/westlake/com_github_ashutoshgngwr_noice.apk".
05-04 17:41:39.871  4301  4411 I WestlakeVM: VM: [PFCUT] System.arraycopy intrinsic src=[B dst=[B srcPos=0 dstPos=0 count=16
05-04 17:41:39.871  4301  4411 I WestlakeVM: VM: [PFCUT] System.arraycopy intrinsic src=[B dst=[B srcPos=0 dstPos=0 count=34
05-04 17:41:39.872  4301  4411 I WestlakeVM: VM: [PFCUT] System.arraycopy intrinsic src=[B dst=[B srcPos=0 dstPos=0 count=70
05-04 17:41:39.873  4301  4411 I WestlakeVM: VM: System.log(E): Ignoring attempt to set property "westlake.apk.resdir" to value "/data/local/tmp/westlake/com_github_ashutoshgngwr_noice_res".
05-04 17:41:39.875  4301  4411 I WestlakeVM: VM: [PFCUT] Class.getDeclaredField intrinsic hit class=java.lang.ClassLoader name=packages
05-04 17:41:39.875  4301  4411 I WestlakeVM: VM: [PFCUT] System.arraycopy intrinsic src=[B dst=[B srcPos=0 dstPos=0 count=16
05-04 17:41:39.876  4301  4411 I WestlakeVM: VM: [PFCUT] System.arraycopy intrinsic src=[B dst=[B srcPos=0 dstPos=0 count=53
05-04 17:41:39.876  4301  4411 I WestlakeVM: VM: [WestlakeLauncher] Repaired ClassLoader packages for dalvik.system.PathClassLoader
05-04 17:41:39.876  4301  4411 I WestlakeVM: VM: [PFCUT] Class.getDeclaredField intrinsic hit class=java.lang.ClassLoader name=packages
05-04 17:41:39.877  4301  4411 I WestlakeVM: VM: [PFCUT] System.arraycopy intrinsic src=[B dst=[B srcPos=0 dstPos=0 count=16
05-04 17:41:39.878  4301  4411 I WestlakeVM: VM: [PFCUT] System.arraycopy intrinsic src=[B dst=[B srcPos=0 dstPos=0 count=53
05-04 17:41:39.878  4301  4411 I WestlakeVM: VM: [WestlakeLauncher] Repaired ClassLoader packages for java.lang.BootClassLoader
05-04 17:41:39.880  4301  4411 I WestlakeVM: VM: Starting on OHOS + ART ...
05-04 17:41:39.880  4301  4411 I WestlakeVM: VM: APK:
05-04 17:41:39.880  4301  4411 I WestlakeVM: VM: /data/local/tmp/westlake/com_github_ashutoshgngwr_noice.apk
05-04 17:41:39.880  4301  4411 I WestlakeVM: VM: Activity:
05-04 17:41:39.880  4301  4411 I WestlakeVM: VM: com.github.ashutoshgngwr.noice.activity.MainActivity
05-04 17:41:39.880  4301  4411 I WestlakeVM: VM: Package:
05-04 17:41:39.881  4301  4411 I WestlakeVM: VM: com.github.ashutoshgngwr.noice
05-04 17:41:39.881  4301  4411 I WestlakeVM: VM: Backend mode:
05-04 17:41:39.881  4301  4411 I WestlakeVM: VM: target_ohos_backend
05-04 17:41:39.881  4301  4411 I WestlakeVM: VM: Framework policy:
05-04 17:41:39.881  4301  4411 I WestlakeVM: VM: westlake_only
05-04 17:41:39.881  4301  4411 I WestlakeVM: VM: Real context bootstrap skipped on standalone guest
05-04 17:41:40.091  4301  4411 I WestlakeVM: VM: [PFCUT] System.arraycopy intrinsic src=[B dst=[B srcPos=0 dstPos=0 count=16
05-04 17:41:40.091  4301  4411 I WestlakeVM: VM: [PFCUT] System.arraycopy intrinsic src=[B dst=[B srcPos=0 dstPos=0 count=57
05-04 17:41:40.092  4301  4411 I WestlakeVM: VM: Manifest: com.github.ashutoshgngwr.noice.NoiceApplication (8 activities, 1 providers)
05-04 17:41:40.093  4301  4411 I WestlakeVM: VM: OHBridge bootstrap deferred on standalone guest
05-04 17:41:40.093  4301  4411 I WestlakeVM: VM: Aux native loads deferred on standalone guest
05-04 17:41:40.093  4301  4411 I WestlakeVM: VM: Bootstrap prop refresh deferred on standalone guest
05-04 17:41:40.093  4301  4411 I WestlakeVM: VM: MiniServer init begin
05-04 17:41:40.097  4301  4411 I WestlakeVM: VM: MiniServer init returned
05-04 17:41:40.098  4301  4411 I WestlakeVM: VM: MiniServer activityManager ready
05-04 17:41:40.098  4301  4411 I WestlakeVM: VM: MiniServer initialized
05-04 17:41:40.099  4301  4411 I WestlakeVM: VM: [PFCUT] System.arraycopy intrinsic src=[B dst=[B srcPos=0 dstPos=0 count=16
05-04 17:41:40.099  4301  4411 I WestlakeVM: VM: [PFCUT] System.arraycopy intrinsic src=[B dst=[B srcPos=0 dstPos=0 count=46
05-04 17:41:40.099  4301  4411 I WestlakeVM: VM: [WestlakeLauncher] Application from manifest: com.github.ashutoshgngwr.noice.NoiceApplication
05-04 17:41:40.101  4301  4411 I WestlakeVM: VM: [PFCUT] Class.getDeclaredField intrinsic hit class=java.lang.ClassLoader name=packages
05-04 17:41:40.101  4301  4411 I WestlakeVM: VM: [PFCUT] Class.getDeclaredField intrinsic hit class=java.lang.ClassLoader name=packages
05-04 17:41:40.105  4301  4411 I WestlakeVM: VM: [PFCUT] InterpreterJni jdk.Unsafe CAS ref target=0x14055380 offset=32 current=0 expected=0 new=0x140993d0 success=1 array_index=5
05-04 17:41:40.105  4301  4411 I WestlakeVM: VM: [PFCUT] InterpreterJni jdk.Unsafe CAS long target=0x140542c0 offset=40 current=2 expected=2 new=3 success=1
05-04 17:41:40.106  4301  4411 I WestlakeVM: VM: [PFCUT] InterpreterJni jdk.Unsafe CAS long target=0x140542c0 offset=40 current=3 expected=3 new=4 success=1
05-04 17:41:40.107  4301  4411 I WestlakeVM: VM: [PFCUT] InterpreterJni jdk.Unsafe CAS ref target=0x14055380 offset=12 current=0 expected=0 new=0x14099418 success=1 array_index=0
05-04 17:41:40.107  4301  4411 I WestlakeVM: VM: [PFCUT] InterpreterJni jdk.Unsafe CAS long target=0x140542c0 offset=40 current=4 expected=4 new=5 success=1
05-04 17:41:40.108  4301  4411 I WestlakeVM: VM: [PFCUT] System.arraycopy intrinsic src=[B dst=[B srcPos=0 dstPos=0 count=16
05-04 17:41:40.108  4301  4411 I WestlakeVM: VM: [PFCUT] System.arraycopy intrinsic src=[B dst=[B srcPos=0 dstPos=0 count=34
05-04 17:41:40.113  4301  4411 I WestlakeVM: VM: [PFCUT] InterpreterJni jdk.Unsafe CAS ref target=0x14055380 offset=16 current=0 expected=0 new=0x140994d8 success=1 array_index=1
05-04 17:41:40.113  4301  4411 I WestlakeVM: VM: [PFCUT] InterpreterJni jdk.Unsafe CAS long target=0x140542c0 offset=40 current=5 expected=5 new=6 success=1
05-04 17:41:40.114  4301  4411 I WestlakeVM: VM: [PFCUT] Throwable.nativeFillInStackTrace noop
05-04 17:41:40.114  4301  4411 I WestlakeVM: VM: [PFCUT] Throwable.nativeFillInStackTrace noop
05-04 17:41:40.114  4301  4411 I WestlakeVM: VM: [PFCUT] Throwable.nativeFillInStackTrace noop
05-04 17:41:40.114  4301  4411 I WestlakeVM: VM: [PFCUT] Throwable.nativeFillInStackTrace noop
05-04 17:41:40.115  4301  4411 I WestlakeVM: VM: [PFCUT] Throwable.nativeFillInStackTrace noop
05-04 17:41:40.116  4301  4411 I WestlakeVM: VM: [WestlakeLauncher] Coroutine runtime seed failed: java.lang.ArrayStoreException
05-04 17:41:40.130  4301  4411 I WestlakeVM: VM: [PFCUT] Throwable.nativeFillInStackTrace noop
05-04 17:41:40.132  4301  4411 I WestlakeVM: VM: [WestlakeLauncher] Application error (caught): java.lang.ArrayStoreException
05-04 17:41:40.132  4301  4411 I WestlakeVM: VM: Post-init launch path refresh deferred on standalone guest
05-04 17:41:40.132  4301  4411 I WestlakeVM: VM: Launch props resolved on standalone guest
05-04 17:41:40.133  4301  4411 I WestlakeVM: VM: Launch snapshot ready on standalone guest
05-04 17:41:40.133  4301  4411 I WestlakeVM: VM: PF202 strict launch assignments ready
05-04 17:41:40.133  4301  4411 I WestlakeVM: VM: PF202 strict package block ready
05-04 17:41:40.133  4301  4411 I WestlakeVM: VM: PF202 strict resource block begin
05-04 17:41:40.133  4301  4411 I WestlakeVM: VM: PF202 strict pre-extracted loader enter
05-04 17:41:40.134  4301  4411 I WestlakeVM: VM: PF202 ApkLoader enter
05-04 17:41:40.136  4301  4411 I WestlakeVM: VM: PF202 ApkLoader info seeded
05-04 17:41:40.140  4301  4411 I WestlakeVM: VM: CV PF-MCD-RES_TABLE_READ_BEGIN path=/data/local/tmp/westlake/com_github_ashutoshgngwr_noice_res/resources.arsc
05-04 17:41:40.155  4301  4411 I WestlakeVM: VM: CV PF-MCD-RES_TABLE_READ_DONE bytes=2019644
05-04 17:41:40.159  4301  4411 I WestlakeVM: VM: CV PF-MCD-RES_TABLE_PARSE_BEGIN
05-04 17:41:40.378  3704  3747 W HidlServiceManagement: Waited one second for vendor.qti.hardware.cacert@1.0::IService/default
05-04 17:41:40.379   660   660 I hwservicemanager: Since vendor.qti.hardware.cacert@1.0::IService/default is not registered, trying to start it as a lazy HAL (if it's not configured to be a lazy HAL, it may be stuck starting or still starting).
05-04 17:41:40.380  3704  3747 I HidlServiceManagement: getService: Trying again for vendor.qti.hardware.cacert@1.0::IService/default...
05-04 17:41:40.383   660  4416 W libc    : Unable to set property "ctl.interface_start" to "vendor.qti.hardware.cacert@1.0::IService/default": PROP_ERROR_HANDLE_CONTROL_MESSAGE (0x20)
05-04 17:41:40.383   660  4416 I hwservicemanager: Tried to start vendor.qti.hardware.cacert@1.0::IService/default as a lazy service, but was unable to. Usually this happens when a service is not installed, but if the service is intended to be used as a lazy service, then it may be configured incorrectly.
05-04 17:41:40.297     0     0 E init    : Control message: Could not find 'vendor.qti.hardware.cacert@1.0::IService/default' for ctl.interface_start from pid: 660 (/system/system_ext/bin/hwservicemanager)
05-04 17:41:40.986     0     0 I QCOM-BATT: pl_fcc_vote_callback: total_fcc_ua=1950000
05-04 17:41:40.986     0     0 I QCOM-BATT: pl_fv_vote_callback: fv_uv=4400000
05-04 17:41:41.280  4301  4418 D ProfileInstaller: Installing profile for com.westlake.host
05-04 17:41:41.380  3704  3747 W HidlServiceManagement: Waited one second for vendor.qti.hardware.cacert@1.0::IService/default
05-04 17:41:41.382   660   660 I hwservicemanager: Since vendor.qti.hardware.cacert@1.0::IService/default is not registered, trying to start it as a lazy HAL (if it's not configured to be a lazy HAL, it may be stuck starting or still starting).
05-04 17:41:41.384  3704  3747 I HidlServiceManagement: getService: Trying again for vendor.qti.hardware.cacert@1.0::IService/default...
05-04 17:41:41.299     0     0 E init    : Control message: Could not find 'vendor.qti.hardware.cacert@1.0::IService/default' for ctl.interface_start from pid: 660 (/system/system_ext/bin/hwservicemanager)
05-04 17:41:41.386   660  4419 W libc    : Unable to set property "ctl.interface_start" to "vendor.qti.hardware.cacert@1.0::IService/default": PROP_ERROR_HANDLE_CONTROL_MESSAGE (0x20)
05-04 17:41:41.386   660  4419 I hwservicemanager: Tried to start vendor.qti.hardware.cacert@1.0::IService/default as a lazy service, but was unable to. Usually this happens when a service is not installed, but if the service is intended to be used as a lazy service, then it may be configured incorrectly.
05-04 17:41:41.346     0     0 E FG      : fg_psy_get_property: unsupported property 79
05-04 17:41:41.354     0     0 E FG      : fg_psy_get_property: unsupported property 79
05-04 17:41:41.361     0     0 W healthd : battery l=100 v=3056 t=24.2 h=2 st=5 c=0 fc=2831000 chg=u
05-04 17:41:41.368     0     0 E FG      : fg_psy_get_property: unsupported property 79
05-04 17:41:42.384  3704  3747 W HidlServiceManagement: Waited one second for vendor.qti.hardware.cacert@1.0::IService/default
05-04 17:41:42.385   660   660 I hwservicemanager: Since vendor.qti.hardware.cacert@1.0::IService/default is not registered, trying to start it as a lazy HAL (if it's not configured to be a lazy HAL, it may be stuck starting or still starting).
05-04 17:41:42.387  3704  3747 I HidlServiceManagement: getService: Trying again for vendor.qti.hardware.cacert@1.0::IService/default...
05-04 17:41:42.390   660  4420 W libc    : Unable to set property "ctl.interface_start" to "vendor.qti.hardware.cacert@1.0::IService/default": PROP_ERROR_HANDLE_CONTROL_MESSAGE (0x20)
05-04 17:41:42.390   660  4420 I hwservicemanager: Tried to start vendor.qti.hardware.cacert@1.0::IService/default as a lazy service, but was unable to. Usually this happens when a service is not installed, but if the service is intended to be used as a lazy service, then it may be configured incorrectly.
05-04 17:41:42.303     0     0 E init    : Control message: Could not find 'vendor.qti.hardware.cacert@1.0::IService/default' for ctl.interface_start from pid: 660 (/system/system_ext/bin/hwservicemanager)
05-04 17:41:43.388  3704  3747 W HidlServiceManagement: Waited one second for vendor.qti.hardware.cacert@1.0::IService/default
05-04 17:41:43.389   660   660 I hwservicemanager: Since vendor.qti.hardware.cacert@1.0::IService/default is not registered, trying to start it as a lazy HAL (if it's not configured to be a lazy HAL, it may be stuck starting or still starting).
05-04 17:41:43.392  3704  3747 I HidlServiceManagement: getService: Trying again for vendor.qti.hardware.cacert@1.0::IService/default...
05-04 17:41:43.307     0     0 E init    : Control message: Could not find 'vendor.qti.hardware.cacert@1.0::IService/default' for ctl.interface_start from pid: 660 (/system/system_ext/bin/hwservicemanager)
05-04 17:41:43.395   660  4421 W libc    : Unable to set property "ctl.interface_start" to "vendor.qti.hardware.cacert@1.0::IService/default": PROP_ERROR_HANDLE_CONTROL_MESSAGE (0x20)
05-04 17:41:43.395   660  4421 I hwservicemanager: Tried to start vendor.qti.hardware.cacert@1.0::IService/default as a lazy service, but was unable to. Usually this happens when a service is not installed, but if the service is intended to be used as a lazy service, then it may be configured incorrectly.
05-04 17:41:44.392  3704  3747 W HidlServiceManagement: Waited one second for vendor.qti.hardware.cacert@1.0::IService/default
05-04 17:41:44.393   660   660 I hwservicemanager: Since vendor.qti.hardware.cacert@1.0::IService/default is not registered, trying to start it as a lazy HAL (if it's not configured to be a lazy HAL, it may be stuck starting or still starting).
05-04 17:41:44.395  3704  3747 I HidlServiceManagement: getService: Trying again for vendor.qti.hardware.cacert@1.0::IService/default...
05-04 17:41:44.396   660  4422 W libc    : Unable to set property "ctl.interface_start" to "vendor.qti.hardware.cacert@1.0::IService/default": PROP_ERROR_HANDLE_CONTROL_MESSAGE (0x20)
05-04 17:41:44.396   660  4422 I hwservicemanager: Tried to start vendor.qti.hardware.cacert@1.0::IService/default as a lazy service, but was unable to. Usually this happens when a service is not installed, but if the service is intended to be used as a lazy service, then it may be configured incorrectly.
05-04 17:41:44.310     0     0 E init    : Control message: Could not find 'vendor.qti.hardware.cacert@1.0::IService/default' for ctl.interface_start from pid: 660 (/system/system_ext/bin/hwservicemanager)
05-04 17:41:45.386  3512  3691 I ThermalEngine: Monitor : quiet_therm = 25733, msm_therm = 27752, xo_therm = 27431, battery_therm = 242,current_now = 0 
05-04 17:41:45.395  3704  3747 W HidlServiceManagement: Waited one second for vendor.qti.hardware.cacert@1.0::IService/default
05-04 17:41:45.396   660   660 I hwservicemanager: Since vendor.qti.hardware.cacert@1.0::IService/default is not registered, trying to start it as a lazy HAL (if it's not configured to be a lazy HAL, it may be stuck starting or still starting).
05-04 17:41:45.397  3704  3747 I HidlServiceManagement: getService: Trying again for vendor.qti.hardware.cacert@1.0::IService/default...
05-04 17:41:45.399   660  4423 W libc    : Unable to set property "ctl.interface_start" to "vendor.qti.hardware.cacert@1.0::IService/default": PROP_ERROR_HANDLE_CONTROL_MESSAGE (0x20)
05-04 17:41:45.399   660  4423 I hwservicemanager: Tried to start vendor.qti.hardware.cacert@1.0::IService/default as a lazy service, but was unable to. Usually this happens when a service is not installed, but if the service is intended to be used as a lazy service, then it may be configured incorrectly.
05-04 17:41:45.312     0     0 E init    : Control message: Could not find 'vendor.qti.hardware.cacert@1.0::IService/default' for ctl.interface_start from pid: 660 (/system/system_ext/bin/hwservicemanager)
05-04 17:41:45.592  4301  4308 I m.westlake.host: Background concurrent copying GC freed 15MB AllocSpace bytes, 9(460KB) LOS objects, 86% free, 3811KB/27MB, paused 146us,92us total 107.082ms
05-04 17:41:46.397  3704  3747 W HidlServiceManagement: Waited one second for vendor.qti.hardware.cacert@1.0::IService/default
05-04 17:41:46.399   660   660 I hwservicemanager: Since vendor.qti.hardware.cacert@1.0::IService/default is not registered, trying to start it as a lazy HAL (if it's not configured to be a lazy HAL, it may be stuck starting or still starting).
05-04 17:41:46.402  3704  3747 I HidlServiceManagement: getService: Trying again for vendor.qti.hardware.cacert@1.0::IService/default...
05-04 17:41:46.316     0     0 E init    : Control message: Could not find 'vendor.qti.hardware.cacert@1.0::IService/default' for ctl.interface_start from pid: 660 (/system/system_ext/bin/hwservicemanager)
05-04 17:41:46.404   660  4427 W libc    : Unable to set property "ctl.interface_start" to "vendor.qti.hardware.cacert@1.0::IService/default": PROP_ERROR_HANDLE_CONTROL_MESSAGE (0x20)
05-04 17:41:46.404   660  4427 I hwservicemanager: Tried to start vendor.qti.hardware.cacert@1.0::IService/default as a lazy service, but was unable to. Usually this happens when a service is not installed, but if the service is intended to be used as a lazy service, then it may be configured incorrectly.
05-04 17:41:47.402  3704  3747 W HidlServiceManagement: Waited one second for vendor.qti.hardware.cacert@1.0::IService/default
05-04 17:41:47.404   660   660 I hwservicemanager: Since vendor.qti.hardware.cacert@1.0::IService/default is not registered, trying to start it as a lazy HAL (if it's not configured to be a lazy HAL, it may be stuck starting or still starting).
05-04 17:41:47.404  3704  3747 I HidlServiceManagement: getService: Trying again for vendor.qti.hardware.cacert@1.0::IService/default...
05-04 17:41:47.408   660  4428 W libc    : Unable to set property "ctl.interface_start" to "vendor.qti.hardware.cacert@1.0::IService/default": PROP_ERROR_HANDLE_CONTROL_MESSAGE (0x20)
05-04 17:41:47.408   660  4428 I hwservicemanager: Tried to start vendor.qti.hardware.cacert@1.0::IService/default as a lazy service, but was unable to. Usually this happens when a service is not installed, but if the service is intended to be used as a lazy service, then it may be configured incorrectly.
05-04 17:41:47.320     0     0 E init    : Control message: Could not find 'vendor.qti.hardware.cacert@1.0::IService/default' for ctl.interface_start from pid: 660 (/system/system_ext/bin/hwservicemanager)
05-04 17:41:47.386     0     0 I QCOM-BATT: pl_fcc_vote_callback: total_fcc_ua=1950000
05-04 17:41:47.386     0     0 I QCOM-BATT: pl_fv_vote_callback: fv_uv=4400000
05-04 17:41:47.745     0     0 E FG      : fg_psy_get_property: unsupported property 79
05-04 17:41:47.754     0     0 E FG      : fg_psy_get_property: unsupported property 79
05-04 17:41:47.855  1126  1126 D QtiCarrierConfigHelper: WARNING, no carrier configs on phone Id: 0
05-04 17:41:47.759     0     0 W healthd : battery l=100 v=3049 t=24.2 h=2 st=5 c=6000 fc=2831000 chg=u
05-04 17:41:47.773     0     0 E FG      : fg_psy_get_property: unsupported property 79
05-04 17:41:47.872   960  1373 D PowerUI : can't show warning due to - plugged: true status unknown: false
05-04 17:41:48.405  3704  3747 W HidlServiceManagement: Waited one second for vendor.qti.hardware.cacert@1.0::IService/default
05-04 17:41:48.406   660   660 I hwservicemanager: Since vendor.qti.hardware.cacert@1.0::IService/default is not registered, trying to start it as a lazy HAL (if it's not configured to be a lazy HAL, it may be stuck starting or still starting).
05-04 17:41:48.408  3704  3747 I HidlServiceManagement: getService: Trying again for vendor.qti.hardware.cacert@1.0::IService/default...
05-04 17:41:48.411   660  4429 W libc    : Unable to set property "ctl.interface_start" to "vendor.qti.hardware.cacert@1.0::IService/default": PROP_ERROR_HANDLE_CONTROL_MESSAGE (0x20)
05-04 17:41:48.411   660  4429 I hwservicemanager: Tried to start vendor.qti.hardware.cacert@1.0::IService/default as a lazy service, but was unable to. Usually this happens when a service is not installed, but if the service is intended to be used as a lazy service, then it may be configured incorrectly.
05-04 17:41:48.324     0     0 E init    : Control message: Could not find 'vendor.qti.hardware.cacert@1.0::IService/default' for ctl.interface_start from pid: 660 (/system/system_ext/bin/hwservicemanager)
05-04 17:41:49.409  3704  3747 W HidlServiceManagement: Waited one second for vendor.qti.hardware.cacert@1.0::IService/default
05-04 17:41:49.410   660   660 I hwservicemanager: Since vendor.qti.hardware.cacert@1.0::IService/default is not registered, trying to start it as a lazy HAL (if it's not configured to be a lazy HAL, it may be stuck starting or still starting).
05-04 17:41:49.411  3704  3747 I HidlServiceManagement: getService: Trying again for vendor.qti.hardware.cacert@1.0::IService/default...
05-04 17:41:49.328     0     0 E init    : Control message: Could not find 'vendor.qti.hardware.cacert@1.0::IService/default' for ctl.interface_start from pid: 660 (/system/system_ext/bin/hwservicemanager)
05-04 17:41:49.415   660  4430 W libc    : Unable to set property "ctl.interface_start" to "vendor.qti.hardware.cacert@1.0::IService/default": PROP_ERROR_HANDLE_CONTROL_MESSAGE (0x20)
05-04 17:41:49.415   660  4430 I hwservicemanager: Tried to start vendor.qti.hardware.cacert@1.0::IService/default as a lazy service, but was unable to. Usually this happens when a service is not installed, but if the service is intended to be used as a lazy service, then it may be configured incorrectly.
05-04 17:41:50.200  4301  4411 I WestlakeVM: VM: CV PF-MCD-RES_TABLE_PARSE_DONE
05-04 17:41:50.201  4301  4411 I WestlakeVM: VM: CV PF-MCD-RES_TABLE_LOADED bytes=2019644 strings=586 integers=0
05-04 17:41:50.203  4301  4411 I WestlakeVM: VM: PF202 ApkLoader res dirs ready
05-04 17:41:50.205  4301  4411 I WestlakeVM: VM: PF202 ApkLoader activity seeded
05-04 17:41:50.206  4301  4411 I WestlakeVM: VM: PF202 ApkLoader return
05-04 17:41:50.206  4301  4411 I WestlakeVM: VM: PF202 strict post-loader return
05-04 17:41:50.207  4301  4411 I WestlakeVM: VM: PF202 strict post-loader info seeded
05-04 17:41:50.207  4301  4411 I WestlakeVM: VM: PF202 strict split work skipped
05-04 17:41:50.207  4301  4411 I WestlakeVM: VM: PF202 strict setApkInfo skipped
05-04 17:41:50.207  4301  4411 I WestlakeVM: VM: PF202 strict pre-extracted resources loaded
05-04 17:41:50.207  4301  4411 I WestlakeVM: VM: PF202 strict resource wiring skipped
05-04 17:41:50.208  4301  4411 I WestlakeVM: VM: PF202 strict package reconciliation skipped
05-04 17:41:50.208  4301  4411 I WestlakeVM: VM: PF202 strict APK summary skipped
05-04 17:41:50.209  4301  4411 I WestlakeVM: VM: PF202 strict launch target reconciliation skipped
05-04 17:41:50.209  4301  4411 I WestlakeVM: VM: PF202 strict launch banner skipped
05-04 17:41:50.210  4301  4411 I WestlakeVM: VM: PF202 strict activity resolve skipped
05-04 17:41:50.211  4301  4411 I WestlakeVM: VM: [PFCUT] Class.getDeclaredField intrinsic hit class=java.lang.ClassLoader name=packages
05-04 17:41:50.211  4301  4411 I WestlakeVM: VM: [PFCUT] Class.getDeclaredField intrinsic hit class=java.lang.ClassLoader name=packages
05-04 17:41:50.212  4301  4411 I WestlakeVM: VM: [PFCUT] Class.classForName name=com.newrelic.agent.android.tracing.TraceMachine initialize=0 loader=0x73d6261239 lifecycle_adapter=0 mcd_analytics=0 callers=java.lang.Class java.lang.Class.classForName(java.lang.String, boolean, java.lang.ClassLoader) | java.lang.Class java.lang.Class.forName(java.lang.String, boolean, java.lang.ClassLoader) | boolean com.westlake.engine.WestlakeLauncher.nativePatchClassNoop(java.lang.String, java.lang.ClassLoader) | boolean com.westlake.engine.WestlakeLauncher.nativePatchClassNoop(java.lang.String, java.lang.ClassLoader) | void com.westlake.engine.WestlakeLauncher.patchProblematicAppClasses(java.lang.ClassLoader) | void com.westlake.engine.WestlakeLauncher.mainImpl(java.lang.String[]) | void com.westlake.engine.WestlakeLauncher.main(java.lang.String[])
05-04 17:41:50.212  4301  4411 I WestlakeVM: VM: [PFCUT] Throwable.nativeFillInStackTrace noop
05-04 17:41:50.212  4301  4411 I WestlakeVM: VM: [PFCUT] Throwable.nativeFillInStackTrace noop
05-04 17:41:50.213  4301  4411 I WestlakeVM: VM: [PFCUT] Class.classForName name=com.newrelic.agent.android.tracing.Trace initialize=0 loader=0x73d6261239 lifecycle_adapter=0 mcd_analytics=0 callers=java.lang.Class java.lang.Class.classForName(java.lang.String, boolean, java.lang.ClassLoader) | java.lang.Class java.lang.Class.forName(java.lang.String, boolean, java.lang.ClassLoader) | boolean com.westlake.engine.WestlakeLauncher.nativePatchClassNoop(java.lang.String, java.lang.ClassLoader) | boolean com.westlake.engine.WestlakeLauncher.nativePatchClassNoop(java.lang.String, java.lang.ClassLoader) | void com.westlake.engine.WestlakeLauncher.patchProblematicAppClasses(java.lang.ClassLoader) | void com.westlake.engine.WestlakeLauncher.mainImpl(java.lang.String[]) | void com.westlake.engine.WestlakeLauncher.main(java.lang.String[])
05-04 17:41:50.214  4301  4411 I WestlakeVM: VM: [PFCUT] Class.classForName name=com.newrelic.agent.android.NewRelic initialize=0 loader=0x73d6261239 lifecycle_adapter=0 mcd_analytics=0 callers=java.lang.Class java.lang.Class.classForName(java.lang.String, boolean, java.lang.ClassLoader) | java.lang.Class java.lang.Class.forName(java.lang.String, boolean, java.lang.ClassLoader) | boolean com.westlake.engine.WestlakeLauncher.nativePatchClassNoop(java.lang.String, java.lang.ClassLoader) | boolean com.westlake.engine.WestlakeLauncher.nativePatchClassNoop(java.lang.String, java.lang.ClassLoader) | void com.westlake.engine.WestlakeLauncher.patchProblematicAppClasses(java.lang.ClassLoader) | void com.westlake.engine.WestlakeLauncher.mainImpl(java.lang.String[]) | void com.westlake.engine.WestlakeLauncher.main(java.lang.String[])
05-04 17:41:50.217  4301  4411 I WestlakeVM: VM: [WestlakeLauncher] AM direct launch: pkg=com.github.ashutoshgngwr.noice cls=com.github.ashutoshgngwr.noice.activity.MainActivity
05-04 17:41:50.228  4301  4411 I WestlakeVM: VM: [shim-log] D/MiniActivityManager: startActivity: com.github.ashutoshgngwr.noice.activity.MainActivity action=android.intent.action.MAIN pkg=com.github.ashutoshgngwr.noice
05-04 17:41:50.282  4301  4411 I WestlakeVM: VM: [PFCUT] MethodHandles.lookup intrinsic caller=void java.util.concurrent.atomic.AtomicReference.<clinit>()
05-04 17:41:50.282  4301  4411 I WestlakeVM: VM: [PFCUT] Class.getDeclaredField intrinsic hit class=java.util.concurrent.atomic.AtomicReference name=value
05-04 17:41:50.296  4301  4411 I WestlakeVM: VM: nullptr W 05-05 04:41:50  4403  4415 class_linker.cc:6687] Tolerating clinit failure for Landroid/os/Build;: java.lang.ArrayStoreException: java.lang.String cannot be stored in an array of type java.lang.String[]
05-04 17:41:50.296  4301  4411 I WestlakeVM: VM: nullptr W 05-05 04:41:50  4403  4415 class_linker.cc:6687] (Throwable with no stack trace)
05-04 17:41:50.296  4301  4411 I WestlakeVM: VM: nullptr W 05-05 04:41:50  4403  4415 class_linker.cc:6687] 
05-04 17:41:50.322  4301  4411 I WestlakeVM: VM: [PFCUT] Class.getDeclaredField intrinsic hit class=android.app.Activity name=mIntent
05-04 17:41:50.322  4301  4411 I WestlakeVM: VM: [PFCUT] Class.getDeclaredField intrinsic hit class=android.app.Activity name=mComponent
05-04 17:41:50.322  4301  4411 I WestlakeVM: VM: [PFCUT] Class.getDeclaredField intrinsic hit class=android.app.Activity name=mApplication
05-04 17:41:50.323  4301  4411 I WestlakeVM: VM: [PFCUT] Class.getDeclaredField intrinsic hit class=android.app.Activity name=mFinished
05-04 17:41:50.323  4301  4411 I WestlakeVM: VM: [PFCUT] Class.getDeclaredField intrinsic hit class=android.app.Activity name=mDestroyed
05-04 17:41:50.328  4301  4411 I WestlakeVM: VM: [PFCUT] Class.getDeclaredField intrinsic hit class=android.app.ActivityThread name=sCurrentActivityThread
05-04 17:41:50.328  4301  4411 I WestlakeVM: VM: [PFCUT] Class.getDeclaredField intrinsic hit class=android.app.Activity name=mIntent
05-04 17:41:50.328  4301  4411 I WestlakeVM: VM: [PFCUT] Class.getDeclaredField intrinsic hit class=android.app.Activity name=mComponent
05-04 17:41:50.329  4301  4411 I WestlakeVM: VM: [PFCUT] Class.getDeclaredField intrinsic hit class=android.app.Activity name=mApplication
05-04 17:41:50.329  4301  4411 I WestlakeVM: VM: [PFCUT] Class.getDeclaredField intrinsic hit class=android.app.Activity name=mFinished
05-04 17:41:50.329  4301  4411 I WestlakeVM: VM: [PFCUT] Class.getDeclaredField intrinsic hit class=android.app.Activity name=mDestroyed
05-04 17:41:50.335  4301  4411 I WestlakeVM: VM: [shim-log] D/MiniActivityManager:   performCreate: com.github.ashutoshgngwr.noice.activity.MainActivity
05-04 17:41:50.340  4301  4411 I WestlakeVM: VM: [PFCUT] StringFactory Charset fallback bytes=7 offset=0 utf16=7 shorty=LLIIL
05-04 17:41:50.345  4301  4411 I WestlakeVM: VM: [shim-log] D/MiniActivityManager:   performCreate app cl=dalvik.system.PathClassLoader@2167b95
05-04 17:41:50.345  4301  4411 I WestlakeVM: VM: [PFCUT] VMClassLoader.getResources(String) fallback -> Collections.emptyList
05-04 17:41:50.351  4301  4411 I WestlakeVM: VM: [shim-log] D/MiniActivityManager:   performCreate app service not found
05-04 17:41:50.357  4301  4411 I WestlakeVM: VM: [shim-log] D/MiniActivityManager:   performCreate app factoryClass failed: ClassNotFoundException: kotlinx.coroutines.android.AndroidDispatcherFactory
05-04 17:41:50.361  4301  4411 I WestlakeVM: VM: [PFCUT] System.arraycopy intrinsic src=[B dst=[B srcPos=0 dstPos=0 count=16
05-04 17:41:50.362  4301  4411 I WestlakeVM: VM: [PFCUT] System.arraycopy intrinsic src=[B dst=[B srcPos=0 dstPos=0 count=16
05-04 17:41:50.363  4301  4411 I WestlakeVM: VM: [PFCUT] StringFactory Charset fallback bytes=7 offset=0 utf16=7 shorty=LLIIL
05-04 17:41:50.363  4301  4411 I WestlakeVM: VM: [PFCUT] System.arraycopy intrinsic src=[B dst=[B srcPos=0 dstPos=0 count=34
05-04 17:41:50.363  4301  4411 I WestlakeVM: VM: [PFCUT] System.arraycopy intrinsic src=[B dst=[B srcPos=0 dstPos=0 count=34
05-04 17:41:50.364  4301  4411 I WestlakeVM: VM: [PFCUT] System.arraycopy intrinsic src=[B dst=[B srcPos=0 dstPos=0 count=16
05-04 17:41:50.365  4301  4411 I WestlakeVM: VM: [PFCUT] System.arraycopy intrinsic src=[B dst=[B srcPos=0 dstPos=0 count=34
05-04 17:41:50.367  4301  4411 I WestlakeVM: VM: [PFCUT] System.arraycopy intrinsic src=[B dst=[B srcPos=0 dstPos=0 count=16
05-04 17:41:50.367  4301  4411 I WestlakeVM: VM: [shim-log] D/MiniActivityManager:   performCreate thread cl=dalvik.system.PathClassLoader@2167b95
05-04 17:41:50.367  4301  4411 I WestlakeVM: VM: [PFCUT] VMClassLoader.getResources(String) fallback -> Collections.emptyList
05-04 17:41:50.368  4301  4411 I WestlakeVM: VM: [PFCUT] System.arraycopy intrinsic src=[B dst=[B srcPos=0 dstPos=0 count=16
05-04 17:41:50.369  4301  4411 I WestlakeVM: VM: [PFCUT] System.arraycopy intrinsic src=[B dst=[B srcPos=0 dstPos=0 count=34
05-04 17:41:50.370  4301  4411 I WestlakeVM: VM: [PFCUT] System.arraycopy intrinsic src=[B dst=[B srcPos=0 dstPos=0 count=16
05-04 17:41:50.371  4301  4411 I WestlakeVM: VM: [PFCUT] System.arraycopy intrinsic src=[B dst=[B srcPos=0 dstPos=0 count=34
05-04 17:41:50.372  4301  4411 I WestlakeVM: VM: [PFCUT] System.arraycopy intrinsic src=[B dst=[B srcPos=0 dstPos=0 count=16
05-04 17:41:50.373  4301  4411 I WestlakeVM: VM: [shim-log] D/MiniActivityManager:   performCreate thread service not found
05-04 17:41:50.373  4301  4411 I WestlakeVM: VM: [PFCUT] forced interpreter JNI reason=Class.classForName method=java.lang.Class java.lang.Class.classForName(java.lang.String, boolean, java.lang.ClassLoader) quick=0xd07ac0 jni=0x734cd4
05-04 17:41:50.374  4301  4411 I WestlakeVM: VM: [PFCUT] System.arraycopy intrinsic src=[B dst=[B srcPos=0 dstPos=0 count=16
05-04 17:41:50.374  4301  4411 I WestlakeVM: VM: [PFCUT] System.arraycopy intrinsic src=[B dst=[B srcPos=0 dstPos=0 count=34
05-04 17:41:50.376  4301  4411 I WestlakeVM: VM: [PFCUT] System.arraycopy intrinsic src=[B dst=[B srcPos=0 dstPos=0 count=70
05-04 17:41:50.377  4301  4411 I WestlakeVM: VM: [PFCUT] System.arraycopy intrinsic src=[B dst=[B srcPos=0 dstPos=0 count=16
05-04 17:41:50.377  4301  4411 I WestlakeVM: VM: [PFCUT] System.arraycopy intrinsic src=[B dst=[B srcPos=0 dstPos=0 count=34
05-04 17:41:50.379  4301  4411 I WestlakeVM: VM: [PFCUT] System.arraycopy intrinsic src=[B dst=[B srcPos=0 dstPos=0 count=16
05-04 17:41:50.379  4301  4411 I WestlakeVM: VM: [shim-log] D/MiniActivityManager:   performCreate thread factoryClass failed: ClassNotFoundException: kotlinx.coroutines.android.AndroidDispatcherFactory
05-04 17:41:50.389  4301  4411 I WestlakeVM: VM: [PFCUT] System.arraycopy intrinsic src=[B dst=[B srcPos=0 dstPos=0 count=16
05-04 17:41:50.389  4301  4411 I WestlakeVM: VM: [PFCUT] System.arraycopy intrinsic src=[B dst=[B srcPos=0 dstPos=0 count=34
05-04 17:41:50.398  4301  4411 I WestlakeVM: VM: [PFCUT] forced interpreter JNI reason=Unsafe method=java.lang.Object jdk.internal.misc.Unsafe.getReferenceVolatile(java.lang.Object, long) quick=0xd07c00 jni=0x7331f4
05-04 17:41:50.398  4301  4411 I WestlakeVM: VM: [PFCUT] InterpreterJni jdk.Unsafe getReferenceVolatile target=0x14055380 offset=28 value=0 array_index=4
05-04 17:41:50.398  4301  4411 I WestlakeVM: VM: [PFCUT]   caller#0 java.lang.Object jdk.internal.misc.Unsafe.getReferenceVolatile(java.lang.Object, long) dex_pc=0
05-04 17:41:50.398  4301  4411 I WestlakeVM: VM: [PFCUT]   caller#1 java.lang.Object jdk.internal.misc.Unsafe.getReferenceAcquire(java.lang.Object, long) dex_pc=0
05-04 17:41:50.398  4301  4411 I WestlakeVM: VM: [PFCUT]   caller#2 java.util.concurrent.ConcurrentHashMap$Node java.util.concurrent.ConcurrentHashMap.tabAt(java.util.concurrent.ConcurrentHashMap$Node[], int) dex_pc=10
05-04 17:41:50.398  4301  4411 I WestlakeVM: VM: [PFCUT]   caller#3 java.lang.Object java.util.concurrent.ConcurrentHashMap.get(java.lang.Object) dex_pc=21
05-04 17:41:50.399  4301  4411 I WestlakeVM: VM: [PFCUT]   caller#4 java.lang.String java.util.Properties.getProperty(java.lang.String) dex_pc=2
05-04 17:41:50.399  4301  4411 I WestlakeVM: VM: [PFCUT]   caller#5 java.lang.String java.util.Properties.getProperty(java.lang.String, java.lang.String) dex_pc=0
05-04 17:41:50.399  4301  4411 I WestlakeVM: VM: [PFCUT] forced interpreter JNI reason=Unsafe method=java.lang.Object jdk.internal.misc.Unsafe.getReferenceVolatile(java.lang.Object, long) quick=0xd07c00 jni=0x7331f4
05-04 17:41:50.399  4301  4411 I WestlakeVM: VM: [PFCUT] InterpreterJni jdk.Unsafe getReferenceVolatile target=0x14058450 offset=220 value=0x140577f0 array_index=52
05-04 17:41:50.399  4301  4411 I WestlakeVM: VM: [PFCUT]   caller#0 java.lang.Object jdk.internal.misc.Unsafe.getReferenceVolatile(java.lang.Object, long) dex_pc=0
05-04 17:41:50.399  4301  4411 I WestlakeVM: VM: [PFCUT]   caller#1 java.lang.Object jdk.internal.misc.Unsafe.getReferenceAcquire(java.lang.Object, long) dex_pc=0
05-04 17:41:50.399  4301  4411 I WestlakeVM: VM: [PFCUT]   caller#2 java.util.concurrent.ConcurrentHashMap$Node java.util.concurrent.ConcurrentHashMap.tabAt(java.util.concurrent.ConcurrentHashMap$Node[], int) dex_pc=10
05-04 17:41:50.400  4301  4411 I WestlakeVM: VM: [PFCUT]   caller#3 java.lang.Object java.util.concurrent.ConcurrentHashMap.get(java.lang.Object) dex_pc=21
05-04 17:41:50.400  4301  4411 I WestlakeVM: VM: [PFCUT]   caller#4 java.lang.String java.util.Properties.getProperty(java.lang.String) dex_pc=2
05-04 17:41:50.400  4301  4411 I WestlakeVM: VM: [PFCUT]   caller#5 java.lang.String java.util.Properties.getProperty(java.lang.String) dex_pc=22
05-04 17:41:50.400  4301  4411 I WestlakeVM: VM: [PFCUT] forced interpreter JNI reason=Unsafe method=java.lang.Object jdk.internal.misc.Unsafe.getReferenceVolatile(java.lang.Object, long) quick=0xd07c00 jni=0x7331f4
05-04 17:41:50.400  4301  4411 I WestlakeVM: VM: [PFCUT] InterpreterJni jdk.Unsafe getReferenceVolatile target=0x14055380 offset=68 value=0 array_index=14
05-04 17:41:50.400  4301  4411 I WestlakeVM: VM: [PFCUT]   caller#0 java.lang.Object jdk.internal.misc.Unsafe.getReferenceVolatile(java.lang.Object, long) dex_pc=0
05-04 17:41:50.400  4301  4411 I WestlakeVM: VM: [PFCUT]   caller#1 java.lang.Object jdk.internal.misc.Unsafe.getReferenceAcquire(java.lang.Object, long) dex_pc=0
05-04 17:41:50.400  4301  4411 I WestlakeVM: VM: [PFCUT]   caller#2 java.util.concurrent.ConcurrentHashMap$Node java.util.concurrent.ConcurrentHashMap.tabAt(java.util.concurrent.ConcurrentHashMap$Node[], int) dex_pc=10
05-04 17:41:50.401  4301  4411 I WestlakeVM: VM: [PFCUT]   caller#3 java.lang.Object java.util.concurrent.ConcurrentHashMap.get(java.lang.Object) dex_pc=21
05-04 17:41:50.401  4301  4411 I WestlakeVM: VM: [PFCUT]   caller#4 java.lang.String java.util.Properties.getProperty(java.lang.String) dex_pc=2
05-04 17:41:50.401  4301  4411 I WestlakeVM: VM: [PFCUT]   caller#5 java.lang.String java.util.Properties.getProperty(java.lang.String, java.lang.String) dex_pc=0
05-04 17:41:50.401  4301  4411 I WestlakeVM: VM: [PFCUT] forced interpreter JNI reason=Unsafe method=java.lang.Object jdk.internal.misc.Unsafe.getReferenceVolatile(java.lang.Object, long) quick=0xd07c00 jni=0x7331f4
05-04 17:41:50.401  4301  4411 I WestlakeVM: VM: [PFCUT] InterpreterJni jdk.Unsafe getReferenceVolatile target=0x14058450 offset=260 value=0x140577d8 array_index=62
05-04 17:41:50.401  4301  4411 I WestlakeVM: VM: [PFCUT]   caller#0 java.lang.Object jdk.internal.misc.Unsafe.getReferenceVolatile(java.lang.Object, long) dex_pc=0
05-04 17:41:50.401  4301  4411 I WestlakeVM: VM: [PFCUT]   caller#1 java.lang.Object jdk.internal.misc.Unsafe.getReferenceAcquire(java.lang.Object, long) dex_pc=0
05-04 17:41:50.401  4301  4411 I WestlakeVM: VM: [PFCUT]   caller#2 java.util.concurrent.ConcurrentHashMap$Node java.util.concurrent.ConcurrentHashMap.tabAt(java.util.concurrent.ConcurrentHashMap$Node[], int) dex_pc=10
05-04 17:41:50.402  4301  4411 I WestlakeVM: VM: [PFCUT]   caller#3 java.lang.Object java.util.concurrent.ConcurrentHashMap.get(java.lang.Object) dex_pc=21
05-04 17:41:50.402  4301  4411 I WestlakeVM: VM: [PFCUT]   caller#4 java.lang.String java.util.Properties.getProperty(java.lang.String) dex_pc=2
05-04 17:41:50.402  4301  4411 I WestlakeVM: VM: [PFCUT]   caller#5 java.lang.String java.util.Properties.getProperty(java.lang.String) dex_pc=22
05-04 17:41:50.412  3704  3747 W HidlServiceManagement: Waited one second for vendor.qti.hardware.cacert@1.0::IService/default
05-04 17:41:50.412  4301  4411 I WestlakeVM: VM: [PFCUT] System.arraycopy intrinsic src=[B dst=[B srcPos=0 dstPos=0 count=16
05-04 17:41:50.413   660   660 I hwservicemanager: Since vendor.qti.hardware.cacert@1.0::IService/default is not registered, trying to start it as a lazy HAL (if it's not configured to be a lazy HAL, it may be stuck starting or still starting).
05-04 17:41:50.414  3704  3747 I HidlServiceManagement: getService: Trying again for vendor.qti.hardware.cacert@1.0::IService/default...
05-04 17:41:50.416  4301  4411 I WestlakeVM: VM: [PFCUT] System.arraycopy intrinsic src=[Ljava/lang/Object; dst=[Ljava/lang/Object; srcPos=0 dstPos=0 count=0
05-04 17:41:50.417   660  4432 W libc    : Unable to set property "ctl.interface_start" to "vendor.qti.hardware.cacert@1.0::IService/default": PROP_ERROR_HANDLE_CONTROL_MESSAGE (0x20)
05-04 17:41:50.417   660  4432 I hwservicemanager: Tried to start vendor.qti.hardware.cacert@1.0::IService/default as a lazy service, but was unable to. Usually this happens when a service is not installed, but if the service is intended to be used as a lazy service, then it may be configured incorrectly.
05-04 17:41:50.419  4301  4411 I WestlakeVM: VM: [PFCUT] System.arraycopy intrinsic src=[Ljava/lang/Object; dst=[Ljava/lang/Object; srcPos=0 dstPos=0 count=0
05-04 17:41:50.330     0     0 E init    : Control message: Could not find 'vendor.qti.hardware.cacert@1.0::IService/default' for ctl.interface_start from pid: 660 (/system/system_ext/bin/hwservicemanager)
05-04 17:41:50.428  4301  4411 I WestlakeVM: VM: [PFCUT] System.arraycopy intrinsic src=[B dst=[B srcPos=0 dstPos=0 count=16
05-04 17:41:50.429  4301  4411 I WestlakeVM: VM: [PFCUT] forced interpreter JNI reason=Class.classForName method=java.lang.Class java.lang.Class.classForName(java.lang.String, boolean, java.lang.ClassLoader) quick=0xd07ac0 jni=0x734cd4
05-04 17:41:50.430  4301  4411 I WestlakeVM: VM: [PFCUT] MethodHandles.lookup intrinsic caller=void java.util.concurrent.atomic.AtomicLong.<clinit>()
05-04 17:41:50.431  4301  4411 I WestlakeVM: VM: [PFCUT] Class.getDeclaredField intrinsic hit class=java.util.concurrent.atomic.AtomicLong name=value
05-04 17:41:50.432  4301  4411 I WestlakeVM: VM: [PFCUT] Class.getDeclaredField intrinsic hit class=java.util.Random name=seed
05-04 17:41:50.432  4301  4411 I WestlakeVM: VM: [PFCUT] AtomicLong.get intrinsic current=8682522807148012
05-04 17:41:50.432  4301  4411 I WestlakeVM: VM: [PFCUT] AtomicLong.compareAndSet intrinsic current=8682522807148012
05-04 17:41:50.433  4301  4411 I WestlakeVM: VM: [PFCUT] AtomicLong.get intrinsic current=5452999460216
05-04 17:41:50.433  4301  4411 I WestlakeVM: VM: [PFCUT] AtomicLong.compareAndSet intrinsic current=5452999460216
05-04 17:41:50.435  4301  4411 I WestlakeVM: VM: [PFCUT] System.arraycopy intrinsic src=[B dst=[B srcPos=0 dstPos=0 count=16
05-04 17:41:50.436  4301  4411 I WestlakeVM: VM: [PFCUT] AtomicLong.get intrinsic current=70490294756387
05-04 17:41:50.436  4301  4411 I WestlakeVM: VM: [PFCUT] AtomicLong.compareAndSet intrinsic current=70490294756387
05-04 17:41:50.438  4301  4411 I WestlakeVM: VM: [PFCUT] System.arraycopy intrinsic src=[B dst=[B srcPos=0 dstPos=0 count=16
05-04 17:41:50.438  4301  4411 I WestlakeVM: VM: [PFCUT] AtomicLong.get intrinsic current=69589752042738
05-04 17:41:50.439  4301  4411 I WestlakeVM: VM: [PFCUT] AtomicLong.compareAndSet intrinsic current=69589752042738
05-04 17:41:50.439  4301  4411 I WestlakeVM: VM: [PFCUT] System.arraycopy intrinsic src=[Ljava/lang/Object; dst=[Ljava/lang/Object; srcPos=0 dstPos=0 count=1
05-04 17:41:50.440  4301  4411 I WestlakeVM: VM: [PFCUT] System.arraycopy intrinsic src=[Ljava/lang/Object; dst=[Ljava/lang/Object; srcPos=0 dstPos=0 count=0
05-04 17:41:50.440  4301  4411 I WestlakeVM: VM: [PFCUT] System.arraycopy intrinsic src=[Ljava/lang/Object; dst=[Ljava/lang/Object; srcPos=0 dstPos=0 count=0
05-04 17:41:50.440  4301  4411 I WestlakeVM: VM: [PFCUT] System.arraycopy intrinsic src=[Ljava/lang/Object; dst=[Ljava/lang/Object; srcPos=0 dstPos=0 count=0
