05-04 17:37:59.056  3488  3597 I WestlakeVM: VM: [PFCUT] InterpreterJni jdk.Unsafe CAS ref target=0x528c330 offset=28 current=0 expected=0 new=0x5293598 success=1 array_index=4
05-04 17:37:59.056  3488  3597 I WestlakeVM: VM: [PFCUT] InterpreterJni jdk.Unsafe CAS long target=0x52513c0 offset=40 current=0 expected=0 new=1 success=1
05-04 17:37:59.061  3488  3597 I WestlakeVM: VM: [PFCUT] AtomicLong.getAndIncrement intrinsic current=0
05-04 17:37:59.064  3488  3597 I WestlakeVM: VM: [PFCUT] InterpreterJni jdk.Unsafe CAS int target=0x5251380 offset=52 current=0 expected=0 new=-1 success=1
05-04 17:37:59.064  3488  3597 I WestlakeVM: VM: [PFCUT] InterpreterJni jdk.Unsafe CAS ref target=0x528c380 offset=32 current=0 expected=0 new=0x5293700 success=1 array_index=5
05-04 17:37:59.065  3488  3597 I WestlakeVM: VM: [PFCUT] InterpreterJni jdk.Unsafe CAS long target=0x5251380 offset=40 current=0 expected=0 new=1 success=1
05-04 17:37:59.065  3488  3597 I WestlakeVM: VM: [PFCUT-PROXY] direct proxy constructor $Proxy0 handler=0x5302760 ctor=void java.lang.reflect.Proxy.<init>(java.lang.reflect.InvocationHandler) quick=0xd07d70 virt=3
05-04 17:37:59.066  3488  3597 I WestlakeVM: VM: [PFCUT-PROXY]   method=boolean java.lang.Object.equals(java.lang.Object) target=boolean java.lang.Object.equals(java.lang.Object) quick=0xd07860 flags=0x12300011
05-04 17:37:59.066  3488  3597 I WestlakeVM: VM: [PFCUT-PROXY]   method=int java.lang.Object.hashCode() target=int java.lang.Object.hashCode() quick=0xd07860 flags=0x12300011
05-04 17:37:59.066  3488  3597 I WestlakeVM: VM: [PFCUT-PROXY]   method=java.lang.String java.lang.Object.toString() target=java.lang.String java.lang.Object.toString() quick=0xd07860 flags=0x12300011
05-04 17:37:59.069  3488  3597 I WestlakeVM: VM: [PFCUT] InterpreterJni jdk.Unsafe CAS ref target=0x528c330 offset=52 current=0 expected=0 new=0x5293730 success=1 array_index=10
05-04 17:37:59.070  3488  3597 I WestlakeVM: VM: [PFCUT] InterpreterJni jdk.Unsafe CAS long target=0x52513c0 offset=40 current=1 expected=1 new=2 success=1
05-04 17:37:59.071  3488  3597 I WestlakeVM: VM: [PFCUT] Class.classForName name=androidx.lifecycle.d1 initialize=0 loader=0x7d2322021d lifecycle_adapter=0 mcd_analytics=0 callers=java.lang.Class java.lang.Class.classForName(java.lang.String, boolean, java.lang.ClassLoader) | java.lang.Class java.lang.Class.forName(java.lang.String, boolean, java.lang.ClassLoader) | java.lang.Class java.lang.reflect.Proxy$ProxyClassFactory.apply(java.lang.ClassLoader, java.lang.Class[]) | java.lang.Object java.lang.reflect.Proxy$ProxyClassFactory.apply(java.lang.Object, java.lang.Object) | java.lang.Object java.lang.reflect.WeakCache$Factory.get() | java.lang.Object java.lang.reflect.WeakCache.get(java.lang.Object, java.lang.Object) | java.lang.Class java.lang.reflect.Proxy.getProxyClass0(java.lang.ClassLoader, java.lang.Class[]) | java.lang.Object java.lang.reflect.Proxy.newProxyInstance(java.lang.ClassLoader, java.lang.Class[], java.lang.reflect.InvocationHandler) | void android.app.MiniActivityManager.fillNullFieldsWithProxies(android.app.Activity) | void android.app.MiniActivityManager.performCreate(android.app.MiniActivityManager$ActivityRecord, android.os.Bundle)
05-04 17:37:59.071  3488  3597 I WestlakeVM: VM: [PFCUT] Class.classForName after FindClass name=androidx.lifecycle.d1 result=0x52aada8 pending=0
05-04 17:37:59.077  3488  3597 I WestlakeVM: VM: [PFCUT] AtomicLong.getAndIncrement intrinsic current=1
05-04 17:37:59.080  3488  3597 I WestlakeVM: VM: [PFCUT] InterpreterJni jdk.Unsafe CAS long target=0x5251380 offset=40 current=1 expected=1 new=2 success=1
05-04 17:37:59.080  3488  3597 I WestlakeVM: VM: [PFCUT-PROXY] direct proxy constructor $Proxy1 handler=0x5302830 ctor=void java.lang.reflect.Proxy.<init>(java.lang.reflect.InvocationHandler) quick=0xd07d70 virt=5
05-04 17:37:59.081  3488  3597 I WestlakeVM: VM: [PFCUT-PROXY]   method=androidx.lifecycle.y0 androidx.lifecycle.d1.a(java.lang.Class) target=androidx.lifecycle.y0 androidx.lifecycle.d1.a(java.lang.Class) quick=0xd07860 flags=0x12300011
05-04 17:37:59.082  3488  3597 I WestlakeVM: VM: [PFCUT-PROXY]   method=androidx.lifecycle.y0 androidx.lifecycle.d1.b(java.lang.Class, g1.e) target=androidx.lifecycle.y0 androidx.lifecycle.d1.b(java.lang.Class, g1.e) quick=0xd07860 flags=0x12300011
05-04 17:37:59.082  3488  3597 I WestlakeVM: VM: [PFCUT-PROXY]   method=boolean java.lang.Object.equals(java.lang.Object) target=boolean java.lang.Object.equals(java.lang.Object) quick=0xd07860 flags=0x12300011
05-04 17:37:59.082  3488  3597 I WestlakeVM: VM: [PFCUT-PROXY]   method=int java.lang.Object.hashCode() target=int java.lang.Object.hashCode() quick=0xd07860 flags=0x12300011
05-04 17:37:59.082  3488  3597 I WestlakeVM: VM: [PFCUT-PROXY]   method=java.lang.String java.lang.Object.toString() target=java.lang.String java.lang.Object.toString() quick=0xd07860 flags=0x12300011
05-04 17:37:59.096  3488  3597 I WestlakeVM: VM: [shim-log] D/MiniActivityManager:   fillNullFieldsWithProxies: filled 2 null interface fields
05-04 17:37:59.099  3488  3597 I WestlakeVM: VM: [shim-log] D/MiniActivityManager:   Retrying onCreate with stub DI fields...
05-04 17:37:59.107  3488  3597 I WestlakeVM: VM: [shim-log] D/MiniActivityManager:   Retry onCreate failed: IllegalStateException: SavedStateRegistry was already restored.
05-04 17:37:59.108  3488  3597 I WestlakeVM: VM: [PFCUT] Class.getDeclaredField intrinsic hit class=android.app.Activity name=mFinished
05-04 17:37:59.108  3488  3597 I WestlakeVM: VM: [PFCUT] Class.getDeclaredField intrinsic hit class=android.app.Activity name=mDestroyed
05-04 17:37:59.113  3488  3597 I WestlakeVM: VM: [shim-log] D/MiniActivityManager:   tryRecoverContent failed: java.lang.String cannot be stored in an array of type java.lang.String[]
05-04 17:37:59.883  3704  3747 W HidlServiceManagement: Waited one second for vendor.qti.hardware.cacert@1.0::IService/default
05-04 17:37:59.885   660   660 I hwservicemanager: Since vendor.qti.hardware.cacert@1.0::IService/default is not registered, trying to start it as a lazy HAL (if it's not configured to be a lazy HAL, it may be stuck starting or still starting).
05-04 17:37:59.886  3704  3747 I HidlServiceManagement: getService: Trying again for vendor.qti.hardware.cacert@1.0::IService/default...
05-04 17:37:59.889   660  3665 W libc    : Unable to set property "ctl.interface_start" to "vendor.qti.hardware.cacert@1.0::IService/default": PROP_ERROR_HANDLE_CONTROL_MESSAGE (0x20)
05-04 17:37:59.890   660  3665 I hwservicemanager: Tried to start vendor.qti.hardware.cacert@1.0::IService/default as a lazy service, but was unable to. Usually this happens when a service is not installed, but if the service is intended to be used as a lazy service, then it may be configured incorrectly.
05-04 17:37:59.803     0     0 E init    : Control message: Could not find 'vendor.qti.hardware.cacert@1.0::IService/default' for ctl.interface_start from pid: 660 (/system/system_ext/bin/hwservicemanager)
05-04 17:38:00.886  3704  3747 W HidlServiceManagement: Waited one second for vendor.qti.hardware.cacert@1.0::IService/default
05-04 17:38:00.887   660   660 I hwservicemanager: Since vendor.qti.hardware.cacert@1.0::IService/default is not registered, trying to start it as a lazy HAL (if it's not configured to be a lazy HAL, it may be stuck starting or still starting).
05-04 17:38:00.890  3704  3747 I HidlServiceManagement: getService: Trying again for vendor.qti.hardware.cacert@1.0::IService/default...
05-04 17:38:00.892   660  3666 W libc    : Unable to set property "ctl.interface_start" to "vendor.qti.hardware.cacert@1.0::IService/default": PROP_ERROR_HANDLE_CONTROL_MESSAGE (0x20)
05-04 17:38:00.892   660  3666 I hwservicemanager: Tried to start vendor.qti.hardware.cacert@1.0::IService/default as a lazy service, but was unable to. Usually this happens when a service is not installed, but if the service is intended to be used as a lazy service, then it may be configured incorrectly.
05-04 17:38:00.805     0     0 E init    : Control message: Could not find 'vendor.qti.hardware.cacert@1.0::IService/default' for ctl.interface_start from pid: 660 (/system/system_ext/bin/hwservicemanager)
05-04 17:38:00.826     0     0 I QCOM-BATT: pl_fcc_vote_callback: total_fcc_ua=1950000
05-04 17:38:00.826     0     0 I QCOM-BATT: pl_fv_vote_callback: fv_uv=4400000
05-04 17:38:01.185     0     0 E FG      : fg_psy_get_property: unsupported property 79
05-04 17:38:01.193     0     0 E FG      : fg_psy_get_property: unsupported property 79
05-04 17:38:01.199     0     0 W healthd : battery l=100 v=3058 t=24.0 h=2 st=5 c=0 fc=2831000 chg=u
05-04 17:38:01.205     0     0 E FG      : fg_psy_get_property: unsupported property 79
05-04 17:38:01.890  3704  3747 W HidlServiceManagement: Waited one second for vendor.qti.hardware.cacert@1.0::IService/default
05-04 17:38:01.891   660   660 I hwservicemanager: Since vendor.qti.hardware.cacert@1.0::IService/default is not registered, trying to start it as a lazy HAL (if it's not configured to be a lazy HAL, it may be stuck starting or still starting).
05-04 17:38:01.893  3704  3747 I HidlServiceManagement: getService: Trying again for vendor.qti.hardware.cacert@1.0::IService/default...
05-04 17:38:01.896   660  3668 W libc    : Unable to set property "ctl.interface_start" to "vendor.qti.hardware.cacert@1.0::IService/default": PROP_ERROR_HANDLE_CONTROL_MESSAGE (0x20)
05-04 17:38:01.897   660  3668 I hwservicemanager: Tried to start vendor.qti.hardware.cacert@1.0::IService/default as a lazy service, but was unable to. Usually this happens when a service is not installed, but if the service is intended to be used as a lazy service, then it may be configured incorrectly.
05-04 17:38:01.810     0     0 E init    : Control message: Could not find 'vendor.qti.hardware.cacert@1.0::IService/default' for ctl.interface_start from pid: 660 (/system/system_ext/bin/hwservicemanager)
05-04 17:38:02.893  3704  3747 W HidlServiceManagement: Waited one second for vendor.qti.hardware.cacert@1.0::IService/default
05-04 17:38:02.894   660   660 I hwservicemanager: Since vendor.qti.hardware.cacert@1.0::IService/default is not registered, trying to start it as a lazy HAL (if it's not configured to be a lazy HAL, it may be stuck starting or still starting).
05-04 17:38:02.895  3704  3747 I HidlServiceManagement: getService: Trying again for vendor.qti.hardware.cacert@1.0::IService/default...
05-04 17:38:02.898   660  3669 W libc    : Unable to set property "ctl.interface_start" to "vendor.qti.hardware.cacert@1.0::IService/default": PROP_ERROR_HANDLE_CONTROL_MESSAGE (0x20)
05-04 17:38:02.898   660  3669 I hwservicemanager: Tried to start vendor.qti.hardware.cacert@1.0::IService/default as a lazy service, but was unable to. Usually this happens when a service is not installed, but if the service is intended to be used as a lazy service, then it may be configured incorrectly.
05-04 17:38:02.811     0     0 E init    : Control message: Could not find 'vendor.qti.hardware.cacert@1.0::IService/default' for ctl.interface_start from pid: 660 (/system/system_ext/bin/hwservicemanager)
05-04 17:38:03.895  3704  3747 W HidlServiceManagement: Waited one second for vendor.qti.hardware.cacert@1.0::IService/default
05-04 17:38:03.896   660   660 I hwservicemanager: Since vendor.qti.hardware.cacert@1.0::IService/default is not registered, trying to start it as a lazy HAL (if it's not configured to be a lazy HAL, it may be stuck starting or still starting).
05-04 17:38:03.897  3704  3747 I HidlServiceManagement: getService: Trying again for vendor.qti.hardware.cacert@1.0::IService/default...
05-04 17:38:03.899   660  3671 W libc    : Unable to set property "ctl.interface_start" to "vendor.qti.hardware.cacert@1.0::IService/default": PROP_ERROR_HANDLE_CONTROL_MESSAGE (0x20)
05-04 17:38:03.899   660  3671 I hwservicemanager: Tried to start vendor.qti.hardware.cacert@1.0::IService/default as a lazy service, but was unable to. Usually this happens when a service is not installed, but if the service is intended to be used as a lazy service, then it may be configured incorrectly.
05-04 17:38:03.812     0     0 E init    : Control message: Could not find 'vendor.qti.hardware.cacert@1.0::IService/default' for ctl.interface_start from pid: 660 (/system/system_ext/bin/hwservicemanager)
05-04 17:38:04.897  3704  3747 W HidlServiceManagement: Waited one second for vendor.qti.hardware.cacert@1.0::IService/default
05-04 17:38:04.898   660   660 I hwservicemanager: Since vendor.qti.hardware.cacert@1.0::IService/default is not registered, trying to start it as a lazy HAL (if it's not configured to be a lazy HAL, it may be stuck starting or still starting).
05-04 17:38:04.899  3704  3747 I HidlServiceManagement: getService: Trying again for vendor.qti.hardware.cacert@1.0::IService/default...
05-04 17:38:04.901   660  3672 W libc    : Unable to set property "ctl.interface_start" to "vendor.qti.hardware.cacert@1.0::IService/default": PROP_ERROR_HANDLE_CONTROL_MESSAGE (0x20)
05-04 17:38:04.901   660  3672 I hwservicemanager: Tried to start vendor.qti.hardware.cacert@1.0::IService/default as a lazy service, but was unable to. Usually this happens when a service is not installed, but if the service is intended to be used as a lazy service, then it may be configured incorrectly.
05-04 17:38:04.814     0     0 E init    : Control message: Could not find 'vendor.qti.hardware.cacert@1.0::IService/default' for ctl.interface_start from pid: 660 (/system/system_ext/bin/hwservicemanager)
05-04 17:38:05.899  3704  3747 W HidlServiceManagement: Waited one second for vendor.qti.hardware.cacert@1.0::IService/default
05-04 17:38:05.900   660   660 I hwservicemanager: Since vendor.qti.hardware.cacert@1.0::IService/default is not registered, trying to start it as a lazy HAL (if it's not configured to be a lazy HAL, it may be stuck starting or still starting).
05-04 17:38:05.901  3704  3747 I HidlServiceManagement: getService: Trying again for vendor.qti.hardware.cacert@1.0::IService/default...
05-04 17:38:05.903   660  3673 W libc    : Unable to set property "ctl.interface_start" to "vendor.qti.hardware.cacert@1.0::IService/default": PROP_ERROR_HANDLE_CONTROL_MESSAGE (0x20)
05-04 17:38:05.903   660  3673 I hwservicemanager: Tried to start vendor.qti.hardware.cacert@1.0::IService/default as a lazy service, but was unable to. Usually this happens when a service is not installed, but if the service is intended to be used as a lazy service, then it may be configured incorrectly.
05-04 17:38:05.816     0     0 E init    : Control message: Could not find 'vendor.qti.hardware.cacert@1.0::IService/default' for ctl.interface_start from pid: 660 (/system/system_ext/bin/hwservicemanager)
05-04 17:38:06.902  3704  3747 W HidlServiceManagement: Waited one second for vendor.qti.hardware.cacert@1.0::IService/default
05-04 17:38:06.902   660   660 I hwservicemanager: Since vendor.qti.hardware.cacert@1.0::IService/default is not registered, trying to start it as a lazy HAL (if it's not configured to be a lazy HAL, it may be stuck starting or still starting).
05-04 17:38:06.904  3704  3747 I HidlServiceManagement: getService: Trying again for vendor.qti.hardware.cacert@1.0::IService/default...
05-04 17:38:06.819     0     0 E init    : Control message: Could not find 'vendor.qti.hardware.cacert@1.0::IService/default' for ctl.interface_start from pid: 660 (/system/system_ext/bin/hwservicemanager)
05-04 17:38:06.906   660  3675 W libc    : Unable to set property "ctl.interface_start" to "vendor.qti.hardware.cacert@1.0::IService/default": PROP_ERROR_HANDLE_CONTROL_MESSAGE (0x20)
05-04 17:38:06.906   660  3675 I hwservicemanager: Tried to start vendor.qti.hardware.cacert@1.0::IService/default as a lazy service, but was unable to. Usually this happens when a service is not installed, but if the service is intended to be used as a lazy service, then it may be configured incorrectly.
05-04 17:38:07.904  3704  3747 W HidlServiceManagement: Waited one second for vendor.qti.hardware.cacert@1.0::IService/default
05-04 17:38:07.905   660   660 I hwservicemanager: Since vendor.qti.hardware.cacert@1.0::IService/default is not registered, trying to start it as a lazy HAL (if it's not configured to be a lazy HAL, it may be stuck starting or still starting).
05-04 17:38:07.906  3704  3747 I HidlServiceManagement: getService: Trying again for vendor.qti.hardware.cacert@1.0::IService/default...
05-04 17:38:07.908   660  3676 W libc    : Unable to set property "ctl.interface_start" to "vendor.qti.hardware.cacert@1.0::IService/default": PROP_ERROR_HANDLE_CONTROL_MESSAGE (0x20)
05-04 17:38:07.908   660  3676 I hwservicemanager: Tried to start vendor.qti.hardware.cacert@1.0::IService/default as a lazy service, but was unable to. Usually this happens when a service is not installed, but if the service is intended to be used as a lazy service, then it may be configured incorrectly.
05-04 17:38:07.822     0     0 E init    : Control message: Could not find 'vendor.qti.hardware.cacert@1.0::IService/default' for ctl.interface_start from pid: 660 (/system/system_ext/bin/hwservicemanager)
05-04 17:38:07.866     0     0 I QCOM-BATT: pl_fcc_vote_callback: total_fcc_ua=1950000
05-04 17:38:07.866     0     0 I QCOM-BATT: pl_fv_vote_callback: fv_uv=4400000
05-04 17:38:08.225     0     0 E FG      : fg_psy_get_property: unsupported property 79
05-04 17:38:08.234     0     0 E FG      : fg_psy_get_property: unsupported property 79
05-04 17:38:08.240     0     0 W healthd : battery l=100 v=3058 t=24.0 h=2 st=5 c=0 fc=2831000 chg=u
05-04 17:38:08.246     0     0 E FG      : fg_psy_get_property: unsupported property 79
05-04 17:38:08.906  3704  3747 W HidlServiceManagement: Waited one second for vendor.qti.hardware.cacert@1.0::IService/default
05-04 17:38:08.907   660   660 I hwservicemanager: Since vendor.qti.hardware.cacert@1.0::IService/default is not registered, trying to start it as a lazy HAL (if it's not configured to be a lazy HAL, it may be stuck starting or still starting).
05-04 17:38:08.910  3704  3747 I HidlServiceManagement: getService: Trying again for vendor.qti.hardware.cacert@1.0::IService/default...
05-04 17:38:08.911   660  3692 W libc    : Unable to set property "ctl.interface_start" to "vendor.qti.hardware.cacert@1.0::IService/default": PROP_ERROR_HANDLE_CONTROL_MESSAGE (0x20)
05-04 17:38:08.911   660  3692 I hwservicemanager: Tried to start vendor.qti.hardware.cacert@1.0::IService/default as a lazy service, but was unable to. Usually this happens when a service is not installed, but if the service is intended to be used as a lazy service, then it may be configured incorrectly.
05-04 17:38:08.825     0     0 E init    : Control message: Could not find 'vendor.qti.hardware.cacert@1.0::IService/default' for ctl.interface_start from pid: 660 (/system/system_ext/bin/hwservicemanager)
05-04 17:38:09.910  3704  3747 W HidlServiceManagement: Waited one second for vendor.qti.hardware.cacert@1.0::IService/default
05-04 17:38:09.911   660   660 I hwservicemanager: Since vendor.qti.hardware.cacert@1.0::IService/default is not registered, trying to start it as a lazy HAL (if it's not configured to be a lazy HAL, it may be stuck starting or still starting).
05-04 17:38:09.912  3704  3747 I HidlServiceManagement: getService: Trying again for vendor.qti.hardware.cacert@1.0::IService/default...
05-04 17:38:09.827     0     0 E init    : Control message: Could not find 'vendor.qti.hardware.cacert@1.0::IService/default' for ctl.interface_start from pid: 660 (/system/system_ext/bin/hwservicemanager)
05-04 17:38:09.914   660  3693 W libc    : Unable to set property "ctl.interface_start" to "vendor.qti.hardware.cacert@1.0::IService/default": PROP_ERROR_HANDLE_CONTROL_MESSAGE (0x20)
05-04 17:38:09.915   660  3693 I hwservicemanager: Tried to start vendor.qti.hardware.cacert@1.0::IService/default as a lazy service, but was unable to. Usually this happens when a service is not installed, but if the service is intended to be used as a lazy service, then it may be configured incorrectly.
05-04 17:38:10.912  3704  3747 W HidlServiceManagement: Waited one second for vendor.qti.hardware.cacert@1.0::IService/default
05-04 17:38:10.913   660   660 I hwservicemanager: Since vendor.qti.hardware.cacert@1.0::IService/default is not registered, trying to start it as a lazy HAL (if it's not configured to be a lazy HAL, it may be stuck starting or still starting).
05-04 17:38:10.914  3704  3747 I HidlServiceManagement: getService: Trying again for vendor.qti.hardware.cacert@1.0::IService/default...
05-04 17:38:10.916   660  3695 W libc    : Unable to set property "ctl.interface_start" to "vendor.qti.hardware.cacert@1.0::IService/default": PROP_ERROR_HANDLE_CONTROL_MESSAGE (0x20)
05-04 17:38:10.917   660  3695 I hwservicemanager: Tried to start vendor.qti.hardware.cacert@1.0::IService/default as a lazy service, but was unable to. Usually this happens when a service is not installed, but if the service is intended to be used as a lazy service, then it may be configured incorrectly.
05-04 17:38:10.829     0     0 E init    : Control message: Could not find 'vendor.qti.hardware.cacert@1.0::IService/default' for ctl.interface_start from pid: 660 (/system/system_ext/bin/hwservicemanager)
05-04 17:38:11.915  3704  3747 W HidlServiceManagement: Waited one second for vendor.qti.hardware.cacert@1.0::IService/default
05-04 17:38:11.916   660   660 I hwservicemanager: Since vendor.qti.hardware.cacert@1.0::IService/default is not registered, trying to start it as a lazy HAL (if it's not configured to be a lazy HAL, it may be stuck starting or still starting).
05-04 17:38:11.917  3704  3747 I HidlServiceManagement: getService: Trying again for vendor.qti.hardware.cacert@1.0::IService/default...
05-04 17:38:11.919   660  3697 W libc    : Unable to set property "ctl.interface_start" to "vendor.qti.hardware.cacert@1.0::IService/default": PROP_ERROR_HANDLE_CONTROL_MESSAGE (0x20)
05-04 17:38:11.919   660  3697 I hwservicemanager: Tried to start vendor.qti.hardware.cacert@1.0::IService/default as a lazy service, but was unable to. Usually this happens when a service is not installed, but if the service is intended to be used as a lazy service, then it may be configured incorrectly.
05-04 17:38:11.832     0     0 E init    : Control message: Could not find 'vendor.qti.hardware.cacert@1.0::IService/default' for ctl.interface_start from pid: 660 (/system/system_ext/bin/hwservicemanager)
05-04 17:38:12.918  3704  3747 W HidlServiceManagement: Waited one second for vendor.qti.hardware.cacert@1.0::IService/default
05-04 17:38:12.920   660   660 I hwservicemanager: Since vendor.qti.hardware.cacert@1.0::IService/default is not registered, trying to start it as a lazy HAL (if it's not configured to be a lazy HAL, it may be stuck starting or still starting).
05-04 17:38:12.920  3704  3747 I HidlServiceManagement: getService: Trying again for vendor.qti.hardware.cacert@1.0::IService/default...
05-04 17:38:12.923   660  3700 W libc    : Unable to set property "ctl.interface_start" to "vendor.qti.hardware.cacert@1.0::IService/default": PROP_ERROR_HANDLE_CONTROL_MESSAGE (0x20)
05-04 17:38:12.923   660  3700 I hwservicemanager: Tried to start vendor.qti.hardware.cacert@1.0::IService/default as a lazy service, but was unable to. Usually this happens when a service is not installed, but if the service is intended to be used as a lazy service, then it may be configured incorrectly.
05-04 17:38:12.836     0     0 E init    : Control message: Could not find 'vendor.qti.hardware.cacert@1.0::IService/default' for ctl.interface_start from pid: 660 (/system/system_ext/bin/hwservicemanager)
05-04 17:38:13.921  3704  3747 W HidlServiceManagement: Waited one second for vendor.qti.hardware.cacert@1.0::IService/default
05-04 17:38:13.922   660   660 I hwservicemanager: Since vendor.qti.hardware.cacert@1.0::IService/default is not registered, trying to start it as a lazy HAL (if it's not configured to be a lazy HAL, it may be stuck starting or still starting).
05-04 17:38:13.922  3704  3747 I HidlServiceManagement: getService: Trying again for vendor.qti.hardware.cacert@1.0::IService/default...
05-04 17:38:13.926   660  3708 W libc    : Unable to set property "ctl.interface_start" to "vendor.qti.hardware.cacert@1.0::IService/default": PROP_ERROR_HANDLE_CONTROL_MESSAGE (0x20)
05-04 17:38:13.926   660  3708 I hwservicemanager: Tried to start vendor.qti.hardware.cacert@1.0::IService/default as a lazy service, but was unable to. Usually this happens when a service is not installed, but if the service is intended to be used as a lazy service, then it may be configured incorrectly.
05-04 17:38:13.839     0     0 E init    : Control message: Could not find 'vendor.qti.hardware.cacert@1.0::IService/default' for ctl.interface_start from pid: 660 (/system/system_ext/bin/hwservicemanager)
05-04 17:38:14.923  3704  3747 W HidlServiceManagement: Waited one second for vendor.qti.hardware.cacert@1.0::IService/default
05-04 17:38:14.924   660   660 I hwservicemanager: Since vendor.qti.hardware.cacert@1.0::IService/default is not registered, trying to start it as a lazy HAL (if it's not configured to be a lazy HAL, it may be stuck starting or still starting).
05-04 17:38:14.925  3704  3747 I HidlServiceManagement: getService: Trying again for vendor.qti.hardware.cacert@1.0::IService/default...
05-04 17:38:14.927   660  3709 W libc    : Unable to set property "ctl.interface_start" to "vendor.qti.hardware.cacert@1.0::IService/default": PROP_ERROR_HANDLE_CONTROL_MESSAGE (0x20)
05-04 17:38:14.927   660  3709 I hwservicemanager: Tried to start vendor.qti.hardware.cacert@1.0::IService/default as a lazy service, but was unable to. Usually this happens when a service is not installed, but if the service is intended to be used as a lazy service, then it may be configured incorrectly.
05-04 17:38:14.840     0     0 E init    : Control message: Could not find 'vendor.qti.hardware.cacert@1.0::IService/default' for ctl.interface_start from pid: 660 (/system/system_ext/bin/hwservicemanager)
05-04 17:38:14.906     0     0 I QCOM-BATT: pl_fcc_vote_callback: total_fcc_ua=1950000
05-04 17:38:14.906     0     0 I QCOM-BATT: pl_fv_vote_callback: fv_uv=4400000
05-04 17:38:15.205     0     0 E FG      : fg_psy_get_property: unsupported property 79
05-04 17:38:15.216     0     0 E FG      : fg_psy_get_property: unsupported property 79
05-04 17:38:15.316  1126  1126 D QtiCarrierConfigHelper: WARNING, no carrier configs on phone Id: 0
05-04 17:38:15.221     0     0 W healthd : battery l=100 v=3057 t=24.1 h=2 st=5 c=0 fc=2831000 chg=u
05-04 17:38:15.317   960  2050 D PowerUI : can't show warning due to - plugged: true status unknown: false
05-04 17:38:15.234     0     0 E FG      : fg_psy_get_property: unsupported property 79
05-04 17:38:15.925  3704  3747 W HidlServiceManagement: Waited one second for vendor.qti.hardware.cacert@1.0::IService/default
05-04 17:38:15.927   660   660 I hwservicemanager: Since vendor.qti.hardware.cacert@1.0::IService/default is not registered, trying to start it as a lazy HAL (if it's not configured to be a lazy HAL, it may be stuck starting or still starting).
05-04 17:38:15.928  3704  3747 I HidlServiceManagement: getService: Trying again for vendor.qti.hardware.cacert@1.0::IService/default...
05-04 17:38:15.931   660  3710 W libc    : Unable to set property "ctl.interface_start" to "vendor.qti.hardware.cacert@1.0::IService/default": PROP_ERROR_HANDLE_CONTROL_MESSAGE (0x20)
05-04 17:38:15.931   660  3710 I hwservicemanager: Tried to start vendor.qti.hardware.cacert@1.0::IService/default as a lazy service, but was unable to. Usually this happens when a service is not installed, but if the service is intended to be used as a lazy service, then it may be configured incorrectly.
05-04 17:38:15.844     0     0 E init    : Control message: Could not find 'vendor.qti.hardware.cacert@1.0::IService/default' for ctl.interface_start from pid: 660 (/system/system_ext/bin/hwservicemanager)
05-04 17:38:16.928  3704  3747 W HidlServiceManagement: Waited one second for vendor.qti.hardware.cacert@1.0::IService/default
05-04 17:38:16.929   660   660 I hwservicemanager: Since vendor.qti.hardware.cacert@1.0::IService/default is not registered, trying to start it as a lazy HAL (if it's not configured to be a lazy HAL, it may be stuck starting or still starting).
05-04 17:38:16.930  3704  3747 I HidlServiceManagement: getService: Trying again for vendor.qti.hardware.cacert@1.0::IService/default...
05-04 17:38:16.933   660  3712 W libc    : Unable to set property "ctl.interface_start" to "vendor.qti.hardware.cacert@1.0::IService/default": PROP_ERROR_HANDLE_CONTROL_MESSAGE (0x20)
05-04 17:38:16.933   660  3712 I hwservicemanager: Tried to start vendor.qti.hardware.cacert@1.0::IService/default as a lazy service, but was unable to. Usually this happens when a service is not installed, but if the service is intended to be used as a lazy service, then it may be configured incorrectly.
05-04 17:38:16.846     0     0 E init    : Control message: Could not find 'vendor.qti.hardware.cacert@1.0::IService/default' for ctl.interface_start from pid: 660 (/system/system_ext/bin/hwservicemanager)
05-04 17:38:17.930  3704  3747 W HidlServiceManagement: Waited one second for vendor.qti.hardware.cacert@1.0::IService/default
05-04 17:38:17.932   660   660 I hwservicemanager: Since vendor.qti.hardware.cacert@1.0::IService/default is not registered, trying to start it as a lazy HAL (if it's not configured to be a lazy HAL, it may be stuck starting or still starting).
05-04 17:38:17.933  3704  3747 I HidlServiceManagement: getService: Trying again for vendor.qti.hardware.cacert@1.0::IService/default...
05-04 17:38:17.935   660  3714 W libc    : Unable to set property "ctl.interface_start" to "vendor.qti.hardware.cacert@1.0::IService/default": PROP_ERROR_HANDLE_CONTROL_MESSAGE (0x20)
05-04 17:38:17.935   660  3714 I hwservicemanager: Tried to start vendor.qti.hardware.cacert@1.0::IService/default as a lazy service, but was unable to. Usually this happens when a service is not installed, but if the service is intended to be used as a lazy service, then it may be configured incorrectly.
05-04 17:38:17.848     0     0 E init    : Control message: Could not find 'vendor.qti.hardware.cacert@1.0::IService/default' for ctl.interface_start from pid: 660 (/system/system_ext/bin/hwservicemanager)
05-04 17:38:18.933  3704  3747 W HidlServiceManagement: Waited one second for vendor.qti.hardware.cacert@1.0::IService/default
05-04 17:38:18.934   660   660 I hwservicemanager: Since vendor.qti.hardware.cacert@1.0::IService/default is not registered, trying to start it as a lazy HAL (if it's not configured to be a lazy HAL, it may be stuck starting or still starting).
05-04 17:38:18.935  3704  3747 I HidlServiceManagement: getService: Trying again for vendor.qti.hardware.cacert@1.0::IService/default...
05-04 17:38:18.850     0     0 E init    : Control message: Could not find 'vendor.qti.hardware.cacert@1.0::IService/default' for ctl.interface_start from pid: 660 (/system/system_ext/bin/hwservicemanager)
05-04 17:38:18.937   660  3715 W libc    : Unable to set property "ctl.interface_start" to "vendor.qti.hardware.cacert@1.0::IService/default": PROP_ERROR_HANDLE_CONTROL_MESSAGE (0x20)
05-04 17:38:18.937   660  3715 I hwservicemanager: Tried to start vendor.qti.hardware.cacert@1.0::IService/default as a lazy service, but was unable to. Usually this happens when a service is not installed, but if the service is intended to be used as a lazy service, then it may be configured incorrectly.
05-04 17:38:19.936  3704  3747 W HidlServiceManagement: Waited one second for vendor.qti.hardware.cacert@1.0::IService/default
05-04 17:38:19.937   660   660 I hwservicemanager: Since vendor.qti.hardware.cacert@1.0::IService/default is not registered, trying to start it as a lazy HAL (if it's not configured to be a lazy HAL, it may be stuck starting or still starting).
05-04 17:38:19.939  3704  3747 I HidlServiceManagement: getService: Trying again for vendor.qti.hardware.cacert@1.0::IService/default...
05-04 17:38:19.941   660  3719 W libc    : Unable to set property "ctl.interface_start" to "vendor.qti.hardware.cacert@1.0::IService/default": PROP_ERROR_HANDLE_CONTROL_MESSAGE (0x20)
05-04 17:38:19.941   660  3719 I hwservicemanager: Tried to start vendor.qti.hardware.cacert@1.0::IService/default as a lazy service, but was unable to. Usually this happens when a service is not installed, but if the service is intended to be used as a lazy service, then it may be configured incorrectly.
05-04 17:38:19.853     0     0 E init    : Control message: Could not find 'vendor.qti.hardware.cacert@1.0::IService/default' for ctl.interface_start from pid: 660 (/system/system_ext/bin/hwservicemanager)
05-04 17:38:20.939  3704  3747 W HidlServiceManagement: Waited one second for vendor.qti.hardware.cacert@1.0::IService/default
05-04 17:38:20.940   660   660 I hwservicemanager: Since vendor.qti.hardware.cacert@1.0::IService/default is not registered, trying to start it as a lazy HAL (if it's not configured to be a lazy HAL, it may be stuck starting or still starting).
05-04 17:38:20.941  3704  3747 I HidlServiceManagement: getService: Trying again for vendor.qti.hardware.cacert@1.0::IService/default...
05-04 17:38:20.943   660  3720 W libc    : Unable to set property "ctl.interface_start" to "vendor.qti.hardware.cacert@1.0::IService/default": PROP_ERROR_HANDLE_CONTROL_MESSAGE (0x20)
05-04 17:38:20.943   660  3720 I hwservicemanager: Tried to start vendor.qti.hardware.cacert@1.0::IService/default as a lazy service, but was unable to. Usually this happens when a service is not installed, but if the service is intended to be used as a lazy service, then it may be configured incorrectly.
05-04 17:38:20.856     0     0 E init    : Control message: Could not find 'vendor.qti.hardware.cacert@1.0::IService/default' for ctl.interface_start from pid: 660 (/system/system_ext/bin/hwservicemanager)
05-04 17:38:21.942  3704  3747 W HidlServiceManagement: Waited one second for vendor.qti.hardware.cacert@1.0::IService/default
05-04 17:38:21.943   660   660 I hwservicemanager: Since vendor.qti.hardware.cacert@1.0::IService/default is not registered, trying to start it as a lazy HAL (if it's not configured to be a lazy HAL, it may be stuck starting or still starting).
05-04 17:38:21.944  3704  3747 I HidlServiceManagement: getService: Trying again for vendor.qti.hardware.cacert@1.0::IService/default...
05-04 17:38:21.947   660  3721 W libc    : Unable to set property "ctl.interface_start" to "vendor.qti.hardware.cacert@1.0::IService/default": PROP_ERROR_HANDLE_CONTROL_MESSAGE (0x20)
05-04 17:38:21.947   660  3721 I hwservicemanager: Tried to start vendor.qti.hardware.cacert@1.0::IService/default as a lazy service, but was unable to. Usually this happens when a service is not installed, but if the service is intended to be used as a lazy service, then it may be configured incorrectly.
05-04 17:38:21.859     0     0 E init    : Control message: Could not find 'vendor.qti.hardware.cacert@1.0::IService/default' for ctl.interface_start from pid: 660 (/system/system_ext/bin/hwservicemanager)
05-04 17:38:21.946     0     0 I QCOM-BATT: pl_fcc_vote_callback: total_fcc_ua=1950000
05-04 17:38:21.946     0     0 I QCOM-BATT: pl_fv_vote_callback: fv_uv=4400000
05-04 17:38:22.305     0     0 E FG      : fg_psy_get_property: unsupported property 79
05-04 17:38:22.318     0     0 E FG      : fg_psy_get_property: unsupported property 79
05-04 17:38:22.324     0     0 W healthd : battery l=100 v=3057 t=24.1 h=2 st=5 c=0 fc=2831000 chg=u
05-04 17:38:22.330     0     0 E FG      : fg_psy_get_property: unsupported property 79
05-04 17:38:22.944  3704  3747 W HidlServiceManagement: Waited one second for vendor.qti.hardware.cacert@1.0::IService/default
05-04 17:38:22.946   660   660 I hwservicemanager: Since vendor.qti.hardware.cacert@1.0::IService/default is not registered, trying to start it as a lazy HAL (if it's not configured to be a lazy HAL, it may be stuck starting or still starting).
05-04 17:38:22.946  3704  3747 I HidlServiceManagement: getService: Trying again for vendor.qti.hardware.cacert@1.0::IService/default...
05-04 17:38:22.950   660  3723 W libc    : Unable to set property "ctl.interface_start" to "vendor.qti.hardware.cacert@1.0::IService/default": PROP_ERROR_HANDLE_CONTROL_MESSAGE (0x20)
05-04 17:38:22.950   660  3723 I hwservicemanager: Tried to start vendor.qti.hardware.cacert@1.0::IService/default as a lazy service, but was unable to. Usually this happens when a service is not installed, but if the service is intended to be used as a lazy service, then it may be configured incorrectly.
05-04 17:38:22.863     0     0 E init    : Control message: Could not find 'vendor.qti.hardware.cacert@1.0::IService/default' for ctl.interface_start from pid: 660 (/system/system_ext/bin/hwservicemanager)
05-04 17:38:23.947  3704  3747 W HidlServiceManagement: Waited one second for vendor.qti.hardware.cacert@1.0::IService/default
05-04 17:38:23.948   660   660 I hwservicemanager: Since vendor.qti.hardware.cacert@1.0::IService/default is not registered, trying to start it as a lazy HAL (if it's not configured to be a lazy HAL, it may be stuck starting or still starting).
05-04 17:38:23.949  3704  3747 I HidlServiceManagement: getService: Trying again for vendor.qti.hardware.cacert@1.0::IService/default...
05-04 17:38:23.951   660  3734 W libc    : Unable to set property "ctl.interface_start" to "vendor.qti.hardware.cacert@1.0::IService/default": PROP_ERROR_HANDLE_CONTROL_MESSAGE (0x20)
05-04 17:38:23.951   660  3734 I hwservicemanager: Tried to start vendor.qti.hardware.cacert@1.0::IService/default as a lazy service, but was unable to. Usually this happens when a service is not installed, but if the service is intended to be used as a lazy service, then it may be configured incorrectly.
05-04 17:38:23.864     0     0 E init    : Control message: Could not find 'vendor.qti.hardware.cacert@1.0::IService/default' for ctl.interface_start from pid: 660 (/system/system_ext/bin/hwservicemanager)
05-04 17:38:24.025   307   717 E WifiScoringParams: Invalid frequency(-1), using 5G as default rssi array
05-04 17:38:24.031  3530  3530 W wificond: Failed to get NL80211_ATTR_MAX_NUM_AKM_SUITES
05-04 17:38:24.033  3530  3530 W wificond: Failed to get NL80211_ATTR_MAX_NUM_AKM_SUITES
05-04 17:38:24.034  3530  3530 W wificond: Failed to get NL80211_ATTR_MAX_NUM_AKM_SUITES
05-04 17:38:24.037  3703 20622 D LOWI-9.0.0.79: [LOWI-Scan] wait_event:Wait done with Cmd 33
05-04 17:38:24.037  3703 20622 D LOWI-9.0.0.79: [LOWI-Scan] do_listen_events: Rcvd valid Netlink Cmd 0 Err 0
05-04 17:38:24.949  3704  3747 W HidlServiceManagement: Waited one second for vendor.qti.hardware.cacert@1.0::IService/default
05-04 17:38:24.950   660   660 I hwservicemanager: Since vendor.qti.hardware.cacert@1.0::IService/default is not registered, trying to start it as a lazy HAL (if it's not configured to be a lazy HAL, it may be stuck starting or still starting).
05-04 17:38:24.952  3704  3747 I HidlServiceManagement: getService: Trying again for vendor.qti.hardware.cacert@1.0::IService/default...
05-04 17:38:24.953   660  3737 W libc    : Unable to set property "ctl.interface_start" to "vendor.qti.hardware.cacert@1.0::IService/default": PROP_ERROR_HANDLE_CONTROL_MESSAGE (0x20)
05-04 17:38:24.953   660  3737 I hwservicemanager: Tried to start vendor.qti.hardware.cacert@1.0::IService/default as a lazy service, but was unable to. Usually this happens when a service is not installed, but if the service is intended to be used as a lazy service, then it may be configured incorrectly.
05-04 17:38:24.866     0     0 E init    : Control message: Could not find 'vendor.qti.hardware.cacert@1.0::IService/default' for ctl.interface_start from pid: 660 (/system/system_ext/bin/hwservicemanager)
05-04 17:38:25.952  3704  3747 W HidlServiceManagement: Waited one second for vendor.qti.hardware.cacert@1.0::IService/default
05-04 17:38:25.953   660   660 I hwservicemanager: Since vendor.qti.hardware.cacert@1.0::IService/default is not registered, trying to start it as a lazy HAL (if it's not configured to be a lazy HAL, it may be stuck starting or still starting).
05-04 17:38:25.954  3704  3747 I HidlServiceManagement: getService: Trying again for vendor.qti.hardware.cacert@1.0::IService/default...
05-04 17:38:25.955   660  3740 W libc    : Unable to set property "ctl.interface_start" to "vendor.qti.hardware.cacert@1.0::IService/default": PROP_ERROR_HANDLE_CONTROL_MESSAGE (0x20)
05-04 17:38:25.956   660  3740 I hwservicemanager: Tried to start vendor.qti.hardware.cacert@1.0::IService/default as a lazy service, but was unable to. Usually this happens when a service is not installed, but if the service is intended to be used as a lazy service, then it may be configured incorrectly.
05-04 17:38:25.869     0     0 E init    : Control message: Could not find 'vendor.qti.hardware.cacert@1.0::IService/default' for ctl.interface_start from pid: 660 (/system/system_ext/bin/hwservicemanager)
05-04 17:38:26.954  3704  3747 W HidlServiceManagement: Waited one second for vendor.qti.hardware.cacert@1.0::IService/default
05-04 17:38:26.955   660   660 I hwservicemanager: Since vendor.qti.hardware.cacert@1.0::IService/default is not registered, trying to start it as a lazy HAL (if it's not configured to be a lazy HAL, it may be stuck starting or still starting).
05-04 17:38:26.956  3704  3747 I HidlServiceManagement: getService: Trying again for vendor.qti.hardware.cacert@1.0::IService/default...
05-04 17:38:26.870     0     0 E init    : Control message: Could not find 'vendor.qti.hardware.cacert@1.0::IService/default' for ctl.interface_start from pid: 660 (/system/system_ext/bin/hwservicemanager)
05-04 17:38:26.957   660  3743 W libc    : Unable to set property "ctl.interface_start" to "vendor.qti.hardware.cacert@1.0::IService/default": PROP_ERROR_HANDLE_CONTROL_MESSAGE (0x20)
05-04 17:38:26.957   660  3743 I hwservicemanager: Tried to start vendor.qti.hardware.cacert@1.0::IService/default as a lazy service, but was unable to. Usually this happens when a service is not installed, but if the service is intended to be used as a lazy service, then it may be configured incorrectly.
05-04 17:38:27.120  3703 20622 D LOWI-9.0.0.79: [LOWI-Scan] wait_event:Wait done with Cmd 34
05-04 17:38:27.121  3703 20622 D LOWI-9.0.0.79: [LOWI-Scan] do_listen_events: Rcvd valid Netlink Cmd 34 Err 0
05-04 17:38:27.121   307  3742 D WifiNl80211Manager: Scan result ready event
05-04 17:38:27.121   307  3742 D WifiNative: Scan result ready event
05-04 17:38:27.121  3703 20622 D LOWI-9.0.0.79: [LOWI-Scan] 
05-04 17:38:27.121  3703 20622 D LOWI-9.0.0.79: [LOWI-Scan] print_bss_handler: Report Probe TSF 2178497406091 as it greater than Beacon TSF 2178497386455
05-04 17:38:27.121  3703 20622 I LOWI-9.0.0.79: [LOWI-Scan] RSN_IE
05-04 17:38:27.121  3703 20622 D LOWI-9.0.0.79: [LOWI-Scan] decode_rsn_wpa_ie: Entered
05-04 17:38:27.121  3703 20622 D LOWI-9.0.0.79: [LOWIUtils] hexDump: msg(30 18 01 00 00 0f ac 04 01 00 00 0f ac 04 02 00 00 0f ac 01 00 0f ac 03 )
05-04 17:38:27.122  3703 20622 D LOWI-9.0.0.79: [LOWI-Scan] decode_rsn_wpa_ie: LOWI_ENCRYPTION_TYPE_WPA_EAP
05-04 17:38:27.122  3703 20622 D LOWI-9.0.0.79: [LOWI-Scan] is_qcom_ie, bss_age: 0
05-04 17:38:27.122  3703 20622 D LOWI-9.0.0.79: [LOWI-Scan] BSS aa:05:d6:4d:36:40 LOWI_PHY_MODE_11AC_VHT40(9), Beacon Interval: 100, LOWI_ENCRYPTION_TYPE_WPA_EAP 11mcRanging: No, ANQP: No, LCI: No, Civic: No, capability(0x1111): ESS Privacy SpectrumMgmt
05-04 17:38:27.122  3703 20622 D LOWI-9.0.0.79: [LOWI-Scan] BSS aa:05:d6:4d:36:40 FREQ: 5200, cFreq1[40:80:160] = [5190:0:0] cFreq2 = 0 Country Code = US 
05-04 17:38:27.122  3703 20622 D LOWI-9.0.0.79: [LOWI-Scan] BSS aa:05:d6:4d:36:40 (wlan0) ASSO: NO AddInfo: 0x0, TSF 25, 05:08:17.406, RSSI: -116, CPL: 127, AGE: 2280,  SSID fw-guest, TSFDelta: 0xa2a1a71a, TXRate: 0
05-04 17:38:27.122  3703 20622 D LOWI-9.0.0.79: [LOWI-Scan] 
05-04 17:38:27.122  3703 20622 D LOWI-9.0.0.79: [LOWI-Scan] print_bss_handler: Report Probe TSF 2178497405020 as it greater than Beacon TSF 2178497385200
05-04 17:38:27.122  3703 20622 I LOWI-9.0.0.79: [LOWI-Scan] RSN_IE
05-04 17:38:27.122  3703 20622 D LOWI-9.0.0.79: [LOWI-Scan] decode_rsn_wpa_ie: Entered
05-04 17:38:27.122  3703 20622 D LOWI-9.0.0.79: [LOWIUtils] hexDump: msg(30 18 01 00 00 0f ac 04 01 00 00 0f ac 04 02 00 00 0f ac 01 00 0f ac 03 )
05-04 17:38:27.122  3703 20622 D LOWI-9.0.0.79: [LOWI-Scan] decode_rsn_wpa_ie: LOWI_ENCRYPTION_TYPE_WPA_EAP
05-04 17:38:27.122  3703 20622 D LOWI-9.0.0.79: [LOWI-Scan] is_qcom_ie, bss_age: 0
05-04 17:38:27.122  3703 20622 D LOWI-9.0.0.79: [LOWI-Scan] BSS a2:05:d6:4d:36:40 LOWI_PHY_MODE_11AC_VHT40(9), Beacon Interval: 100, LOWI_ENCRYPTION_TYPE_WPA_EAP 11mcRanging: No, ANQP: No, LCI: No, Civic: No, capability(0x1111): ESS Privacy SpectrumMgmt
05-04 17:38:27.122  3703 20622 D LOWI-9.0.0.79: [LOWI-Scan] BSS a2:05:d6:4d:36:40 FREQ: 5200, cFreq1[40:80:160] = [5190:0:0] cFreq2 = 0 Country Code = US 
05-04 17:38:27.122  3703 20622 D LOWI-9.0.0.79: [LOWI-Scan] BSS a2:05:d6:4d:36:40 (wlan0) ASSO: NO AddInfo: 0x0, TSF 25, 05:08:17.405, RSSI: -116, CPL: 127, AGE: 2280,  SSID fw-corp, TSFDelta: 0xa2a1a71c, TXRate: 0
05-04 17:38:27.122  3703 20622 D LOWI-9.0.0.79: [LOWI-Scan] 
05-04 17:38:27.122  3703 20622 D LOWI-9.0.0.79: [LOWI-Scan] print_bss_handler: Report Probe TSF 2178497657167 as it greater than Beacon TSF 2178177526107
05-04 17:38:27.122  3703 20622 I LOWI-9.0.0.79: [LOWI-Scan] RSN_IE
05-04 17:38:27.122  3703 20622 D LOWI-9.0.0.79: [LOWI-Scan] decode_rsn_wpa_ie: Entered
05-04 17:38:27.122  3703 20622 D LOWI-9.0.0.79: [LOWIUtils] hexDump: msg(30 18 01 00 00 0f ac 04 01 00 00 0f ac 04 02 00 00 0f ac 01 00 0f ac 03 )
05-04 17:38:27.122  3703 20622 D LOWI-9.0.0.79: [LOWI-Scan] decode_rsn_wpa_ie: LOWI_ENCRYPTION_TYPE_WPA_EAP
05-04 17:38:27.122  3703 20622 D LOWI-9.0.0.79: [LOWI-Scan] is_qcom_ie, bss_age: 0
05-04 17:38:27.122  3703 20622 D LOWI-9.0.0.79: [LOWI-Scan] BSS a2:05:d6:4d:32:c6 LOWI_PHY_MODE_11AC_VHT40(9), Beacon Interval: 100, LOWI_ENCRYPTION_TYPE_WPA_EAP 11mcRanging: No, ANQP: No, LCI: No, Civic: No, capability(0x1111): ESS Privacy SpectrumMgmt
05-04 17:38:27.122  3703 20622 D LOWI-9.0.0.79: [LOWI-Scan] BSS a2:05:d6:4d:32:c6 FREQ: 5765, cFreq1[40:80:160] = [5755:0:0] cFreq2 = 0 Country Code = US 
05-04 17:38:27.122  3703 20622 D LOWI-9.0.0.79: [LOWI-Scan] BSS a2:05:d6:4d:32:c6 (wlan0) ASSO: NO AddInfo: 0x0, TSF 25, 05:08:17.657, RSSI: -128, CPL: 127, AGE: 2030,  SSID fw-corp, TSFDelta: 0xaea5ff76, TXRate: 0
05-04 17:38:27.122  3703 20622 D LOWI-9.0.0.79: [LOWI-Scan] 
05-04 17:38:27.122  3703 20622 D LOWI-9.0.0.79: [LOWI-Scan] print_bss_handler: Report Probe TSF 2178497657558 as it greater than Beacon TSF 2178177527408
05-04 17:38:27.122  3703 20622 I LOWI-9.0.0.79: [LOWI-Scan] RSN_IE
05-04 17:38:27.122  3703 20622 D LOWI-9.0.0.79: [LOWI-Scan] decode_rsn_wpa_ie: Entered
05-04 17:38:27.122  3703 20622 D LOWI-9.0.0.79: [LOWIUtils] hexDump: msg(30 18 01 00 00 0f ac 04 01 00 00 0f ac 04 02 00 00 0f ac 01 00 0f ac 03 )
05-04 17:38:27.122  3703 20622 D LOWI-9.0.0.79: [LOWI-Scan] decode_rsn_wpa_ie: LOWI_ENCRYPTION_TYPE_WPA_EAP
05-04 17:38:27.123  3703 20622 D LOWI-9.0.0.79: [LOWI-Scan] is_qcom_ie, bss_age: 0
05-04 17:38:27.123  3703 20622 D LOWI-9.0.0.79: [LOWI-Scan] BSS aa:05:d6:4d:32:c6 LOWI_PHY_MODE_11AC_VHT40(9), Beacon Interval: 100, LOWI_ENCRYPTION_TYPE_WPA_EAP 11mcRanging: No, ANQP: No, LCI: No, Civic: No, capability(0x1111): ESS Privacy SpectrumMgmt
05-04 17:38:27.123  3703 20622 D LOWI-9.0.0.79: [LOWI-Scan] BSS aa:05:d6:4d:32:c6 FREQ: 5765, cFreq1[40:80:160] = [5755:0:0] cFreq2 = 0 Country Code = US 
05-04 17:38:27.123  3703 20622 D LOWI-9.0.0.79: [LOWI-Scan] BSS aa:05:d6:4d:32:c6 (wlan0) ASSO: NO AddInfo: 0x0, TSF 25, 05:08:17.657, RSSI: -128, CPL: 127, AGE: 2030,  SSID fw-guest, TSFDelta: 0xaea5ff74, TXRate: 0
05-04 17:38:27.123  3703 20622 D LOWI-9.0.0.79: [LOWI-Scan] 
05-04 17:38:27.123  3703 20622 D LOWI-9.0.0.79: [LOWI-Scan] print_bss_handler: Report Probe TSF 2178497404239 as it greater than Beacon TSF 2178497384730
05-04 17:38:27.123  3703 20622 I LOWI-9.0.0.79: [LOWI-Scan] RSN_IE
05-04 17:38:27.123  3703 20622 D LOWI-9.0.0.79: [LOWI-Scan] decode_rsn_wpa_ie: Entered
05-04 17:38:27.123  3703 20622 D LOWI-9.0.0.79: [LOWIUtils] hexDump: msg(30 18 01 00 00 0f ac 04 01 00 00 0f ac 04 02 00 00 0f ac 01 00 0f ac 03 )
05-04 17:38:27.123  3703 20622 D LOWI-9.0.0.79: [LOWI-Scan] decode_rsn_wpa_ie: LOWI_ENCRYPTION_TYPE_WPA_EAP
05-04 17:38:27.123  3703 20622 D LOWI-9.0.0.79: [LOWI-Scan] is_qcom_ie, bss_age: 0
05-04 17:38:27.123  3703 20622 D LOWI-9.0.0.79: [LOWI-Scan] BSS 9c:05:d6:4d:36:40 LOWI_PHY_MODE_11AC_VHT40(9), Beacon Interval: 100, LOWI_ENCRYPTION_TYPE_WPA_EAP 11mcRanging: No, ANQP: No, LCI: No, Civic: No, capability(0x1111): ESS Privacy SpectrumMgmt
05-04 17:38:27.123  3703 20622 D LOWI-9.0.0.79: [LOWI-Scan] BSS 9c:05:d6:4d:36:40 FREQ: 5200, cFreq1[40:80:160] = [5190:0:0] cFreq2 = 0 Country Code = US 
05-04 17:38:27.123  3703 20622 D LOWI-9.0.0.79: [LOWI-Scan] BSS 9c:05:d6:4d:36:40 (wlan0) ASSO: NO AddInfo: 0x0, TSF 25, 05:08:17.404, RSSI: -116, CPL: 127, AGE: 2280,  SSID fw-internet, TSFDelta: 0xa2a1a71a, TXRate: 0
05-04 17:38:27.123  3703 20622 D LOWI-9.0.0.79: [LOWI-Scan] 
05-04 17:38:27.123  3703 20622 D LOWI-9.0.0.79: [LOWI-Scan] print_bss_handler: Report Probe TSF 2178497656113 as it greater than Beacon TSF 2178177525452
05-04 17:38:27.123  3703 20622 I LOWI-9.0.0.79: [LOWI-Scan] RSN_IE
05-04 17:38:27.123  3703 20622 D LOWI-9.0.0.79: [LOWI-Scan] decode_rsn_wpa_ie: Entered
