05-04 17:37:48.050  3488  3597 I WestlakeVM: VM: [PFCUT] InterpreterJni jdk.Unsafe CAS int target=0x5146280 offset=56 current=16 expected=16 new=0 success=1
05-04 17:37:48.050  3488  3597 I WestlakeVM: VM: [PFCUT] InterpreterJni jdk.Unsafe CAS ref target=0x514f150 offset=68 current=0 expected=0 new=0x5155360 success=1 array_index=14
05-04 17:37:48.052  3488  3597 I WestlakeVM: VM: [PFCUT] InterpreterJni jdk.Unsafe CAS ref target=0x514f150 offset=52 current=0 expected=0 new=0x5155360 success=1 array_index=10
05-04 17:37:48.052  3488  3597 I WestlakeVM: VM: [PFCUT] InterpreterJni jdk.Unsafe CAS ref target=0x514f150 offset=48 current=0 expected=0 new=0x5155360 success=1 array_index=9
05-04 17:37:48.052  3488  3597 I WestlakeVM: VM: [PFCUT] InterpreterJni jdk.Unsafe CAS ref target=0x514f150 offset=44 current=0 expected=0 new=0x5155360 success=1 array_index=8
05-04 17:37:48.053  3488  3597 I WestlakeVM: VM: [PFCUT] InterpreterJni jdk.Unsafe CAS ref target=0x514f150 offset=32 current=0 expected=0 new=0x5155360 success=1 array_index=5
05-04 17:37:48.053  3488  3597 I WestlakeVM: VM: [PFCUT] InterpreterJni jdk.Unsafe CAS ref target=0x514f150 offset=24 current=0 expected=0 new=0x5155360 success=1 array_index=3
05-04 17:37:48.053  3488  3597 I WestlakeVM: VM: [PFCUT] InterpreterJni jdk.Unsafe CAS ref target=0x514f150 offset=20 current=0 expected=0 new=0x5155360 success=1 array_index=2
05-04 17:37:48.054  3488  3597 I WestlakeVM: VM: [PFCUT] InterpreterJni jdk.Unsafe CAS ref target=0x514f150 offset=12 current=0 expected=0 new=0x5155360 success=1 array_index=0
05-04 17:37:48.054  3488  3597 I WestlakeVM: VM: [PFCUT] InterpreterJni jdk.Unsafe CAS int target=0x5146280 offset=52 current=-2145714174 expected=-2145714174 new=-2145714175 success=1
05-04 17:37:48.056  3488  3597 I WestlakeVM: VM: [PFCUT] System.arraycopy intrinsic src=[B dst=[B srcPos=0 dstPos=0 count=16
05-04 17:37:48.057  3488  3597 I WestlakeVM: VM: [PFCUT] InterpreterJni jdk.Unsafe CAS ref target=0x51541f0 offset=136 current=0 expected=0 new=0x514b580 success=1 array_index=31
05-04 17:37:48.057  3488  3597 I WestlakeVM: VM: [PFCUT] InterpreterJni jdk.Unsafe CAS long target=0x5146280 offset=40 current=12 expected=12 new=13 success=1
05-04 17:37:48.057  3488  3597 I WestlakeVM: VM: [PFCUT] Class.newInstance intrinsic class=java.lang.Class<com.android.org.conscrypt.OpenSSLProvider> ctor=void com.android.org.conscrypt.OpenSSLProvider.<init>()
05-04 17:37:48.059  3488  3597 I WestlakeVM: VM: [PFCUT] InterpreterJni jdk.Unsafe CAS int target=0x51463c0 offset=52 current=16 expected=16 new=-1 success=1
05-04 17:37:48.059  3488  3597 I WestlakeVM: VM: [PFCUT] InterpreterJni jdk.Unsafe CAS ref target=0x514f290 offset=60 current=0 expected=0 new=0x514b598 success=1 array_index=12
05-04 17:37:48.059  3488  3597 I WestlakeVM: VM: [PFCUT] InterpreterJni jdk.Unsafe CAS long target=0x51463c0 offset=40 current=0 expected=0 new=1 success=1
05-04 17:37:48.060  3488  3597 I WestlakeVM: VM: [PFCUT] System.arraycopy intrinsic src=[C dst=[C srcPos=19 dstPos=0 count=1
05-04 17:37:48.060  3488  3597 I WestlakeVM: VM: [PFCUT] InterpreterJni jdk.Unsafe CAS ref target=0x514f290 offset=28 current=0 expected=0 new=0x514b5c8 success=1 array_index=4
05-04 17:37:48.060  3488  3597 I WestlakeVM: VM: [PFCUT] InterpreterJni jdk.Unsafe CAS long target=0x51463c0 offset=40 current=1 expected=1 new=2 success=1
05-04 17:37:48.061  3488  3597 I WestlakeVM: VM: [PFCUT] InterpreterJni jdk.Unsafe CAS ref target=0x514f290 offset=56 current=0 expected=0 new=0x514b5e0 success=1 array_index=11
05-04 17:37:48.061  3488  3597 I WestlakeVM: VM: [PFCUT] InterpreterJni jdk.Unsafe CAS long target=0x51463c0 offset=40 current=2 expected=2 new=3 success=1
05-04 17:37:48.061  3488  3597 I WestlakeVM: VM: [PFCUT] InterpreterJni jdk.Unsafe CAS ref target=0x514f290 offset=36 current=0 expected=0 new=0x514b5f8 success=1 array_index=6
05-04 17:37:48.061  3488  3597 I WestlakeVM: VM: [PFCUT] InterpreterJni jdk.Unsafe CAS long target=0x51463c0 offset=40 current=3 expected=3 new=4 success=1
05-04 17:37:48.061  3488  3597 I WestlakeVM: VM: [PFCUT] System.arraycopy intrinsic src=[B dst=[B srcPos=0 dstPos=0 count=16
05-04 17:37:48.062  3488  3597 I WestlakeVM: VM: [PFCUT] System.arraycopy intrinsic src=[B dst=[B srcPos=0 dstPos=0 count=34
05-04 17:37:48.063  3488  3597 I WestlakeVM: VM: [PFCUT] InterpreterJni jdk.Unsafe CAS ref target=0x514f290 offset=16 current=0 expected=0 new=0x514b628 success=1 array_index=1
05-04 17:37:48.063  3488  3597 I WestlakeVM: VM: [PFCUT] InterpreterJni jdk.Unsafe CAS long target=0x51463c0 offset=40 current=4 expected=4 new=5 success=1
05-04 17:37:48.063  3488  3597 I WestlakeVM: VM: [PFCUT] System.arraycopy intrinsic src=[B dst=[B srcPos=0 dstPos=0 count=16
05-04 17:37:48.063  3488  3597 I WestlakeVM: VM: [PFCUT] System.arraycopy intrinsic src=[B dst=[B srcPos=0 dstPos=0 count=34
05-04 17:37:48.065  3488  3597 I WestlakeVM: VM: [PFCUT] InterpreterJni jdk.Unsafe CAS ref target=0x514f290 offset=44 current=0 expected=0 new=0x514b670 success=1 array_index=8
05-04 17:37:48.065  3488  3597 I WestlakeVM: VM: [PFCUT] InterpreterJni jdk.Unsafe CAS long target=0x51463c0 offset=40 current=5 expected=5 new=6 success=1
05-04 17:37:48.065  3488  3597 I WestlakeVM: VM: [PFCUT] System.arraycopy intrinsic src=[B dst=[B srcPos=0 dstPos=0 count=16
05-04 17:37:48.065  3488  3597 I WestlakeVM: VM: [PFCUT] System.arraycopy intrinsic src=[B dst=[B srcPos=0 dstPos=0 count=34
05-04 17:37:48.066  3488  3597 I WestlakeVM: VM: [PFCUT] InterpreterJni jdk.Unsafe CAS long target=0x51463c0 offset=40 current=6 expected=6 new=7 success=1
05-04 17:37:48.067  3488  3597 I WestlakeVM: VM: [PFCUT] System.arraycopy intrinsic src=[B dst=[B srcPos=0 dstPos=0 count=16
05-04 17:37:48.067  3488  3597 I WestlakeVM: VM: [PFCUT] System.arraycopy intrinsic src=[B dst=[B srcPos=0 dstPos=0 count=34
05-04 17:37:48.068  3488  3597 I WestlakeVM: VM: [PFCUT] InterpreterJni jdk.Unsafe CAS long target=0x51463c0 offset=40 current=7 expected=7 new=8 success=1
05-04 17:37:48.068  3488  3597 I WestlakeVM: VM: [PFCUT] System.arraycopy intrinsic src=[B dst=[B srcPos=0 dstPos=0 count=16
05-04 17:37:48.069  3488  3597 I WestlakeVM: VM: [PFCUT] System.arraycopy intrinsic src=[B dst=[B srcPos=0 dstPos=0 count=34
05-04 17:37:48.070  3488  3597 I WestlakeVM: VM: [PFCUT] InterpreterJni jdk.Unsafe CAS ref target=0x514f290 offset=48 current=0 expected=0 new=0x514b718 success=1 array_index=9
05-04 17:37:48.070  3488  3597 I WestlakeVM: VM: [PFCUT] InterpreterJni jdk.Unsafe CAS long target=0x51463c0 offset=40 current=8 expected=8 new=9 success=1
05-04 17:37:48.070  3488  3597 I WestlakeVM: VM: [PFCUT] System.arraycopy intrinsic src=[B dst=[B srcPos=0 dstPos=0 count=16
05-04 17:37:48.071  3488  3597 I WestlakeVM: VM: [PFCUT] System.arraycopy intrinsic src=[B dst=[B srcPos=0 dstPos=0 count=34
05-04 17:37:48.071  3488  3597 I WestlakeVM: VM: [PFCUT] InterpreterJni jdk.Unsafe CAS ref target=0x514f290 offset=12 current=0 expected=0 new=0x514b748 success=1 array_index=0
05-04 17:37:48.072  3488  3597 I WestlakeVM: VM: [PFCUT] InterpreterJni jdk.Unsafe CAS long target=0x51463c0 offset=40 current=9 expected=9 new=10 success=1
05-04 17:37:48.072  3488  3597 I WestlakeVM: VM: [PFCUT] Class.newInstance intrinsic class=java.lang.Class<sun.security.provider.CertPathProvider> ctor=void sun.security.provider.CertPathProvider.<init>()
05-04 17:37:48.072  3488  3597 I WestlakeVM: VM: [PFCUT] Throwable.nativeFillInStackTrace noop
05-04 17:37:48.072  3488  3597 I WestlakeVM: VM: nullptr W 05-05 04:37:48  3592  3601 class_linker.cc:6687] Tolerating clinit failure for Lsun/security/jca/Providers;: java.lang.ArrayStoreException: java.lang.String cannot be stored in an array of type java.lang.String[]
05-04 17:37:48.072  3488  3597 I WestlakeVM: VM: nullptr W 05-05 04:37:48  3592  3601 class_linker.cc:6687] (Throwable with no stack trace)
05-04 17:37:48.073  3488  3597 I WestlakeVM: VM: nullptr W 05-05 04:37:48  3592  3601 class_linker.cc:6687] 
05-04 17:37:48.074  3488  3597 I WestlakeVM: VM: [PFCUT] System.arraycopy intrinsic src=[Lsun/security/jca/ProviderConfig; dst=[Ljava/lang/Object; srcPos=0 dstPos=0 count=2
05-04 17:37:48.075  3488  3597 I WestlakeVM: VM: [PFCUT] System.arraycopy intrinsic src=[Ljava/lang/Object; dst=[Ljava/lang/Object; srcPos=0 dstPos=0 count=2
05-04 17:37:48.075  3488  3597 I WestlakeVM: VM: [PFCUT] System.arraycopy intrinsic src=[Ljava/lang/Object; dst=[Ljava/lang/Object; srcPos=0 dstPos=1 count=2
05-04 17:37:48.075  3488  3597 I WestlakeVM: VM: [PFCUT] System.arraycopy intrinsic src=[Ljava/lang/Object; dst=[Lsun/security/jca/ProviderConfig; srcPos=0 dstPos=0 count=3
05-04 17:37:48.076  3488  3597 I WestlakeVM: VM: [PFCUT] AtomicInteger.incrementAndGet intrinsic current=0
05-04 17:37:48.077  3488  3597 I WestlakeVM: VM: [PFCUT] System.arraycopy intrinsic src=[B dst=[B srcPos=0 dstPos=0 count=16
05-04 17:37:48.078  3488  3597 I WestlakeVM: VM: [PFCUT] InterpreterJni jdk.Unsafe CAS int target=0x5146100 offset=52 current=0 expected=0 new=-1 success=1
05-04 17:37:48.078  3488  3597 I WestlakeVM: VM: [PFCUT] InterpreterJni jdk.Unsafe CAS ref target=0x514f330 offset=60 current=0 expected=0 new=0x514b838 success=1 array_index=12
05-04 17:37:48.078  3488  3597 I WestlakeVM: VM: [PFCUT] InterpreterJni jdk.Unsafe CAS long target=0x5146100 offset=40 current=0 expected=0 new=1 success=1
05-04 17:37:48.084  3488  3597 I WestlakeVM: VM: [PFCUT] Throwable.nativeFillInStackTrace noop
05-04 17:37:48.084  3488  3597 I WestlakeVM: VM: [PFCUT] System.arraycopy intrinsic src=[B dst=[B srcPos=0 dstPos=0 count=16
05-04 17:37:48.090  3488  3597 I WestlakeVM: VM: [PFCUT] System.arraycopy intrinsic src=[B dst=[B srcPos=0 dstPos=0 count=34
05-04 17:37:48.102  3488  3597 I WestlakeVM: VM: [PFCUT] System.arraycopy intrinsic src=[B dst=[B srcPos=0 dstPos=0 count=70
05-04 17:37:48.103  3488  3597 I WestlakeVM: VM: WESTLAKE_SECURITY_SHA256_FAIL err=java.lang.ArrayStoreException msg=java.lang.String_cannot_be_stored_in_an_array_of_type_java.lang.String__
05-04 17:37:48.103  3488  3597 I WestlakeVM: VM: Hidden API exemption step skipped on standalone guest
05-04 17:37:48.104  3488  3597 I WestlakeVM: VM: Real runtime probe skipped on standalone guest
05-04 17:37:48.104  3488  3597 I WestlakeVM: VM: Framework stubs pre-registered by runtime
05-04 17:37:48.105  3488  3597 I WestlakeVM: VM: [dalvikvm] prime cutoff canary launch
05-04 17:37:48.118  3488  3597 I WestlakeVM: VM: [PFCUT] System.arraycopy intrinsic src=[B dst=[B srcPos=0 dstPos=0 count=16
05-04 17:37:48.118  3488  3597 I WestlakeVM: VM: [PFCUT] System.arraycopy intrinsic src=[B dst=[B srcPos=0 dstPos=0 count=34
05-04 17:37:48.119  3488  3597 I WestlakeVM: VM: [PFCUT] System.arraycopy intrinsic src=[B dst=[B srcPos=0 dstPos=0 count=70
05-04 17:37:48.119  3488  3597 I WestlakeVM: VM: System.log(E): Ignoring attempt to set property "westlake.apk.path" to value "/data/local/tmp/westlake/com_github_ashutoshgngwr_noice.apk".
05-04 17:37:48.122  3488  3597 I WestlakeVM: VM: [PFCUT] System.arraycopy intrinsic src=[B dst=[B srcPos=0 dstPos=0 count=16
05-04 17:37:48.123  3488  3597 I WestlakeVM: VM: [PFCUT] System.arraycopy intrinsic src=[B dst=[B srcPos=0 dstPos=0 count=34
05-04 17:37:48.123  3488  3597 I WestlakeVM: VM: [PFCUT] System.arraycopy intrinsic src=[B dst=[B srcPos=0 dstPos=0 count=70
05-04 17:37:48.124  3488  3597 I WestlakeVM: VM: System.log(E): Ignoring attempt to set property "westlake.apk.resdir" to value "/data/local/tmp/westlake/com_github_ashutoshgngwr_noice_res".
05-04 17:37:48.126  3488  3597 I WestlakeVM: VM: [PFCUT] Class.getDeclaredField intrinsic hit class=java.lang.ClassLoader name=packages
05-04 17:37:48.127  3488  3597 I WestlakeVM: VM: [PFCUT] System.arraycopy intrinsic src=[B dst=[B srcPos=0 dstPos=0 count=16
05-04 17:37:48.127  3488  3597 I WestlakeVM: VM: [PFCUT] System.arraycopy intrinsic src=[B dst=[B srcPos=0 dstPos=0 count=53
05-04 17:37:48.128  3488  3597 I WestlakeVM: VM: [WestlakeLauncher] Repaired ClassLoader packages for dalvik.system.PathClassLoader
05-04 17:37:48.128  3488  3597 I WestlakeVM: VM: [PFCUT] Class.getDeclaredField intrinsic hit class=java.lang.ClassLoader name=packages
05-04 17:37:48.128  3488  3597 I WestlakeVM: VM: [PFCUT] System.arraycopy intrinsic src=[B dst=[B srcPos=0 dstPos=0 count=16
05-04 17:37:48.129  3488  3597 I WestlakeVM: VM: [PFCUT] System.arraycopy intrinsic src=[B dst=[B srcPos=0 dstPos=0 count=53
05-04 17:37:48.129  3488  3597 I WestlakeVM: VM: [WestlakeLauncher] Repaired ClassLoader packages for java.lang.BootClassLoader
05-04 17:37:48.131  3488  3597 I WestlakeVM: VM: Starting on OHOS + ART ...
05-04 17:37:48.131  3488  3597 I WestlakeVM: VM: APK:
05-04 17:37:48.131  3488  3597 I WestlakeVM: VM: /data/local/tmp/westlake/com_github_ashutoshgngwr_noice.apk
05-04 17:37:48.132  3488  3597 I WestlakeVM: VM: Activity:
05-04 17:37:48.132  3488  3597 I WestlakeVM: VM: com.github.ashutoshgngwr.noice.activity.MainActivity
05-04 17:37:48.132  3488  3597 I WestlakeVM: VM: Package:
05-04 17:37:48.132  3488  3597 I WestlakeVM: VM: com.github.ashutoshgngwr.noice
05-04 17:37:48.132  3488  3597 I WestlakeVM: VM: Backend mode:
05-04 17:37:48.132  3488  3597 I WestlakeVM: VM: target_ohos_backend
05-04 17:37:48.133  3488  3597 I WestlakeVM: VM: Framework policy:
05-04 17:37:48.133  3488  3597 I WestlakeVM: VM: westlake_only
05-04 17:37:48.133  3488  3597 I WestlakeVM: VM: Real context bootstrap skipped on standalone guest
05-04 17:37:48.344  3488  3597 I WestlakeVM: VM: [PFCUT] System.arraycopy intrinsic src=[B dst=[B srcPos=0 dstPos=0 count=16
05-04 17:37:48.345  3488  3597 I WestlakeVM: VM: [PFCUT] System.arraycopy intrinsic src=[B dst=[B srcPos=0 dstPos=0 count=57
05-04 17:37:48.346  3488  3597 I WestlakeVM: VM: Manifest: com.github.ashutoshgngwr.noice.NoiceApplication (8 activities, 1 providers)
05-04 17:37:48.346  3488  3597 I WestlakeVM: VM: OHBridge bootstrap deferred on standalone guest
05-04 17:37:48.347  3488  3597 I WestlakeVM: VM: Aux native loads deferred on standalone guest
05-04 17:37:48.347  3488  3597 I WestlakeVM: VM: Bootstrap prop refresh deferred on standalone guest
05-04 17:37:48.347  3488  3597 I WestlakeVM: VM: MiniServer init begin
05-04 17:37:48.351  3488  3597 I WestlakeVM: VM: MiniServer init returned
05-04 17:37:48.351  3488  3597 I WestlakeVM: VM: MiniServer activityManager ready
05-04 17:37:48.351  3488  3597 I WestlakeVM: VM: MiniServer initialized
05-04 17:37:48.353  3488  3597 I WestlakeVM: VM: [PFCUT] System.arraycopy intrinsic src=[B dst=[B srcPos=0 dstPos=0 count=16
05-04 17:37:48.353  3488  3597 I WestlakeVM: VM: [PFCUT] System.arraycopy intrinsic src=[B dst=[B srcPos=0 dstPos=0 count=46
05-04 17:37:48.353  3488  3597 I WestlakeVM: VM: [WestlakeLauncher] Application from manifest: com.github.ashutoshgngwr.noice.NoiceApplication
05-04 17:37:48.355  3488  3597 I WestlakeVM: VM: [PFCUT] Class.getDeclaredField intrinsic hit class=java.lang.ClassLoader name=packages
05-04 17:37:48.355  3488  3597 I WestlakeVM: VM: [PFCUT] Class.getDeclaredField intrinsic hit class=java.lang.ClassLoader name=packages
05-04 17:37:48.359  3488  3597 I WestlakeVM: VM: [PFCUT] InterpreterJni jdk.Unsafe CAS ref target=0x5120380 offset=32 current=0 expected=0 new=0x51643d0 success=1 array_index=5
05-04 17:37:48.359  3488  3597 I WestlakeVM: VM: [PFCUT] InterpreterJni jdk.Unsafe CAS long target=0x511f2c0 offset=40 current=2 expected=2 new=3 success=1
05-04 17:37:48.361  3488  3597 I WestlakeVM: VM: [PFCUT] InterpreterJni jdk.Unsafe CAS long target=0x511f2c0 offset=40 current=3 expected=3 new=4 success=1
05-04 17:37:48.362  3488  3597 I WestlakeVM: VM: [PFCUT] InterpreterJni jdk.Unsafe CAS ref target=0x5120380 offset=12 current=0 expected=0 new=0x5164418 success=1 array_index=0
05-04 17:37:48.362  3488  3597 I WestlakeVM: VM: [PFCUT] InterpreterJni jdk.Unsafe CAS long target=0x511f2c0 offset=40 current=4 expected=4 new=5 success=1
05-04 17:37:48.362  3488  3597 I WestlakeVM: VM: [PFCUT] System.arraycopy intrinsic src=[B dst=[B srcPos=0 dstPos=0 count=16
05-04 17:37:48.363  3488  3597 I WestlakeVM: VM: [PFCUT] System.arraycopy intrinsic src=[B dst=[B srcPos=0 dstPos=0 count=34
05-04 17:37:48.368  3488  3597 I WestlakeVM: VM: [PFCUT] InterpreterJni jdk.Unsafe CAS ref target=0x5120380 offset=16 current=0 expected=0 new=0x51644d8 success=1 array_index=1
05-04 17:37:48.368  3488  3597 I WestlakeVM: VM: [PFCUT] InterpreterJni jdk.Unsafe CAS long target=0x511f2c0 offset=40 current=5 expected=5 new=6 success=1
05-04 17:37:48.369  3488  3597 I WestlakeVM: VM: [PFCUT] Throwable.nativeFillInStackTrace noop
05-04 17:37:48.369  3488  3597 I WestlakeVM: VM: [PFCUT] Throwable.nativeFillInStackTrace noop
05-04 17:37:48.370  3488  3597 I WestlakeVM: VM: [PFCUT] Throwable.nativeFillInStackTrace noop
05-04 17:37:48.370  3488  3597 I WestlakeVM: VM: [PFCUT] Throwable.nativeFillInStackTrace noop
05-04 17:37:48.370  3488  3597 I WestlakeVM: VM: [PFCUT] Throwable.nativeFillInStackTrace noop
05-04 17:37:48.371  3488  3597 I WestlakeVM: VM: [WestlakeLauncher] Coroutine runtime seed failed: java.lang.ArrayStoreException
05-04 17:37:48.386  3488  3597 I WestlakeVM: VM: [PFCUT] Throwable.nativeFillInStackTrace noop
05-04 17:37:48.388  3488  3597 I WestlakeVM: VM: [WestlakeLauncher] Application error (caught): java.lang.ArrayStoreException
05-04 17:37:48.388  3488  3597 I WestlakeVM: VM: Post-init launch path refresh deferred on standalone guest
05-04 17:37:48.388  3488  3597 I WestlakeVM: VM: Launch props resolved on standalone guest
05-04 17:37:48.388  3488  3597 I WestlakeVM: VM: Launch snapshot ready on standalone guest
05-04 17:37:48.388  3488  3597 I WestlakeVM: VM: PF202 strict launch assignments ready
05-04 17:37:48.388  3488  3597 I WestlakeVM: VM: PF202 strict package block ready
05-04 17:37:48.389  3488  3597 I WestlakeVM: VM: PF202 strict resource block begin
05-04 17:37:48.389  3488  3597 I WestlakeVM: VM: PF202 strict pre-extracted loader enter
05-04 17:37:48.389  3488  3597 I WestlakeVM: VM: PF202 ApkLoader enter
05-04 17:37:48.392  3488  3597 I WestlakeVM: VM: PF202 ApkLoader info seeded
05-04 17:37:48.396  3488  3597 I WestlakeVM: VM: CV PF-MCD-RES_TABLE_READ_BEGIN path=/data/local/tmp/westlake/com_github_ashutoshgngwr_noice_res/resources.arsc
05-04 17:37:48.405  3488  3597 I WestlakeVM: VM: CV PF-MCD-RES_TABLE_READ_DONE bytes=2019644
05-04 17:37:48.406  3488  3597 I WestlakeVM: VM: CV PF-MCD-RES_TABLE_PARSE_BEGIN
05-04 17:37:48.846  3704  3747 W HidlServiceManagement: Waited one second for vendor.qti.hardware.cacert@1.0::IService/default
05-04 17:37:48.849   660   660 I hwservicemanager: Since vendor.qti.hardware.cacert@1.0::IService/default is not registered, trying to start it as a lazy HAL (if it's not configured to be a lazy HAL, it may be stuck starting or still starting).
05-04 17:37:48.850  3704  3747 I HidlServiceManagement: getService: Trying again for vendor.qti.hardware.cacert@1.0::IService/default...
05-04 17:37:48.853   660  3609 W libc    : Unable to set property "ctl.interface_start" to "vendor.qti.hardware.cacert@1.0::IService/default": PROP_ERROR_HANDLE_CONTROL_MESSAGE (0x20)
05-04 17:37:48.853   660  3609 I hwservicemanager: Tried to start vendor.qti.hardware.cacert@1.0::IService/default as a lazy service, but was unable to. Usually this happens when a service is not installed, but if the service is intended to be used as a lazy service, then it may be configured incorrectly.
05-04 17:37:48.766     0     0 E init    : Control message: Could not find 'vendor.qti.hardware.cacert@1.0::IService/default' for ctl.interface_start from pid: 660 (/system/system_ext/bin/hwservicemanager)
05-04 17:37:49.850  3704  3747 W HidlServiceManagement: Waited one second for vendor.qti.hardware.cacert@1.0::IService/default
05-04 17:37:49.852   660   660 I hwservicemanager: Since vendor.qti.hardware.cacert@1.0::IService/default is not registered, trying to start it as a lazy HAL (if it's not configured to be a lazy HAL, it may be stuck starting or still starting).
05-04 17:37:49.855  3704  3747 I HidlServiceManagement: getService: Trying again for vendor.qti.hardware.cacert@1.0::IService/default...
05-04 17:37:49.856   660  3616 W libc    : Unable to set property "ctl.interface_start" to "vendor.qti.hardware.cacert@1.0::IService/default": PROP_ERROR_HANDLE_CONTROL_MESSAGE (0x20)
05-04 17:37:49.856   660  3616 I hwservicemanager: Tried to start vendor.qti.hardware.cacert@1.0::IService/default as a lazy service, but was unable to. Usually this happens when a service is not installed, but if the service is intended to be used as a lazy service, then it may be configured incorrectly.
05-04 17:37:49.769     0     0 E init    : Control message: Could not find 'vendor.qti.hardware.cacert@1.0::IService/default' for ctl.interface_start from pid: 660 (/system/system_ext/bin/hwservicemanager)
05-04 17:37:49.998  3488  3617 D ProfileInstaller: Installing profile for com.westlake.host
05-04 17:37:50.832   703  3442 I keystore2: system/security/keystore2/watchdog/src/lib.rs:356 - Watchdog thread idle -> terminating. Have a great day.
05-04 17:37:50.855  3704  3747 W HidlServiceManagement: Waited one second for vendor.qti.hardware.cacert@1.0::IService/default
05-04 17:37:50.856   660   660 I hwservicemanager: Since vendor.qti.hardware.cacert@1.0::IService/default is not registered, trying to start it as a lazy HAL (if it's not configured to be a lazy HAL, it may be stuck starting or still starting).
05-04 17:37:50.857  3704  3747 I HidlServiceManagement: getService: Trying again for vendor.qti.hardware.cacert@1.0::IService/default...
05-04 17:37:50.860   660  3619 W libc    : Unable to set property "ctl.interface_start" to "vendor.qti.hardware.cacert@1.0::IService/default": PROP_ERROR_HANDLE_CONTROL_MESSAGE (0x20)
05-04 17:37:50.861   660  3619 I hwservicemanager: Tried to start vendor.qti.hardware.cacert@1.0::IService/default as a lazy service, but was unable to. Usually this happens when a service is not installed, but if the service is intended to be used as a lazy service, then it may be configured incorrectly.
05-04 17:37:50.774     0     0 E init    : Control message: Could not find 'vendor.qti.hardware.cacert@1.0::IService/default' for ctl.interface_start from pid: 660 (/system/system_ext/bin/hwservicemanager)
05-04 17:37:51.858  3704  3747 W HidlServiceManagement: Waited one second for vendor.qti.hardware.cacert@1.0::IService/default
05-04 17:37:51.860   660   660 I hwservicemanager: Since vendor.qti.hardware.cacert@1.0::IService/default is not registered, trying to start it as a lazy HAL (if it's not configured to be a lazy HAL, it may be stuck starting or still starting).
05-04 17:37:51.861  3704  3747 I HidlServiceManagement: getService: Trying again for vendor.qti.hardware.cacert@1.0::IService/default...
05-04 17:37:51.777     0     0 E init    : Control message: Could not find 'vendor.qti.hardware.cacert@1.0::IService/default' for ctl.interface_start from pid: 660 (/system/system_ext/bin/hwservicemanager)
05-04 17:37:51.864   660  3624 W libc    : Unable to set property "ctl.interface_start" to "vendor.qti.hardware.cacert@1.0::IService/default": PROP_ERROR_HANDLE_CONTROL_MESSAGE (0x20)
05-04 17:37:51.864   660  3624 I hwservicemanager: Tried to start vendor.qti.hardware.cacert@1.0::IService/default as a lazy service, but was unable to. Usually this happens when a service is not installed, but if the service is intended to be used as a lazy service, then it may be configured incorrectly.
05-04 17:37:52.861  3704  3747 W HidlServiceManagement: Waited one second for vendor.qti.hardware.cacert@1.0::IService/default
05-04 17:37:52.862   660   660 I hwservicemanager: Since vendor.qti.hardware.cacert@1.0::IService/default is not registered, trying to start it as a lazy HAL (if it's not configured to be a lazy HAL, it may be stuck starting or still starting).
05-04 17:37:52.863  3704  3747 I HidlServiceManagement: getService: Trying again for vendor.qti.hardware.cacert@1.0::IService/default...
05-04 17:37:52.779     0     0 E init    : Control message: Could not find 'vendor.qti.hardware.cacert@1.0::IService/default' for ctl.interface_start from pid: 660 (/system/system_ext/bin/hwservicemanager)
05-04 17:37:52.866   660  3631 W libc    : Unable to set property "ctl.interface_start" to "vendor.qti.hardware.cacert@1.0::IService/default": PROP_ERROR_HANDLE_CONTROL_MESSAGE (0x20)
05-04 17:37:52.866   660  3631 I hwservicemanager: Tried to start vendor.qti.hardware.cacert@1.0::IService/default as a lazy service, but was unable to. Usually this happens when a service is not installed, but if the service is intended to be used as a lazy service, then it may be configured incorrectly.
05-04 17:37:53.863  3488  3493 I m.westlake.host: Background concurrent copying GC freed 15MB AllocSpace bytes, 9(460KB) LOS objects, 86% free, 3810KB/27MB, paused 146us,95us total 106.975ms
05-04 17:37:53.864  3704  3747 W HidlServiceManagement: Waited one second for vendor.qti.hardware.cacert@1.0::IService/default
05-04 17:37:53.864   660   660 I hwservicemanager: Since vendor.qti.hardware.cacert@1.0::IService/default is not registered, trying to start it as a lazy HAL (if it's not configured to be a lazy HAL, it may be stuck starting or still starting).
05-04 17:37:53.866  3704  3747 I HidlServiceManagement: getService: Trying again for vendor.qti.hardware.cacert@1.0::IService/default...
05-04 17:37:53.868   660  3638 W libc    : Unable to set property "ctl.interface_start" to "vendor.qti.hardware.cacert@1.0::IService/default": PROP_ERROR_HANDLE_CONTROL_MESSAGE (0x20)
05-04 17:37:53.869   660  3638 I hwservicemanager: Tried to start vendor.qti.hardware.cacert@1.0::IService/default as a lazy service, but was unable to. Usually this happens when a service is not installed, but if the service is intended to be used as a lazy service, then it may be configured incorrectly.
05-04 17:37:53.782     0     0 E init    : Control message: Could not find 'vendor.qti.hardware.cacert@1.0::IService/default' for ctl.interface_start from pid: 660 (/system/system_ext/bin/hwservicemanager)
05-04 17:37:53.795     0     0 I QCOM-BATT: pl_fcc_vote_callback: total_fcc_ua=1950000
05-04 17:37:53.795     0     0 I QCOM-BATT: pl_fv_vote_callback: fv_uv=4400000
05-04 17:37:54.125     0     0 E FG      : fg_psy_get_property: unsupported property 79
05-04 17:37:54.140     0     0 E FG      : fg_psy_get_property: unsupported property 79
05-04 17:37:54.146     0     0 W healthd : battery l=100 v=3058 t=24.0 h=2 st=5 c=0 fc=2831000 chg=u
05-04 17:37:54.238  1126  1126 D QtiCarrierConfigHelper: WARNING, no carrier configs on phone Id: 0
05-04 17:37:54.243   960  1373 D PowerUI : can't show warning due to - plugged: true status unknown: false
05-04 17:37:54.161     0     0 E FG      : fg_psy_get_property: unsupported property 79
05-04 17:37:54.866  3704  3747 W HidlServiceManagement: Waited one second for vendor.qti.hardware.cacert@1.0::IService/default
05-04 17:37:54.868   660   660 I hwservicemanager: Since vendor.qti.hardware.cacert@1.0::IService/default is not registered, trying to start it as a lazy HAL (if it's not configured to be a lazy HAL, it may be stuck starting or still starting).
05-04 17:37:54.869  3704  3747 I HidlServiceManagement: getService: Trying again for vendor.qti.hardware.cacert@1.0::IService/default...
05-04 17:37:54.872   660  3642 W libc    : Unable to set property "ctl.interface_start" to "vendor.qti.hardware.cacert@1.0::IService/default": PROP_ERROR_HANDLE_CONTROL_MESSAGE (0x20)
05-04 17:37:54.872   660  3642 I hwservicemanager: Tried to start vendor.qti.hardware.cacert@1.0::IService/default as a lazy service, but was unable to. Usually this happens when a service is not installed, but if the service is intended to be used as a lazy service, then it may be configured incorrectly.
05-04 17:37:54.785     0     0 E init    : Control message: Could not find 'vendor.qti.hardware.cacert@1.0::IService/default' for ctl.interface_start from pid: 660 (/system/system_ext/bin/hwservicemanager)
05-04 17:37:55.869  3704  3747 W HidlServiceManagement: Waited one second for vendor.qti.hardware.cacert@1.0::IService/default
05-04 17:37:55.872   660   660 I hwservicemanager: Since vendor.qti.hardware.cacert@1.0::IService/default is not registered, trying to start it as a lazy HAL (if it's not configured to be a lazy HAL, it may be stuck starting or still starting).
05-04 17:37:55.873  3704  3747 I HidlServiceManagement: getService: Trying again for vendor.qti.hardware.cacert@1.0::IService/default...
05-04 17:37:55.876   660  3646 W libc    : Unable to set property "ctl.interface_start" to "vendor.qti.hardware.cacert@1.0::IService/default": PROP_ERROR_HANDLE_CONTROL_MESSAGE (0x20)
05-04 17:37:55.876   660  3646 I hwservicemanager: Tried to start vendor.qti.hardware.cacert@1.0::IService/default as a lazy service, but was unable to. Usually this happens when a service is not installed, but if the service is intended to be used as a lazy service, then it may be configured incorrectly.
05-04 17:37:55.790     0     0 E init    : Control message: Could not find 'vendor.qti.hardware.cacert@1.0::IService/default' for ctl.interface_start from pid: 660 (/system/system_ext/bin/hwservicemanager)
05-04 17:37:56.874  3704  3747 W HidlServiceManagement: Waited one second for vendor.qti.hardware.cacert@1.0::IService/default
05-04 17:37:56.875   660   660 I hwservicemanager: Since vendor.qti.hardware.cacert@1.0::IService/default is not registered, trying to start it as a lazy HAL (if it's not configured to be a lazy HAL, it may be stuck starting or still starting).
05-04 17:37:56.876  3704  3747 I HidlServiceManagement: getService: Trying again for vendor.qti.hardware.cacert@1.0::IService/default...
05-04 17:37:56.877   660  3648 W libc    : Unable to set property "ctl.interface_start" to "vendor.qti.hardware.cacert@1.0::IService/default": PROP_ERROR_HANDLE_CONTROL_MESSAGE (0x20)
05-04 17:37:56.877   660  3648 I hwservicemanager: Tried to start vendor.qti.hardware.cacert@1.0::IService/default as a lazy service, but was unable to. Usually this happens when a service is not installed, but if the service is intended to be used as a lazy service, then it may be configured incorrectly.
05-04 17:37:56.791     0     0 E init    : Control message: Could not find 'vendor.qti.hardware.cacert@1.0::IService/default' for ctl.interface_start from pid: 660 (/system/system_ext/bin/hwservicemanager)
05-04 17:37:57.877  3704  3747 W HidlServiceManagement: Waited one second for vendor.qti.hardware.cacert@1.0::IService/default
05-04 17:37:57.879   660   660 I hwservicemanager: Since vendor.qti.hardware.cacert@1.0::IService/default is not registered, trying to start it as a lazy HAL (if it's not configured to be a lazy HAL, it may be stuck starting or still starting).
05-04 17:37:57.880  3704  3747 I HidlServiceManagement: getService: Trying again for vendor.qti.hardware.cacert@1.0::IService/default...
05-04 17:37:57.883   660  3649 W libc    : Unable to set property "ctl.interface_start" to "vendor.qti.hardware.cacert@1.0::IService/default": PROP_ERROR_HANDLE_CONTROL_MESSAGE (0x20)
05-04 17:37:57.883   660  3649 I hwservicemanager: Tried to start vendor.qti.hardware.cacert@1.0::IService/default as a lazy service, but was unable to. Usually this happens when a service is not installed, but if the service is intended to be used as a lazy service, then it may be configured incorrectly.
05-04 17:37:57.796     0     0 E init    : Control message: Could not find 'vendor.qti.hardware.cacert@1.0::IService/default' for ctl.interface_start from pid: 660 (/system/system_ext/bin/hwservicemanager)
05-04 17:37:58.372  3488  3597 I WestlakeVM: VM: CV PF-MCD-RES_TABLE_PARSE_DONE
05-04 17:37:58.374  3488  3597 I WestlakeVM: VM: CV PF-MCD-RES_TABLE_LOADED bytes=2019644 strings=586 integers=0
05-04 17:37:58.376  3488  3597 I WestlakeVM: VM: PF202 ApkLoader res dirs ready
05-04 17:37:58.378  3488  3597 I WestlakeVM: VM: PF202 ApkLoader activity seeded
05-04 17:37:58.378  3488  3597 I WestlakeVM: VM: PF202 ApkLoader return
05-04 17:37:58.379  3488  3597 I WestlakeVM: VM: PF202 strict post-loader return
05-04 17:37:58.379  3488  3597 I WestlakeVM: VM: PF202 strict post-loader info seeded
05-04 17:37:58.379  3488  3597 I WestlakeVM: VM: PF202 strict split work skipped
05-04 17:37:58.379  3488  3597 I WestlakeVM: VM: PF202 strict setApkInfo skipped
05-04 17:37:58.379  3488  3597 I WestlakeVM: VM: PF202 strict pre-extracted resources loaded
05-04 17:37:58.379  3488  3597 I WestlakeVM: VM: PF202 strict resource wiring skipped
05-04 17:37:58.380  3488  3597 I WestlakeVM: VM: PF202 strict package reconciliation skipped
05-04 17:37:58.380  3488  3597 I WestlakeVM: VM: PF202 strict APK summary skipped
05-04 17:37:58.381  3488  3597 I WestlakeVM: VM: PF202 strict launch target reconciliation skipped
05-04 17:37:58.381  3488  3597 I WestlakeVM: VM: PF202 strict launch banner skipped
05-04 17:37:58.382  3488  3597 I WestlakeVM: VM: PF202 strict activity resolve skipped
05-04 17:37:58.382  3488  3597 I WestlakeVM: VM: [PFCUT] Class.getDeclaredField intrinsic hit class=java.lang.ClassLoader name=packages
05-04 17:37:58.383  3488  3597 I WestlakeVM: VM: [PFCUT] Class.getDeclaredField intrinsic hit class=java.lang.ClassLoader name=packages
05-04 17:37:58.383  3488  3597 I WestlakeVM: VM: [PFCUT] Class.classForName name=com.newrelic.agent.android.tracing.TraceMachine initialize=0 loader=0x7d23220239 lifecycle_adapter=0 mcd_analytics=0 callers=java.lang.Class java.lang.Class.classForName(java.lang.String, boolean, java.lang.ClassLoader) | java.lang.Class java.lang.Class.forName(java.lang.String, boolean, java.lang.ClassLoader) | boolean com.westlake.engine.WestlakeLauncher.nativePatchClassNoop(java.lang.String, java.lang.ClassLoader) | boolean com.westlake.engine.WestlakeLauncher.nativePatchClassNoop(java.lang.String, java.lang.ClassLoader) | void com.westlake.engine.WestlakeLauncher.patchProblematicAppClasses(java.lang.ClassLoader) | void com.westlake.engine.WestlakeLauncher.mainImpl(java.lang.String[]) | void com.westlake.engine.WestlakeLauncher.main(java.lang.String[])
05-04 17:37:58.384  3488  3597 I WestlakeVM: VM: [PFCUT] Throwable.nativeFillInStackTrace noop
05-04 17:37:58.385  3488  3597 I WestlakeVM: VM: [PFCUT] Throwable.nativeFillInStackTrace noop
05-04 17:37:58.385  3488  3597 I WestlakeVM: VM: [PFCUT] Class.classForName name=com.newrelic.agent.android.tracing.Trace initialize=0 loader=0x7d23220239 lifecycle_adapter=0 mcd_analytics=0 callers=java.lang.Class java.lang.Class.classForName(java.lang.String, boolean, java.lang.ClassLoader) | java.lang.Class java.lang.Class.forName(java.lang.String, boolean, java.lang.ClassLoader) | boolean com.westlake.engine.WestlakeLauncher.nativePatchClassNoop(java.lang.String, java.lang.ClassLoader) | boolean com.westlake.engine.WestlakeLauncher.nativePatchClassNoop(java.lang.String, java.lang.ClassLoader) | void com.westlake.engine.WestlakeLauncher.patchProblematicAppClasses(java.lang.ClassLoader) | void com.westlake.engine.WestlakeLauncher.mainImpl(java.lang.String[]) | void com.westlake.engine.WestlakeLauncher.main(java.lang.String[])
05-04 17:37:58.385  3488  3597 I WestlakeVM: VM: [PFCUT] Class.classForName name=com.newrelic.agent.android.NewRelic initialize=0 loader=0x7d23220239 lifecycle_adapter=0 mcd_analytics=0 callers=java.lang.Class java.lang.Class.classForName(java.lang.String, boolean, java.lang.ClassLoader) | java.lang.Class java.lang.Class.forName(java.lang.String, boolean, java.lang.ClassLoader) | boolean com.westlake.engine.WestlakeLauncher.nativePatchClassNoop(java.lang.String, java.lang.ClassLoader) | boolean com.westlake.engine.WestlakeLauncher.nativePatchClassNoop(java.lang.String, java.lang.ClassLoader) | void com.westlake.engine.WestlakeLauncher.patchProblematicAppClasses(java.lang.ClassLoader) | void com.westlake.engine.WestlakeLauncher.mainImpl(java.lang.String[]) | void com.westlake.engine.WestlakeLauncher.main(java.lang.String[])
05-04 17:37:58.389  3488  3597 I WestlakeVM: VM: [WestlakeLauncher] AM direct launch: pkg=com.github.ashutoshgngwr.noice cls=com.github.ashutoshgngwr.noice.activity.MainActivity
05-04 17:37:58.399  3488  3597 I WestlakeVM: VM: [shim-log] D/MiniActivityManager: startActivity: com.github.ashutoshgngwr.noice.activity.MainActivity action=android.intent.action.MAIN pkg=com.github.ashutoshgngwr.noice
05-04 17:37:58.454  3488  3597 I WestlakeVM: VM: [PFCUT] MethodHandles.lookup intrinsic caller=void java.util.concurrent.atomic.AtomicReference.<clinit>()
05-04 17:37:58.455  3488  3597 I WestlakeVM: VM: [PFCUT] Class.getDeclaredField intrinsic hit class=java.util.concurrent.atomic.AtomicReference name=value
05-04 17:37:58.467  3488  3597 I WestlakeVM: VM: nullptr W 05-05 04:37:58  3592  3601 class_linker.cc:6687] Tolerating clinit failure for Landroid/os/Build;: java.lang.ArrayStoreException: java.lang.String cannot be stored in an array of type java.lang.String[]
05-04 17:37:58.467  3488  3597 I WestlakeVM: VM: nullptr W 05-05 04:37:58  3592  3601 class_linker.cc:6687] (Throwable with no stack trace)
05-04 17:37:58.467  3488  3597 I WestlakeVM: VM: nullptr W 05-05 04:37:58  3592  3601 class_linker.cc:6687] 
05-04 17:37:58.492  3488  3597 I WestlakeVM: VM: [PFCUT] Class.getDeclaredField intrinsic hit class=android.app.Activity name=mIntent
05-04 17:37:58.493  3488  3597 I WestlakeVM: VM: [PFCUT] Class.getDeclaredField intrinsic hit class=android.app.Activity name=mComponent
05-04 17:37:58.493  3488  3597 I WestlakeVM: VM: [PFCUT] Class.getDeclaredField intrinsic hit class=android.app.Activity name=mApplication
05-04 17:37:58.493  3488  3597 I WestlakeVM: VM: [PFCUT] Class.getDeclaredField intrinsic hit class=android.app.Activity name=mFinished
05-04 17:37:58.494  3488  3597 I WestlakeVM: VM: [PFCUT] Class.getDeclaredField intrinsic hit class=android.app.Activity name=mDestroyed
05-04 17:37:58.497  3488  3597 I WestlakeVM: VM: [PFCUT] Class.getDeclaredField intrinsic hit class=android.app.ActivityThread name=sCurrentActivityThread
05-04 17:37:58.498  3488  3597 I WestlakeVM: VM: [PFCUT] Class.getDeclaredField intrinsic hit class=android.app.Activity name=mIntent
05-04 17:37:58.498  3488  3597 I WestlakeVM: VM: [PFCUT] Class.getDeclaredField intrinsic hit class=android.app.Activity name=mComponent
05-04 17:37:58.498  3488  3597 I WestlakeVM: VM: [PFCUT] Class.getDeclaredField intrinsic hit class=android.app.Activity name=mApplication
05-04 17:37:58.499  3488  3597 I WestlakeVM: VM: [PFCUT] Class.getDeclaredField intrinsic hit class=android.app.Activity name=mFinished
05-04 17:37:58.499  3488  3597 I WestlakeVM: VM: [PFCUT] Class.getDeclaredField intrinsic hit class=android.app.Activity name=mDestroyed
05-04 17:37:58.504  3488  3597 I WestlakeVM: VM: [shim-log] D/MiniActivityManager:   performCreate: com.github.ashutoshgngwr.noice.activity.MainActivity
05-04 17:37:58.509  3488  3597 I WestlakeVM: VM: [PFCUT] StringFactory Charset fallback bytes=7 offset=0 utf16=7 shorty=LLIIL
05-04 17:37:58.513  3488  3597 I WestlakeVM: VM: [shim-log] D/MiniActivityManager:   performCreate app cl=dalvik.system.PathClassLoader@778d7cd
05-04 17:37:58.514  3488  3597 I WestlakeVM: VM: [PFCUT] VMClassLoader.getResources(String) fallback -> Collections.emptyList
05-04 17:37:58.519  3488  3597 I WestlakeVM: VM: [shim-log] D/MiniActivityManager:   performCreate app service not found
05-04 17:37:58.526  3488  3597 I WestlakeVM: VM: [shim-log] D/MiniActivityManager:   performCreate app factoryClass failed: ClassNotFoundException: kotlinx.coroutines.android.AndroidDispatcherFactory
05-04 17:37:58.529  3488  3597 I WestlakeVM: VM: [PFCUT] System.arraycopy intrinsic src=[B dst=[B srcPos=0 dstPos=0 count=16
05-04 17:37:58.531  3488  3597 I WestlakeVM: VM: [PFCUT] System.arraycopy intrinsic src=[B dst=[B srcPos=0 dstPos=0 count=16
05-04 17:37:58.531  3488  3597 I WestlakeVM: VM: [PFCUT] StringFactory Charset fallback bytes=7 offset=0 utf16=7 shorty=LLIIL
05-04 17:37:58.531  3488  3597 I WestlakeVM: VM: [PFCUT] System.arraycopy intrinsic src=[B dst=[B srcPos=0 dstPos=0 count=34
05-04 17:37:58.532  3488  3597 I WestlakeVM: VM: [PFCUT] System.arraycopy intrinsic src=[B dst=[B srcPos=0 dstPos=0 count=34
05-04 17:37:58.533  3488  3597 I WestlakeVM: VM: [PFCUT] System.arraycopy intrinsic src=[B dst=[B srcPos=0 dstPos=0 count=16
05-04 17:37:58.533  3488  3597 I WestlakeVM: VM: [PFCUT] System.arraycopy intrinsic src=[B dst=[B srcPos=0 dstPos=0 count=34
05-04 17:37:58.535  3488  3597 I WestlakeVM: VM: [PFCUT] System.arraycopy intrinsic src=[B dst=[B srcPos=0 dstPos=0 count=16
05-04 17:37:58.535  3488  3597 I WestlakeVM: VM: [shim-log] D/MiniActivityManager:   performCreate thread cl=dalvik.system.PathClassLoader@778d7cd
05-04 17:37:58.536  3488  3597 I WestlakeVM: VM: [PFCUT] VMClassLoader.getResources(String) fallback -> Collections.emptyList
05-04 17:37:58.537  3488  3597 I WestlakeVM: VM: [PFCUT] System.arraycopy intrinsic src=[B dst=[B srcPos=0 dstPos=0 count=16
05-04 17:37:58.537  3488  3597 I WestlakeVM: VM: [PFCUT] System.arraycopy intrinsic src=[B dst=[B srcPos=0 dstPos=0 count=34
05-04 17:37:58.538  3488  3597 I WestlakeVM: VM: [PFCUT] System.arraycopy intrinsic src=[B dst=[B srcPos=0 dstPos=0 count=16
05-04 17:37:58.539  3488  3597 I WestlakeVM: VM: [PFCUT] System.arraycopy intrinsic src=[B dst=[B srcPos=0 dstPos=0 count=34
05-04 17:37:58.541  3488  3597 I WestlakeVM: VM: [PFCUT] System.arraycopy intrinsic src=[B dst=[B srcPos=0 dstPos=0 count=16
05-04 17:37:58.541  3488  3597 I WestlakeVM: VM: [shim-log] D/MiniActivityManager:   performCreate thread service not found
05-04 17:37:58.541  3488  3597 I WestlakeVM: VM: [PFCUT] forced interpreter JNI reason=Class.classForName method=java.lang.Class java.lang.Class.classForName(java.lang.String, boolean, java.lang.ClassLoader) quick=0xd07ac0 jni=0x734cd4
05-04 17:37:58.542  3488  3597 I WestlakeVM: VM: [PFCUT] System.arraycopy intrinsic src=[B dst=[B srcPos=0 dstPos=0 count=16
05-04 17:37:58.543  3488  3597 I WestlakeVM: VM: [PFCUT] System.arraycopy intrinsic src=[B dst=[B srcPos=0 dstPos=0 count=34
05-04 17:37:58.544  3488  3597 I WestlakeVM: VM: [PFCUT] System.arraycopy intrinsic src=[B dst=[B srcPos=0 dstPos=0 count=70
05-04 17:37:58.545  3488  3597 I WestlakeVM: VM: [PFCUT] System.arraycopy intrinsic src=[B dst=[B srcPos=0 dstPos=0 count=16
05-04 17:37:58.546  3488  3597 I WestlakeVM: VM: [PFCUT] System.arraycopy intrinsic src=[B dst=[B srcPos=0 dstPos=0 count=34
05-04 17:37:58.547  3488  3597 I WestlakeVM: VM: [PFCUT] System.arraycopy intrinsic src=[B dst=[B srcPos=0 dstPos=0 count=16
05-04 17:37:58.548  3488  3597 I WestlakeVM: VM: [shim-log] D/MiniActivityManager:   performCreate thread factoryClass failed: ClassNotFoundException: kotlinx.coroutines.android.AndroidDispatcherFactory
05-04 17:37:58.556  3488  3597 I WestlakeVM: VM: [PFCUT] System.arraycopy intrinsic src=[B dst=[B srcPos=0 dstPos=0 count=16
05-04 17:37:58.557  3488  3597 I WestlakeVM: VM: [PFCUT] System.arraycopy intrinsic src=[B dst=[B srcPos=0 dstPos=0 count=34
05-04 17:37:58.565  3488  3597 I WestlakeVM: VM: [PFCUT] forced interpreter JNI reason=Unsafe method=java.lang.Object jdk.internal.misc.Unsafe.getReferenceVolatile(java.lang.Object, long) quick=0xd07c00 jni=0x7331f4
05-04 17:37:58.566  3488  3597 I WestlakeVM: VM: [PFCUT] InterpreterJni jdk.Unsafe getReferenceVolatile target=0x5120380 offset=28 value=0 array_index=4
05-04 17:37:58.566  3488  3597 I WestlakeVM: VM: [PFCUT]   caller#0 java.lang.Object jdk.internal.misc.Unsafe.getReferenceVolatile(java.lang.Object, long) dex_pc=0
05-04 17:37:58.566  3488  3597 I WestlakeVM: VM: [PFCUT]   caller#1 java.lang.Object jdk.internal.misc.Unsafe.getReferenceAcquire(java.lang.Object, long) dex_pc=0
05-04 17:37:58.566  3488  3597 I WestlakeVM: VM: [PFCUT]   caller#2 java.util.concurrent.ConcurrentHashMap$Node java.util.concurrent.ConcurrentHashMap.tabAt(java.util.concurrent.ConcurrentHashMap$Node[], int) dex_pc=10
05-04 17:37:58.566  3488  3597 I WestlakeVM: VM: [PFCUT]   caller#3 java.lang.Object java.util.concurrent.ConcurrentHashMap.get(java.lang.Object) dex_pc=21
05-04 17:37:58.566  3488  3597 I WestlakeVM: VM: [PFCUT]   caller#4 java.lang.String java.util.Properties.getProperty(java.lang.String) dex_pc=2
05-04 17:37:58.566  3488  3597 I WestlakeVM: VM: [PFCUT]   caller#5 java.lang.String java.util.Properties.getProperty(java.lang.String, java.lang.String) dex_pc=0
05-04 17:37:58.567  3488  3597 I WestlakeVM: VM: [PFCUT] forced interpreter JNI reason=Unsafe method=java.lang.Object jdk.internal.misc.Unsafe.getReferenceVolatile(java.lang.Object, long) quick=0xd07c00 jni=0x7331f4
05-04 17:37:58.567  3488  3597 I WestlakeVM: VM: [PFCUT] InterpreterJni jdk.Unsafe getReferenceVolatile target=0x5123450 offset=220 value=0x51227f0 array_index=52
05-04 17:37:58.567  3488  3597 I WestlakeVM: VM: [PFCUT]   caller#0 java.lang.Object jdk.internal.misc.Unsafe.getReferenceVolatile(java.lang.Object, long) dex_pc=0
05-04 17:37:58.567  3488  3597 I WestlakeVM: VM: [PFCUT]   caller#1 java.lang.Object jdk.internal.misc.Unsafe.getReferenceAcquire(java.lang.Object, long) dex_pc=0
05-04 17:37:58.567  3488  3597 I WestlakeVM: VM: [PFCUT]   caller#2 java.util.concurrent.ConcurrentHashMap$Node java.util.concurrent.ConcurrentHashMap.tabAt(java.util.concurrent.ConcurrentHashMap$Node[], int) dex_pc=10
05-04 17:37:58.567  3488  3597 I WestlakeVM: VM: [PFCUT]   caller#3 java.lang.Object java.util.concurrent.ConcurrentHashMap.get(java.lang.Object) dex_pc=21
05-04 17:37:58.567  3488  3597 I WestlakeVM: VM: [PFCUT]   caller#4 java.lang.String java.util.Properties.getProperty(java.lang.String) dex_pc=2
05-04 17:37:58.567  3488  3597 I WestlakeVM: VM: [PFCUT]   caller#5 java.lang.String java.util.Properties.getProperty(java.lang.String) dex_pc=22
05-04 17:37:58.568  3488  3597 I WestlakeVM: VM: [PFCUT] forced interpreter JNI reason=Unsafe method=java.lang.Object jdk.internal.misc.Unsafe.getReferenceVolatile(java.lang.Object, long) quick=0xd07c00 jni=0x7331f4
05-04 17:37:58.568  3488  3597 I WestlakeVM: VM: [PFCUT] InterpreterJni jdk.Unsafe getReferenceVolatile target=0x5120380 offset=68 value=0 array_index=14
05-04 17:37:58.568  3488  3597 I WestlakeVM: VM: [PFCUT]   caller#0 java.lang.Object jdk.internal.misc.Unsafe.getReferenceVolatile(java.lang.Object, long) dex_pc=0
05-04 17:37:58.568  3488  3597 I WestlakeVM: VM: [PFCUT]   caller#1 java.lang.Object jdk.internal.misc.Unsafe.getReferenceAcquire(java.lang.Object, long) dex_pc=0
05-04 17:37:58.568  3488  3597 I WestlakeVM: VM: [PFCUT]   caller#2 java.util.concurrent.ConcurrentHashMap$Node java.util.concurrent.ConcurrentHashMap.tabAt(java.util.concurrent.ConcurrentHashMap$Node[], int) dex_pc=10
05-04 17:37:58.568  3488  3597 I WestlakeVM: VM: [PFCUT]   caller#3 java.lang.Object java.util.concurrent.ConcurrentHashMap.get(java.lang.Object) dex_pc=21
05-04 17:37:58.568  3488  3597 I WestlakeVM: VM: [PFCUT]   caller#4 java.lang.String java.util.Properties.getProperty(java.lang.String) dex_pc=2
05-04 17:37:58.568  3488  3597 I WestlakeVM: VM: [PFCUT]   caller#5 java.lang.String java.util.Properties.getProperty(java.lang.String, java.lang.String) dex_pc=0
05-04 17:37:58.569  3488  3597 I WestlakeVM: VM: [PFCUT] forced interpreter JNI reason=Unsafe method=java.lang.Object jdk.internal.misc.Unsafe.getReferenceVolatile(java.lang.Object, long) quick=0xd07c00 jni=0x7331f4
05-04 17:37:58.569  3488  3597 I WestlakeVM: VM: [PFCUT] InterpreterJni jdk.Unsafe getReferenceVolatile target=0x5123450 offset=260 value=0x51227d8 array_index=62
05-04 17:37:58.569  3488  3597 I WestlakeVM: VM: [PFCUT]   caller#0 java.lang.Object jdk.internal.misc.Unsafe.getReferenceVolatile(java.lang.Object, long) dex_pc=0
05-04 17:37:58.569  3488  3597 I WestlakeVM: VM: [PFCUT]   caller#1 java.lang.Object jdk.internal.misc.Unsafe.getReferenceAcquire(java.lang.Object, long) dex_pc=0
05-04 17:37:58.569  3488  3597 I WestlakeVM: VM: [PFCUT]   caller#2 java.util.concurrent.ConcurrentHashMap$Node java.util.concurrent.ConcurrentHashMap.tabAt(java.util.concurrent.ConcurrentHashMap$Node[], int) dex_pc=10
05-04 17:37:58.569  3488  3597 I WestlakeVM: VM: [PFCUT]   caller#3 java.lang.Object java.util.concurrent.ConcurrentHashMap.get(java.lang.Object) dex_pc=21
05-04 17:37:58.569  3488  3597 I WestlakeVM: VM: [PFCUT]   caller#4 java.lang.String java.util.Properties.getProperty(java.lang.String) dex_pc=2
05-04 17:37:58.569  3488  3597 I WestlakeVM: VM: [PFCUT]   caller#5 java.lang.String java.util.Properties.getProperty(java.lang.String) dex_pc=22
05-04 17:37:58.579  3488  3597 I WestlakeVM: VM: [PFCUT] System.arraycopy intrinsic src=[B dst=[B srcPos=0 dstPos=0 count=16
05-04 17:37:58.583  3488  3597 I WestlakeVM: VM: [PFCUT] System.arraycopy intrinsic src=[Ljava/lang/Object; dst=[Ljava/lang/Object; srcPos=0 dstPos=0 count=0
05-04 17:37:58.587  3488  3597 I WestlakeVM: VM: [PFCUT] System.arraycopy intrinsic src=[Ljava/lang/Object; dst=[Ljava/lang/Object; srcPos=0 dstPos=0 count=0
05-04 17:37:58.595  3488  3597 I WestlakeVM: VM: [PFCUT] System.arraycopy intrinsic src=[B dst=[B srcPos=0 dstPos=0 count=16
05-04 17:37:58.597  3488  3597 I WestlakeVM: VM: [PFCUT] forced interpreter JNI reason=Class.classForName method=java.lang.Class java.lang.Class.classForName(java.lang.String, boolean, java.lang.ClassLoader) quick=0xd07ac0 jni=0x734cd4
05-04 17:37:58.598  3488  3597 I WestlakeVM: VM: [PFCUT] MethodHandles.lookup intrinsic caller=void java.util.concurrent.atomic.AtomicLong.<clinit>()
05-04 17:37:58.598  3488  3597 I WestlakeVM: VM: [PFCUT] Class.getDeclaredField intrinsic hit class=java.util.concurrent.atomic.AtomicLong name=value
05-04 17:37:58.599  3488  3597 I WestlakeVM: VM: [PFCUT] Class.getDeclaredField intrinsic hit class=java.util.Random name=seed
05-04 17:37:58.600  3488  3597 I WestlakeVM: VM: [PFCUT] AtomicLong.get intrinsic current=8682522807148012
