--------- beginning of main
05-04 17:37:40.626  1230  1230 W FrameTracker: Missed App frame:JANK_APPLICATION, 93886049, 31227834, CUJ=J<LAUNCHER_APP_CLOSE_TO_HOME_FALLBACK>
05-04 17:37:40.823  3704  3747 W HidlServiceManagement: Waited one second for vendor.qti.hardware.cacert@1.0::IService/default
05-04 17:37:40.826   660   660 I hwservicemanager: Since vendor.qti.hardware.cacert@1.0::IService/default is not registered, trying to start it as a lazy HAL (if it's not configured to be a lazy HAL, it may be stuck starting or still starting).
05-04 17:37:40.827  3704  3747 I HidlServiceManagement: getService: Trying again for vendor.qti.hardware.cacert@1.0::IService/default...
05-04 17:37:40.830   660  3456 W libc    : Unable to set property "ctl.interface_start" to "vendor.qti.hardware.cacert@1.0::IService/default": PROP_ERROR_HANDLE_CONTROL_MESSAGE (0x20)
05-04 17:37:40.830   660  3456 I hwservicemanager: Tried to start vendor.qti.hardware.cacert@1.0::IService/default as a lazy service, but was unable to. Usually this happens when a service is not installed, but if the service is intended to be used as a lazy service, then it may be configured incorrectly.
--------- beginning of kernel
05-04 17:37:40.743     0     0 E init    : Control message: Could not find 'vendor.qti.hardware.cacert@1.0::IService/default' for ctl.interface_start from pid: 660 (/system/system_ext/bin/hwservicemanager)
05-04 17:37:40.767     0     0 I logd    : logdr: UID=2000 GID=2000 PID=3453 b tail=0 logMask=99 pid=0 start=0ns deadline=0ns
05-04 17:37:40.988     0     0 I QCOM-BATT: pl_fcc_vote_callback: total_fcc_ua=1950000
05-04 17:37:40.988     0     0 I QCOM-BATT: pl_fv_vote_callback: fv_uv=4400000
--------- beginning of system
05-04 17:37:41.370   307   391 E AccessPersistence: Failed to verity-protect runtime-permissions
05-04 17:37:41.370   307   391 E AccessPersistence: java.io.IOException: Failed to enable fs-verity on FD(485): Inappropriate ioctl for device
05-04 17:37:41.370   307   391 E AccessPersistence: 	at com.android.internal.security.VerityUtils.setUpFsverity(VerityUtils.java:94)
05-04 17:37:41.370   307   391 E AccessPersistence: 	at com.android.server.security.FileIntegrity.setUpFsVerity(FileIntegrity.java:66)
05-04 17:37:41.370   307   391 E AccessPersistence: 	at com.android.server.security.FileIntegrity.setUpFsVerity(FileIntegrity.java:50)
05-04 17:37:41.370   307   391 E AccessPersistence: 	at com.android.server.permission.access.AccessPersistence.writeSystemState(AccessPersistence.kt:65)
05-04 17:37:41.370   307   391 E AccessPersistence: 	at com.android.server.permission.access.AccessPersistence.writePendingState(AccessPersistence.kt:149)
05-04 17:37:41.370   307   391 E AccessPersistence: 	at com.android.server.permission.access.AccessPersistence.access$writePendingState(AccessPersistence.kt:41)
05-04 17:37:41.370   307   391 E AccessPersistence: 	at com.android.server.permission.access.AccessPersistence$WriteHandler.handleMessage(AccessPersistence.kt:190)
05-04 17:37:41.370   307   391 E AccessPersistence: 	at android.os.Handler.dispatchMessage(Handler.java:109)
05-04 17:37:41.370   307   391 E AccessPersistence: 	at android.os.Looper.loopOnce(Looper.java:232)
05-04 17:37:41.370   307   391 E AccessPersistence: 	at android.os.Looper.loop(Looper.java:317)
05-04 17:37:41.370   307   391 E AccessPersistence: 	at android.os.HandlerThread.run(HandlerThread.java:85)
05-04 17:37:41.370   307   391 E AccessPersistence: 	at com.android.server.ServiceThread.run(ServiceThread.java:49)
05-04 17:37:41.400   307   391 E AccessPersistence: Failed to verity-protect runtime-permissions
05-04 17:37:41.400   307   391 E AccessPersistence: java.io.IOException: Failed to enable fs-verity on FD(485): Inappropriate ioctl for device
05-04 17:37:41.400   307   391 E AccessPersistence: 	at com.android.internal.security.VerityUtils.setUpFsverity(VerityUtils.java:94)
05-04 17:37:41.400   307   391 E AccessPersistence: 	at com.android.server.security.FileIntegrity.setUpFsVerity(FileIntegrity.java:66)
05-04 17:37:41.400   307   391 E AccessPersistence: 	at com.android.server.security.FileIntegrity.setUpFsVerity(FileIntegrity.java:50)
05-04 17:37:41.400   307   391 E AccessPersistence: 	at com.android.server.permission.access.AccessPersistence.writeUserState(AccessPersistence.kt:65)
05-04 17:37:41.400   307   391 E AccessPersistence: 	at com.android.server.permission.access.AccessPersistence.writePendingState(AccessPersistence.kt:151)
05-04 17:37:41.400   307   391 E AccessPersistence: 	at com.android.server.permission.access.AccessPersistence.access$writePendingState(AccessPersistence.kt:41)
05-04 17:37:41.400   307   391 E AccessPersistence: 	at com.android.server.permission.access.AccessPersistence$WriteHandler.handleMessage(AccessPersistence.kt:190)
05-04 17:37:41.400   307   391 E AccessPersistence: 	at android.os.Handler.dispatchMessage(Handler.java:109)
05-04 17:37:41.400   307   391 E AccessPersistence: 	at android.os.Looper.loopOnce(Looper.java:232)
05-04 17:37:41.400   307   391 E AccessPersistence: 	at android.os.Looper.loop(Looper.java:317)
05-04 17:37:41.400   307   391 E AccessPersistence: 	at android.os.HandlerThread.run(HandlerThread.java:85)
05-04 17:37:41.400   307   391 E AccessPersistence: 	at com.android.server.ServiceThread.run(ServiceThread.java:49)
05-04 17:37:41.414   713  1834 I NxpNciR : len =   4 > 600701A1
05-04 17:37:41.356     0     0 E FG      : fg_psy_get_property: unsupported property 79
05-04 17:37:41.372     0     0 E FG      : fg_psy_get_property: unsupported property 79
05-04 17:37:41.377     0     0 W healthd : battery l=100 v=3058 t=24.0 h=2 st=5 c=0 fc=2831000 chg=u
05-04 17:37:41.385     0     0 E FG      : fg_psy_get_property: unsupported property 79
05-04 17:37:41.422     0     0 I binder  : 3463:3463 ioctl 40046210 7fe6dc72e4 returned -22
05-04 17:37:41.516   307  3742 I ActivityManager: Force stopping com.westlake.host appid=10218 user=0: from pid 3463
05-04 17:37:41.527   307   767 I AppWidgetServiceImpl: Received broadcast: android.intent.action.PACKAGE_RESTARTED on user 0
05-04 17:37:41.527   307   767 I AppWidgetServiceImpl: Updating package stopped masked state for uid 10218 package com.westlake.host isStopped true
05-04 17:37:41.527  1166  1166 D CarrierSvcBindHelper: onHandleForceStop: [com.westlake.host]
05-04 17:37:41.529  1166  1166 D CarrierSvcBindHelper: No carrier app for: 0
05-04 17:37:41.530  1166  1166 D CarrierSvcBindHelper: No carrier app for: 1
05-04 17:37:41.827  3704  3747 W HidlServiceManagement: Waited one second for vendor.qti.hardware.cacert@1.0::IService/default
05-04 17:37:41.830   660   660 I hwservicemanager: Since vendor.qti.hardware.cacert@1.0::IService/default is not registered, trying to start it as a lazy HAL (if it's not configured to be a lazy HAL, it may be stuck starting or still starting).
05-04 17:37:41.832  3704  3747 I HidlServiceManagement: getService: Trying again for vendor.qti.hardware.cacert@1.0::IService/default...
05-04 17:37:41.748     0     0 E init    : Control message: Could not find 'vendor.qti.hardware.cacert@1.0::IService/default' for ctl.interface_start from pid: 660 (/system/system_ext/bin/hwservicemanager)
05-04 17:37:41.835   660  3475 W libc    : Unable to set property "ctl.interface_start" to "vendor.qti.hardware.cacert@1.0::IService/default": PROP_ERROR_HANDLE_CONTROL_MESSAGE (0x20)
05-04 17:37:41.835   660  3475 I hwservicemanager: Tried to start vendor.qti.hardware.cacert@1.0::IService/default as a lazy service, but was unable to. Usually this happens when a service is not installed, but if the service is intended to be used as a lazy service, then it may be configured incorrectly.
05-04 17:37:42.282   307  3742 I ActivityManager: Force stopping com.westlake.host appid=10218 user=0: from pid 3482
05-04 17:37:42.190     0     0 I binder  : 3482:3482 ioctl 40046210 7fc63a56f4 returned -22
05-04 17:37:42.292  1166  1166 D CarrierSvcBindHelper: onHandleForceStop: [com.westlake.host]
05-04 17:37:42.294  1166  1166 D CarrierSvcBindHelper: No carrier app for: 0
05-04 17:37:42.294  1166  1166 D CarrierSvcBindHelper: No carrier app for: 1
05-04 17:37:42.295   307   767 I AppWidgetServiceImpl: Received broadcast: android.intent.action.PACKAGE_RESTARTED on user 0
05-04 17:37:42.295   307   767 I AppWidgetServiceImpl: Updating package stopped masked state for uid 10218 package com.westlake.host isStopped true
05-04 17:37:42.541   307  3742 W ActivityTaskManager: callingPackage for (uid=2000, pid=3482) has no WPC
05-04 17:37:42.548   307  3742 V GrammaticalInflectionUtils: AttributionSource: AttributionSource { uid = 10218, packageName = null, attributionTag = null, token = android.os.Binder@a81f694, deviceId = 0, next = null } does not have READ_SYSTEM_GRAMMATICAL_GENDER permission.
05-04 17:37:42.550   307  3742 W OptProp : Cannot read opt property android.window.PROPERTY_COMPAT_ALLOW_RESIZEABLE_ACTIVITY_OVERRIDES
05-04 17:37:42.551   307  3742 W OptProp : Cannot read opt property android.window.PROPERTY_COMPAT_ALLOW_MIN_ASPECT_RATIO_OVERRIDE
05-04 17:37:42.563   307  3742 W OptProp : Cannot read opt property android.window.PROPERTY_COMPAT_ALLOW_ORIENTATION_OVERRIDE
05-04 17:37:42.566  3320  5010 I BpBinder: onLastStrongRef automatically unlinking death recipients: 
05-04 17:37:42.568  3220  3220 I android.hardware.power-service-qti: Power setMode: 5 to: 1
05-04 17:37:42.568   307  3742 V SplashScreenExceptionList: SplashScreen checking exception for package com.westlake.host (target sdk:28) -> false
05-04 17:37:42.572  3267  3300 E ANDR-PERF-UTIL: Failed to read /sys/class/mmc_host/mmc0/clk_scaling/enable
05-04 17:37:42.572  3267  3300 E ANDR-PERF-OPTSHANDLER: Failed to read /sys/class/mmc_host/mmc0/clk_scaling/enable
05-04 17:37:42.572  3267  3300 E ANDR-PERF-RESOURCEQS: Failed to apply optimization [11, 4]
05-04 17:37:42.574   307  3742 I ActivityTaskManager: START u0 {flg=0x10000000 cmp=com.westlake.host/.WestlakeActivity (has extras)} with LAUNCH_MULTIPLE from uid 2000 (BAL_ALLOW_PERMISSION) result code=0
05-04 17:37:42.577   960  1005 D SplashScreenView: Build android.window.SplashScreenView{82bf93a V.E...... ......ID 0,0-0,0}
05-04 17:37:42.577   960  1005 D SplashScreenView: Icon: view: android.widget.ImageView{d84f9eb V.ED..... ......I. 0,0-0,0 #1020525 android:id/splashscreen_icon_view} drawable: com.android.wm.shell.startingsurface.SplashscreenIconDrawableFactory$ImmobileIconDrawable@c863348 size: 450
05-04 17:37:42.577   960  1005 D SplashScreenView: Branding: view: android.view.View{a73f5e1 G.ED..... ......I. 0,0-0,0 #1020524 android:id/splashscreen_branding_view} drawable: null size w: 0 h: 0
05-04 17:37:42.577  1230  1230 W SplitSelectStateCtor: Missing session instanceIds
05-04 17:37:42.577  1230  1230 D StatsLog: LAUNCHER_SPLIT_SELECTION_EXIT_INTERRUPTED
05-04 17:37:42.582   960   982 V WindowManagerShell: Transition requested (#4376): android.os.BinderProxy@5f47592 TransitionRequestInfo { type = OPEN, triggerTask = TaskInfo{userId=0 taskId=2252 effectiveUid=10218 displayId=0 isRunning=true baseIntent=Intent { flg=0x10000000 cmp=com.westlake.host/.WestlakeActivity } baseActivity=ComponentInfo{com.westlake.host/com.westlake.host.WestlakeActivity} topActivity=ComponentInfo{com.westlake.host/com.westlake.host.WestlakeActivity} origActivity=null realActivity=ComponentInfo{com.westlake.host/com.westlake.host.WestlakeActivity} numActivities=1 lastActiveTime=2178455140 supportsMultiWindow=true resizeMode=1 isResizeable=true minWidth=-1 minHeight=-1 defaultMinSize=220 token=WCT{android.window.IWindowContainerToken$Stub$Proxy@5d4bb63} topActivityType=1 pictureInPictureParams=null shouldDockBigOverlays=false launchIntoPipHostTaskId=-1 lastParentTaskIdBeforePip=-1 displayCutoutSafeInsets=Rect(0, 80 - 0, 0) topActivityInfo=ActivityInfo{e3e2360 com.westlake.host.WestlakeActivity} launchCookies=[] positionInParent=Point(0, 0) parentTaskId=-1 isFocused=false isVisible=false isVisibleRequested=false isTopActivityNoDisplay=false isSleeping=false locusId=null displayAreaFeatureId=1 isTopActivityTransparent=false isActivityStackTransparent=false lastNonFullscreenBounds=Rect(267, 606 - 814, 1686) capturedLink=null capturedLinkTimestamp=0 requestedVisibleTypes=-9 topActivityRequestOpenInBrowserEducationTimestamp=0 appCompatTaskInfo=AppCompatTaskInfo { topActivityInSizeCompat=false eligibleForLetterboxEducation= false isLetterboxEducationEnabled= false isLetterboxDoubleTapEnabled= false eligibleForUserAspectRatioButton= false topActivityBoundsLetterboxed= false isFromLetterboxDoubleTap= false topActivityLetterboxVerticalPosition= -1 topActivityLetterboxHorizontalPosition= -1 topActivityLetterboxWidth=-1 topActivityLetterboxHeight=-1 topActivityLetterboxAppWidth=-1 topActivityLetterboxAppHeight=-1 isUserFullscreenOverrideEnabled=false isSystemFullscreenOverrideEnabled=false hasMinAspectRatioOverride=false topActivityLetterboxBounds=null cameraCompatTaskInfo=CameraCompatTaskInfo { freeformCameraCompatMode=inactive}} topActivityMainWindowFrame=null}, pipChange = null, remoteTransition = null, displayChange = null, flags = 0, debugId = 4376 }
05-04 17:37:42.582   960   982 D ShellSplitScreen: logExit: no-op, mLoggerSessionId is null
05-04 17:37:42.583  3080  3121 I netd    : tetherGetStats() -> {[]} <1.87ms>
05-04 17:37:42.589   960   982 D WindowManagerShell: setLauncherKeepClearAreaHeight: visible=false, height=292
05-04 17:37:42.589   307   421 V GrammaticalInflectionUtils: AttributionSource: AttributionSource { uid = 10218, packageName = null, attributionTag = null, token = android.os.Binder@a81f694, deviceId = 0, next = null } does not have READ_SYSTEM_GRAMMATICAL_GENDER permission.
05-04 17:37:42.591   307 27670 D CoreBackPreview: Window{52cbe89 u0 Splash Screen com.westlake.host}: Setting back callback OnBackInvokedCallbackInfo{mCallback=android.window.IOnBackInvokedCallback$Stub$Proxy@4787abc, mPriority=0, mIsAnimationCallback=false, mOverrideBehavior=0}
05-04 17:37:42.598   307   767 I AppWidgetServiceImpl: Received broadcast: android.intent.action.PACKAGE_UNSTOPPED on user 0
05-04 17:37:42.598   307   767 I AppWidgetServiceImpl: Updating package stopped masked state for uid 10218 package com.westlake.host isStopped false
05-04 17:37:42.599   307   780 D BackgroundInstallControlService: Package event received: 0
05-04 17:37:42.609  1650 32677 D ForegroundUtils: Foreground UID status:
05-04 17:37:42.610  1650 32677 D ForegroundUtils: UID: 10130 is in foreground: false
05-04 17:37:42.610  1650 32677 D ForegroundUtils: UID: 10152 is in foreground: true
05-04 17:37:42.610  1650 32677 D ForegroundUtils: UID: 10159 is in foreground: true
05-04 17:37:42.610  1650 32677 D ForegroundUtils: UID: 10173 is in foreground: true
05-04 17:37:42.610  1650 32677 D ForegroundUtils: UID: 10190 is in foreground: true
05-04 17:37:42.610  1650 32677 D ForegroundUtils: UID: 10193 is in foreground: false
05-04 17:37:42.616 32752 32752 D Zygote  : Forked child process 3488
05-04 17:37:42.617  3320  3320 I BpBinder: onLastStrongRef automatically unlinking death recipients: 
05-04 17:37:42.618   307   526 I ActivityManager: Start proc 3488:com.westlake.host/u0a218 for next-top-activity {com.westlake.host/com.westlake.host.WestlakeActivity}
05-04 17:37:42.628   307   388 V WindowManager: Sent Transition (#4376) createdAt=05-04 17:37:42.552 via request=TransitionRequestInfo { type = OPEN, triggerTask = TaskInfo{userId=0 taskId=2252 effectiveUid=10218 displayId=0 isRunning=true baseIntent=Intent { flg=0x10000000 cmp=com.westlake.host/.WestlakeActivity } baseActivity=ComponentInfo{com.westlake.host/com.westlake.host.WestlakeActivity} topActivity=ComponentInfo{com.westlake.host/com.westlake.host.WestlakeActivity} origActivity=null realActivity=ComponentInfo{com.westlake.host/com.westlake.host.WestlakeActivity} numActivities=1 lastActiveTime=2178455140 supportsMultiWindow=true resizeMode=1 isResizeable=true minWidth=-1 minHeight=-1 defaultMinSize=220 token=WCT{RemoteToken{bdb6554 Task{125468d #2252 type=standard A=10218:com.westlake.host}}} topActivityType=1 pictureInPictureParams=null shouldDockBigOverlays=false launchIntoPipHostTaskId=-1 lastParentTaskIdBeforePip=-1 displayCutoutSafeInsets=Rect(0, 80 - 0, 0) topActivityInfo=ActivityInfo{841ecfd com.westlake.host.WestlakeActivity} launchCookies=[] positionInParent=Point(0, 0) parentTaskId=-1 isFocused=false isVisible=false isVisibleRequested=false isTopActivityNoDisplay=false isSleeping=false locusId=null displayAreaFeatureId=1 isTopActivityTransparent=false isActivityStackTransparent=false lastNonFullscreenBounds=Rect(267, 606 - 814, 1686) capturedLink=null capturedLinkTimestamp=0 requestedVisibleTypes=-9 topActivityRequestOpenInBrowserEducationTimestamp=0 appCompatTaskInfo=AppCompatTaskInfo { topActivityInSizeCompat=false eligibleForLetterboxEducation= false isLetterboxEducationEnabled= false isLetterboxDoubleTapEnabled= false eligibleForUserAspectRatioButton= false topActivityBoundsLetterboxed= false isFromLetterboxDoubleTap= false topActivityLetterboxVerticalPosition= -1 topActivityLetterboxHorizontalPosition= -1 topActivityLetterboxWidth=-1 topActivityLetterboxHeight=-1 topActivityLetterboxAppWidth=-1 topActivityLetterboxAppHeight=-1 isUserFullscreenOverrideEnabled=false isSystemFullscreenOverrideEnabled=false hasMinAspectRatioOverride=false topActivityLetterboxBounds=null cameraCompatTaskInfo=CameraCompatTaskInfo { freeformCameraCompatMode=inactive}} topActivityMainWindowFrame=null}, pipChange = null, remoteTransition = null, displayChange = null, flags = 0, debugId = 4376 }
05-04 17:37:42.628   307   388 V WindowManager:     startWCT=WindowContainerTransaction { changes= {} hops= [] errorCallbackToken=null taskFragmentOrganizer=null }
05-04 17:37:42.628   307   388 V WindowManager:     info={id=4376 t=OPEN f=0x0 trk=0 r=[0@Point(0, 0)] c=[
05-04 17:37:42.628   307   388 V WindowManager:         {WCT{RemoteToken{bdb6554 Task{125468d #2252 type=standard A=10218:com.westlake.host}}} m=OPEN f=NONE leash=Surface(name=Task=2252)/@0xa946166 sb=Rect(0, 0 - 1080, 2280) eb=Rect(0, 0 - 1080, 2280) epz=Point(1080, 2280) d=0 taskParent=-1},
05-04 17:37:42.628   307   388 V WindowManager:         {WCT{RemoteToken{cb0a3c2 Task{a516ecc #1 type=home}}} m=TO_BACK f=SHOW_WALLPAPER leash=Surface(name=Task=1)/@0xdc03e5b sb=Rect(0, 0 - 1080, 2280) eb=Rect(0, 0 - 1080, 2280) epz=Point(1080, 2280) d=0 taskParent=-1}
05-04 17:37:42.628   307   388 V WindowManager:     ]}
05-04 17:37:42.628   960  1250 V WindowManagerShell: onTransitionReady(transaction=1318555124241)
05-04 17:37:42.629   960   982 V WindowManagerShell: onTransitionReady (#4376) android.os.BinderProxy@5f47592: {id=4376 t=OPEN f=0x0 trk=0 r=[0@Point(0, 0)] c=[
05-04 17:37:42.629   960   982 V WindowManagerShell:         {m=OPEN f=NONE leash=Surface(name=Task=2252)/@0xf98a5b6 sb=Rect(0, 0 - 1080, 2280) eb=Rect(0, 0 - 1080, 2280) epz=Point(1080, 2280) d=0 taskParent=-1},
05-04 17:37:42.629   960   982 V WindowManagerShell:         {m=TO_BACK f=SHOW_WALLPAPER leash=Surface(name=Task=1)/@0x74032b7 sb=Rect(0, 0 - 1080, 2280) eb=Rect(0, 0 - 1080, 2280) epz=Point(1080, 2280) d=0 taskParent=-1}
05-04 17:37:42.629   960   982 V WindowManagerShell:     ]}
05-04 17:37:42.629   960   982 V WindowManagerShell: Playing animation for (#4376) android.os.BinderProxy@5f47592@0
05-04 17:37:42.629   960   982 V ShellRecents: RecentsTransitionHandler.startAnimation: no controller found
05-04 17:37:42.629   960   982 V WindowManagerShell: Transition doesn't have explicit remote, search filters for match for {id=4376 t=OPEN f=0x0 trk=0 r=[0@Point(0, 0)] c=[{m=OPEN f=NONE leash=Surface(name=Task=2252)/@0xf98a5b6 sb=Rect(0, 0 - 1080, 2280) eb=Rect(0, 0 - 1080, 2280) epz=Point(1080, 2280) d=0 taskParent=-1},{m=TO_BACK f=SHOW_WALLPAPER leash=Surface(name=Task=1)/@0x74032b7 sb=Rect(0, 0 - 1080, 2280) eb=Rect(0, 0 - 1080, 2280) epz=Point(1080, 2280) d=0 taskParent=-1}]}
05-04 17:37:42.629   960   982 V WindowManagerShell:  Checking filter Pair{{types=[] flags=0x0] notFlags=0x100 checks=[{atype=home independent=true modes=[OPEN,TO_FRONT] flags=NONE mustBeTask=false order=TOP topActivity=ComponentInfo{com.android.launcher3/com.android.launcher3.uioverrides.QuickstepLauncher} launchCookie=null windowingMode=undefined},{atype=standard independent=true modes=[CLOSE,TO_BACK] flags=NONE mustBeTask=false order=ANY topActivity=null launchCookie=null windowingMode=undefined},{NOT atype=undefined independent=true modes=[] flags=NONE mustBeTask=true order=ANY topActivity=null launchCookie=null customAnim=true windowingMode=undefined}]} RemoteTransition { remoteTransition = android.window.IRemoteTransition$Stub$Proxy@ae59c67, appThread = android.app.IApplicationThread$Stub$Proxy@8152a14, debugName = QuickstepLaunchHome }}
05-04 17:37:42.629   960   982 V WindowManagerShell:  Delegate animation for (#4376) to null
05-04 17:37:42.629   960   982 V WindowManagerShell: start default transition animation, info = {id=4376 t=OPEN f=0x0 trk=0 r=[0@Point(0, 0)] c=[{m=OPEN f=NONE leash=Surface(name=Task=2252)/@0xf98a5b6 sb=Rect(0, 0 - 1080, 2280) eb=Rect(0, 0 - 1080, 2280) epz=Point(1080, 2280) d=0 taskParent=-1},{m=TO_BACK f=SHOW_WALLPAPER leash=Surface(name=Task=1)/@0x74032b7 sb=Rect(0, 0 - 1080, 2280) eb=Rect(0, 0 - 1080, 2280) epz=Point(1080, 2280) d=0 taskParent=-1}]}
05-04 17:37:42.630   960   982 V WindowManagerShell: loadAnimation: anim=android.view.animation.AnimationSet@180f98d animAttr=0x13 type=OPEN isEntrance=false
05-04 17:37:42.630   960   982 V WindowManagerShell: loadAnimation: anim=android.view.animation.AnimationSet@16742 animAttr=0x12 type=OPEN isEntrance=true
05-04 17:37:42.634   960   982 V WindowManagerShell:  animated by com.android.wm.shell.transition.DefaultTransitionHandler@6c3a7ac
05-04 17:37:42.636   307 27670 W UserManagerService: Requested status bar icon for non-badged user 0
05-04 17:37:42.636  3488  3488 I Zygote  : seccomp disabled by setenforce 0
05-04 17:37:42.650  3488  3488 I m.westlake.host: Late-enabling -Xcheck:jni
05-04 17:37:42.704  3488  3488 I m.westlake.host: Using CollectorTypeCC GC.
05-04 17:37:42.711 23361 23366 I adbd    : jdwp connection from 3488
05-04 17:37:42.721  3488  3488 D nativeloader: Load libframework-connectivity-tiramisu-jni.so using APEX ns com_android_tethering for caller /apex/com.android.tethering/javalib/framework-connectivity-t.jar: ok
05-04 17:37:42.636     0     0 I binder  : 3488:3488 ioctl 40046210 7fd4a812f4 returned -22
05-04 17:37:42.740   307   780 D BackgroundInstallControlService: Package event received: 0
05-04 17:37:42.746  1650 32677 D ForegroundUtils: Foreground UID status:
05-04 17:37:42.746  1650 32677 D ForegroundUtils: UID: 10130 is in foreground: false
05-04 17:37:42.746  1650 32677 D ForegroundUtils: UID: 10152 is in foreground: true
05-04 17:37:42.746  1650 32677 D ForegroundUtils: UID: 10159 is in foreground: true
05-04 17:37:42.746  1650 32677 D ForegroundUtils: UID: 10173 is in foreground: true
05-04 17:37:42.746  1650 32677 D ForegroundUtils: UID: 10190 is in foreground: true
05-04 17:37:42.746  1650 32677 D ForegroundUtils: UID: 10193 is in foreground: false
05-04 17:37:42.746  1650 32677 D ForegroundUtils: UID: 10218 is in foreground: true
05-04 17:37:42.760  3488  3488 D nativeloader: Load libstats_jni.so using APEX ns com_android_os_statsd for caller /apex/com.android.os.statsd/javalib/framework-statsd.jar: ok
05-04 17:37:42.798  3488  3488 D ApplicationLoaders: Returning zygote-cached class loader: /system/framework/android.test.base.jar
05-04 17:37:42.800  3488  3488 W ziparchive: Unable to open '/data/app/~~Gg0G5CtqAB4V4yzAnUxcxw==/com.westlake.host-3z7eVqF571ZZVn3bfdrfTg==/base.dm': No such file or directory
05-04 17:37:42.800  3488  3488 W ziparchive: Unable to open '/data/app/~~Gg0G5CtqAB4V4yzAnUxcxw==/com.westlake.host-3z7eVqF571ZZVn3bfdrfTg==/base.dm': No such file or directory
05-04 17:37:42.833  3704  3747 W HidlServiceManagement: Waited one second for vendor.qti.hardware.cacert@1.0::IService/default
05-04 17:37:42.833   660   660 I hwservicemanager: Since vendor.qti.hardware.cacert@1.0::IService/default is not registered, trying to start it as a lazy HAL (if it's not configured to be a lazy HAL, it may be stuck starting or still starting).
05-04 17:37:42.835  3704  3747 I HidlServiceManagement: getService: Trying again for vendor.qti.hardware.cacert@1.0::IService/default...
05-04 17:37:42.836   660  3507 W libc    : Unable to set property "ctl.interface_start" to "vendor.qti.hardware.cacert@1.0::IService/default": PROP_ERROR_HANDLE_CONTROL_MESSAGE (0x20)
05-04 17:37:42.836   660  3507 I hwservicemanager: Tried to start vendor.qti.hardware.cacert@1.0::IService/default as a lazy service, but was unable to. Usually this happens when a service is not installed, but if the service is intended to be used as a lazy service, then it may be configured incorrectly.
05-04 17:37:42.750     0     0 E init    : Control message: Could not find 'vendor.qti.hardware.cacert@1.0::IService/default' for ctl.interface_start from pid: 660 (/system/system_ext/bin/hwservicemanager)
05-04 17:37:42.933   960   982 V WindowManagerShell: Transition animation finished (aborted=false), notifying core (#4376) android.os.BinderProxy@5f47592@0
05-04 17:37:42.937   307   388 V WindowManager: Finish Transition (#4376): created at 05-04 17:37:42.552 collect-started=0.151ms request-sent=21.008ms started=36.47ms ready=71.692ms sent=74.196ms finished=384.207ms
05-04 17:37:42.938  1230  1230 D VRI[QuickstepLauncher]: visibilityChanged oldVisibility=true newVisibility=false
05-04 17:37:42.939   960   982 V WindowManagerShell: Track 0 became idle
05-04 17:37:42.939   960   982 V WindowManagerShell: All active transition animations finished
05-04 17:37:42.941   307 26097 W UserManagerService: Requested status bar icon for non-badged user 0
05-04 17:37:42.941   307 26097 W UserManagerService: Requested status bar icon for non-badged user 0
05-04 17:37:43.835  3704  3747 W HidlServiceManagement: Waited one second for vendor.qti.hardware.cacert@1.0::IService/default
05-04 17:37:43.835   660   660 I hwservicemanager: Since vendor.qti.hardware.cacert@1.0::IService/default is not registered, trying to start it as a lazy HAL (if it's not configured to be a lazy HAL, it may be stuck starting or still starting).
05-04 17:37:43.836  3704  3747 I HidlServiceManagement: getService: Trying again for vendor.qti.hardware.cacert@1.0::IService/default...
05-04 17:37:43.836   660  3510 W libc    : Unable to set property "ctl.interface_start" to "vendor.qti.hardware.cacert@1.0::IService/default": PROP_ERROR_HANDLE_CONTROL_MESSAGE (0x20)
05-04 17:37:43.836   660  3510 I hwservicemanager: Tried to start vendor.qti.hardware.cacert@1.0::IService/default as a lazy service, but was unable to. Usually this happens when a service is not installed, but if the service is intended to be used as a lazy service, then it may be configured incorrectly.
05-04 17:37:43.750     0     0 E init    : Control message: Could not find 'vendor.qti.hardware.cacert@1.0::IService/default' for ctl.interface_start from pid: 660 (/system/system_ext/bin/hwservicemanager)
05-04 17:37:43.913  3488  3488 D nativeloader: Configuring clns-7 for other apk /data/app/~~Gg0G5CtqAB4V4yzAnUxcxw==/com.westlake.host-3z7eVqF571ZZVn3bfdrfTg==/base.apk. target_sdk_version=28, uses_libraries=, library_path=/data/app/~~Gg0G5CtqAB4V4yzAnUxcxw==/com.westlake.host-3z7eVqF571ZZVn3bfdrfTg==/lib/arm64:/data/app/~~Gg0G5CtqAB4V4yzAnUxcxw==/com.westlake.host-3z7eVqF571ZZVn3bfdrfTg==/base.apk!/lib/arm64-v8a, permitted_path=/data:/mnt/expand:/data/user/0/com.westlake.host
05-04 17:37:43.923  3488  3488 I m.westlake.host: AssetManager2(0x7bd463b4f8) locale list changing from [] to [en-US]
05-04 17:37:43.934  3488  3488 V GraphicsEnvironment: Currently set values for:
05-04 17:37:43.934  3488  3488 V GraphicsEnvironment:   angle_gl_driver_selection_pkgs=[]
05-04 17:37:43.934  3488  3488 V GraphicsEnvironment:   angle_gl_driver_selection_values=[]
05-04 17:37:43.934  3488  3488 V GraphicsEnvironment: com.westlake.host is not listed in per-application setting
05-04 17:37:43.935  3488  3488 V GraphicsEnvironment: Neither updatable production driver nor prerelease driver is supported.
05-04 17:37:43.995   307   780 D BackgroundInstallControlService: Package event received: 0
05-04 17:37:43.995   307   780 D BackgroundInstallControlService: Package event received: 0
05-04 17:37:44.005  3488  3488 I m.westlake.host: AssetManager2(0x7bd463fff8) locale list changing from [] to [en-US]
05-04 17:37:44.055  3488  3488 I Westlake: WestlakeActivity onCreate (ComponentActivity + Compose)
05-04 17:37:44.056  3488  3488 I Westlake: Auto-launching: WESTLAKE_ART_NOICE
05-04 17:37:44.056  3488  3488 I Westlake: Launching Noice via Westlake ART VM
05-04 17:37:44.087  3488  3488 D DesktopModeFlagsUtil: Toggle override initialized to: OVERRIDE_UNSET
05-04 17:37:44.223  3488  3488 D InsetsController: Setting requestedVisibleTypes to -10 (was -9)
05-04 17:37:44.224   307 26097 W WindowManager: Failed looking up window session=Session{77d288f 3488:u0a10218} callers=com.android.server.wm.WindowManagerService.windowForClientLocked:6324 com.android.server.wm.Session.updateRequestedVisibleTypes:699 android.view.IWindowSession$Stub.onTransact:1023 
05-04 17:37:44.607  3488  3488 W m.westlake.host: Method java.lang.Object androidx.compose.runtime.snapshots.SnapshotStateMap.mutate(kotlin.jvm.functions.Function1) failed lock verification and will run slower.
05-04 17:37:44.607  3488  3488 W m.westlake.host: Common causes for lock verification issues are non-optimized dex code
05-04 17:37:44.607  3488  3488 W m.westlake.host: and incorrect proguard optimizations.
05-04 17:37:44.607  3488  3488 W m.westlake.host: Method void androidx.compose.runtime.snapshots.SnapshotStateMap.update(kotlin.jvm.functions.Function1) failed lock verification and will run slower.
05-04 17:37:44.608  3488  3488 W m.westlake.host: Method boolean androidx.compose.runtime.snapshots.SnapshotStateMap.removeIf$runtime_release(kotlin.jvm.functions.Function1) failed lock verification and will run slower.
05-04 17:37:44.836  3704  3747 W HidlServiceManagement: Waited one second for vendor.qti.hardware.cacert@1.0::IService/default
05-04 17:37:44.836   660   660 I hwservicemanager: Since vendor.qti.hardware.cacert@1.0::IService/default is not registered, trying to start it as a lazy HAL (if it's not configured to be a lazy HAL, it may be stuck starting or still starting).
05-04 17:37:44.837  3704  3747 I HidlServiceManagement: getService: Trying again for vendor.qti.hardware.cacert@1.0::IService/default...
05-04 17:37:44.838   660  3528 W libc    : Unable to set property "ctl.interface_start" to "vendor.qti.hardware.cacert@1.0::IService/default": PROP_ERROR_HANDLE_CONTROL_MESSAGE (0x20)
05-04 17:37:44.838   660  3528 I hwservicemanager: Tried to start vendor.qti.hardware.cacert@1.0::IService/default as a lazy service, but was unable to. Usually this happens when a service is not installed, but if the service is intended to be used as a lazy service, then it may be configured incorrectly.
05-04 17:37:44.752     0     0 E init    : Control message: Could not find 'vendor.qti.hardware.cacert@1.0::IService/default' for ctl.interface_start from pid: 660 (/system/system_ext/bin/hwservicemanager)
05-04 17:37:45.034  3488  3488 I WestlakeVM: DisplayListFrameView 480x800 for com.github.ashutoshgngwr.noice
05-04 17:37:45.053  3488  3488 I WestlakeVM: startPipeReader: pipe=false holder=true thread=null
05-04 17:37:45.107   307 27670 D CoreBackPreview: Window{22dbeab u0 com.westlake.host/com.westlake.host.WestlakeActivity}: Setting back callback OnBackInvokedCallbackInfo{mCallback=android.window.IOnBackInvokedCallback$Stub$Proxy@2e08ac6, mPriority=0, mIsAnimationCallback=false, mOverrideBehavior=0}
05-04 17:37:45.233  3488  3518 I AdrenoGLES-0: QUALCOMM build                   : 8e5405b, I57aaec3440
05-04 17:37:45.233  3488  3518 I AdrenoGLES-0: Build Date                       : 05/21/21
05-04 17:37:45.233  3488  3518 I AdrenoGLES-0: OpenGL ES Shader Compiler Version: EV031.32.02.10
05-04 17:37:45.233  3488  3518 I AdrenoGLES-0: Local Branch                     : mybranchebba1dbe-451b-f160-ac81-1458d0b52ae8
05-04 17:37:45.233  3488  3518 I AdrenoGLES-0: Remote Branch                    : quic/gfx-adreno.lnx.1.0.r135-rel
05-04 17:37:45.233  3488  3518 I AdrenoGLES-0: Remote Branch                    : NONE
05-04 17:37:45.233  3488  3518 I AdrenoGLES-0: Reconstruct Branch               : NOTHING
05-04 17:37:45.233  3488  3518 I AdrenoGLES-0: Build Config                     : S P 10.0.7 AArch64
05-04 17:37:45.233  3488  3518 I AdrenoGLES-0: Driver Path                      : /vendor/lib64/egl/libGLESv2_adreno.so
05-04 17:37:45.239  3488  3518 I AdrenoGLES-0: PFP: 0x016ee190, ME: 0x00000000
05-04 17:37:45.257  3320  3358 E HWComposer: getSupportedContentTypes: getSupportedContentTypes failed for display 4630946883826275713: UNSUPPORTED (8)
05-04 17:37:45.175     0     0 I servicemanager: Caller(pid=3488,uid=10218,sid=u:r:untrusted_app_27:s0:c218,c256,c512,c768) Could not find android.hardware.graphics.allocator.IAllocator/default in the VINTF manifest. No alternative instances declared in VINTF.
05-04 17:37:45.265   660   660 I hwservicemanager: getTransport: Cannot find entry android.hardware.graphics.mapper@4.0::IMapper/default in either framework or device VINTF manifest.
05-04 17:37:45.266  3488  3535 I Gralloc4: mapper 4.x is not supported
05-04 17:37:45.266   660   660 I hwservicemanager: getTransport: Cannot find entry android.hardware.graphics.mapper@3.0::IMapper/default in either framework or device VINTF manifest.
05-04 17:37:45.266  3488  3535 W Gralloc3: mapper 3.x is not supported
05-04 17:37:45.272  3488  3535 I Gralloc2: Adding additional valid usage bits: 0x8202000
05-04 17:37:45.179     0     0 I binder  : 3488:3535 ioctl 40046210 7a9bf84094 returned -22
05-04 17:37:45.354  3512  3691 I ThermalEngine: Monitor : quiet_therm = 25504, msm_therm = 27339, xo_therm = 26743, battery_therm = 240,current_now = 0 
05-04 17:37:45.397   307   388 W ziparchive: Unable to open '/data/app/~~Gg0G5CtqAB4V4yzAnUxcxw==/com.westlake.host-3z7eVqF571ZZVn3bfdrfTg==/base.dm': No such file or directory
05-04 17:37:45.399   307   388 I ActivityTaskManager: Displayed com.westlake.host/.WestlakeActivity for user 0: +2s856ms
05-04 17:37:45.418  3488  3532 I HWUI    : Davey! duration=1158ms; Flags=1, FrameTimelineVsyncId=93886704, IntendedVsync=2138495809439950, Vsync=2138495809439950, InputEventId=0, HandleInputStart=2138495810096257, AnimationStart=2138495810112090, PerformTraversalsStart=2138495810122871, DrawStart=2138496856992871, FrameDeadline=2138495826106616, FrameInterval=2138495810055267, FrameStartTime=16691877, SyncQueued=2138496877908860, SyncStart=2138496878082715, IssueDrawCommandsStart=2138496878648183, SwapBuffers=2138496964713808, FrameCompleted=2138496968289798, DequeueBufferDuration=30052, QueueBufferDuration=527083, GpuCompleted=2138496968289798, SwapBuffersCompleted=2138496966207923, DisplayPresentTime=0, CommandSubmissionCompleted=2138496964713808, 
05-04 17:37:45.455  3488  3488 I Choreographer: Skipped 63 frames!  The application may be doing too much work on its main thread.
05-04 17:37:45.458  3488  3555 I WestlakeVM: startWithConfig() called, config=ApkVmConfig(packageName=com.github.ashutoshgngwr.noice, activityName=com.github.ashutoshgngwr.noice.activity.MainActivity, displayName=Noice (ART), apkSourceDir=/data/app/~~R7-vSKxT523z7oA2P8Ynag==/com.github.ashutoshgngwr.noice-D3ESsKFH5h3RNFnLUIp9ig==/base.apk, allowRealFrameworkFallback=false, backendMode=null, extraVmProperties={})
05-04 17:37:45.475   307   656 I ImeTracker: com.westlake.host:e11ccea1: onRequestHide at ORIGIN_SERVER reason HIDE_UNSPECIFIED_WINDOW fromUser false
05-04 17:37:45.491  3488  3488 D InsetsController: hide(ime(), fromIme=false)
05-04 17:37:45.492  3488  3488 I ImeTracker: com.westlake.host:e11ccea1: onCancelled at PHASE_CLIENT_ALREADY_HIDDEN
05-04 17:37:45.495  3220  3220 I android.hardware.power-service-qti: Power setMode: 5 to: 0
05-04 17:37:45.497  1230  1230 D BaseDepthController: setSurface:
05-04 17:37:45.497  1230  1230 D BaseDepthController: 	mWaitingOnSurfaceValidity: false
05-04 17:37:45.497  1230  1230 D BaseDepthController: 	mSurface: null
05-04 17:37:45.499  1230  1230 D StateManager: goToState - fromState: Normal, toState: Normal, partial trace:
05-04 17:37:45.499  1230  1230 D StateManager: 	at com.android.launcher3.statemanager.StateManager.moveToRestState(StateManager.java:465)
05-04 17:37:45.499  1230  1230 D StateManager: 	at com.android.launcher3.statemanager.StateManager.moveToRestState(StateManager.java:456)
05-04 17:37:45.499  1230  1230 D StateManager: 	at com.android.launcher3.statemanager.StatefulActivity.onStop(StatefulActivity.java:136)
05-04 17:37:45.500  1230  1230 D StatsLog: LAUNCHER_ONSTOP
05-04 17:37:45.501   307  3742 I AppWidgetServiceImpl: setAppWidgetHidden() 0
05-04 17:37:45.522  1650 32677 D ForegroundUtils: Foreground UID status:
05-04 17:37:45.523  1650 32677 D ForegroundUtils: UID: 10130 is in foreground: false
05-04 17:37:45.523  1650 32677 D ForegroundUtils: UID: 10152 is in foreground: false
05-04 17:37:45.523  1650 32677 D ForegroundUtils: UID: 10159 is in foreground: true
05-04 17:37:45.523  1650 32677 D ForegroundUtils: UID: 10173 is in foreground: true
05-04 17:37:45.523  1650 32677 D ForegroundUtils: UID: 10190 is in foreground: true
05-04 17:37:45.523  1650 32677 D ForegroundUtils: UID: 10193 is in foreground: false
05-04 17:37:45.523  1650 32677 D ForegroundUtils: UID: 10218 is in foreground: true
05-04 17:37:45.530   307   780 D BackgroundInstallControlService: Package event received: 0
05-04 17:37:45.533  3080  3121 I netd    : tetherGetStats() -> {[]} <2.49ms>
05-04 17:37:45.769   960  1004 W WindowOnBackDispatcher: sendCancelIfRunning: isInProgress=false callback=android.view.ViewRootImpl$$ExternalSyntheticLambda13@cdaabf
05-04 17:37:45.769   307  3742 D CoreBackPreview: Window{52cbe89 u0 Splash Screen com.westlake.host EXITING}: Setting back callback null
05-04 17:37:45.772  3220  3220 I android.hardware.power-service-qti: Power setBoost: 0, duration: 0
05-04 17:37:45.819   960  1004 W FrameTracker: Missing SF jank callback for vsyncId: 93886833, CUJ=J<SPLASHSCREEN_EXIT_ANIM>
05-04 17:37:45.819   960  1004 W FrameTracker: Missing SF jank callback for vsyncId: 93886865, CUJ=J<SPLASHSCREEN_EXIT_ANIM>
05-04 17:37:45.819   960  1004 W FrameTracker: Missing SF jank callback for vsyncId: 93886878, CUJ=J<SPLASHSCREEN_EXIT_ANIM>
05-04 17:37:45.820   960  1004 W FrameTracker: Missing SF jank callback for vsyncId: 93886935, CUJ=J<SPLASHSCREEN_EXIT_ANIM>
05-04 17:37:45.820   960  1004 W FrameTracker: Missing SF jank callback for vsyncId: 93886960, CUJ=J<SPLASHSCREEN_EXIT_ANIM>
05-04 17:37:45.820   960  1004 W FrameTracker: Missing SF jank callback for vsyncId: 93886985, CUJ=J<SPLASHSCREEN_EXIT_ANIM>
05-04 17:37:45.820   960  1004 W FrameTracker: Missing SF jank callback for vsyncId: 93887001, CUJ=J<SPLASHSCREEN_EXIT_ANIM>
05-04 17:37:45.820   960  1004 W FrameTracker: Missing SF jank callback for vsyncId: 93887036, CUJ=J<SPLASHSCREEN_EXIT_ANIM>
05-04 17:37:45.820   960  1004 W FrameTracker: Missing SF jank callback for vsyncId: 93887049, CUJ=J<SPLASHSCREEN_EXIT_ANIM>
05-04 17:37:45.820   960  1004 W FrameTracker: Missing SF jank callback for vsyncId: 93887062, CUJ=J<SPLASHSCREEN_EXIT_ANIM>
05-04 17:37:45.820   960  1004 W FrameTracker: Missing SF jank callback for vsyncId: 93887075, CUJ=J<SPLASHSCREEN_EXIT_ANIM>
05-04 17:37:45.820   960  1004 W FrameTracker: Missing SF jank callback for vsyncId: 93887101, CUJ=J<SPLASHSCREEN_EXIT_ANIM>
05-04 17:37:45.820   960  1004 W FrameTracker: Missing SF jank callback for vsyncId: 93887114, CUJ=J<SPLASHSCREEN_EXIT_ANIM>
05-04 17:37:45.820   960  1004 W FrameTracker: Missing SF jank callback for vsyncId: 93887140, CUJ=J<SPLASHSCREEN_EXIT_ANIM>
05-04 17:37:45.820   960  1004 W FrameTracker: Missing SF jank callback for vsyncId: 93887153, CUJ=J<SPLASHSCREEN_EXIT_ANIM>
05-04 17:37:45.829  3488  3561 W InteractionJankMonitor: Initializing without READ_DEVICE_CONFIG permission. enabled=true, interval=1, missedFrameThreshold=3, frameTimeThreshold=64, package=com.westlake.host
05-04 17:37:45.837  3704  3747 W HidlServiceManagement: Waited one second for vendor.qti.hardware.cacert@1.0::IService/default
05-04 17:37:45.839   660   660 I hwservicemanager: Since vendor.qti.hardware.cacert@1.0::IService/default is not registered, trying to start it as a lazy HAL (if it's not configured to be a lazy HAL, it may be stuck starting or still starting).
05-04 17:37:45.839  3704  3747 I HidlServiceManagement: getService: Trying again for vendor.qti.hardware.cacert@1.0::IService/default...
05-04 17:37:45.842   660  3570 W libc    : Unable to set property "ctl.interface_start" to "vendor.qti.hardware.cacert@1.0::IService/default": PROP_ERROR_HANDLE_CONTROL_MESSAGE (0x20)
05-04 17:37:45.842   660  3570 I hwservicemanager: Tried to start vendor.qti.hardware.cacert@1.0::IService/default as a lazy service, but was unable to. Usually this happens when a service is not installed, but if the service is intended to be used as a lazy service, then it may be configured incorrectly.
05-04 17:37:45.755     0     0 E init    : Control message: Could not find 'vendor.qti.hardware.cacert@1.0::IService/default' for ctl.interface_start from pid: 660 (/system/system_ext/bin/hwservicemanager)
05-04 17:37:45.989  3488  3555 I WestlakeVM: App OAT symlinks: 0 files in /data/local/tmp/westlake/oat/arm64
05-04 17:37:46.840  3704  3747 W HidlServiceManagement: Waited one second for vendor.qti.hardware.cacert@1.0::IService/default
05-04 17:37:46.841   660   660 I hwservicemanager: Since vendor.qti.hardware.cacert@1.0::IService/default is not registered, trying to start it as a lazy HAL (if it's not configured to be a lazy HAL, it may be stuck starting or still starting).
05-04 17:37:46.844  3704  3747 I HidlServiceManagement: getService: Trying again for vendor.qti.hardware.cacert@1.0::IService/default...
05-04 17:37:46.846   660  3590 W libc    : Unable to set property "ctl.interface_start" to "vendor.qti.hardware.cacert@1.0::IService/default": PROP_ERROR_HANDLE_CONTROL_MESSAGE (0x20)
05-04 17:37:46.847   660  3590 I hwservicemanager: Tried to start vendor.qti.hardware.cacert@1.0::IService/default as a lazy service, but was unable to. Usually this happens when a service is not installed, but if the service is intended to be used as a lazy service, then it may be configured incorrectly.
05-04 17:37:46.759     0     0 E init    : Control message: Could not find 'vendor.qti.hardware.cacert@1.0::IService/default' for ctl.interface_start from pid: 660 (/system/system_ext/bin/hwservicemanager)
05-04 17:37:47.386     0     0 I QCOM-BATT: pl_fcc_vote_callback: total_fcc_ua=1950000
05-04 17:37:47.386     0     0 I QCOM-BATT: pl_fv_vote_callback: fv_uv=4400000
05-04 17:37:47.512  3488  3488 I DefaultDispatch: type=1400 audit(0.0:56270): avc:  denied  { setattr } for  name="westlake-launch.properties" dev="sda17" ino=1973264 scontext=u:r:untrusted_app_27:s0:c218,c256,c512,c768 tcontext=u:object_r:shell_data_file:s0 tclass=file permissive=1 app=com.westlake.host
05-04 17:37:47.522  3592  3592 W DefaultDispatch: type=1400 audit(0.0:56271): avc:  granted  { execute } for  name="dalvikvm" dev="sda17" ino=524812 scontext=u:r:untrusted_app_27:s0:c218,c256,c512,c768 tcontext=u:object_r:app_data_file:s0:c218,c256,c512,c768 tclass=file app=com.westlake.host
05-04 17:37:47.522  3592  3592 W DefaultDispatch: type=1400 audit(0.0:56272): avc:  granted  { execute_no_trans } for  path="/data/user/0/com.westlake.host/files/vm/dalvikvm" dev="sda17" ino=524812 scontext=u:r:untrusted_app_27:s0:c218,c256,c512,c768 tcontext=u:object_r:app_data_file:s0:c218,c256,c512,c768 tclass=file app=com.westlake.host
05-04 17:37:47.522  3592  3592 W dalvikvm: type=1400 audit(0.0:56273): avc:  granted  { execute } for  path="/data/user/0/com.westlake.host/files/vm/dalvikvm" dev="sda17" ino=524812 scontext=u:r:untrusted_app_27:s0:c218,c256,c512,c768 tcontext=u:object_r:app_data_file:s0:c218,c256,c512,c768 tclass=file app=com.westlake.host
05-04 17:37:47.534  3488  3597 I WestlakeVM: VM: [dalvikvm] Injected mainThreadStackSize=256MB
05-04 17:37:47.535  3488  3597 I WestlakeVM: VM: [dalvikvm] Captured -classpath=/data/local/tmp/westlake/com_github_ashutoshgngwr_noice_classes.dex:/data/local/tmp/westlake/com_github_ashutoshgngwr_noice.apk
05-04 17:37:47.535  3488  3597 I WestlakeVM: VM: [RT-DBG] Locks::Init done, calling InitLogging
05-04 17:37:47.535  3488  3597 I WestlakeVM: VM: [RT-DBG] InitLogging done, calling ParsedOptions::Parse
05-04 17:37:47.536  3488  3596 I WestlakeVM: startPipeReader: pipe=true holder=true thread=null
05-04 17:37:47.537  3488  3599 I WestlakeVM: PIPE READER: started, holder=com.westlake.host.DisplayListFrameView{3f423dc V.ED..... ........ 0,0-1080,1800}
05-04 17:37:47.540  3488  3597 I WestlakeVM: VM: nullptr I 05-05 04:37:47  3592  3598 parsed_options.cc:701] setting boot class path to /data/local/tmp/westlake/core-oj.jar:/data/local/tmp/westlake/core-libart.jar:/data/local/tmp/westlake/core-icu4j.jar:/data/local/tmp/westlake/bouncycastle.jar:/data/local/tmp/westlake/aosp-shim.dex
05-04 17:37:47.540  3488  3597 I WestlakeVM: VM: nullptr I 05-05 04:37:47  3592  3598 heap.cc:440] Using CollectorType(2) GC.
05-04 17:37:47.540  3488  3597 I WestlakeVM: VM: [IMG] LoadBootImage entered, image_locations=0
05-04 17:37:47.542  3488  3595 I WestlakeVM: HTTP bridge started: /data/user/0/com.westlake.host/files/vm/http_bridge
05-04 17:37:47.542  3488  3555 I WestlakeVM: Pipe reader started, syncing to DLST magic...
05-04 17:37:47.571  3488  3597 I WestlakeVM: VM: [PFCUT] Standalone runtime forcing JIT/profiling off
05-04 17:37:47.571  3488  3597 I WestlakeVM: VM: nullptr W 05-05 04:37:47  3592  3598 fault_handler.cc:131] FaultHandler: MEMBARRIER_CMD_REGISTER_PRIVATE_EXPEDITED failed: 38 Function not implemented
05-04 17:37:47.573  3488  3597 I WestlakeVM: VM: nullptr W 05-05 04:37:47  3592  3598 dex_file_loader.cc:536] Can't mmap dex file /data/local/tmp/westlake/core-icu4j.jar!classes.dex directly; please zipalign to 4 bytes. Falling back to extracting file.
05-04 17:37:47.582  3488  3597 I WestlakeVM: VM: nullptr W 05-05 04:37:47  3592  3598 class_linker.cc:875] CheckSystemClass: Class mismatch for Ljava/lang/String; (continuing for standalone dex2oat)
05-04 17:37:47.582  3488  3597 I WestlakeVM: VM: nullptr W 05-05 04:37:47  3592  3598 class_linker.cc:878]   c1 (pre-allocated) ptr=0x10cb780 objectSize=0 classSize=784 status=1 numVTable=81 numMethods=0 numSFields=0 numIFields=0
05-04 17:37:47.582  3488  3597 I WestlakeVM: VM: nullptr W 05-05 04:37:47  3592  3598 class_linker.cc:887]   c2 (from DEX)      ptr=0x50d6800 objectSize=0 classSize=808 status=7 numVTable=-1 numMethods=131 numSFields=7 numIFields=2
05-04 17:37:47.582  3488  3597 I WestlakeVM: VM: nullptr W 05-05 04:37:47  3592  3598 class_linker.cc:903]   String root = c2 (0x50d6800, 131 methods)
05-04 17:37:47.585  3488  3597 I WestlakeVM: VM: [RT] Runtime::Start() ENTERED
05-04 17:37:47.586  3488  3597 I WestlakeVM: VM: [RT] Standalone class path open: /data/local/tmp/westlake/com_github_ashutoshgngwr_noice_classes.dex (1 dex)
05-04 17:37:47.649  3488  3597 I WestlakeVM: VM: [RT] Standalone class path open: /data/local/tmp/westlake/com_github_ashutoshgngwr_noice.apk (1 dex)
05-04 17:37:47.649  3488  3597 I WestlakeVM: VM: [RT] Standalone class path ready: 2 dex files
05-04 17:37:47.650  3488  3597 I WestlakeVM: VM: [RT]   TRY_REGISTER(register_java_lang_Throwable) ...
05-04 17:37:47.650  3488  3597 I WestlakeVM: VM: [RT]   TRY_REGISTER(register_java_lang_Throwable) done
05-04 17:37:47.650  3488  3597 I WestlakeVM: VM: [RT]   TRY_REGISTER(register_dalvik_system_DexFile) ...
05-04 17:37:47.650  3488  3597 I WestlakeVM: VM: [RT]   TRY_REGISTER(register_dalvik_system_DexFile) done
05-04 17:37:47.650  3488  3597 I WestlakeVM: VM: [RT]   TRY_REGISTER(register_dalvik_system_BaseDexClassLoader) ...
05-04 17:37:47.650  3488  3597 I WestlakeVM: VM: [RT]   TRY_REGISTER(register_dalvik_system_BaseDexClassLoader) done
05-04 17:37:47.650  3488  3597 I WestlakeVM: VM: [RT]   TRY_REGISTER(register_dalvik_system_VMDebug) ...
05-04 17:37:47.651  3488  3597 I WestlakeVM: VM: [RT]   TRY_REGISTER(register_dalvik_system_VMDebug) done
05-04 17:37:47.651  3488  3597 I WestlakeVM: VM: [RT]   TRY_REGISTER(real_register_dalvik_system_VMRuntime) ...
05-04 17:37:47.651  3488  3597 I WestlakeVM: VM: [jni] Skipping missing native method: getFullGcCount()J
05-04 17:37:47.651  3488  3597 I WestlakeVM: VM: [jni] Skipping missing native method: getFullGcCount()J
05-04 17:37:47.651  3488  3597 I WestlakeVM: VM: nullptr W 05-05 04:37:47  3592  3598 tolerant_native_util.h:41] RegisterNatives: skipping dalvik/system/VMRuntime.getFullGcCount()J (not in JAR)
05-04 17:37:47.651  3488  3597 I WestlakeVM: VM: nullptr I 05-05 04:37:47  3592  3598 tolerant_native_util.h:47] RegisterNatives: dalvik/system/VMRuntime: 48/49 methods registered
05-04 17:37:47.651  3488  3597 I WestlakeVM: VM: [RT]   TRY_REGISTER(real_register_dalvik_system_VMRuntime) done
05-04 17:37:47.652  3488  3597 I WestlakeVM: VM: [RT]   TRY_REGISTER(register_dalvik_system_VMStack) ...
05-04 17:37:47.652  3488  3597 I WestlakeVM: VM: [RT]   TRY_REGISTER(register_dalvik_system_VMStack) done
05-04 17:37:47.652  3488  3597 I WestlakeVM: VM: [RT]   TRY_REGISTER(register_dalvik_system_ZygoteHooks) ...
05-04 17:37:47.652  3488  3597 I WestlakeVM: VM: [RT]   TRY_REGISTER(register_dalvik_system_ZygoteHooks) done
05-04 17:37:47.652  3488  3597 I WestlakeVM: VM: [RT]   TRY_REGISTER(register_java_lang_Class) ...
