--------- beginning of system
04-29 21:15:07.870   960   982 V WindowManagerShell: Transition animation finished (aborted=false), notifying core (#3698) android.os.BinderProxy@171e0dc@0
04-29 21:15:07.872   307   388 V WindowManager: Finish Transition (#3698): created at 04-29 21:15:07.230 collect-started=0.096ms request-sent=0.756ms started=68.735ms ready=68.705ms sent=126.316ms finished=641.115ms
04-29 21:15:07.872   307 27297 W ActivityManager: pid 307 system sent binder code 7 with flags 1 to frozen apps and got error -32
04-29 21:15:07.873   307 27297 W WindowManager: Exception thrown during dispatchAppVisibility Window{e45a7a6 u0 com.westlake.host/com.westlake.host.WestlakeActivity EXITING}
04-29 21:15:07.873   307 27297 W WindowManager: android.os.DeadObjectException
04-29 21:15:07.873   307 27297 W WindowManager: 	at android.os.BinderProxy.transactNative(Native Method)
04-29 21:15:07.873   307 27297 W WindowManager: 	at android.os.BinderProxy.transact(BinderProxy.java:592)
04-29 21:15:07.873   307 27297 W WindowManager: 	at android.view.IWindow$Stub$Proxy.dispatchAppVisibility(IWindow.java:557)
04-29 21:15:07.873   307 27297 W WindowManager: 	at com.android.server.wm.WindowState.sendAppVisibilityToClients(WindowState.java:3317)
04-29 21:15:07.873   307 27297 W WindowManager: 	at com.android.server.wm.WindowContainer.sendAppVisibilityToClients(WindowContainer.java:1343)
04-29 21:15:07.873   307 27297 W WindowManager: 	at com.android.server.wm.WindowToken.setClientVisible(WindowToken.java:437)
04-29 21:15:07.873   307 27297 W WindowManager: 	at com.android.server.wm.ActivityRecord.setClientVisible(ActivityRecord.java:7171)
04-29 21:15:07.873   307 27297 W WindowManager: 	at com.android.server.wm.ActivityRecord.postApplyAnimation(ActivityRecord.java:5865)
04-29 21:15:07.873   307 27297 W WindowManager: 	at com.android.server.wm.ActivityRecord.commitVisibility(ActivityRecord.java:5808)
04-29 21:15:07.873   307 27297 W WindowManager: 	at com.android.server.wm.Transition.finishTransition(Transition.java:1375)
04-29 21:15:07.873   307 27297 W WindowManager: 	at com.android.server.wm.TransitionController.finishTransition(TransitionController.java:986)
04-29 21:15:07.873   307 27297 W WindowManager: 	at com.android.server.wm.WindowOrganizerController.finishTransition(WindowOrganizerController.java:526)
04-29 21:15:07.873   307 27297 W WindowManager: 	at android.window.IWindowOrganizerController$Stub.onTransact(IWindowOrganizerController.java:293)
04-29 21:15:07.873   307 27297 W WindowManager: 	at com.android.server.wm.WindowOrganizerController.onTransact(WindowOrganizerController.java:215)
04-29 21:15:07.873   307 27297 W WindowManager: 	at android.os.Binder.execTransactInternal(Binder.java:1406)
04-29 21:15:07.873   307 27297 W WindowManager: 	at android.os.Binder.execTransact(Binder.java:1350)
04-29 21:15:07.879   960   982 V WindowManagerShell: Track 0 became idle
04-29 21:15:07.879   960   982 V WindowManagerShell: All active transition animations finished
04-29 21:15:07.880   307 27297 W UserManagerService: Requested status bar icon for non-badged user 0
04-29 21:15:07.881   307  1030 W UserManagerService: Requested status bar icon for non-badged user 0
--------- beginning of kernel
04-29 21:15:07.984     0     0 I binder  : 30661:30661 ioctl 40046210 7fd7a316a4 returned -22
04-29 21:15:08.076   307 27297 I ActivityManager: Force stopping com.westlake.host appid=10218 user=0: from pid 30661
04-29 21:15:08.080   307   767 I AppWidgetServiceImpl: Received broadcast: android.intent.action.PACKAGE_RESTARTED on user 0
04-29 21:15:08.081   307   767 I AppWidgetServiceImpl: Updating package stopped masked state for uid 10218 package com.westlake.host isStopped true
04-29 21:15:08.331   307 27297 W ActivityTaskManager: callingPackage for (uid=2000, pid=30661) has no WPC
04-29 21:15:08.341   307 27297 W OptProp : Cannot read opt property android.window.PROPERTY_COMPAT_ALLOW_RESIZEABLE_ACTIVITY_OVERRIDES
04-29 21:15:08.341   307 27297 W OptProp : Cannot read opt property android.window.PROPERTY_COMPAT_ALLOW_MIN_ASPECT_RATIO_OVERRIDE
04-29 21:15:08.349   307 27297 W OptProp : Cannot read opt property android.window.PROPERTY_COMPAT_ALLOW_ORIENTATION_OVERRIDE
04-29 21:15:08.353   307 27297 V SplashScreenExceptionList: SplashScreen checking exception for package com.westlake.host (target sdk:28) -> false
04-29 21:15:08.357   307 27297 I ActivityTaskManager: START u0 {flg=0x10000000 cmp=com.westlake.host/.WestlakeActivity (has extras)} with LAUNCH_MULTIPLE from uid 2000 (BAL_ALLOW_PERMISSION) result code=0
04-29 21:15:08.359   960   982 V WindowManagerShell: Transition requested (#3699): android.os.BinderProxy@a2e4d5b TransitionRequestInfo { type = OPEN, triggerTask = TaskInfo{userId=0 taskId=1922 effectiveUid=10218 displayId=0 isRunning=true baseIntent=Intent { flg=0x10000000 cmp=com.westlake.host/.WestlakeActivity } baseActivity=ComponentInfo{com.westlake.host/com.westlake.host.WestlakeActivity} topActivity=ComponentInfo{com.westlake.host/com.westlake.host.WestlakeActivity} origActivity=null realActivity=ComponentInfo{com.westlake.host/com.westlake.host.WestlakeActivity} numActivities=1 lastActiveTime=1759500923 supportsMultiWindow=true resizeMode=1 isResizeable=true minWidth=-1 minHeight=-1 defaultMinSize=220 token=WCT{android.window.IWindowContainerToken$Stub$Proxy@aad9f8} topActivityType=1 pictureInPictureParams=null shouldDockBigOverlays=false launchIntoPipHostTaskId=-1 lastParentTaskIdBeforePip=-1 displayCutoutSafeInsets=Rect(0, 80 - 0, 0) topActivityInfo=ActivityInfo{4f88ed1 com.westlake.host.WestlakeActivity} launchCookies=[] positionInParent=Point(0, 0) parentTaskId=-1 isFocused=false isVisible=false isVisibleRequested=false isTopActivityNoDisplay=false isSleeping=false locusId=null displayAreaFeatureId=1 isTopActivityTransparent=false isActivityStackTransparent=false lastNonFullscreenBounds=Rect(267, 606 - 814, 1686) capturedLink=null capturedLinkTimestamp=0 requestedVisibleTypes=-9 topActivityRequestOpenInBrowserEducationTimestamp=0 appCompatTaskInfo=AppCompatTaskInfo { topActivityInSizeCompat=false eligibleForLetterboxEducation= false isLetterboxEducationEnabled= false isLetterboxDoubleTapEnabled= false eligibleForUserAspectRatioButton= false topActivityBoundsLetterboxed= false isFromLetterboxDoubleTap= false topActivityLetterboxVerticalPosition= -1 topActivityLetterboxHorizontalPosition= -1 topActivityLetterboxWidth=-1 topActivityLetterboxHeight=-1 topActivityLetterboxAppWidth=-1 topActivityLetterboxAppHeight=-1 isUserFullscreenOverrideEnabled=false isSystemFullscreenOverrideEnabled=false hasMinAspectRatioOverride=false topActivityLetterboxBounds=null cameraCompatTaskInfo=CameraCompatTaskInfo { freeformCameraCompatMode=inactive}} topActivityMainWindowFrame=null}, pipChange = null, remoteTransition = null, displayChange = null, flags = 0, debugId = 3699 }
04-29 21:15:08.359   960   982 D ShellSplitScreen: logExit: no-op, mLoggerSessionId is null
04-29 21:15:08.277     0     0 I CPU4    : update max cpu_capacity 967
04-29 21:15:08.371   307  3741 D CoreBackPreview: Window{d835419 u0 Splash Screen com.westlake.host}: Setting back callback OnBackInvokedCallbackInfo{mCallback=android.window.IOnBackInvokedCallback$Stub$Proxy@9229ebf, mPriority=0, mIsAnimationCallback=false, mOverrideBehavior=0}
04-29 21:15:08.374   307   780 D BackgroundInstallControlService: Package event received: 0
04-29 21:15:08.375   307   767 I AppWidgetServiceImpl: Received broadcast: android.intent.action.PACKAGE_UNSTOPPED on user 0
04-29 21:15:08.375   307   767 I AppWidgetServiceImpl: Updating package stopped masked state for uid 10218 package com.westlake.host isStopped false
04-29 21:15:08.382   307   526 I ActivityManager: Start proc 30666:com.westlake.host/u0a218 for next-top-activity {com.westlake.host/com.westlake.host.WestlakeActivity}
04-29 21:15:08.382   960  1749 V WindowManagerShell: onTransitionReady(transaction=1318555100751)
04-29 21:15:08.382   960   982 V WindowManagerShell: onTransitionReady (#3699) android.os.BinderProxy@a2e4d5b: {id=3699 t=OPEN f=0x0 trk=0 r=[0@Point(0, 0)] c=[
04-29 21:15:08.382   960   982 V WindowManagerShell:         {m=OPEN f=NONE leash=Surface(name=Task=1922)/@0xabcfe96 sb=Rect(0, 0 - 1080, 2280) eb=Rect(0, 0 - 1080, 2280) epz=Point(1080, 2280) d=0 taskParent=-1},
04-29 21:15:08.382   960   982 V WindowManagerShell:         {m=TO_BACK f=NONE leash=Surface(name=Task=1575)/@0x60e4a17 sb=Rect(0, 0 - 1080, 2280) eb=Rect(0, 0 - 1080, 2280) epz=Point(1080, 2280) d=0 taskParent=-1}
04-29 21:15:08.382   960   982 V WindowManagerShell:     ]}
04-29 21:15:08.382   960   982 V WindowManagerShell: Playing animation for (#3699) android.os.BinderProxy@a2e4d5b@0
04-29 21:15:08.383   960   982 V ShellRecents: RecentsTransitionHandler.startAnimation: no controller found
04-29 21:15:08.383   960   982 V WindowManagerShell: Transition doesn't have explicit remote, search filters for match for {id=3699 t=OPEN f=0x0 trk=0 r=[0@Point(0, 0)] c=[{m=OPEN f=NONE leash=Surface(name=Task=1922)/@0xabcfe96 sb=Rect(0, 0 - 1080, 2280) eb=Rect(0, 0 - 1080, 2280) epz=Point(1080, 2280) d=0 taskParent=-1},{m=TO_BACK f=NONE leash=Surface(name=Task=1575)/@0x60e4a17 sb=Rect(0, 0 - 1080, 2280) eb=Rect(0, 0 - 1080, 2280) epz=Point(1080, 2280) d=0 taskParent=-1}]}
04-29 21:15:08.383   960   982 V WindowManagerShell:  Checking filter Pair{{types=[] flags=0x0] notFlags=0x100 checks=[{atype=home independent=true modes=[OPEN,TO_FRONT] flags=NONE mustBeTask=false order=TOP topActivity=ComponentInfo{com.android.launcher3/com.android.launcher3.uioverrides.QuickstepLauncher} launchCookie=null windowingMode=undefined},{atype=standard independent=true modes=[CLOSE,TO_BACK] flags=NONE mustBeTask=false order=ANY topActivity=null launchCookie=null windowingMode=undefined},{NOT atype=undefined independent=true modes=[] flags=NONE mustBeTask=true order=ANY topActivity=null launchCookie=null customAnim=true windowingMode=undefined}]} RemoteTransition { remoteTransition = android.window.IRemoteTransition$Stub$Proxy@ae59c67, appThread = android.app.IApplicationThread$Stub$Proxy@8152a14, debugName = QuickstepLaunchHome }}
04-29 21:15:08.383   960   982 V WindowManagerShell:  Delegate animation for (#3699) to null
04-29 21:15:08.383   960   982 V WindowManagerShell: start default transition animation, info = {id=3699 t=OPEN f=0x0 trk=0 r=[0@Point(0, 0)] c=[{m=OPEN f=NONE leash=Surface(name=Task=1922)/@0xabcfe96 sb=Rect(0, 0 - 1080, 2280) eb=Rect(0, 0 - 1080, 2280) epz=Point(1080, 2280) d=0 taskParent=-1},{m=TO_BACK f=NONE leash=Surface(name=Task=1575)/@0x60e4a17 sb=Rect(0, 0 - 1080, 2280) eb=Rect(0, 0 - 1080, 2280) epz=Point(1080, 2280) d=0 taskParent=-1}]}
04-29 21:15:08.383   960   982 V WindowManagerShell: loadAnimation: anim=android.view.animation.AnimationSet@ac26e22 animAttr=0x9 type=OPEN isEntrance=false
04-29 21:15:08.389   307   388 V WindowManager: Sent Transition (#3699) createdAt=04-29 21:15:08.343 via request=TransitionRequestInfo { type = OPEN, triggerTask = TaskInfo{userId=0 taskId=1922 effectiveUid=10218 displayId=0 isRunning=true baseIntent=Intent { flg=0x10000000 cmp=com.westlake.host/.WestlakeActivity } baseActivity=ComponentInfo{com.westlake.host/com.westlake.host.WestlakeActivity} topActivity=ComponentInfo{com.westlake.host/com.westlake.host.WestlakeActivity} origActivity=null realActivity=ComponentInfo{com.westlake.host/com.westlake.host.WestlakeActivity} numActivities=1 lastActiveTime=1759500923 supportsMultiWindow=true resizeMode=1 isResizeable=true minWidth=-1 minHeight=-1 defaultMinSize=220 token=WCT{RemoteToken{ebfa6b7 Task{96a9ff4 #1922 type=standard A=10218:com.westlake.host}}} topActivityType=1 pictureInPictureParams=null shouldDockBigOverlays=false launchIntoPipHostTaskId=-1 lastParentTaskIdBeforePip=-1 displayCutoutSafeInsets=Rect(0, 80 - 0, 0) topActivityInfo=ActivityInfo{4efee24 com.westlake.host.WestlakeActivity} launchCookies=[] positionInParent=Point(0, 0) parentTaskId=-1 isFocused=false isVisible=false isVisibleRequested=false isTopActivityNoDisplay=false isSleeping=false locusId=null displayAreaFeatureId=1 isTopActivityTransparent=false isActivityStackTransparent=false lastNonFullscreenBounds=Rect(267, 606 - 814, 1686) capturedLink=null capturedLinkTimestamp=0 requestedVisibleTypes=-9 topActivityRequestOpenInBrowserEducationTimestamp=0 appCompatTaskInfo=AppCompatTaskInfo { topActivityInSizeCompat=false eligibleForLetterboxEducation= false isLetterboxEducationEnabled= false isLetterboxDoubleTapEnabled= false eligibleForUserAspectRatioButton= false topActivityBoundsLetterboxed= false isFromLetterboxDoubleTap= false topActivityLetterboxVerticalPosition= -1 topActivityLetterboxHorizontalPosition= -1 topActivityLetterboxWidth=-1 topActivityLetterboxHeight=-1 topActivityLetterboxAppWidth=-1 topActivityLetterboxAppHeight=-1 isUserFullscreenOverrideEnabled=false isSystemFullscreenOverrideEnabled=false hasMinAspectRatioOverride=false topActivityLetterboxBounds=null cameraCompatTaskInfo=CameraCompatTaskInfo { freeformCameraCompatMode=inactive}} topActivityMainWindowFrame=null}, pipChange = null, remoteTransition = null, displayChange = null, flags = 0, debugId = 3699 }
04-29 21:15:08.389   307   388 V WindowManager:     startWCT=WindowContainerTransaction { changes= {} hops= [] errorCallbackToken=null taskFragmentOrganizer=null }
04-29 21:15:08.389   307   388 V WindowManager:     info={id=3699 t=OPEN f=0x0 trk=0 r=[0@Point(0, 0)] c=[
04-29 21:15:08.389   307   388 V WindowManager:         {WCT{RemoteToken{ebfa6b7 Task{96a9ff4 #1922 type=standard A=10218:com.westlake.host}}} m=OPEN f=NONE leash=Surface(name=Task=1922)/@0x2af2278 sb=Rect(0, 0 - 1080, 2280) eb=Rect(0, 0 - 1080, 2280) epz=Point(1080, 2280) d=0 taskParent=-1},
04-29 21:15:08.389   307   388 V WindowManager:         {WCT{RemoteToken{2c4595d Task{43a3d96 #1575 type=standard A=1000:com.android.settings.root}}} m=TO_BACK f=NONE leash=Surface(name=Task=1575)/@0xbe07a07 sb=Rect(0, 0 - 1080, 2280) eb=Rect(0, 0 - 1080, 2280) epz=Point(1080, 2280) d=0 taskParent=-1}
04-29 21:15:08.389   307   388 V WindowManager:     ]}
04-29 21:15:08.391   307  1478 W UserManagerService: Requested status bar icon for non-badged user 0
04-29 21:15:08.392   960   982 V WindowManagerShell: loadAnimation: anim=android.view.animation.AnimationSet@e478121 animAttr=0x8 type=OPEN isEntrance=true
04-29 21:15:08.393   960   982 V WindowManagerShell:  animated by com.android.wm.shell.transition.DefaultTransitionHandler@6c3a7ac
04-29 21:15:08.345     0     0 I binder  : 30666:30666 ioctl 40046210 7fd4a812f4 returned -22
04-29 21:15:08.436   307   391 E AccessPersistence: Failed to verity-protect runtime-permissions
04-29 21:15:08.436   307   391 E AccessPersistence: java.io.IOException: Failed to enable fs-verity on FD(660): Inappropriate ioctl for device
04-29 21:15:08.436   307   391 E AccessPersistence: 	at com.android.internal.security.VerityUtils.setUpFsverity(VerityUtils.java:94)
04-29 21:15:08.436   307   391 E AccessPersistence: 	at com.android.server.security.FileIntegrity.setUpFsVerity(FileIntegrity.java:66)
04-29 21:15:08.436   307   391 E AccessPersistence: 	at com.android.server.security.FileIntegrity.setUpFsVerity(FileIntegrity.java:50)
04-29 21:15:08.436   307   391 E AccessPersistence: 	at com.android.server.permission.access.AccessPersistence.writeSystemState(AccessPersistence.kt:65)
04-29 21:15:08.436   307   391 E AccessPersistence: 	at com.android.server.permission.access.AccessPersistence.writePendingState(AccessPersistence.kt:149)
04-29 21:15:08.436   307   391 E AccessPersistence: 	at com.android.server.permission.access.AccessPersistence.access$writePendingState(AccessPersistence.kt:41)
04-29 21:15:08.436   307   391 E AccessPersistence: 	at com.android.server.permission.access.AccessPersistence$WriteHandler.handleMessage(AccessPersistence.kt:190)
04-29 21:15:08.436   307   391 E AccessPersistence: 	at android.os.Handler.dispatchMessage(Handler.java:109)
04-29 21:15:08.436   307   391 E AccessPersistence: 	at android.os.Looper.loopOnce(Looper.java:232)
04-29 21:15:08.436   307   391 E AccessPersistence: 	at android.os.Looper.loop(Looper.java:317)
04-29 21:15:08.436   307   391 E AccessPersistence: 	at android.os.HandlerThread.run(HandlerThread.java:85)
04-29 21:15:08.436   307   391 E AccessPersistence: 	at com.android.server.ServiceThread.run(ServiceThread.java:49)
04-29 21:15:08.450   307   391 E AccessPersistence: Failed to verity-protect runtime-permissions
04-29 21:15:08.450   307   391 E AccessPersistence: java.io.IOException: Failed to enable fs-verity on FD(660): Inappropriate ioctl for device
04-29 21:15:08.450   307   391 E AccessPersistence: 	at com.android.internal.security.VerityUtils.setUpFsverity(VerityUtils.java:94)
04-29 21:15:08.450   307   391 E AccessPersistence: 	at com.android.server.security.FileIntegrity.setUpFsVerity(FileIntegrity.java:66)
04-29 21:15:08.450   307   391 E AccessPersistence: 	at com.android.server.security.FileIntegrity.setUpFsVerity(FileIntegrity.java:50)
04-29 21:15:08.450   307   391 E AccessPersistence: 	at com.android.server.permission.access.AccessPersistence.writeUserState(AccessPersistence.kt:65)
04-29 21:15:08.450   307   391 E AccessPersistence: 	at com.android.server.permission.access.AccessPersistence.writePendingState(AccessPersistence.kt:151)
04-29 21:15:08.450   307   391 E AccessPersistence: 	at com.android.server.permission.access.AccessPersistence.access$writePendingState(AccessPersistence.kt:41)
04-29 21:15:08.450   307   391 E AccessPersistence: 	at com.android.server.permission.access.AccessPersistence$WriteHandler.handleMessage(AccessPersistence.kt:190)
04-29 21:15:08.450   307   391 E AccessPersistence: 	at android.os.Handler.dispatchMessage(Handler.java:109)
04-29 21:15:08.450   307   391 E AccessPersistence: 	at android.os.Looper.loopOnce(Looper.java:232)
04-29 21:15:08.450   307   391 E AccessPersistence: 	at android.os.Looper.loop(Looper.java:317)
04-29 21:15:08.450   307   391 E AccessPersistence: 	at android.os.HandlerThread.run(HandlerThread.java:85)
04-29 21:15:08.450   307   391 E AccessPersistence: 	at com.android.server.ServiceThread.run(ServiceThread.java:49)
04-29 21:15:08.451   307   780 D BackgroundInstallControlService: Package event received: 0
04-29 21:15:08.460     0     0 E init    : Control message: Could not find 'vendor.qti.hardware.cacert@1.0::IService/default' for ctl.interface_start from pid: 660 (/system/system_ext/bin/hwservicemanager)
04-29 21:15:08.628  3530  3530 W wificond: Failed to get NL80211_ATTR_MAX_NUM_AKM_SUITES
04-29 21:15:08.629  3530  3530 W wificond: Failed to get NL80211_ATTR_MAX_NUM_AKM_SUITES
04-29 21:15:08.629  3530  3530 W wificond: Failed to get NL80211_ATTR_MAX_NUM_AKM_SUITES
04-29 21:15:08.905   960   982 V WindowManagerShell: Transition animation finished (aborted=false), notifying core (#3699) android.os.BinderProxy@a2e4d5b@0
04-29 21:15:08.906   307   388 V WindowManager: Finish Transition (#3699): created at 04-29 21:15:08.343 collect-started=0.111ms request-sent=13.902ms started=17.183ms ready=37.286ms sent=38.716ms finished=563.097ms
04-29 21:15:08.907   960   982 V WindowManagerShell: Track 0 became idle
04-29 21:15:08.907   960   982 V WindowManagerShell: All active transition animations finished
04-29 21:15:08.907   307  1030 W UserManagerService: Requested status bar icon for non-badged user 0
04-29 21:15:08.908   307   335 W UserManagerService: Requested status bar icon for non-badged user 0
04-29 21:15:08.976   307   780 D BackgroundInstallControlService: Package event received: 0
04-29 21:15:08.976   307   780 D BackgroundInstallControlService: Package event received: 0
04-29 21:15:09.068 30666 30666 D InsetsController: Setting requestedVisibleTypes to -10 (was -9)
04-29 21:15:09.069   307   335 W WindowManager: Failed looking up window session=Session{dbe0987 30666:u0a10218} callers=com.android.server.wm.WindowManagerService.windowForClientLocked:6324 com.android.server.wm.Session.updateRequestedVisibleTypes:699 android.view.IWindowSession$Stub.onTransact:1023 
04-29 21:15:09.340   307  3741 D CoreBackPreview: Window{1e7b723 u0 com.westlake.host/com.westlake.host.WestlakeActivity}: Setting back callback OnBackInvokedCallbackInfo{mCallback=android.window.IOnBackInvokedCallback$Stub$Proxy@66d579e, mPriority=0, mIsAnimationCallback=false, mOverrideBehavior=0}
04-29 21:15:09.276     0     0 I servicemanager: Caller(pid=30666,uid=10218,sid=u:r:untrusted_app_27:s0:c218,c256,c512,c768) Could not find android.hardware.graphics.allocator.IAllocator/default in the VINTF manifest. No alternative instances declared in VINTF.
04-29 21:15:09.276     0     0 I binder  : 30666:30686 ioctl 40046210 7a9c02f094 returned -22
04-29 21:15:09.432   307   780 D BackgroundInstallControlService: Package event received: 0
04-29 21:15:09.463     0     0 E init    : Control message: Could not find 'vendor.qti.hardware.cacert@1.0::IService/default' for ctl.interface_start from pid: 660 (/system/system_ext/bin/hwservicemanager)
04-29 21:15:09.749   307 27297 D CoreBackPreview: Window{d835419 u0 Splash Screen com.westlake.host EXITING}: Setting back callback null
04-29 21:15:09.671     0     0 I CPU4    : update max cpu_capacity 1024
04-29 21:15:09.777     0     0 W         : IRQ6 no longer affine to CPU4
04-29 21:15:09.942     0     0 I QCOM-BATT: pl_fcc_vote_callback: total_fcc_ua=1950000
04-29 21:15:09.942     0     0 I QCOM-BATT: pl_fv_vote_callback: fv_uv=4400000
04-29 21:15:10.060     0     0 I SMBLIB  : op_charging_en: enable=1
04-29 21:15:10.061     0     0 E SMBLIB  : handle_batt_temp_normal: triggered
04-29 21:15:10.061     0     0 E SMBLIB  : set_chg_ibat_vbat_max: set ibatmax=1950 and set vbatmax=4400
04-29 21:15:10.061     0     0 E SMBLIB  : op_battery_temp_region_set: set temp_region=5
04-29 21:15:10.304     0     0 E FG      : fg_psy_get_property: unsupported property 79
04-29 21:15:10.311     0     0 E FG      : fg_psy_get_property: unsupported property 79
04-29 21:15:10.316     0     0 W healthd : battery l=100 v=4208 t=25.4 h=2 st=5 c=372000 fc=3045000 chg=u
04-29 21:15:10.324     0     0 E FG      : fg_psy_get_property: unsupported property 79
04-29 21:15:10.417   960  2050 D PowerUI : can't show warning due to - plugged: true status unknown: false
04-29 21:15:10.376     0     0 I QCOM-BATT: pl_fcc_vote_callback: total_fcc_ua=1950000
04-29 21:15:10.376     0     0 I QCOM-BATT: pl_fv_vote_callback: fv_uv=4400000
04-29 21:15:10.464     0     0 E init    : Control message: Could not find 'vendor.qti.hardware.cacert@1.0::IService/default' for ctl.interface_start from pid: 660 (/system/system_ext/bin/hwservicemanager)
04-29 21:15:10.624     0     0 E FG      : fg_psy_get_property: unsupported property 79
04-29 21:15:10.631     0     0 E FG      : fg_psy_get_property: unsupported property 79
04-29 21:15:10.639     0     0 W healthd : battery l=100 v=4208 t=25.4 h=2 st=5 c=372000 fc=3045000 chg=u
04-29 21:15:10.649     0     0 E FG      : fg_psy_get_property: unsupported property 79
04-29 21:15:10.737   960  2657 D PowerUI : can't show warning due to - plugged: true status unknown: false
04-29 21:15:11.465     0     0 E init    : Control message: Could not find 'vendor.qti.hardware.cacert@1.0::IService/default' for ctl.interface_start from pid: 660 (/system/system_ext/bin/hwservicemanager)
04-29 21:15:12.466     0     0 E init    : Control message: Could not find 'vendor.qti.hardware.cacert@1.0::IService/default' for ctl.interface_start from pid: 660 (/system/system_ext/bin/hwservicemanager)
04-29 21:15:13.466     0     0 E init    : Control message: Could not find 'vendor.qti.hardware.cacert@1.0::IService/default' for ctl.interface_start from pid: 660 (/system/system_ext/bin/hwservicemanager)
04-29 21:15:14.037     0     0 W         : IRQ6 no longer affine to CPU4
04-29 21:15:14.469     0     0 E init    : Control message: Could not find 'vendor.qti.hardware.cacert@1.0::IService/default' for ctl.interface_start from pid: 660 (/system/system_ext/bin/hwservicemanager)
04-29 21:15:15.470     0     0 E init    : Control message: Could not find 'vendor.qti.hardware.cacert@1.0::IService/default' for ctl.interface_start from pid: 660 (/system/system_ext/bin/hwservicemanager)
04-29 21:15:16.472     0     0 E init    : Control message: Could not find 'vendor.qti.hardware.cacert@1.0::IService/default' for ctl.interface_start from pid: 660 (/system/system_ext/bin/hwservicemanager)
04-29 21:15:16.984     0     0 I QCOM-BATT: pl_fcc_vote_callback: total_fcc_ua=1950000
04-29 21:15:16.984     0     0 I QCOM-BATT: pl_fv_vote_callback: fv_uv=4400000
04-29 21:15:17.344     0     0 E FG      : fg_psy_get_property: unsupported property 79
04-29 21:15:17.351     0     0 E FG      : fg_psy_get_property: unsupported property 79
04-29 21:15:17.358     0     0 W healthd : battery l=100 v=4337 t=25.5 h=2 st=5 c=47000 fc=3043000 chg=u
04-29 21:15:17.459   960  2676 D PowerUI : can't show warning due to - plugged: true status unknown: false
04-29 21:15:17.370     0     0 E FG      : fg_psy_get_property: unsupported property 79
04-29 21:15:17.473     0     0 E init    : Control message: Could not find 'vendor.qti.hardware.cacert@1.0::IService/default' for ctl.interface_start from pid: 660 (/system/system_ext/bin/hwservicemanager)
04-29 21:15:18.477     0     0 E init    : Control message: Could not find 'vendor.qti.hardware.cacert@1.0::IService/default' for ctl.interface_start from pid: 660 (/system/system_ext/bin/hwservicemanager)
04-29 21:15:19.197     0     0 W         : IRQ6 no longer affine to CPU7
04-29 21:15:19.476     0     0 E init    : Control message: Could not find 'vendor.qti.hardware.cacert@1.0::IService/default' for ctl.interface_start from pid: 660 (/system/system_ext/bin/hwservicemanager)
04-29 21:15:20.477     0     0 E init    : Control message: Could not find 'vendor.qti.hardware.cacert@1.0::IService/default' for ctl.interface_start from pid: 660 (/system/system_ext/bin/hwservicemanager)
04-29 21:15:21.481     0     0 E init    : Control message: Could not find 'vendor.qti.hardware.cacert@1.0::IService/default' for ctl.interface_start from pid: 660 (/system/system_ext/bin/hwservicemanager)
04-29 21:15:22.481     0     0 E init    : Control message: Could not find 'vendor.qti.hardware.cacert@1.0::IService/default' for ctl.interface_start from pid: 660 (/system/system_ext/bin/hwservicemanager)
04-29 21:15:22.597     0     0 W         : IRQ6 no longer affine to CPU7
04-29 21:15:23.388     0     0 I QCOM-BATT: pl_fcc_vote_callback: total_fcc_ua=1950000
04-29 21:15:23.388     0     0 I QCOM-BATT: pl_fv_vote_callback: fv_uv=4400000
04-29 21:15:23.487     0     0 E init    : Control message: Could not find 'vendor.qti.hardware.cacert@1.0::IService/default' for ctl.interface_start from pid: 660 (/system/system_ext/bin/hwservicemanager)
04-29 21:15:23.685     0     0 E FG      : fg_psy_get_property: unsupported property 79
04-29 21:15:23.697     0     0 E FG      : fg_psy_get_property: unsupported property 79
04-29 21:15:23.701     0     0 I QCOM-BATT: pl_fcc_vote_callback: total_fcc_ua=1950000
04-29 21:15:23.701     0     0 I QCOM-BATT: pl_fv_vote_callback: fv_uv=4400000
04-29 21:15:23.710     0     0 W healthd : battery l=100 v=4319 t=25.5 h=2 st=5 c=62000 fc=3043000 chg=u
04-29 21:15:23.811   960  2692 D PowerUI : can't show warning due to - plugged: true status unknown: false
04-29 21:15:23.724     0     0 E FG      : fg_psy_get_property: unsupported property 79
04-29 21:15:23.896     0     0 E FG      : fg_psy_get_property: unsupported property 79
04-29 21:15:23.905     0     0 E FG      : fg_psy_get_property: unsupported property 79
04-29 21:15:23.910     0     0 W healthd : battery l=100 v=4319 t=25.5 h=2 st=5 c=62000 fc=3043000 chg=u
04-29 21:15:23.916     0     0 E FG      : fg_psy_get_property: unsupported property 79
04-29 21:15:24.366     0     0 I QCOM-BATT: pl_fcc_vote_callback: total_fcc_ua=1950000
04-29 21:15:24.366     0     0 I QCOM-BATT: pl_fv_vote_callback: fv_uv=4400000
04-29 21:15:24.490     0     0 E init    : Control message: Could not find 'vendor.qti.hardware.cacert@1.0::IService/default' for ctl.interface_start from pid: 660 (/system/system_ext/bin/hwservicemanager)
04-29 21:15:24.614     0     0 E FG      : fg_psy_get_property: unsupported property 79
04-29 21:15:24.631     0     0 E FG      : fg_psy_get_property: unsupported property 79
04-29 21:15:24.636     0     0 W healthd : battery l=100 v=4379 t=25.5 h=2 st=5 c=-217000 fc=3043000 chg=u
04-29 21:15:24.732   960  2694 D PowerUI : can't show warning due to - plugged: true status unknown: false
04-29 21:15:24.644     0     0 E FG      : fg_psy_get_property: unsupported property 79
04-29 21:15:24.670     0     0 I QCOM-BATT: pl_fcc_vote_callback: total_fcc_ua=1950000
04-29 21:15:24.670     0     0 I QCOM-BATT: pl_fv_vote_callback: fv_uv=4400000
04-29 21:15:24.815     0     0 E FG      : fg_psy_get_property: unsupported property 79
04-29 21:15:24.824     0     0 E FG      : fg_psy_get_property: unsupported property 79
04-29 21:15:24.830     0     0 W healthd : battery l=100 v=4379 t=25.5 h=2 st=5 c=-217000 fc=3043000 chg=u
04-29 21:15:24.837     0     0 E FG      : fg_psy_get_property: unsupported property 79
04-29 21:15:25.493     0     0 E init    : Control message: Could not find 'vendor.qti.hardware.cacert@1.0::IService/default' for ctl.interface_start from pid: 660 (/system/system_ext/bin/hwservicemanager)
04-29 21:15:26.241     0     0 I QCOM-BATT: pl_fcc_vote_callback: total_fcc_ua=1950000
04-29 21:15:26.241     0     0 I QCOM-BATT: pl_fv_vote_callback: fv_uv=4400000
04-29 21:15:26.484     0     0 E FG      : fg_psy_get_property: unsupported property 79
04-29 21:15:26.491     0     0 E FG      : fg_psy_get_property: unsupported property 79
04-29 21:15:26.492     0     0 E init    : Control message: Could not find 'vendor.qti.hardware.cacert@1.0::IService/default' for ctl.interface_start from pid: 660 (/system/system_ext/bin/hwservicemanager)
04-29 21:15:26.496     0     0 W healthd : battery l=100 v=4384 t=25.6 h=2 st=5 c=-161000 fc=3044000 chg=u
04-29 21:15:26.594   960  2713 D PowerUI : can't show warning due to - plugged: true status unknown: false
04-29 21:15:26.504     0     0 E FG      : fg_psy_get_property: unsupported property 79
04-29 21:15:26.517     0     0 W         : IRQ6 no longer affine to CPU7
04-29 21:15:27.494     0     0 E init    : Control message: Could not find 'vendor.qti.hardware.cacert@1.0::IService/default' for ctl.interface_start from pid: 660 (/system/system_ext/bin/hwservicemanager)
04-29 21:15:27.697     0     0 W         : IRQ6 no longer affine to CPU7
04-29 21:15:28.495     0     0 E init    : Control message: Could not find 'vendor.qti.hardware.cacert@1.0::IService/default' for ctl.interface_start from pid: 660 (/system/system_ext/bin/hwservicemanager)
04-29 21:15:29.497     0     0 E init    : Control message: Could not find 'vendor.qti.hardware.cacert@1.0::IService/default' for ctl.interface_start from pid: 660 (/system/system_ext/bin/hwservicemanager)
04-29 21:15:29.784     0     0 I QCOM-BATT: pl_fcc_vote_callback: total_fcc_ua=1950000
04-29 21:15:29.784     0     0 I QCOM-BATT: pl_fv_vote_callback: fv_uv=4400000
04-29 21:15:30.144     0     0 E FG      : fg_psy_get_property: unsupported property 79
04-29 21:15:30.155     0     0 E FG      : fg_psy_get_property: unsupported property 79
04-29 21:15:30.161     0     0 W healthd : battery l=100 v=4311 t=25.6 h=2 st=5 c=70000 fc=3044000 chg=u
04-29 21:15:30.258   960  2704 D PowerUI : can't show warning due to - plugged: true status unknown: false
04-29 21:15:30.171     0     0 E FG      : fg_psy_get_property: unsupported property 79
--------- beginning of main
04-29 21:15:30.541 30666 30715 I WestlakeVM: VM: [PC-TRACE] BEFORE int java.lang.String.lastIndexOf(byte[], byte, int, java.lang.String, int) → byte java.lang.String.coder(): v0=0x0 v1=0x0 v2=0x0 v3=0x0 v4=0x149efdc0 v5=0x0 v6=0x9 v7=0x149828e0 v8=0x5 
04-29 21:15:30.541 30666 30715 I WestlakeVM: VM: [PC-TRACE] AFTER: v0=0x0 v1=0x0 v2=0x0 v3=0x0 v4=0x149efdc0 v5=0x0 v6=0x9 v7=0x149828e0 v8=0x5 
04-29 21:15:30.541 30666 30715 I WestlakeVM: VM: [PC-TRACE] BEFORE int java.lang.String.lastIndexOf(byte[], byte, int, java.lang.String, int) → int java.lang.StringLatin1.lastIndexOf(byte[], int, java.lang.String, int, int): v0=0x0 v1=0x4 v2=0x5 v3=0xffffffff v4=0x149efdc0 v5=0x0 v6=0x9 v7=0x149828e0 v8=0x5 
04-29 21:15:30.541 30666 30715 I WestlakeVM: VM: [PC-TRACE] AFTER: v0=0x0 v1=0x4 v2=0x5 v3=0xffffffff v4=0x149efdc0 v5=0x0 v6=0x9 v7=0x149828e0 v8=0x5 
04-29 21:15:30.541 30666 30715 I WestlakeVM: VM: [PC-TRACE] AFTER: v0=0x149efdc0 v1=0x0 v2=0x9 v3=0x14a38220 v4=0x149828e0 v5=0x5 
04-29 21:15:30.541 30666 30715 I WestlakeVM: VM: [PC-TRACE] AFTER: v0=0x0 v1=0x14a38220 v2=0x149828e0 v3=0x5 
04-29 21:15:30.541 30666 30715 I WestlakeVM: VM: [PC-TRACE] BEFORE int java.lang.StringBuilder.lastIndexOf(java.lang.String, int) → int java.lang.AbstractStringBuilder.lastIndexOf(java.lang.String, int): v0=0x0 v1=0x14a38220 v2=0x149828e0 v3=0x5 
04-29 21:15:30.541 30666 30715 I WestlakeVM: VM: [PC-TRACE] BEFORE int java.lang.AbstractStringBuilder.lastIndexOf(java.lang.String, int) → int java.lang.String.lastIndexOf(byte[], byte, int, java.lang.String, int): v0=0x149efdc0 v1=0x0 v2=0x9 v3=0x14a38220 v4=0x149828e0 v5=0x5 
04-29 21:15:30.541 30666 30715 I WestlakeVM: VM: [PC-TRACE] BEFORE int java.lang.String.lastIndexOf(byte[], byte, int, java.lang.String, int) → byte java.lang.String.coder(): v0=0x0 v1=0x0 v2=0x0 v3=0x0 v4=0x149efdc0 v5=0x0 v6=0x9 v7=0x149828e0 v8=0x5 
04-29 21:15:30.541 30666 30715 I WestlakeVM: VM: [PC-TRACE] AFTER: v0=0x0 v1=0x0 v2=0x0 v3=0x0 v4=0x149efdc0 v5=0x0 v6=0x9 v7=0x149828e0 v8=0x5 
04-29 21:15:30.541 30666 30715 I WestlakeVM: VM: [PC-TRACE] BEFORE int java.lang.String.lastIndexOf(byte[], byte, int, java.lang.String, int) → int java.lang.StringLatin1.lastIndexOf(byte[], int, java.lang.String, int, int): v0=0x0 v1=0x4 v2=0x5 v3=0xffffffff v4=0x149efdc0 v5=0x0 v6=0x9 v7=0x149828e0 v8=0x5 
04-29 21:15:30.541 30666 30715 I WestlakeVM: VM: [PC-TRACE] AFTER: v0=0x0 v1=0x4 v2=0x5 v3=0xffffffff v4=0x149efdc0 v5=0x0 v6=0x9 v7=0x149828e0 v8=0x5 
04-29 21:15:30.542 30666 30715 I WestlakeVM: VM: [PC-TRACE] AFTER: v0=0x149efdc0 v1=0x0 v2=0x9 v3=0x14a38220 v4=0x149828e0 v5=0x5 
04-29 21:15:30.542 30666 30715 I WestlakeVM: VM: [PC-TRACE] AFTER: v0=0x0 v1=0x14a38220 v2=0x149828e0 v3=0x5 
04-29 21:15:30.542 30666 30715 I WestlakeVM: VM: [PC-TRACE] BEFORE int java.lang.StringBuilder.lastIndexOf(java.lang.String, int) → int java.lang.AbstractStringBuilder.lastIndexOf(java.lang.String, int): v0=0x0 v1=0x14a38220 v2=0x149828e0 v3=0x5 
04-29 21:15:30.542 30666 30715 I WestlakeVM: VM: [PC-TRACE] BEFORE int java.lang.AbstractStringBuilder.lastIndexOf(java.lang.String, int) → int java.lang.String.lastIndexOf(byte[], byte, int, java.lang.String, int): v0=0x149efdc0 v1=0x0 v2=0x9 v3=0x14a38220 v4=0x149828e0 v5=0x5 
04-29 21:15:30.542 30666 30715 I WestlakeVM: VM: [PC-TRACE] BEFORE int java.lang.String.lastIndexOf(byte[], byte, int, java.lang.String, int) → byte java.lang.String.coder(): v0=0x0 v1=0x0 v2=0x0 v3=0x0 v4=0x149efdc0 v5=0x0 v6=0x9 v7=0x149828e0 v8=0x5 
04-29 21:15:30.542 30666 30715 I WestlakeVM: VM: [PC-TRACE] AFTER: v0=0x0 v1=0x0 v2=0x0 v3=0x0 v4=0x149efdc0 v5=0x0 v6=0x9 v7=0x149828e0 v8=0x5 
04-29 21:15:30.542 30666 30715 I WestlakeVM: VM: [PC-TRACE] BEFORE int java.lang.String.lastIndexOf(byte[], byte, int, java.lang.String, int) → int java.lang.StringLatin1.lastIndexOf(byte[], int, java.lang.String, int, int): v0=0x0 v1=0x4 v2=0x5 v3=0xffffffff v4=0x149efdc0 v5=0x0 v6=0x9 v7=0x149828e0 v8=0x5 
04-29 21:15:30.542 30666 30715 I WestlakeVM: VM: [PC-TRACE] AFTER: v0=0x0 v1=0x4 v2=0x5 v3=0xffffffff v4=0x149efdc0 v5=0x0 v6=0x9 v7=0x149828e0 v8=0x5 
04-29 21:15:30.542 30666 30715 I WestlakeVM: VM: [PC-TRACE] AFTER: v0=0x149efdc0 v1=0x0 v2=0x9 v3=0x14a38220 v4=0x149828e0 v5=0x5 
04-29 21:15:30.542 30666 30715 I WestlakeVM: VM: [PC-TRACE] AFTER: v0=0x0 v1=0x14a38220 v2=0x149828e0 v3=0x5 
04-29 21:15:30.542 30666 30715 I WestlakeVM: VM: [PC-TRACE] BEFORE int java.lang.StringBuilder.lastIndexOf(java.lang.String, int) → int java.lang.AbstractStringBuilder.lastIndexOf(java.lang.String, int): v0=0x0 v1=0x14a38220 v2=0x149828e0 v3=0x5 
04-29 21:15:30.542 30666 30715 I WestlakeVM: VM: [PC-TRACE] BEFORE int java.lang.AbstractStringBuilder.lastIndexOf(java.lang.String, int) → int java.lang.String.lastIndexOf(byte[], byte, int, java.lang.String, int): v0=0x149efdc0 v1=0x0 v2=0x9 v3=0x14a38220 v4=0x149828e0 v5=0x5 
04-29 21:15:30.542 30666 30715 I WestlakeVM: VM: [PC-TRACE] BEFORE int java.lang.String.lastIndexOf(byte[], byte, int, java.lang.String, int) → byte java.lang.String.coder(): v0=0x0 v1=0x0 v2=0x0 v3=0x0 v4=0x149efdc0 v5=0x0 v6=0x9 v7=0x149828e0 v8=0x5 
04-29 21:15:30.542 30666 30715 I WestlakeVM: VM: [PC-TRACE] AFTER: v0=0x0 v1=0x0 v2=0x0 v3=0x0 v4=0x149efdc0 v5=0x0 v6=0x9 v7=0x149828e0 v8=0x5 
04-29 21:15:30.542 30666 30715 I WestlakeVM: VM: [PC-TRACE] BEFORE int java.lang.String.lastIndexOf(byte[], byte, int, java.lang.String, int) → int java.lang.StringLatin1.lastIndexOf(byte[], int, java.lang.String, int, int): v0=0x0 v1=0x4 v2=0x5 v3=0xffffffff v4=0x149efdc0 v5=0x0 v6=0x9 v7=0x149828e0 v8=0x5 
04-29 21:15:30.542 30666 30715 I WestlakeVM: VM: [PC-TRACE] AFTER: v0=0x0 v1=0x4 v2=0x5 v3=0xffffffff v4=0x149efdc0 v5=0x0 v6=0x9 v7=0x149828e0 v8=0x5 
04-29 21:15:30.542 30666 30715 I WestlakeVM: VM: [PC-TRACE] AFTER: v0=0x149efdc0 v1=0x0 v2=0x9 v3=0x14a38220 v4=0x149828e0 v5=0x5 
04-29 21:15:30.542 30666 30715 I WestlakeVM: VM: [PC-TRACE] AFTER: v0=0x0 v1=0x14a38220 v2=0x149828e0 v3=0x5 
04-29 21:15:30.542 30666 30715 I WestlakeVM: VM: [PC-TRACE] BEFORE int java.lang.StringBuilder.lastIndexOf(java.lang.String, int) → int java.lang.AbstractStringBuilder.lastIndexOf(java.lang.String, int): v0=0x0 v1=0x14a38220 v2=0x149828e0 v3=0x5 
04-29 21:15:30.542 30666 30715 I WestlakeVM: VM: [PC-TRACE] BEFORE int java.lang.AbstractStringBuilder.lastIndexOf(java.lang.String, int) → int java.lang.String.lastIndexOf(byte[], byte, int, java.lang.String, int): v0=0x149efdc0 v1=0x0 v2=0x9 v3=0x14a38220 v4=0x149828e0 v5=0x5 
04-29 21:15:30.542 30666 30715 I WestlakeVM: VM: [PC-TRACE] BEFORE int java.lang.String.lastIndexOf(byte[], byte, int, java.lang.String, int) → byte java.lang.String.coder(): v0=0x0 v1=0x0 v2=0x0 v3=0x0 v4=0x149efdc0 v5=0x0 v6=0x9 v7=0x149828e0 v8=0x5 
04-29 21:15:30.542 30666 30715 I WestlakeVM: VM: [PC-TRACE] AFTER: v0=0x0 v1=0x0 v2=0x0 v3=0x0 v4=0x149efdc0 v5=0x0 v6=0x9 v7=0x149828e0 v8=0x5 
04-29 21:15:30.542 30666 30715 I WestlakeVM: VM: [PC-TRACE] BEFORE int java.lang.String.lastIndexOf(byte[], byte, int, java.lang.String, int) → int java.lang.StringLatin1.lastIndexOf(byte[], int, java.lang.String, int, int): v0=0x0 v1=0x4 v2=0x5 v3=0xffffffff v4=0x149efdc0 v5=0x0 v6=0x9 v7=0x149828e0 v8=0x5 
04-29 21:15:30.542 30666 30715 I WestlakeVM: VM: [PC-TRACE] AFTER: v0=0x0 v1=0x4 v2=0x5 v3=0xffffffff v4=0x149efdc0 v5=0x0 v6=0x9 v7=0x149828e0 v8=0x5 
04-29 21:15:30.542 30666 30715 I WestlakeVM: VM: [PC-TRACE] AFTER: v0=0x149efdc0 v1=0x0 v2=0x9 v3=0x14a38220 v4=0x149828e0 v5=0x5 
04-29 21:15:30.542 30666 30715 I WestlakeVM: VM: [PC-TRACE] AFTER: v0=0x0 v1=0x14a38220 v2=0x149828e0 v3=0x5 
04-29 21:15:30.544 30666 30715 I WestlakeVM: VM: [PC-TRACE] BEFORE int java.lang.StringBuilder.lastIndexOf(java.lang.String, int) → int java.lang.AbstractStringBuilder.lastIndexOf(java.lang.String, int): v0=0x0 v1=0x14a38220 v2=0x149828e0 v3=0x5 
04-29 21:15:30.544 30666 30715 I WestlakeVM: VM: [PC-TRACE] BEFORE int java.lang.AbstractStringBuilder.lastIndexOf(java.lang.String, int) → int java.lang.String.lastIndexOf(byte[], byte, int, java.lang.String, int): v0=0x149efdc0 v1=0x0 v2=0x9 v3=0x14a38220 v4=0x149828e0 v5=0x5 
04-29 21:15:30.544 30666 30715 I WestlakeVM: VM: [PC-TRACE] BEFORE int java.lang.String.lastIndexOf(byte[], byte, int, java.lang.String, int) → byte java.lang.String.coder(): v0=0x0 v1=0x0 v2=0x0 v3=0x0 v4=0x149efdc0 v5=0x0 v6=0x9 v7=0x149828e0 v8=0x5 
04-29 21:15:30.544 30666 30715 I WestlakeVM: VM: [PC-TRACE] AFTER: v0=0x0 v1=0x0 v2=0x0 v3=0x0 v4=0x149efdc0 v5=0x0 v6=0x9 v7=0x149828e0 v8=0x5 
04-29 21:15:30.544 30666 30715 I WestlakeVM: VM: [PC-TRACE] BEFORE int java.lang.String.lastIndexOf(byte[], byte, int, java.lang.String, int) → int java.lang.StringLatin1.lastIndexOf(byte[], int, java.lang.String, int, int): v0=0x0 v1=0x4 v2=0x5 v3=0xffffffff v4=0x149efdc0 v5=0x0 v6=0x9 v7=0x149828e0 v8=0x5 
04-29 21:15:30.544 30666 30715 I WestlakeVM: VM: [PC-TRACE] AFTER: v0=0x0 v1=0x4 v2=0x5 v3=0xffffffff v4=0x149efdc0 v5=0x0 v6=0x9 v7=0x149828e0 v8=0x5 
04-29 21:15:30.544 30666 30715 I WestlakeVM: VM: [PC-TRACE] AFTER: v0=0x149efdc0 v1=0x0 v2=0x9 v3=0x14a38220 v4=0x149828e0 v5=0x5 
04-29 21:15:30.544 30666 30715 I WestlakeVM: VM: [PC-TRACE] AFTER: v0=0x0 v1=0x14a38220 v2=0x149828e0 v3=0x5 
04-29 21:15:30.544 30666 30715 I WestlakeVM: VM: [PC-TRACE] BEFORE int java.lang.StringBuilder.lastIndexOf(java.lang.String, int) → int java.lang.AbstractStringBuilder.lastIndexOf(java.lang.String, int): v0=0x0 v1=0x14a38220 v2=0x149828e0 v3=0x5 
04-29 21:15:30.544 30666 30715 I WestlakeVM: VM: [PC-TRACE] BEFORE int java.lang.AbstractStringBuilder.lastIndexOf(java.lang.String, int) → int java.lang.String.lastIndexOf(byte[], byte, int, java.lang.String, int): v0=0x149efdc0 v1=0x0 v2=0x9 v3=0x14a38220 v4=0x149828e0 v5=0x5 
04-29 21:15:30.544 30666 30715 I WestlakeVM: VM: [PC-TRACE] BEFORE int java.lang.String.lastIndexOf(byte[], byte, int, java.lang.String, int) → byte java.lang.String.coder(): v0=0x0 v1=0x0 v2=0x0 v3=0x0 v4=0x149efdc0 v5=0x0 v6=0x9 v7=0x149828e0 v8=0x5 
04-29 21:15:30.544 30666 30715 I WestlakeVM: VM: [PC-TRACE] AFTER: v0=0x0 v1=0x0 v2=0x0 v3=0x0 v4=0x149efdc0 v5=0x0 v6=0x9 v7=0x149828e0 v8=0x5 
04-29 21:15:30.544 30666 30715 I WestlakeVM: VM: [PC-TRACE] BEFORE int java.lang.String.lastIndexOf(byte[], byte, int, java.lang.String, int) → int java.lang.StringLatin1.lastIndexOf(byte[], int, java.lang.String, int, int): v0=0x0 v1=0x4 v2=0x5 v3=0xffffffff v4=0x149efdc0 v5=0x0 v6=0x9 v7=0x149828e0 v8=0x5 
04-29 21:15:30.544 30666 30715 I WestlakeVM: VM: [PC-TRACE] AFTER: v0=0x0 v1=0x4 v2=0x5 v3=0xffffffff v4=0x149efdc0 v5=0x0 v6=0x9 v7=0x149828e0 v8=0x5 
04-29 21:15:30.544 30666 30715 I WestlakeVM: VM: [PC-TRACE] AFTER: v0=0x149efdc0 v1=0x0 v2=0x9 v3=0x14a38220 v4=0x149828e0 v5=0x5 
04-29 21:15:30.544 30666 30715 I WestlakeVM: VM: [PC-TRACE] AFTER: v0=0x0 v1=0x14a38220 v2=0x149828e0 v3=0x5 
04-29 21:15:30.544 30666 30715 I WestlakeVM: VM: [PC-TRACE] BEFORE int java.lang.StringBuilder.lastIndexOf(java.lang.String, int) → int java.lang.AbstractStringBuilder.lastIndexOf(java.lang.String, int): v0=0x0 v1=0x14a38220 v2=0x149828e0 v3=0x5 
04-29 21:15:30.544 30666 30715 I WestlakeVM: VM: [PC-TRACE] BEFORE int java.lang.AbstractStringBuilder.lastIndexOf(java.lang.String, int) → int java.lang.String.lastIndexOf(byte[], byte, int, java.lang.String, int): v0=0x149efdc0 v1=0x0 v2=0x9 v3=0x14a38220 v4=0x149828e0 v5=0x5 
04-29 21:15:30.544 30666 30715 I WestlakeVM: VM: [PC-TRACE] BEFORE int java.lang.String.lastIndexOf(byte[], byte, int, java.lang.String, int) → byte java.lang.String.coder(): v0=0x0 v1=0x0 v2=0x0 v3=0x0 v4=0x149efdc0 v5=0x0 v6=0x9 v7=0x149828e0 v8=0x5 
04-29 21:15:30.544 30666 30715 I WestlakeVM: VM: [PC-TRACE] AFTER: v0=0x0 v1=0x0 v2=0x0 v3=0x0 v4=0x149efdc0 v5=0x0 v6=0x9 v7=0x149828e0 v8=0x5 
04-29 21:15:30.544 30666 30715 I WestlakeVM: VM: [PC-TRACE] BEFORE int java.lang.String.lastIndexOf(byte[], byte, int, java.lang.String, int) → int java.lang.StringLatin1.lastIndexOf(byte[], int, java.lang.String, int, int): v0=0x0 v1=0x4 v2=0x5 v3=0xffffffff v4=0x149efdc0 v5=0x0 v6=0x9 v7=0x149828e0 v8=0x5 
04-29 21:15:30.544 30666 30715 I WestlakeVM: VM: [PC-TRACE] AFTER: v0=0x0 v1=0x4 v2=0x5 v3=0xffffffff v4=0x149efdc0 v5=0x0 v6=0x9 v7=0x149828e0 v8=0x5 
04-29 21:15:30.544 30666 30715 I WestlakeVM: VM: [PC-TRACE] AFTER: v0=0x149efdc0 v1=0x0 v2=0x9 v3=0x14a38220 v4=0x149828e0 v5=0x5 
04-29 21:15:30.544 30666 30715 I WestlakeVM: VM: [PC-TRACE] AFTER: v0=0x0 v1=0x14a38220 v2=0x149828e0 v3=0x5 
04-29 21:15:30.544 30666 30715 I WestlakeVM: VM: [MCD-CALL] void jdk.internal.misc.Unsafe.putReferenceOpaque(java.lang.Object, long, java.lang.Object) -> void jdk.internal.misc.Unsafe.putReferenceVolatile(java.lang.Object, long, java.lang.Object) inputs=5 quick=0xd29e00 jni=0x75b87c native=1 code=0x0 splash=0
04-29 21:15:30.544 30666 30715 I WestlakeVM: VM: [InterpJni] void jdk.internal.misc.Unsafe.putReferenceVolatile(java.lang.Object, long, java.lang.Object) shorty='VLJL' len=4 dexIdx=33873
04-29 21:15:30.544 30666 30715 I WestlakeVM: VM: [MCD-CALL] long java.util.concurrent.locks.AbstractQueuedSynchronizer$ConditionObject.awaitNanos(long) -> boolean java.lang.Thread.interrupted() inputs=0 quick=0xd29cc0 jni=0x762d70 native=1 code=0x0 splash=0
04-29 21:15:30.544 30666 30715 I WestlakeVM: VM: [MCD-CALL] long java.util.concurrent.locks.AbstractQueuedSynchronizer$ConditionObject.awaitNanos(long) -> long java.lang.System.nanoTime() inputs=0 quick=0xd29e00 jni=0x496d1c native=1 code=0x0 splash=0
04-29 21:15:30.544 30666 30715 I WestlakeVM: VM: [MCD-CALL] int jdk.internal.misc.Unsafe.getAndBitwiseAndInt(java.lang.Object, long, int) -> int jdk.internal.misc.Unsafe.getIntVolatile(java.lang.Object, long) inputs=4 quick=0xd29e00 jni=0x75b6dc native=1 code=0x0 splash=0
04-29 21:15:30.544 30666 30715 I WestlakeVM: VM: [InterpJni] int jdk.internal.misc.Unsafe.getIntVolatile(java.lang.Object, long) shorty='ILJ' len=3 dexIdx=33813
04-29 21:15:30.544 30666 30715 I WestlakeVM: VM: [PC-TRACE] BEFORE int java.lang.StringBuilder.lastIndexOf(java.lang.String, int) → int java.lang.AbstractStringBuilder.lastIndexOf(java.lang.String, int): v0=0x0 v1=0x14a38220 v2=0x149828e0 v3=0x5 
04-29 21:15:30.545 30666 30715 I WestlakeVM: VM: [InterpJni] boolean jdk.internal.misc.Unsafe.compareAndSetInt(java.lang.Object, long, int, int) shorty='ZLJII' len=5 dexIdx=33774
04-29 21:15:30.545 30666 30715 I WestlakeVM: VM: [PC-TRACE] BEFORE int java.lang.AbstractStringBuilder.lastIndexOf(java.lang.String, int) → int java.lang.String.lastIndexOf(byte[], byte, int, java.lang.String, int): v0=0x149efdc0 v1=0x0 v2=0x9 v3=0x14a38220 v4=0x149828e0 v5=0x5 
04-29 21:15:30.545 30666 30715 I WestlakeVM: VM: [PC-TRACE] BEFORE int java.lang.String.lastIndexOf(byte[], byte, int, java.lang.String, int) → byte java.lang.String.coder(): v0=0x0 v1=0x0 v2=0x0 v3=0x0 v4=0x149efdc0 v5=0x0 v6=0x9 v7=0x149828e0 v8=0x5 
04-29 21:15:30.545 30666 30715 I WestlakeVM: VM: [PC-TRACE] AFTER: v0=0x0 v1=0x0 v2=0x0 v3=0x0 v4=0x149efdc0 v5=0x0 v6=0x9 v7=0x149828e0 v8=0x5 
04-29 21:15:30.545 30666 30715 I WestlakeVM: VM: [PC-TRACE] BEFORE int java.lang.String.lastIndexOf(byte[], byte, int, java.lang.String, int) → int java.lang.StringLatin1.lastIndexOf(byte[], int, java.lang.String, int, int): v0=0x0 v1=0x4 v2=0x5 v3=0xffffffff v4=0x149efdc0 v5=0x0 v6=0x9 v7=0x149828e0 v8=0x5 
04-29 21:15:30.545 30666 30715 I WestlakeVM: VM: [MCD-CALL] void jdk.internal.misc.Unsafe.putIntOpaque(java.lang.Object, long, int) -> void jdk.internal.misc.Unsafe.putIntVolatile(java.lang.Object, long, int) inputs=5 quick=0xd29e00 jni=0x75b728 native=1 code=0x0 splash=0
04-29 21:15:30.545 30666 30715 I WestlakeVM: VM: [PC-TRACE] AFTER: v0=0x0 v1=0x4 v2=0x5 v3=0xffffffff v4=0x149efdc0 v5=0x0 v6=0x9 v7=0x149828e0 v8=0x5 
04-29 21:15:30.545 30666 30715 I WestlakeVM: VM: [PC-TRACE] AFTER: v0=0x149efdc0 v1=0x0 v2=0x9 v3=0x14a38220 v4=0x149828e0 v5=0x5 
04-29 21:15:30.545 30666 30715 I WestlakeVM: VM: [PC-TRACE] AFTER: v0=0x0 v1=0x14a38220 v2=0x149828e0 v3=0x5 
04-29 21:15:30.545 30666 30715 I WestlakeVM: VM: [InterpJni] void jdk.internal.misc.Unsafe.putIntVolatile(java.lang.Object, long, int) shorty='VLJI' len=4 dexIdx=33858
04-29 21:15:30.545 30666 30715 I WestlakeVM: VM: [MCD-CALL] int java.util.concurrent.locks.AbstractQueuedSynchronizer.acquire(java.util.concurrent.locks.AbstractQueuedSynchronizer$Node, int, boolean, boolean, boolean, long) -> java.lang.Thread java.lang.Thread.currentThread() inputs=0 quick=0xd29cc0 jni=0x762d34 native=1 code=0x0 splash=0
04-29 21:15:30.545 30666 30715 I WestlakeVM: VM: [PC-TRACE] BEFORE int java.lang.StringBuilder.lastIndexOf(java.lang.String, int) → int java.lang.AbstractStringBuilder.lastIndexOf(java.lang.String, int): v0=0x0 v1=0x14a38220 v2=0x149828e0 v3=0x5 
04-29 21:15:30.545 30666 30715 I WestlakeVM: VM: [PC-TRACE] BEFORE int java.lang.AbstractStringBuilder.lastIndexOf(java.lang.String, int) → int java.lang.String.lastIndexOf(byte[], byte, int, java.lang.String, int): v0=0x149efdc0 v1=0x0 v2=0x9 v3=0x14a38220 v4=0x149828e0 v5=0x5 
04-29 21:15:30.545 30666 30715 I WestlakeVM: VM: [PC-TRACE] BEFORE int java.lang.String.lastIndexOf(byte[], byte, int, java.lang.String, int) → byte java.lang.String.coder(): v0=0x0 v1=0x0 v2=0x0 v3=0x0 v4=0x149efdc0 v5=0x0 v6=0x9 v7=0x149828e0 v8=0x5 
04-29 21:15:30.545 30666 30715 I WestlakeVM: VM: [PC-TRACE] AFTER: v0=0x0 v1=0x0 v2=0x0 v3=0x0 v4=0x149efdc0 v5=0x0 v6=0x9 v7=0x149828e0 v8=0x5 
04-29 21:15:30.545 30666 30715 I WestlakeVM: VM: [PC-TRACE] BEFORE int java.lang.String.lastIndexOf(byte[], byte, int, java.lang.String, int) → int java.lang.StringLatin1.lastIndexOf(byte[], int, java.lang.String, int, int): v0=0x0 v1=0x4 v2=0x5 v3=0xffffffff v4=0x149efdc0 v5=0x0 v6=0x9 v7=0x149828e0 v8=0x5 
04-29 21:15:30.545 30666 30715 I WestlakeVM: VM: [InterpJni] boolean jdk.internal.misc.Unsafe.compareAndSetInt(java.lang.Object, long, int, int) shorty='ZLJII' len=5 dexIdx=33774
04-29 21:15:30.545 30666 30715 I WestlakeVM: VM: [PC-TRACE] AFTER: v0=0x0 v1=0x4 v2=0x5 v3=0xffffffff v4=0x149efdc0 v5=0x0 v6=0x9 v7=0x149828e0 v8=0x5 
04-29 21:15:30.545 30666 30715 I WestlakeVM: VM: [PC-TRACE] AFTER: v0=0x149efdc0 v1=0x0 v2=0x9 v3=0x14a38220 v4=0x149828e0 v5=0x5 
