05-04 18:38:45.577   660   660 I hwservicemanager: Since vendor.qti.hardware.cacert@1.0::IService/default is not registered, trying to start it as a lazy HAL (if it's not configured to be a lazy HAL, it may be stuck starting or still starting).
05-04 18:38:45.578  3704  3747 I HidlServiceManagement: getService: Trying again for vendor.qti.hardware.cacert@1.0::IService/default...
05-04 18:38:45.581   660  8492 W libc    : Unable to set property "ctl.interface_start" to "vendor.qti.hardware.cacert@1.0::IService/default": PROP_ERROR_HANDLE_CONTROL_MESSAGE (0x20)
05-04 18:38:45.581   660  8492 I hwservicemanager: Tried to start vendor.qti.hardware.cacert@1.0::IService/default as a lazy service, but was unable to. Usually this happens when a service is not installed, but if the service is intended to be used as a lazy service, then it may be configured incorrectly.
05-04 18:38:45.493     0     0 E init    : Control message: Could not find 'vendor.qti.hardware.cacert@1.0::IService/default' for ctl.interface_start from pid: 660 (/system/system_ext/bin/hwservicemanager)
05-04 18:38:45.830  3512  3691 I ThermalEngine: Monitor : quiet_therm = 26146, msm_therm = 27706, xo_therm = 27522, battery_therm = 246,current_now = 0 
05-04 18:38:46.578  3704  3747 W HidlServiceManagement: Waited one second for vendor.qti.hardware.cacert@1.0::IService/default
05-04 18:38:46.580   660   660 I hwservicemanager: Since vendor.qti.hardware.cacert@1.0::IService/default is not registered, trying to start it as a lazy HAL (if it's not configured to be a lazy HAL, it may be stuck starting or still starting).
05-04 18:38:46.580  3704  3747 I HidlServiceManagement: getService: Trying again for vendor.qti.hardware.cacert@1.0::IService/default...
05-04 18:38:46.583   660  8493 W libc    : Unable to set property "ctl.interface_start" to "vendor.qti.hardware.cacert@1.0::IService/default": PROP_ERROR_HANDLE_CONTROL_MESSAGE (0x20)
05-04 18:38:46.583   660  8493 I hwservicemanager: Tried to start vendor.qti.hardware.cacert@1.0::IService/default as a lazy service, but was unable to. Usually this happens when a service is not installed, but if the service is intended to be used as a lazy service, then it may be configured incorrectly.
05-04 18:38:46.496     0     0 E init    : Control message: Could not find 'vendor.qti.hardware.cacert@1.0::IService/default' for ctl.interface_start from pid: 660 (/system/system_ext/bin/hwservicemanager)
05-04 18:38:47.580  3704  3747 W HidlServiceManagement: Waited one second for vendor.qti.hardware.cacert@1.0::IService/default
05-04 18:38:47.581   660   660 I hwservicemanager: Since vendor.qti.hardware.cacert@1.0::IService/default is not registered, trying to start it as a lazy HAL (if it's not configured to be a lazy HAL, it may be stuck starting or still starting).
05-04 18:38:47.582  3704  3747 I HidlServiceManagement: getService: Trying again for vendor.qti.hardware.cacert@1.0::IService/default...
05-04 18:38:47.583   660  8494 W libc    : Unable to set property "ctl.interface_start" to "vendor.qti.hardware.cacert@1.0::IService/default": PROP_ERROR_HANDLE_CONTROL_MESSAGE (0x20)
05-04 18:38:47.584   660  8494 I hwservicemanager: Tried to start vendor.qti.hardware.cacert@1.0::IService/default as a lazy service, but was unable to. Usually this happens when a service is not installed, but if the service is intended to be used as a lazy service, then it may be configured incorrectly.
05-04 18:38:47.497     0     0 E init    : Control message: Could not find 'vendor.qti.hardware.cacert@1.0::IService/default' for ctl.interface_start from pid: 660 (/system/system_ext/bin/hwservicemanager)
05-04 18:38:48.583  3704  3747 W HidlServiceManagement: Waited one second for vendor.qti.hardware.cacert@1.0::IService/default
05-04 18:38:48.584   660   660 I hwservicemanager: Since vendor.qti.hardware.cacert@1.0::IService/default is not registered, trying to start it as a lazy HAL (if it's not configured to be a lazy HAL, it may be stuck starting or still starting).
05-04 18:38:48.584  3704  3747 I HidlServiceManagement: getService: Trying again for vendor.qti.hardware.cacert@1.0::IService/default...
05-04 18:38:48.586   660  8495 W libc    : Unable to set property "ctl.interface_start" to "vendor.qti.hardware.cacert@1.0::IService/default": PROP_ERROR_HANDLE_CONTROL_MESSAGE (0x20)
05-04 18:38:48.586   660  8495 I hwservicemanager: Tried to start vendor.qti.hardware.cacert@1.0::IService/default as a lazy service, but was unable to. Usually this happens when a service is not installed, but if the service is intended to be used as a lazy service, then it may be configured incorrectly.
05-04 18:38:48.500     0     0 E init    : Control message: Could not find 'vendor.qti.hardware.cacert@1.0::IService/default' for ctl.interface_start from pid: 660 (/system/system_ext/bin/hwservicemanager)
05-04 18:38:48.826     0     0 I QCOM-BATT: pl_fcc_vote_callback: total_fcc_ua=1950000
05-04 18:38:48.826     0     0 I QCOM-BATT: pl_fv_vote_callback: fv_uv=4400000
05-04 18:38:49.186     0     0 E FG      : fg_psy_get_property: unsupported property 79
05-04 18:38:49.200     0     0 E FG      : fg_psy_get_property: unsupported property 79
05-04 18:38:49.205     0     0 W healthd : battery l=100 v=3050 t=24.6 h=2 st=5 c=0 fc=2831000 chg=u
05-04 18:38:49.212     0     0 E FG      : fg_psy_get_property: unsupported property 79
05-04 18:38:49.584  3704  3747 W HidlServiceManagement: Waited one second for vendor.qti.hardware.cacert@1.0::IService/default
05-04 18:38:49.586   660   660 I hwservicemanager: Since vendor.qti.hardware.cacert@1.0::IService/default is not registered, trying to start it as a lazy HAL (if it's not configured to be a lazy HAL, it may be stuck starting or still starting).
05-04 18:38:49.586  3704  3747 I HidlServiceManagement: getService: Trying again for vendor.qti.hardware.cacert@1.0::IService/default...
05-04 18:38:49.590   660  8496 W libc    : Unable to set property "ctl.interface_start" to "vendor.qti.hardware.cacert@1.0::IService/default": PROP_ERROR_HANDLE_CONTROL_MESSAGE (0x20)
05-04 18:38:49.590   660  8496 I hwservicemanager: Tried to start vendor.qti.hardware.cacert@1.0::IService/default as a lazy service, but was unable to. Usually this happens when a service is not installed, but if the service is intended to be used as a lazy service, then it may be configured incorrectly.
05-04 18:38:49.503     0     0 E init    : Control message: Could not find 'vendor.qti.hardware.cacert@1.0::IService/default' for ctl.interface_start from pid: 660 (/system/system_ext/bin/hwservicemanager)
05-04 18:38:50.530   307   717 E WifiStaIfaceAidlImpl: getCachedScanData failed with service-specific exception: android.os.ServiceSpecificException:  (code 4)
05-04 18:38:50.535  3080  3121 I netd    : tetherGetStats() -> {[]} <2.25ms>
05-04 18:38:50.587  3704  3747 W HidlServiceManagement: Waited one second for vendor.qti.hardware.cacert@1.0::IService/default
05-04 18:38:50.588   660   660 I hwservicemanager: Since vendor.qti.hardware.cacert@1.0::IService/default is not registered, trying to start it as a lazy HAL (if it's not configured to be a lazy HAL, it may be stuck starting or still starting).
05-04 18:38:50.589  3704  3747 I HidlServiceManagement: getService: Trying again for vendor.qti.hardware.cacert@1.0::IService/default...
05-04 18:38:50.593   660  8497 W libc    : Unable to set property "ctl.interface_start" to "vendor.qti.hardware.cacert@1.0::IService/default": PROP_ERROR_HANDLE_CONTROL_MESSAGE (0x20)
05-04 18:38:50.593   660  8497 I hwservicemanager: Tried to start vendor.qti.hardware.cacert@1.0::IService/default as a lazy service, but was unable to. Usually this happens when a service is not installed, but if the service is intended to be used as a lazy service, then it may be configured incorrectly.
05-04 18:38:50.506     0     0 E init    : Control message: Could not find 'vendor.qti.hardware.cacert@1.0::IService/default' for ctl.interface_start from pid: 660 (/system/system_ext/bin/hwservicemanager)
05-04 18:38:51.589  3704  3747 W HidlServiceManagement: Waited one second for vendor.qti.hardware.cacert@1.0::IService/default
05-04 18:38:51.590   660   660 I hwservicemanager: Since vendor.qti.hardware.cacert@1.0::IService/default is not registered, trying to start it as a lazy HAL (if it's not configured to be a lazy HAL, it may be stuck starting or still starting).
05-04 18:38:51.591  3704  3747 I HidlServiceManagement: getService: Trying again for vendor.qti.hardware.cacert@1.0::IService/default...
05-04 18:38:51.507     0     0 E init    : Control message: Could not find 'vendor.qti.hardware.cacert@1.0::IService/default' for ctl.interface_start from pid: 660 (/system/system_ext/bin/hwservicemanager)
05-04 18:38:51.594   660  8498 W libc    : Unable to set property "ctl.interface_start" to "vendor.qti.hardware.cacert@1.0::IService/default": PROP_ERROR_HANDLE_CONTROL_MESSAGE (0x20)
05-04 18:38:51.594   660  8498 I hwservicemanager: Tried to start vendor.qti.hardware.cacert@1.0::IService/default as a lazy service, but was unable to. Usually this happens when a service is not installed, but if the service is intended to be used as a lazy service, then it may be configured incorrectly.
05-04 18:38:51.760   713  1834 I NxpNciR : len =   4 > 600701A1
05-04 18:38:52.592  3704  3747 W HidlServiceManagement: Waited one second for vendor.qti.hardware.cacert@1.0::IService/default
05-04 18:38:52.592   660   660 I hwservicemanager: Since vendor.qti.hardware.cacert@1.0::IService/default is not registered, trying to start it as a lazy HAL (if it's not configured to be a lazy HAL, it may be stuck starting or still starting).
05-04 18:38:52.594  3704  3747 I HidlServiceManagement: getService: Trying again for vendor.qti.hardware.cacert@1.0::IService/default...
05-04 18:38:52.596   660  8499 W libc    : Unable to set property "ctl.interface_start" to "vendor.qti.hardware.cacert@1.0::IService/default": PROP_ERROR_HANDLE_CONTROL_MESSAGE (0x20)
05-04 18:38:52.596   660  8499 I hwservicemanager: Tried to start vendor.qti.hardware.cacert@1.0::IService/default as a lazy service, but was unable to. Usually this happens when a service is not installed, but if the service is intended to be used as a lazy service, then it may be configured incorrectly.
05-04 18:38:52.509     0     0 E init    : Control message: Could not find 'vendor.qti.hardware.cacert@1.0::IService/default' for ctl.interface_start from pid: 660 (/system/system_ext/bin/hwservicemanager)
05-04 18:38:53.594  3704  3747 W HidlServiceManagement: Waited one second for vendor.qti.hardware.cacert@1.0::IService/default
05-04 18:38:53.595   660   660 I hwservicemanager: Since vendor.qti.hardware.cacert@1.0::IService/default is not registered, trying to start it as a lazy HAL (if it's not configured to be a lazy HAL, it may be stuck starting or still starting).
05-04 18:38:53.596  3704  3747 I HidlServiceManagement: getService: Trying again for vendor.qti.hardware.cacert@1.0::IService/default...
05-04 18:38:53.598   660  8500 W libc    : Unable to set property "ctl.interface_start" to "vendor.qti.hardware.cacert@1.0::IService/default": PROP_ERROR_HANDLE_CONTROL_MESSAGE (0x20)
05-04 18:38:53.598   660  8500 I hwservicemanager: Tried to start vendor.qti.hardware.cacert@1.0::IService/default as a lazy service, but was unable to. Usually this happens when a service is not installed, but if the service is intended to be used as a lazy service, then it may be configured incorrectly.
05-04 18:38:53.512     0     0 E init    : Control message: Could not find 'vendor.qti.hardware.cacert@1.0::IService/default' for ctl.interface_start from pid: 660 (/system/system_ext/bin/hwservicemanager)
05-04 18:38:54.596  3704  3747 W HidlServiceManagement: Waited one second for vendor.qti.hardware.cacert@1.0::IService/default
05-04 18:38:54.597   660   660 I hwservicemanager: Since vendor.qti.hardware.cacert@1.0::IService/default is not registered, trying to start it as a lazy HAL (if it's not configured to be a lazy HAL, it may be stuck starting or still starting).
05-04 18:38:54.598  3704  3747 I HidlServiceManagement: getService: Trying again for vendor.qti.hardware.cacert@1.0::IService/default...
05-04 18:38:54.600   660  8501 W libc    : Unable to set property "ctl.interface_start" to "vendor.qti.hardware.cacert@1.0::IService/default": PROP_ERROR_HANDLE_CONTROL_MESSAGE (0x20)
05-04 18:38:54.600   660  8501 I hwservicemanager: Tried to start vendor.qti.hardware.cacert@1.0::IService/default as a lazy service, but was unable to. Usually this happens when a service is not installed, but if the service is intended to be used as a lazy service, then it may be configured incorrectly.
05-04 18:38:54.513     0     0 E init    : Control message: Could not find 'vendor.qti.hardware.cacert@1.0::IService/default' for ctl.interface_start from pid: 660 (/system/system_ext/bin/hwservicemanager)
05-04 18:38:55.598  3704  3747 W HidlServiceManagement: Waited one second for vendor.qti.hardware.cacert@1.0::IService/default
05-04 18:38:55.600   660   660 I hwservicemanager: Since vendor.qti.hardware.cacert@1.0::IService/default is not registered, trying to start it as a lazy HAL (if it's not configured to be a lazy HAL, it may be stuck starting or still starting).
05-04 18:38:55.601  3704  3747 I HidlServiceManagement: getService: Trying again for vendor.qti.hardware.cacert@1.0::IService/default...
05-04 18:38:55.604   660  8502 W libc    : Unable to set property "ctl.interface_start" to "vendor.qti.hardware.cacert@1.0::IService/default": PROP_ERROR_HANDLE_CONTROL_MESSAGE (0x20)
05-04 18:38:55.604   660  8502 I hwservicemanager: Tried to start vendor.qti.hardware.cacert@1.0::IService/default as a lazy service, but was unable to. Usually this happens when a service is not installed, but if the service is intended to be used as a lazy service, then it may be configured incorrectly.
05-04 18:38:55.516     0     0 E init    : Control message: Could not find 'vendor.qti.hardware.cacert@1.0::IService/default' for ctl.interface_start from pid: 660 (/system/system_ext/bin/hwservicemanager)
05-04 18:38:55.867     0     0 I QCOM-BATT: pl_fcc_vote_callback: total_fcc_ua=1950000
05-04 18:38:55.867     0     0 I QCOM-BATT: pl_fv_vote_callback: fv_uv=4400000
05-04 18:38:56.235     0     0 E FG      : fg_psy_get_property: unsupported property 79
05-04 18:38:56.245     0     0 E FG      : fg_psy_get_property: unsupported property 79
05-04 18:38:56.250     0     0 W healthd : battery l=100 v=3050 t=24.6 h=2 st=5 c=0 fc=2831000 chg=u
05-04 18:38:56.256     0     0 E FG      : fg_psy_get_property: unsupported property 79
05-04 18:38:56.601  3704  3747 W HidlServiceManagement: Waited one second for vendor.qti.hardware.cacert@1.0::IService/default
05-04 18:38:56.602   660   660 I hwservicemanager: Since vendor.qti.hardware.cacert@1.0::IService/default is not registered, trying to start it as a lazy HAL (if it's not configured to be a lazy HAL, it may be stuck starting or still starting).
05-04 18:38:56.605  3704  3747 I HidlServiceManagement: getService: Trying again for vendor.qti.hardware.cacert@1.0::IService/default...
05-04 18:38:56.606   660  8503 W libc    : Unable to set property "ctl.interface_start" to "vendor.qti.hardware.cacert@1.0::IService/default": PROP_ERROR_HANDLE_CONTROL_MESSAGE (0x20)
05-04 18:38:56.606   660  8503 I hwservicemanager: Tried to start vendor.qti.hardware.cacert@1.0::IService/default as a lazy service, but was unable to. Usually this happens when a service is not installed, but if the service is intended to be used as a lazy service, then it may be configured incorrectly.
05-04 18:38:56.519     0     0 E init    : Control message: Could not find 'vendor.qti.hardware.cacert@1.0::IService/default' for ctl.interface_start from pid: 660 (/system/system_ext/bin/hwservicemanager)
05-04 18:38:57.605  3704  3747 W HidlServiceManagement: Waited one second for vendor.qti.hardware.cacert@1.0::IService/default
05-04 18:38:57.606   660   660 I hwservicemanager: Since vendor.qti.hardware.cacert@1.0::IService/default is not registered, trying to start it as a lazy HAL (if it's not configured to be a lazy HAL, it may be stuck starting or still starting).
05-04 18:38:57.607  3704  3747 I HidlServiceManagement: getService: Trying again for vendor.qti.hardware.cacert@1.0::IService/default...
05-04 18:38:57.609   660  8504 W libc    : Unable to set property "ctl.interface_start" to "vendor.qti.hardware.cacert@1.0::IService/default": PROP_ERROR_HANDLE_CONTROL_MESSAGE (0x20)
05-04 18:38:57.609   660  8504 I hwservicemanager: Tried to start vendor.qti.hardware.cacert@1.0::IService/default as a lazy service, but was unable to. Usually this happens when a service is not installed, but if the service is intended to be used as a lazy service, then it may be configured incorrectly.
05-04 18:38:57.523     0     0 E init    : Control message: Could not find 'vendor.qti.hardware.cacert@1.0::IService/default' for ctl.interface_start from pid: 660 (/system/system_ext/bin/hwservicemanager)
05-04 18:38:58.608  3704  3747 W HidlServiceManagement: Waited one second for vendor.qti.hardware.cacert@1.0::IService/default
05-04 18:38:58.608   660   660 I hwservicemanager: Since vendor.qti.hardware.cacert@1.0::IService/default is not registered, trying to start it as a lazy HAL (if it's not configured to be a lazy HAL, it may be stuck starting or still starting).
05-04 18:38:58.610  3704  3747 I HidlServiceManagement: getService: Trying again for vendor.qti.hardware.cacert@1.0::IService/default...
05-04 18:38:58.611   660  8505 W libc    : Unable to set property "ctl.interface_start" to "vendor.qti.hardware.cacert@1.0::IService/default": PROP_ERROR_HANDLE_CONTROL_MESSAGE (0x20)
05-04 18:38:58.611   660  8505 I hwservicemanager: Tried to start vendor.qti.hardware.cacert@1.0::IService/default as a lazy service, but was unable to. Usually this happens when a service is not installed, but if the service is intended to be used as a lazy service, then it may be configured incorrectly.
05-04 18:38:58.524     0     0 E init    : Control message: Could not find 'vendor.qti.hardware.cacert@1.0::IService/default' for ctl.interface_start from pid: 660 (/system/system_ext/bin/hwservicemanager)
05-04 18:38:59.610  3704  3747 W HidlServiceManagement: Waited one second for vendor.qti.hardware.cacert@1.0::IService/default
05-04 18:38:59.612   660   660 I hwservicemanager: Since vendor.qti.hardware.cacert@1.0::IService/default is not registered, trying to start it as a lazy HAL (if it's not configured to be a lazy HAL, it may be stuck starting or still starting).
05-04 18:38:59.613  3704  3747 I HidlServiceManagement: getService: Trying again for vendor.qti.hardware.cacert@1.0::IService/default...
05-04 18:38:59.616   660  8506 W libc    : Unable to set property "ctl.interface_start" to "vendor.qti.hardware.cacert@1.0::IService/default": PROP_ERROR_HANDLE_CONTROL_MESSAGE (0x20)
05-04 18:38:59.616   660  8506 I hwservicemanager: Tried to start vendor.qti.hardware.cacert@1.0::IService/default as a lazy service, but was unable to. Usually this happens when a service is not installed, but if the service is intended to be used as a lazy service, then it may be configured incorrectly.
05-04 18:38:59.529     0     0 E init    : Control message: Could not find 'vendor.qti.hardware.cacert@1.0::IService/default' for ctl.interface_start from pid: 660 (/system/system_ext/bin/hwservicemanager)
05-04 18:39:00.614  3704  3747 W HidlServiceManagement: Waited one second for vendor.qti.hardware.cacert@1.0::IService/default
05-04 18:39:00.615   660   660 I hwservicemanager: Since vendor.qti.hardware.cacert@1.0::IService/default is not registered, trying to start it as a lazy HAL (if it's not configured to be a lazy HAL, it may be stuck starting or still starting).
05-04 18:39:00.617  3704  3747 I HidlServiceManagement: getService: Trying again for vendor.qti.hardware.cacert@1.0::IService/default...
05-04 18:39:00.619   660  8507 W libc    : Unable to set property "ctl.interface_start" to "vendor.qti.hardware.cacert@1.0::IService/default": PROP_ERROR_HANDLE_CONTROL_MESSAGE (0x20)
05-04 18:39:00.619   660  8507 I hwservicemanager: Tried to start vendor.qti.hardware.cacert@1.0::IService/default as a lazy service, but was unable to. Usually this happens when a service is not installed, but if the service is intended to be used as a lazy service, then it may be configured incorrectly.
05-04 18:39:00.532     0     0 E init    : Control message: Could not find 'vendor.qti.hardware.cacert@1.0::IService/default' for ctl.interface_start from pid: 660 (/system/system_ext/bin/hwservicemanager)
05-04 18:39:01.618  3704  3747 W HidlServiceManagement: Waited one second for vendor.qti.hardware.cacert@1.0::IService/default
05-04 18:39:01.618   660   660 I hwservicemanager: Since vendor.qti.hardware.cacert@1.0::IService/default is not registered, trying to start it as a lazy HAL (if it's not configured to be a lazy HAL, it may be stuck starting or still starting).
05-04 18:39:01.620  3704  3747 I HidlServiceManagement: getService: Trying again for vendor.qti.hardware.cacert@1.0::IService/default...
05-04 18:39:01.623   660  8508 W libc    : Unable to set property "ctl.interface_start" to "vendor.qti.hardware.cacert@1.0::IService/default": PROP_ERROR_HANDLE_CONTROL_MESSAGE (0x20)
05-04 18:39:01.623   660  8508 I hwservicemanager: Tried to start vendor.qti.hardware.cacert@1.0::IService/default as a lazy service, but was unable to. Usually this happens when a service is not installed, but if the service is intended to be used as a lazy service, then it may be configured incorrectly.
05-04 18:39:01.535     0     0 E init    : Control message: Could not find 'vendor.qti.hardware.cacert@1.0::IService/default' for ctl.interface_start from pid: 660 (/system/system_ext/bin/hwservicemanager)
05-04 18:39:02.620  3704  3747 W HidlServiceManagement: Waited one second for vendor.qti.hardware.cacert@1.0::IService/default
05-04 18:39:02.621   660   660 I hwservicemanager: Since vendor.qti.hardware.cacert@1.0::IService/default is not registered, trying to start it as a lazy HAL (if it's not configured to be a lazy HAL, it may be stuck starting or still starting).
05-04 18:39:02.621  3704  3747 I HidlServiceManagement: getService: Trying again for vendor.qti.hardware.cacert@1.0::IService/default...
05-04 18:39:02.624   660  8509 W libc    : Unable to set property "ctl.interface_start" to "vendor.qti.hardware.cacert@1.0::IService/default": PROP_ERROR_HANDLE_CONTROL_MESSAGE (0x20)
05-04 18:39:02.624   660  8509 I hwservicemanager: Tried to start vendor.qti.hardware.cacert@1.0::IService/default as a lazy service, but was unable to. Usually this happens when a service is not installed, but if the service is intended to be used as a lazy service, then it may be configured incorrectly.
05-04 18:39:02.537     0     0 E init    : Control message: Could not find 'vendor.qti.hardware.cacert@1.0::IService/default' for ctl.interface_start from pid: 660 (/system/system_ext/bin/hwservicemanager)
05-04 18:39:02.906     0     0 I QCOM-BATT: pl_fcc_vote_callback: total_fcc_ua=1950000
05-04 18:39:02.906     0     0 I QCOM-BATT: pl_fv_vote_callback: fv_uv=4400000
05-04 18:39:03.265     0     0 E FG      : fg_psy_get_property: unsupported property 79
05-04 18:39:03.277     0     0 E FG      : fg_psy_get_property: unsupported property 79
05-04 18:39:03.283     0     0 W healthd : battery l=100 v=3050 t=24.6 h=2 st=5 c=0 fc=2831000 chg=u
05-04 18:39:03.289     0     0 E FG      : fg_psy_get_property: unsupported property 79
05-04 18:39:03.622  3704  3747 W HidlServiceManagement: Waited one second for vendor.qti.hardware.cacert@1.0::IService/default
05-04 18:39:03.623   660   660 I hwservicemanager: Since vendor.qti.hardware.cacert@1.0::IService/default is not registered, trying to start it as a lazy HAL (if it's not configured to be a lazy HAL, it may be stuck starting or still starting).
05-04 18:39:03.624  3704  3747 I HidlServiceManagement: getService: Trying again for vendor.qti.hardware.cacert@1.0::IService/default...
05-04 18:39:03.540     0     0 E init    : Control message: Could not find 'vendor.qti.hardware.cacert@1.0::IService/default' for ctl.interface_start from pid: 660 (/system/system_ext/bin/hwservicemanager)
05-04 18:39:03.627   660  8510 W libc    : Unable to set property "ctl.interface_start" to "vendor.qti.hardware.cacert@1.0::IService/default": PROP_ERROR_HANDLE_CONTROL_MESSAGE (0x20)
05-04 18:39:03.627   660  8510 I hwservicemanager: Tried to start vendor.qti.hardware.cacert@1.0::IService/default as a lazy service, but was unable to. Usually this happens when a service is not installed, but if the service is intended to be used as a lazy service, then it may be configured incorrectly.
05-04 18:39:04.624  3704  3747 W HidlServiceManagement: Waited one second for vendor.qti.hardware.cacert@1.0::IService/default
05-04 18:39:04.625   660   660 I hwservicemanager: Since vendor.qti.hardware.cacert@1.0::IService/default is not registered, trying to start it as a lazy HAL (if it's not configured to be a lazy HAL, it may be stuck starting or still starting).
05-04 18:39:04.625  3704  3747 I HidlServiceManagement: getService: Trying again for vendor.qti.hardware.cacert@1.0::IService/default...
05-04 18:39:04.627   660  8511 W libc    : Unable to set property "ctl.interface_start" to "vendor.qti.hardware.cacert@1.0::IService/default": PROP_ERROR_HANDLE_CONTROL_MESSAGE (0x20)
05-04 18:39:04.627   660  8511 I hwservicemanager: Tried to start vendor.qti.hardware.cacert@1.0::IService/default as a lazy service, but was unable to. Usually this happens when a service is not installed, but if the service is intended to be used as a lazy service, then it may be configured incorrectly.
05-04 18:39:04.540     0     0 E init    : Control message: Could not find 'vendor.qti.hardware.cacert@1.0::IService/default' for ctl.interface_start from pid: 660 (/system/system_ext/bin/hwservicemanager)
05-04 18:39:05.626  3704  3747 W HidlServiceManagement: Waited one second for vendor.qti.hardware.cacert@1.0::IService/default
05-04 18:39:05.627   660   660 I hwservicemanager: Since vendor.qti.hardware.cacert@1.0::IService/default is not registered, trying to start it as a lazy HAL (if it's not configured to be a lazy HAL, it may be stuck starting or still starting).
05-04 18:39:05.629  3704  3747 I HidlServiceManagement: getService: Trying again for vendor.qti.hardware.cacert@1.0::IService/default...
05-04 18:39:05.630   660  8512 W libc    : Unable to set property "ctl.interface_start" to "vendor.qti.hardware.cacert@1.0::IService/default": PROP_ERROR_HANDLE_CONTROL_MESSAGE (0x20)
05-04 18:39:05.630   660  8512 I hwservicemanager: Tried to start vendor.qti.hardware.cacert@1.0::IService/default as a lazy service, but was unable to. Usually this happens when a service is not installed, but if the service is intended to be used as a lazy service, then it may be configured incorrectly.
05-04 18:39:05.543     0     0 E init    : Control message: Could not find 'vendor.qti.hardware.cacert@1.0::IService/default' for ctl.interface_start from pid: 660 (/system/system_ext/bin/hwservicemanager)
05-04 18:39:06.629  3704  3747 W HidlServiceManagement: Waited one second for vendor.qti.hardware.cacert@1.0::IService/default
05-04 18:39:06.630   660   660 I hwservicemanager: Since vendor.qti.hardware.cacert@1.0::IService/default is not registered, trying to start it as a lazy HAL (if it's not configured to be a lazy HAL, it may be stuck starting or still starting).
05-04 18:39:06.630  3704  3747 I HidlServiceManagement: getService: Trying again for vendor.qti.hardware.cacert@1.0::IService/default...
05-04 18:39:06.633   660  8513 W libc    : Unable to set property "ctl.interface_start" to "vendor.qti.hardware.cacert@1.0::IService/default": PROP_ERROR_HANDLE_CONTROL_MESSAGE (0x20)
05-04 18:39:06.633   660  8513 I hwservicemanager: Tried to start vendor.qti.hardware.cacert@1.0::IService/default as a lazy service, but was unable to. Usually this happens when a service is not installed, but if the service is intended to be used as a lazy service, then it may be configured incorrectly.
05-04 18:39:06.546     0     0 E init    : Control message: Could not find 'vendor.qti.hardware.cacert@1.0::IService/default' for ctl.interface_start from pid: 660 (/system/system_ext/bin/hwservicemanager)
05-04 18:39:07.631  3704  3747 W HidlServiceManagement: Waited one second for vendor.qti.hardware.cacert@1.0::IService/default
05-04 18:39:07.631   660   660 I hwservicemanager: Since vendor.qti.hardware.cacert@1.0::IService/default is not registered, trying to start it as a lazy HAL (if it's not configured to be a lazy HAL, it may be stuck starting or still starting).
05-04 18:39:07.632  3704  3747 I HidlServiceManagement: getService: Trying again for vendor.qti.hardware.cacert@1.0::IService/default...
05-04 18:39:07.548     0     0 E init    : Control message: Could not find 'vendor.qti.hardware.cacert@1.0::IService/default' for ctl.interface_start from pid: 660 (/system/system_ext/bin/hwservicemanager)
05-04 18:39:07.635   660  8514 W libc    : Unable to set property "ctl.interface_start" to "vendor.qti.hardware.cacert@1.0::IService/default": PROP_ERROR_HANDLE_CONTROL_MESSAGE (0x20)
05-04 18:39:07.635   660  8514 I hwservicemanager: Tried to start vendor.qti.hardware.cacert@1.0::IService/default as a lazy service, but was unable to. Usually this happens when a service is not installed, but if the service is intended to be used as a lazy service, then it may be configured incorrectly.
05-04 18:39:08.632  3704  3747 W HidlServiceManagement: Waited one second for vendor.qti.hardware.cacert@1.0::IService/default
05-04 18:39:08.633   660   660 I hwservicemanager: Since vendor.qti.hardware.cacert@1.0::IService/default is not registered, trying to start it as a lazy HAL (if it's not configured to be a lazy HAL, it may be stuck starting or still starting).
05-04 18:39:08.635  3704  3747 I HidlServiceManagement: getService: Trying again for vendor.qti.hardware.cacert@1.0::IService/default...
05-04 18:39:08.636   660  8515 W libc    : Unable to set property "ctl.interface_start" to "vendor.qti.hardware.cacert@1.0::IService/default": PROP_ERROR_HANDLE_CONTROL_MESSAGE (0x20)
05-04 18:39:08.636   660  8515 I hwservicemanager: Tried to start vendor.qti.hardware.cacert@1.0::IService/default as a lazy service, but was unable to. Usually this happens when a service is not installed, but if the service is intended to be used as a lazy service, then it may be configured incorrectly.
05-04 18:39:08.549     0     0 E init    : Control message: Could not find 'vendor.qti.hardware.cacert@1.0::IService/default' for ctl.interface_start from pid: 660 (/system/system_ext/bin/hwservicemanager)
05-04 18:39:09.635  3704  3747 W HidlServiceManagement: Waited one second for vendor.qti.hardware.cacert@1.0::IService/default
05-04 18:39:09.636   660   660 I hwservicemanager: Since vendor.qti.hardware.cacert@1.0::IService/default is not registered, trying to start it as a lazy HAL (if it's not configured to be a lazy HAL, it may be stuck starting or still starting).
05-04 18:39:09.636  3704  3747 I HidlServiceManagement: getService: Trying again for vendor.qti.hardware.cacert@1.0::IService/default...
05-04 18:39:09.639   660  8516 W libc    : Unable to set property "ctl.interface_start" to "vendor.qti.hardware.cacert@1.0::IService/default": PROP_ERROR_HANDLE_CONTROL_MESSAGE (0x20)
05-04 18:39:09.639   660  8516 I hwservicemanager: Tried to start vendor.qti.hardware.cacert@1.0::IService/default as a lazy service, but was unable to. Usually this happens when a service is not installed, but if the service is intended to be used as a lazy service, then it may be configured incorrectly.
05-04 18:39:09.552     0     0 E init    : Control message: Could not find 'vendor.qti.hardware.cacert@1.0::IService/default' for ctl.interface_start from pid: 660 (/system/system_ext/bin/hwservicemanager)
05-04 18:39:09.946     0     0 I QCOM-BATT: pl_fcc_vote_callback: total_fcc_ua=1950000
05-04 18:39:09.946     0     0 I QCOM-BATT: pl_fv_vote_callback: fv_uv=4400000
05-04 18:39:10.305     0     0 E FG      : fg_psy_get_property: unsupported property 79
05-04 18:39:10.316     0     0 E FG      : fg_psy_get_property: unsupported property 79
05-04 18:39:10.322     0     0 W healthd : battery l=100 v=3050 t=24.6 h=2 st=5 c=0 fc=2831000 chg=u
05-04 18:39:10.328     0     0 E FG      : fg_psy_get_property: unsupported property 79
05-04 18:39:10.637  3704  3747 W HidlServiceManagement: Waited one second for vendor.qti.hardware.cacert@1.0::IService/default
05-04 18:39:10.639   660   660 I hwservicemanager: Since vendor.qti.hardware.cacert@1.0::IService/default is not registered, trying to start it as a lazy HAL (if it's not configured to be a lazy HAL, it may be stuck starting or still starting).
05-04 18:39:10.639  3704  3747 I HidlServiceManagement: getService: Trying again for vendor.qti.hardware.cacert@1.0::IService/default...
05-04 18:39:10.643   660  8517 W libc    : Unable to set property "ctl.interface_start" to "vendor.qti.hardware.cacert@1.0::IService/default": PROP_ERROR_HANDLE_CONTROL_MESSAGE (0x20)
05-04 18:39:10.643   660  8517 I hwservicemanager: Tried to start vendor.qti.hardware.cacert@1.0::IService/default as a lazy service, but was unable to. Usually this happens when a service is not installed, but if the service is intended to be used as a lazy service, then it may be configured incorrectly.
05-04 18:39:10.556     0     0 E init    : Control message: Could not find 'vendor.qti.hardware.cacert@1.0::IService/default' for ctl.interface_start from pid: 660 (/system/system_ext/bin/hwservicemanager)
05-04 18:39:11.640  3704  3747 W HidlServiceManagement: Waited one second for vendor.qti.hardware.cacert@1.0::IService/default
05-04 18:39:11.641   660   660 I hwservicemanager: Since vendor.qti.hardware.cacert@1.0::IService/default is not registered, trying to start it as a lazy HAL (if it's not configured to be a lazy HAL, it may be stuck starting or still starting).
05-04 18:39:11.642  3704  3747 I HidlServiceManagement: getService: Trying again for vendor.qti.hardware.cacert@1.0::IService/default...
05-04 18:39:11.558     0     0 E init    : Control message: Could not find 'vendor.qti.hardware.cacert@1.0::IService/default' for ctl.interface_start from pid: 660 (/system/system_ext/bin/hwservicemanager)
05-04 18:39:11.645   660  8518 W libc    : Unable to set property "ctl.interface_start" to "vendor.qti.hardware.cacert@1.0::IService/default": PROP_ERROR_HANDLE_CONTROL_MESSAGE (0x20)
05-04 18:39:11.645   660  8518 I hwservicemanager: Tried to start vendor.qti.hardware.cacert@1.0::IService/default as a lazy service, but was unable to. Usually this happens when a service is not installed, but if the service is intended to be used as a lazy service, then it may be configured incorrectly.
05-04 18:39:12.643  3704  3747 W HidlServiceManagement: Waited one second for vendor.qti.hardware.cacert@1.0::IService/default
05-04 18:39:12.643   660   660 I hwservicemanager: Since vendor.qti.hardware.cacert@1.0::IService/default is not registered, trying to start it as a lazy HAL (if it's not configured to be a lazy HAL, it may be stuck starting or still starting).
05-04 18:39:12.645  3704  3747 I HidlServiceManagement: getService: Trying again for vendor.qti.hardware.cacert@1.0::IService/default...
05-04 18:39:12.646   660  8519 W libc    : Unable to set property "ctl.interface_start" to "vendor.qti.hardware.cacert@1.0::IService/default": PROP_ERROR_HANDLE_CONTROL_MESSAGE (0x20)
05-04 18:39:12.646   660  8519 I hwservicemanager: Tried to start vendor.qti.hardware.cacert@1.0::IService/default as a lazy service, but was unable to. Usually this happens when a service is not installed, but if the service is intended to be used as a lazy service, then it may be configured incorrectly.
05-04 18:39:12.560     0     0 E init    : Control message: Could not find 'vendor.qti.hardware.cacert@1.0::IService/default' for ctl.interface_start from pid: 660 (/system/system_ext/bin/hwservicemanager)
05-04 18:39:13.645  3704  3747 W HidlServiceManagement: Waited one second for vendor.qti.hardware.cacert@1.0::IService/default
05-04 18:39:13.646   660   660 I hwservicemanager: Since vendor.qti.hardware.cacert@1.0::IService/default is not registered, trying to start it as a lazy HAL (if it's not configured to be a lazy HAL, it may be stuck starting or still starting).
05-04 18:39:13.647  3704  3747 I HidlServiceManagement: getService: Trying again for vendor.qti.hardware.cacert@1.0::IService/default...
05-04 18:39:13.649   660  8520 W libc    : Unable to set property "ctl.interface_start" to "vendor.qti.hardware.cacert@1.0::IService/default": PROP_ERROR_HANDLE_CONTROL_MESSAGE (0x20)
05-04 18:39:13.649   660  8520 I hwservicemanager: Tried to start vendor.qti.hardware.cacert@1.0::IService/default as a lazy service, but was unable to. Usually this happens when a service is not installed, but if the service is intended to be used as a lazy service, then it may be configured incorrectly.
05-04 18:39:13.562     0     0 E init    : Control message: Could not find 'vendor.qti.hardware.cacert@1.0::IService/default' for ctl.interface_start from pid: 660 (/system/system_ext/bin/hwservicemanager)
05-04 18:39:14.648  3704  3747 W HidlServiceManagement: Waited one second for vendor.qti.hardware.cacert@1.0::IService/default
05-04 18:39:14.648   660   660 I hwservicemanager: Since vendor.qti.hardware.cacert@1.0::IService/default is not registered, trying to start it as a lazy HAL (if it's not configured to be a lazy HAL, it may be stuck starting or still starting).
05-04 18:39:14.649  3704  3747 I HidlServiceManagement: getService: Trying again for vendor.qti.hardware.cacert@1.0::IService/default...
05-04 18:39:14.652   660  8521 W libc    : Unable to set property "ctl.interface_start" to "vendor.qti.hardware.cacert@1.0::IService/default": PROP_ERROR_HANDLE_CONTROL_MESSAGE (0x20)
05-04 18:39:14.652   660  8521 I hwservicemanager: Tried to start vendor.qti.hardware.cacert@1.0::IService/default as a lazy service, but was unable to. Usually this happens when a service is not installed, but if the service is intended to be used as a lazy service, then it may be configured incorrectly.
05-04 18:39:14.565     0     0 E init    : Control message: Could not find 'vendor.qti.hardware.cacert@1.0::IService/default' for ctl.interface_start from pid: 660 (/system/system_ext/bin/hwservicemanager)
05-04 18:39:15.649  3704  3747 W HidlServiceManagement: Waited one second for vendor.qti.hardware.cacert@1.0::IService/default
05-04 18:39:15.650   660   660 I hwservicemanager: Since vendor.qti.hardware.cacert@1.0::IService/default is not registered, trying to start it as a lazy HAL (if it's not configured to be a lazy HAL, it may be stuck starting or still starting).
05-04 18:39:15.652  3704  3747 I HidlServiceManagement: getService: Trying again for vendor.qti.hardware.cacert@1.0::IService/default...
05-04 18:39:15.654   660  8522 W libc    : Unable to set property "ctl.interface_start" to "vendor.qti.hardware.cacert@1.0::IService/default": PROP_ERROR_HANDLE_CONTROL_MESSAGE (0x20)
05-04 18:39:15.654   660  8522 I hwservicemanager: Tried to start vendor.qti.hardware.cacert@1.0::IService/default as a lazy service, but was unable to. Usually this happens when a service is not installed, but if the service is intended to be used as a lazy service, then it may be configured incorrectly.
05-04 18:39:15.567     0     0 E init    : Control message: Could not find 'vendor.qti.hardware.cacert@1.0::IService/default' for ctl.interface_start from pid: 660 (/system/system_ext/bin/hwservicemanager)
05-04 18:39:16.652  3704  3747 W HidlServiceManagement: Waited one second for vendor.qti.hardware.cacert@1.0::IService/default
05-04 18:39:16.653   660   660 I hwservicemanager: Since vendor.qti.hardware.cacert@1.0::IService/default is not registered, trying to start it as a lazy HAL (if it's not configured to be a lazy HAL, it may be stuck starting or still starting).
05-04 18:39:16.655  3704  3747 I HidlServiceManagement: getService: Trying again for vendor.qti.hardware.cacert@1.0::IService/default...
05-04 18:39:16.656   660  8523 W libc    : Unable to set property "ctl.interface_start" to "vendor.qti.hardware.cacert@1.0::IService/default": PROP_ERROR_HANDLE_CONTROL_MESSAGE (0x20)
05-04 18:39:16.656   660  8523 I hwservicemanager: Tried to start vendor.qti.hardware.cacert@1.0::IService/default as a lazy service, but was unable to. Usually this happens when a service is not installed, but if the service is intended to be used as a lazy service, then it may be configured incorrectly.
05-04 18:39:16.569     0     0 E init    : Control message: Could not find 'vendor.qti.hardware.cacert@1.0::IService/default' for ctl.interface_start from pid: 660 (/system/system_ext/bin/hwservicemanager)
05-04 18:39:16.987     0     0 I QCOM-BATT: pl_fcc_vote_callback: total_fcc_ua=1950000
05-04 18:39:16.987     0     0 I QCOM-BATT: pl_fv_vote_callback: fv_uv=4400000
05-04 18:39:17.346     0     0 E FG      : fg_psy_get_property: unsupported property 79
05-04 18:39:17.354     0     0 E FG      : fg_psy_get_property: unsupported property 79
05-04 18:39:17.359     0     0 W healthd : battery l=100 v=3050 t=24.6 h=2 st=5 c=0 fc=2831000 chg=u
05-04 18:39:17.366     0     0 E FG      : fg_psy_get_property: unsupported property 79
05-04 18:39:17.655  3704  3747 W HidlServiceManagement: Waited one second for vendor.qti.hardware.cacert@1.0::IService/default
05-04 18:39:17.656   660   660 I hwservicemanager: Since vendor.qti.hardware.cacert@1.0::IService/default is not registered, trying to start it as a lazy HAL (if it's not configured to be a lazy HAL, it may be stuck starting or still starting).
05-04 18:39:17.658  3704  3747 I HidlServiceManagement: getService: Trying again for vendor.qti.hardware.cacert@1.0::IService/default...
05-04 18:39:17.660   660  8524 W libc    : Unable to set property "ctl.interface_start" to "vendor.qti.hardware.cacert@1.0::IService/default": PROP_ERROR_HANDLE_CONTROL_MESSAGE (0x20)
05-04 18:39:17.661   660  8524 I hwservicemanager: Tried to start vendor.qti.hardware.cacert@1.0::IService/default as a lazy service, but was unable to. Usually this happens when a service is not installed, but if the service is intended to be used as a lazy service, then it may be configured incorrectly.
05-04 18:39:17.573     0     0 E init    : Control message: Could not find 'vendor.qti.hardware.cacert@1.0::IService/default' for ctl.interface_start from pid: 660 (/system/system_ext/bin/hwservicemanager)
05-04 18:39:18.013   960  1024 I QuickAccessWalletTile: QAW service is unavailable, recreating the wallet client.
05-04 18:39:18.018   960  1024 D ControlsListingControllerImpl: Subscribing callback, service count: 0
05-04 18:39:18.027   960  1024 D ControlsListingControllerImpl: Unsubscribing callback
05-04 18:39:18.659  3704  3747 W HidlServiceManagement: Waited one second for vendor.qti.hardware.cacert@1.0::IService/default
05-04 18:39:18.660   660   660 I hwservicemanager: Since vendor.qti.hardware.cacert@1.0::IService/default is not registered, trying to start it as a lazy HAL (if it's not configured to be a lazy HAL, it may be stuck starting or still starting).
05-04 18:39:18.661  3704  3747 I HidlServiceManagement: getService: Trying again for vendor.qti.hardware.cacert@1.0::IService/default...
05-04 18:39:18.579     0     0 E init    : Control message: Could not find 'vendor.qti.hardware.cacert@1.0::IService/default' for ctl.interface_start from pid: 660 (/system/system_ext/bin/hwservicemanager)
05-04 18:39:18.665   660  8525 W libc    : Unable to set property "ctl.interface_start" to "vendor.qti.hardware.cacert@1.0::IService/default": PROP_ERROR_HANDLE_CONTROL_MESSAGE (0x20)
05-04 18:39:18.665   660  8525 I hwservicemanager: Tried to start vendor.qti.hardware.cacert@1.0::IService/default as a lazy service, but was unable to. Usually this happens when a service is not installed, but if the service is intended to be used as a lazy service, then it may be configured incorrectly.
05-04 18:39:19.662  3704  3747 W HidlServiceManagement: Waited one second for vendor.qti.hardware.cacert@1.0::IService/default
05-04 18:39:19.663   660   660 I hwservicemanager: Since vendor.qti.hardware.cacert@1.0::IService/default is not registered, trying to start it as a lazy HAL (if it's not configured to be a lazy HAL, it may be stuck starting or still starting).
05-04 18:39:19.663  3704  3747 I HidlServiceManagement: getService: Trying again for vendor.qti.hardware.cacert@1.0::IService/default...
05-04 18:39:19.579     0     0 E init    : Control message: Could not find 'vendor.qti.hardware.cacert@1.0::IService/default' for ctl.interface_start from pid: 660 (/system/system_ext/bin/hwservicemanager)
05-04 18:39:19.665   660  8526 W libc    : Unable to set property "ctl.interface_start" to "vendor.qti.hardware.cacert@1.0::IService/default": PROP_ERROR_HANDLE_CONTROL_MESSAGE (0x20)
05-04 18:39:19.666   660  8526 I hwservicemanager: Tried to start vendor.qti.hardware.cacert@1.0::IService/default as a lazy service, but was unable to. Usually this happens when a service is not installed, but if the service is intended to be used as a lazy service, then it may be configured incorrectly.
05-04 18:39:20.664  3704  3747 W HidlServiceManagement: Waited one second for vendor.qti.hardware.cacert@1.0::IService/default
05-04 18:39:20.665   660   660 I hwservicemanager: Since vendor.qti.hardware.cacert@1.0::IService/default is not registered, trying to start it as a lazy HAL (if it's not configured to be a lazy HAL, it may be stuck starting or still starting).
05-04 18:39:20.665  3704  3747 I HidlServiceManagement: getService: Trying again for vendor.qti.hardware.cacert@1.0::IService/default...
05-04 18:39:20.668   660  8527 W libc    : Unable to set property "ctl.interface_start" to "vendor.qti.hardware.cacert@1.0::IService/default": PROP_ERROR_HANDLE_CONTROL_MESSAGE (0x20)
05-04 18:39:20.668   660  8527 I hwservicemanager: Tried to start vendor.qti.hardware.cacert@1.0::IService/default as a lazy service, but was unable to. Usually this happens when a service is not installed, but if the service is intended to be used as a lazy service, then it may be configured incorrectly.
05-04 18:39:20.581     0     0 E init    : Control message: Could not find 'vendor.qti.hardware.cacert@1.0::IService/default' for ctl.interface_start from pid: 660 (/system/system_ext/bin/hwservicemanager)
05-04 18:39:21.666  3704  3747 W HidlServiceManagement: Waited one second for vendor.qti.hardware.cacert@1.0::IService/default
05-04 18:39:21.666   660   660 I hwservicemanager: Since vendor.qti.hardware.cacert@1.0::IService/default is not registered, trying to start it as a lazy HAL (if it's not configured to be a lazy HAL, it may be stuck starting or still starting).
05-04 18:39:21.667  3704  3747 I HidlServiceManagement: getService: Trying again for vendor.qti.hardware.cacert@1.0::IService/default...
05-04 18:39:21.669   660  8528 W libc    : Unable to set property "ctl.interface_start" to "vendor.qti.hardware.cacert@1.0::IService/default": PROP_ERROR_HANDLE_CONTROL_MESSAGE (0x20)
05-04 18:39:21.669   660  8528 I hwservicemanager: Tried to start vendor.qti.hardware.cacert@1.0::IService/default as a lazy service, but was unable to. Usually this happens when a service is not installed, but if the service is intended to be used as a lazy service, then it may be configured incorrectly.
05-04 18:39:21.582     0     0 E init    : Control message: Could not find 'vendor.qti.hardware.cacert@1.0::IService/default' for ctl.interface_start from pid: 660 (/system/system_ext/bin/hwservicemanager)
05-04 18:39:22.668  3704  3747 W HidlServiceManagement: Waited one second for vendor.qti.hardware.cacert@1.0::IService/default
05-04 18:39:22.669   660   660 I hwservicemanager: Since vendor.qti.hardware.cacert@1.0::IService/default is not registered, trying to start it as a lazy HAL (if it's not configured to be a lazy HAL, it may be stuck starting or still starting).
05-04 18:39:22.670  3704  3747 I HidlServiceManagement: getService: Trying again for vendor.qti.hardware.cacert@1.0::IService/default...
05-04 18:39:22.672   660  8529 W libc    : Unable to set property "ctl.interface_start" to "vendor.qti.hardware.cacert@1.0::IService/default": PROP_ERROR_HANDLE_CONTROL_MESSAGE (0x20)
05-04 18:39:22.672   660  8529 I hwservicemanager: Tried to start vendor.qti.hardware.cacert@1.0::IService/default as a lazy service, but was unable to. Usually this happens when a service is not installed, but if the service is intended to be used as a lazy servi