--------- beginning of kernel
05-04 18:37:51.293     0     0 I logd    : logdr: UID=2000 GID=2000 PID=8357 b tail=0 logMask=99 pid=0 start=0ns deadline=0ns
--------- beginning of main
05-04 18:37:51.429  3704  3747 W HidlServiceManagement: Waited one second for vendor.qti.hardware.cacert@1.0::IService/default
05-04 18:37:51.430   660   660 I hwservicemanager: Since vendor.qti.hardware.cacert@1.0::IService/default is not registered, trying to start it as a lazy HAL (if it's not configured to be a lazy HAL, it may be stuck starting or still starting).
05-04 18:37:51.431  3704  3747 I HidlServiceManagement: getService: Trying again for vendor.qti.hardware.cacert@1.0::IService/default...
05-04 18:37:51.436   660  8360 W libc    : Unable to set property "ctl.interface_start" to "vendor.qti.hardware.cacert@1.0::IService/default": PROP_ERROR_HANDLE_CONTROL_MESSAGE (0x20)
05-04 18:37:51.436   660  8360 I hwservicemanager: Tried to start vendor.qti.hardware.cacert@1.0::IService/default as a lazy service, but was unable to. Usually this happens when a service is not installed, but if the service is intended to be used as a lazy service, then it may be configured incorrectly.
05-04 18:37:51.349     0     0 E init    : Control message: Could not find 'vendor.qti.hardware.cacert@1.0::IService/default' for ctl.interface_start from pid: 660 (/system/system_ext/bin/hwservicemanager)
--------- beginning of system
05-04 18:37:51.820   307   391 E AccessPersistence: Failed to verity-protect runtime-permissions
05-04 18:37:51.820   307   391 E AccessPersistence: java.io.IOException: Failed to enable fs-verity on FD(483): Inappropriate ioctl for device
05-04 18:37:51.820   307   391 E AccessPersistence: 	at com.android.internal.security.VerityUtils.setUpFsverity(VerityUtils.java:94)
05-04 18:37:51.820   307   391 E AccessPersistence: 	at com.android.server.security.FileIntegrity.setUpFsVerity(FileIntegrity.java:66)
05-04 18:37:51.820   307   391 E AccessPersistence: 	at com.android.server.security.FileIntegrity.setUpFsVerity(FileIntegrity.java:50)
05-04 18:37:51.820   307   391 E AccessPersistence: 	at com.android.server.permission.access.AccessPersistence.writeSystemState(AccessPersistence.kt:65)
05-04 18:37:51.820   307   391 E AccessPersistence: 	at com.android.server.permission.access.AccessPersistence.writePendingState(AccessPersistence.kt:149)
05-04 18:37:51.820   307   391 E AccessPersistence: 	at com.android.server.permission.access.AccessPersistence.access$writePendingState(AccessPersistence.kt:41)
05-04 18:37:51.820   307   391 E AccessPersistence: 	at com.android.server.permission.access.AccessPersistence$WriteHandler.handleMessage(AccessPersistence.kt:190)
05-04 18:37:51.820   307   391 E AccessPersistence: 	at android.os.Handler.dispatchMessage(Handler.java:109)
05-04 18:37:51.820   307   391 E AccessPersistence: 	at android.os.Looper.loopOnce(Looper.java:232)
05-04 18:37:51.820   307   391 E AccessPersistence: 	at android.os.Looper.loop(Looper.java:317)
05-04 18:37:51.820   307   391 E AccessPersistence: 	at android.os.HandlerThread.run(HandlerThread.java:85)
05-04 18:37:51.820   307   391 E AccessPersistence: 	at com.android.server.ServiceThread.run(ServiceThread.java:49)
05-04 18:37:51.845   307   391 E AccessPersistence: Failed to verity-protect runtime-permissions
05-04 18:37:51.845   307   391 E AccessPersistence: java.io.IOException: Failed to enable fs-verity on FD(483): Inappropriate ioctl for device
05-04 18:37:51.845   307   391 E AccessPersistence: 	at com.android.internal.security.VerityUtils.setUpFsverity(VerityUtils.java:94)
05-04 18:37:51.845   307   391 E AccessPersistence: 	at com.android.server.security.FileIntegrity.setUpFsVerity(FileIntegrity.java:66)
05-04 18:37:51.845   307   391 E AccessPersistence: 	at com.android.server.security.FileIntegrity.setUpFsVerity(FileIntegrity.java:50)
05-04 18:37:51.845   307   391 E AccessPersistence: 	at com.android.server.permission.access.AccessPersistence.writeUserState(AccessPersistence.kt:65)
05-04 18:37:51.845   307   391 E AccessPersistence: 	at com.android.server.permission.access.AccessPersistence.writePendingState(AccessPersistence.kt:151)
05-04 18:37:51.845   307   391 E AccessPersistence: 	at com.android.server.permission.access.AccessPersistence.access$writePendingState(AccessPersistence.kt:41)
05-04 18:37:51.845   307   391 E AccessPersistence: 	at com.android.server.permission.access.AccessPersistence$WriteHandler.handleMessage(AccessPersistence.kt:190)
05-04 18:37:51.845   307   391 E AccessPersistence: 	at android.os.Handler.dispatchMessage(Handler.java:109)
05-04 18:37:51.845   307   391 E AccessPersistence: 	at android.os.Looper.loopOnce(Looper.java:232)
05-04 18:37:51.845   307   391 E AccessPersistence: 	at android.os.Looper.loop(Looper.java:317)
05-04 18:37:51.845   307   391 E AccessPersistence: 	at android.os.HandlerThread.run(HandlerThread.java:85)
05-04 18:37:51.845   307   391 E AccessPersistence: 	at com.android.server.ServiceThread.run(ServiceThread.java:49)
05-04 18:37:51.935     0     0 I binder  : 8364:8364 ioctl 40046210 7fc686c554 returned -22
05-04 18:37:52.029   307 21409 I ActivityManager: Force stopping com.westlake.host appid=10218 user=0: from pid 8364
05-04 18:37:52.037   307   767 I AppWidgetServiceImpl: Received broadcast: android.intent.action.PACKAGE_RESTARTED on user 0
05-04 18:37:52.037   307   767 I AppWidgetServiceImpl: Updating package stopped masked state for uid 10218 package com.westlake.host isStopped true
05-04 18:37:52.038  1166  1166 D CarrierSvcBindHelper: onHandleForceStop: [com.westlake.host]
05-04 18:37:52.040  1166  1166 D CarrierSvcBindHelper: No carrier app for: 0
05-04 18:37:52.042  1166  1166 D CarrierSvcBindHelper: No carrier app for: 1
05-04 18:37:52.222   713  1834 I NxpNciR : len =   4 > 600701A1
05-04 18:37:52.432  3704  3747 W HidlServiceManagement: Waited one second for vendor.qti.hardware.cacert@1.0::IService/default
05-04 18:37:52.432   660   660 I hwservicemanager: Since vendor.qti.hardware.cacert@1.0::IService/default is not registered, trying to start it as a lazy HAL (if it's not configured to be a lazy HAL, it may be stuck starting or still starting).
05-04 18:37:52.433  3704  3747 I HidlServiceManagement: getService: Trying again for vendor.qti.hardware.cacert@1.0::IService/default...
05-04 18:37:52.348     0     0 E init    : Control message: Could not find 'vendor.qti.hardware.cacert@1.0::IService/default' for ctl.interface_start from pid: 660 (/system/system_ext/bin/hwservicemanager)
05-04 18:37:52.435   660  8375 W libc    : Unable to set property "ctl.interface_start" to "vendor.qti.hardware.cacert@1.0::IService/default": PROP_ERROR_HANDLE_CONTROL_MESSAGE (0x20)
05-04 18:37:52.435   660  8375 I hwservicemanager: Tried to start vendor.qti.hardware.cacert@1.0::IService/default as a lazy service, but was unable to. Usually this happens when a service is not installed, but if the service is intended to be used as a lazy service, then it may be configured incorrectly.
05-04 18:37:52.754   307 21409 I ActivityManager: Force stopping com.westlake.host appid=10218 user=0: from pid 8380
05-04 18:37:52.663     0     0 I binder  : 8380:8380 ioctl 40046210 7fc306e484 returned -22
05-04 18:37:52.763  1166  1166 D CarrierSvcBindHelper: onHandleForceStop: [com.westlake.host]
05-04 18:37:52.766  1166  1166 D CarrierSvcBindHelper: No carrier app for: 0
05-04 18:37:52.766  1166  1166 D CarrierSvcBindHelper: No carrier app for: 1
05-04 18:37:52.767   307   767 I AppWidgetServiceImpl: Received broadcast: android.intent.action.PACKAGE_RESTARTED on user 0
05-04 18:37:52.767   307   767 I AppWidgetServiceImpl: Updating package stopped masked state for uid 10218 package com.westlake.host isStopped true
05-04 18:37:53.013   307 21409 W ActivityTaskManager: callingPackage for (uid=2000, pid=8380) has no WPC
05-04 18:37:53.017   307 21409 V GrammaticalInflectionUtils: AttributionSource: AttributionSource { uid = 10218, packageName = null, attributionTag = null, token = android.os.Binder@a81f694, deviceId = 0, next = null } does not have READ_SYSTEM_GRAMMATICAL_GENDER permission.
05-04 18:37:53.018   307 21409 W OptProp : Cannot read opt property android.window.PROPERTY_COMPAT_ALLOW_RESIZEABLE_ACTIVITY_OVERRIDES
05-04 18:37:53.018   307 21409 W OptProp : Cannot read opt property android.window.PROPERTY_COMPAT_ALLOW_MIN_ASPECT_RATIO_OVERRIDE
05-04 18:37:53.027   307 21409 W OptProp : Cannot read opt property android.window.PROPERTY_COMPAT_ALLOW_ORIENTATION_OVERRIDE
05-04 18:37:53.033  3220  3220 I android.hardware.power-service-qti: Power setMode: 5 to: 1
05-04 18:37:53.033   307 21409 V SplashScreenExceptionList: SplashScreen checking exception for package com.westlake.host (target sdk:28) -> false
05-04 18:37:53.038  3267  3300 E ANDR-PERF-UTIL: Failed to read /sys/class/mmc_host/mmc0/clk_scaling/enable
05-04 18:37:53.038  3267  3300 E ANDR-PERF-OPTSHANDLER: Failed to read /sys/class/mmc_host/mmc0/clk_scaling/enable
05-04 18:37:53.038  3267  3300 E ANDR-PERF-RESOURCEQS: Failed to apply optimization [11, 4]
05-04 18:37:53.039   307 21409 I ActivityTaskManager: START u0 {flg=0x10000000 cmp=com.westlake.host/.WestlakeActivity (has extras)} with LAUNCH_MULTIPLE from uid 2000 (BAL_ALLOW_PERMISSION) result code=0
05-04 18:37:53.042   307   421 V GrammaticalInflectionUtils: AttributionSource: AttributionSource { uid = 10218, packageName = null, attributionTag = null, token = android.os.Binder@a81f694, deviceId = 0, next = null } does not have READ_SYSTEM_GRAMMATICAL_GENDER permission.
05-04 18:37:53.043  1230  1230 W SplitSelectStateCtor: Missing session instanceIds
05-04 18:37:53.043  1230  1230 D StatsLog: LAUNCHER_SPLIT_SELECTION_EXIT_INTERRUPTED
05-04 18:37:53.043   960  1005 D SplashScreenView: Build android.window.SplashScreenView{fbd4e26 V.E...... ......ID 0,0-0,0}
05-04 18:37:53.043   960  1005 D SplashScreenView: Icon: view: android.widget.ImageView{8ce0a67 V.ED..... ......I. 0,0-0,0 #1020525 android:id/splashscreen_icon_view} drawable: com.android.wm.shell.startingsurface.SplashscreenIconDrawableFactory$ImmobileIconDrawable@9900014 size: 450
05-04 18:37:53.043   960  1005 D SplashScreenView: Branding: view: android.view.View{5ce50bd G.ED..... ......I. 0,0-0,0 #1020524 android:id/splashscreen_branding_view} drawable: null size w: 0 h: 0
05-04 18:37:53.044   960   982 V WindowManagerShell: Transition requested (#4384): android.os.BinderProxy@c65fbfe TransitionRequestInfo { type = OPEN, triggerTask = TaskInfo{userId=0 taskId=2256 effectiveUid=10218 displayId=0 isRunning=true baseIntent=Intent { flg=0x10000000 cmp=com.westlake.host/.WestlakeActivity } baseActivity=ComponentInfo{com.westlake.host/com.westlake.host.WestlakeActivity} topActivity=ComponentInfo{com.westlake.host/com.westlake.host.WestlakeActivity} origActivity=null realActivity=ComponentInfo{com.westlake.host/com.westlake.host.WestlakeActivity} numActivities=1 lastActiveTime=2182065605 supportsMultiWindow=true resizeMode=1 isResizeable=true minWidth=-1 minHeight=-1 defaultMinSize=220 token=WCT{android.window.IWindowContainerToken$Stub$Proxy@ea7df5f} topActivityType=1 pictureInPictureParams=null shouldDockBigOverlays=false launchIntoPipHostTaskId=-1 lastParentTaskIdBeforePip=-1 displayCutoutSafeInsets=Rect(0, 80 - 0, 0) topActivityInfo=ActivityInfo{6033dac com.westlake.host.WestlakeActivity} launchCookies=[] positionInParent=Point(0, 0) parentTaskId=-1 isFocused=false isVisible=false isVisibleRequested=false isTopActivityNoDisplay=false isSleeping=false locusId=null displayAreaFeatureId=1 isTopActivityTransparent=false isActivityStackTransparent=false lastNonFullscreenBounds=Rect(267, 606 - 814, 1686) capturedLink=null capturedLinkTimestamp=0 requestedVisibleTypes=-9 topActivityRequestOpenInBrowserEducationTimestamp=0 appCompatTaskInfo=AppCompatTaskInfo { topActivityInSizeCompat=false eligibleForLetterboxEducation= false isLetterboxEducationEnabled= false isLetterboxDoubleTapEnabled= false eligibleForUserAspectRatioButton= false topActivityBoundsLetterboxed= false isFromLetterboxDoubleTap= false topActivityLetterboxVerticalPosition= -1 topActivityLetterboxHorizontalPosition= -1 topActivityLetterboxWidth=-1 topActivityLetterboxHeight=-1 topActivityLetterboxAppWidth=-1 topActivityLetterboxAppHeight=-1 isUserFullscreenOverrideEnabled=false isSystemFullscreenOverrideEnabled=false hasMinAspectRatioOverride=false topActivityLetterboxBounds=null cameraCompatTaskInfo=CameraCompatTaskInfo { freeformCameraCompatMode=inactive}} topActivityMainWindowFrame=null}, pipChange = null, remoteTransition = null, displayChange = null, flags = 0, debugId = 4384 }
05-04 18:37:53.044   960   982 D ShellSplitScreen: logExit: no-op, mLoggerSessionId is null
05-04 18:37:53.049  3080  3121 I netd    : tetherGetStats() -> {[]} <2.47ms>
05-04 18:37:53.059  3320  3359 I BpBinder: onLastStrongRef automatically unlinking death recipients: 
05-04 18:37:53.064  3320  3320 I BpBinder: onLastStrongRef automatically unlinking death recipients: 
05-04 18:37:53.065   307 28870 D CoreBackPreview: Window{2d8c3e9 u0 Splash Screen com.westlake.host}: Setting back callback OnBackInvokedCallbackInfo{mCallback=android.window.IOnBackInvokedCallback$Stub$Proxy@2eac79c, mPriority=0, mIsAnimationCallback=false, mOverrideBehavior=0}
05-04 18:37:53.068   307   767 I AppWidgetServiceImpl: Received broadcast: android.intent.action.PACKAGE_UNSTOPPED on user 0
05-04 18:37:53.068   307   767 I AppWidgetServiceImpl: Updating package stopped masked state for uid 10218 package com.westlake.host isStopped false
05-04 18:37:53.069   307   780 D BackgroundInstallControlService: Package event received: 0
05-04 18:37:53.072  1650 32677 D ForegroundUtils: Foreground UID status:
05-04 18:37:53.072  1650 32677 D ForegroundUtils: UID: 10130 is in foreground: false
05-04 18:37:53.072  1650 32677 D ForegroundUtils: UID: 10152 is in foreground: true
05-04 18:37:53.072  1650 32677 D ForegroundUtils: UID: 10159 is in foreground: true
05-04 18:37:53.072  1650 32677 D ForegroundUtils: UID: 10173 is in foreground: true
05-04 18:37:53.072  1650 32677 D ForegroundUtils: UID: 10190 is in foreground: true
05-04 18:37:53.072  1650 32677 D ForegroundUtils: UID: 10193 is in foreground: false
05-04 18:37:53.077 32752 32752 D Zygote  : Forked child process 8384
05-04 18:37:53.077   960   982 D WindowManagerShell: setLauncherKeepClearAreaHeight: visible=false, height=292
05-04 18:37:53.078   307   526 I ActivityManager: Start proc 8384:com.westlake.host/u0a218 for next-top-activity {com.westlake.host/com.westlake.host.WestlakeActivity}
05-04 18:37:53.092  8384  8384 I Zygote  : seccomp disabled by setenforce 0
05-04 18:37:53.093   307   388 V WindowManager: Sent Transition (#4384) createdAt=05-04 18:37:53.019 via request=TransitionRequestInfo { type = OPEN, triggerTask = TaskInfo{userId=0 taskId=2256 effectiveUid=10218 displayId=0 isRunning=true baseIntent=Intent { flg=0x10000000 cmp=com.westlake.host/.WestlakeActivity } baseActivity=ComponentInfo{com.westlake.host/com.westlake.host.WestlakeActivity} topActivity=ComponentInfo{com.westlake.host/com.westlake.host.WestlakeActivity} origActivity=null realActivity=ComponentInfo{com.westlake.host/com.westlake.host.WestlakeActivity} numActivities=1 lastActiveTime=2182065605 supportsMultiWindow=true resizeMode=1 isResizeable=true minWidth=-1 minHeight=-1 defaultMinSize=220 token=WCT{RemoteToken{346dd07 Task{d91fc04 #2256 type=standard A=10218:com.westlake.host}}} topActivityType=1 pictureInPictureParams=null shouldDockBigOverlays=false launchIntoPipHostTaskId=-1 lastParentTaskIdBeforePip=-1 displayCutoutSafeInsets=Rect(0, 80 - 0, 0) topActivityInfo=ActivityInfo{6ee6e34 com.westlake.host.WestlakeActivity} launchCookies=[] positionInParent=Point(0, 0) parentTaskId=-1 isFocused=false isVisible=false isVisibleRequested=false isTopActivityNoDisplay=false isSleeping=false locusId=null displayAreaFeatureId=1 isTopActivityTransparent=false isActivityStackTransparent=false lastNonFullscreenBounds=Rect(267, 606 - 814, 1686) capturedLink=null capturedLinkTimestamp=0 requestedVisibleTypes=-9 topActivityRequestOpenInBrowserEducationTimestamp=0 appCompatTaskInfo=AppCompatTaskInfo { topActivityInSizeCompat=false eligibleForLetterboxEducation= false isLetterboxEducationEnabled= false isLetterboxDoubleTapEnabled= false eligibleForUserAspectRatioButton= false topActivityBoundsLetterboxed= false isFromLetterboxDoubleTap= false topActivityLetterboxVerticalPosition= -1 topActivityLetterboxHorizontalPosition= -1 topActivityLetterboxWidth=-1 topActivityLetterboxHeight=-1 topActivityLetterboxAppWidth=-1 topActivityLetterboxAppHeight=-1 isUserFullscreenOverrideEnabled=false isSystemFullscreenOverrideEnabled=false hasMinAspectRatioOverride=false topActivityLetterboxBounds=null cameraCompatTaskInfo=CameraCompatTaskInfo { freeformCameraCompatMode=inactive}} topActivityMainWindowFrame=null}, pipChange = null, remoteTransition = null, displayChange = null, flags = 0, debugId = 4384 }
05-04 18:37:53.093   307   388 V WindowManager:     startWCT=WindowContainerTransaction { changes= {} hops= [] errorCallbackToken=null taskFragmentOrganizer=null }
05-04 18:37:53.093   960  1270 V WindowManagerShell: onTransitionReady(transaction=1318555124533)
05-04 18:37:53.093   960   982 V WindowManagerShell: onTransitionReady (#4384) android.os.BinderProxy@c65fbfe: {id=4384 t=OPEN f=0x0 trk=0 r=[0@Point(0, 0)] c=[
05-04 18:37:53.093   960   982 V WindowManagerShell:         {m=OPEN f=NONE leash=Surface(name=Task=2256)/@0xc0ba062 sb=Rect(0, 0 - 1080, 2280) eb=Rect(0, 0 - 1080, 2280) epz=Point(1080, 2280) d=0 taskParent=-1},
05-04 18:37:53.093   960   982 V WindowManagerShell:         {m=TO_BACK f=SHOW_WALLPAPER leash=Surface(name=Task=1)/@0x99d55f3 sb=Rect(0, 0 - 1080, 2280) eb=Rect(0, 0 - 1080, 2280) epz=Point(1080, 2280) d=0 taskParent=-1}
05-04 18:37:53.093   960   982 V WindowManagerShell:     ]}
05-04 18:37:53.093   307   388 V WindowManager:     info={id=4384 t=OPEN f=0x0 trk=0 r=[0@Point(0, 0)] c=[
05-04 18:37:53.093   307   388 V WindowManager:         {WCT{RemoteToken{346dd07 Task{d91fc04 #2256 type=standard A=10218:com.westlake.host}}} m=OPEN f=NONE leash=Surface(name=Task=2256)/@0x4dc0721 sb=Rect(0, 0 - 1080, 2280) eb=Rect(0, 0 - 1080, 2280) epz=Point(1080, 2280) d=0 taskParent=-1},
05-04 18:37:53.093   307   388 V WindowManager:         {WCT{RemoteToken{cb0a3c2 Task{a516ecc #1 type=home}}} m=TO_BACK f=SHOW_WALLPAPER leash=Surface(name=Task=1)/@0xdc03e5b sb=Rect(0, 0 - 1080, 2280) eb=Rect(0, 0 - 1080, 2280) epz=Point(1080, 2280) d=0 taskParent=-1}
05-04 18:37:53.093   307   388 V WindowManager:     ]}
05-04 18:37:53.093   960   982 V WindowManagerShell: Playing animation for (#4384) android.os.BinderProxy@c65fbfe@0
05-04 18:37:53.094   960   982 V ShellRecents: RecentsTransitionHandler.startAnimation: no controller found
05-04 18:37:53.094   960   982 V WindowManagerShell: Transition doesn't have explicit remote, search filters for match for {id=4384 t=OPEN f=0x0 trk=0 r=[0@Point(0, 0)] c=[{m=OPEN f=NONE leash=Surface(name=Task=2256)/@0xc0ba062 sb=Rect(0, 0 - 1080, 2280) eb=Rect(0, 0 - 1080, 2280) epz=Point(1080, 2280) d=0 taskParent=-1},{m=TO_BACK f=SHOW_WALLPAPER leash=Surface(name=Task=1)/@0x99d55f3 sb=Rect(0, 0 - 1080, 2280) eb=Rect(0, 0 - 1080, 2280) epz=Point(1080, 2280) d=0 taskParent=-1}]}
05-04 18:37:53.094   960   982 V WindowManagerShell:  Checking filter Pair{{types=[] flags=0x0] notFlags=0x100 checks=[{atype=home independent=true modes=[OPEN,TO_FRONT] flags=NONE mustBeTask=false order=TOP topActivity=ComponentInfo{com.android.launcher3/com.android.launcher3.uioverrides.QuickstepLauncher} launchCookie=null windowingMode=undefined},{atype=standard independent=true modes=[CLOSE,TO_BACK] flags=NONE mustBeTask=false order=ANY topActivity=null launchCookie=null windowingMode=undefined},{NOT atype=undefined independent=true modes=[] flags=NONE mustBeTask=true order=ANY topActivity=null launchCookie=null customAnim=true windowingMode=undefined}]} RemoteTransition { remoteTransition = android.window.IRemoteTransition$Stub$Proxy@ae59c67, appThread = android.app.IApplicationThread$Stub$Proxy@8152a14, debugName = QuickstepLaunchHome }}
05-04 18:37:53.094   960   982 V WindowManagerShell:  Delegate animation for (#4384) to null
05-04 18:37:53.094   960   982 V WindowManagerShell: start default transition animation, info = {id=4384 t=OPEN f=0x0 trk=0 r=[0@Point(0, 0)] c=[{m=OPEN f=NONE leash=Surface(name=Task=2256)/@0xc0ba062 sb=Rect(0, 0 - 1080, 2280) eb=Rect(0, 0 - 1080, 2280) epz=Point(1080, 2280) d=0 taskParent=-1},{m=TO_BACK f=SHOW_WALLPAPER leash=Surface(name=Task=1)/@0x99d55f3 sb=Rect(0, 0 - 1080, 2280) eb=Rect(0, 0 - 1080, 2280) epz=Point(1080, 2280) d=0 taskParent=-1}]}
05-04 18:37:53.095   960   982 V WindowManagerShell: loadAnimation: anim=android.view.animation.AnimationSet@4de8529 animAttr=0x13 type=OPEN isEntrance=false
05-04 18:37:53.095   960   982 V WindowManagerShell: loadAnimation: anim=android.view.animation.AnimationSet@60760ae animAttr=0x12 type=OPEN isEntrance=true
05-04 18:37:53.097   960   982 V WindowManagerShell:  animated by com.android.wm.shell.transition.DefaultTransitionHandler@6c3a7ac
05-04 18:37:53.100   307 26097 W UserManagerService: Requested status bar icon for non-badged user 0
05-04 18:37:53.109  8384  8384 I m.westlake.host: Late-enabling -Xcheck:jni
05-04 18:37:53.165  8384  8384 I m.westlake.host: Using CollectorTypeCC GC.
05-04 18:37:53.172 23361 23366 I adbd    : jdwp connection from 8384
05-04 18:37:53.182  8384  8384 D nativeloader: Load libframework-connectivity-tiramisu-jni.so using APEX ns com_android_tethering for caller /apex/com.android.tethering/javalib/framework-connectivity-t.jar: ok
05-04 18:37:53.097     0     0 I binder  : 8384:8384 ioctl 40046210 7fd4a812f4 returned -22
05-04 18:37:53.203   307   780 D BackgroundInstallControlService: Package event received: 0
05-04 18:37:53.208  1650 32677 D ForegroundUtils: Foreground UID status:
05-04 18:37:53.208  1650 32677 D ForegroundUtils: UID: 10130 is in foreground: false
05-04 18:37:53.208  1650 32677 D ForegroundUtils: UID: 10152 is in foreground: true
05-04 18:37:53.208  1650 32677 D ForegroundUtils: UID: 10159 is in foreground: true
05-04 18:37:53.208  1650 32677 D ForegroundUtils: UID: 10173 is in foreground: true
05-04 18:37:53.208  1650 32677 D ForegroundUtils: UID: 10190 is in foreground: true
05-04 18:37:53.208  1650 32677 D ForegroundUtils: UID: 10193 is in foreground: false
05-04 18:37:53.208  1650 32677 D ForegroundUtils: UID: 10218 is in foreground: true
05-04 18:37:53.221  8384  8384 D nativeloader: Load libstats_jni.so using APEX ns com_android_os_statsd for caller /apex/com.android.os.statsd/javalib/framework-statsd.jar: ok
05-04 18:37:53.258  8384  8384 D ApplicationLoaders: Returning zygote-cached class loader: /system/framework/android.test.base.jar
05-04 18:37:53.260  8384  8384 W ziparchive: Unable to open '/data/app/~~Gg0G5CtqAB4V4yzAnUxcxw==/com.westlake.host-3z7eVqF571ZZVn3bfdrfTg==/base.dm': No such file or directory
05-04 18:37:53.260  8384  8384 W ziparchive: Unable to open '/data/app/~~Gg0G5CtqAB4V4yzAnUxcxw==/com.westlake.host-3z7eVqF571ZZVn3bfdrfTg==/base.dm': No such file or directory
05-04 18:37:53.399   960   982 V WindowManagerShell: Transition animation finished (aborted=false), notifying core (#4384) android.os.BinderProxy@c65fbfe@0
05-04 18:37:53.401   307   388 V WindowManager: Finish Transition (#4384): created at 05-04 18:37:53.019 collect-started=0.131ms request-sent=19.229ms started=31.005ms ready=69.754ms sent=72.042ms finished=382.019ms
05-04 18:37:53.402  1230  1230 D VRI[QuickstepLauncher]: visibilityChanged oldVisibility=true newVisibility=false
05-04 18:37:53.404   960   982 V WindowManagerShell: Track 0 became idle
05-04 18:37:53.404   960   982 V WindowManagerShell: All active transition animations finished
05-04 18:37:53.405   307 26097 W UserManagerService: Requested status bar icon for non-badged user 0
05-04 18:37:53.406   307 26097 W UserManagerService: Requested status bar icon for non-badged user 0
05-04 18:37:53.434  3704  3747 W HidlServiceManagement: Waited one second for vendor.qti.hardware.cacert@1.0::IService/default
05-04 18:37:53.435   660   660 I hwservicemanager: Since vendor.qti.hardware.cacert@1.0::IService/default is not registered, trying to start it as a lazy HAL (if it's not configured to be a lazy HAL, it may be stuck starting or still starting).
05-04 18:37:53.436  3704  3747 I HidlServiceManagement: getService: Trying again for vendor.qti.hardware.cacert@1.0::IService/default...
05-04 18:37:53.438   660  8398 W libc    : Unable to set property "ctl.interface_start" to "vendor.qti.hardware.cacert@1.0::IService/default": PROP_ERROR_HANDLE_CONTROL_MESSAGE (0x20)
05-04 18:37:53.439   660  8398 I hwservicemanager: Tried to start vendor.qti.hardware.cacert@1.0::IService/default as a lazy service, but was unable to. Usually this happens when a service is not installed, but if the service is intended to be used as a lazy service, then it may be configured incorrectly.
05-04 18:37:53.352     0     0 E init    : Control message: Could not find 'vendor.qti.hardware.cacert@1.0::IService/default' for ctl.interface_start from pid: 660 (/system/system_ext/bin/hwservicemanager)
05-04 18:37:53.785     0     0 I QCOM-BATT: pl_fcc_vote_callback: total_fcc_ua=1950000
05-04 18:37:53.785     0     0 I QCOM-BATT: pl_fv_vote_callback: fv_uv=4400000
05-04 18:37:54.145     0     0 E FG      : fg_psy_get_property: unsupported property 79
05-04 18:37:54.151     0     0 E FG      : fg_psy_get_property: unsupported property 79
05-04 18:37:54.156     0     0 W healthd : battery l=100 v=3050 t=24.6 h=2 st=5 c=0 fc=2831000 chg=u
05-04 18:37:54.247  1126  1126 D QtiCarrierConfigHelper: WARNING, no carrier configs on phone Id: 0
05-04 18:37:54.251   960  2704 D PowerUI : can't show warning due to - plugged: true status unknown: false
05-04 18:37:54.165     0     0 E FG      : fg_psy_get_property: unsupported property 79
05-04 18:37:54.377  8384  8384 D nativeloader: Configuring clns-7 for other apk /data/app/~~Gg0G5CtqAB4V4yzAnUxcxw==/com.westlake.host-3z7eVqF571ZZVn3bfdrfTg==/base.apk. target_sdk_version=28, uses_libraries=, library_path=/data/app/~~Gg0G5CtqAB4V4yzAnUxcxw==/com.westlake.host-3z7eVqF571ZZVn3bfdrfTg==/lib/arm64:/data/app/~~Gg0G5CtqAB4V4yzAnUxcxw==/com.westlake.host-3z7eVqF571ZZVn3bfdrfTg==/base.apk!/lib/arm64-v8a, permitted_path=/data:/mnt/expand:/data/user/0/com.westlake.host
05-04 18:37:54.387  8384  8384 I m.westlake.host: AssetManager2(0x7bd4646718) locale list changing from [] to [en-US]
05-04 18:37:54.397  8384  8384 V GraphicsEnvironment: Currently set values for:
05-04 18:37:54.397  8384  8384 V GraphicsEnvironment:   angle_gl_driver_selection_pkgs=[]
05-04 18:37:54.397  8384  8384 V GraphicsEnvironment:   angle_gl_driver_selection_values=[]
05-04 18:37:54.397  8384  8384 V GraphicsEnvironment: com.westlake.host is not listed in per-application setting
05-04 18:37:54.398  8384  8384 V GraphicsEnvironment: Neither updatable production driver nor prerelease driver is supported.
05-04 18:37:54.436  3704  3747 W HidlServiceManagement: Waited one second for vendor.qti.hardware.cacert@1.0::IService/default
05-04 18:37:54.437   660   660 I hwservicemanager: Since vendor.qti.hardware.cacert@1.0::IService/default is not registered, trying to start it as a lazy HAL (if it's not configured to be a lazy HAL, it may be stuck starting or still starting).
05-04 18:37:54.438  3704  3747 I HidlServiceManagement: getService: Trying again for vendor.qti.hardware.cacert@1.0::IService/default...
05-04 18:37:54.438   660  8402 W libc    : Unable to set property "ctl.interface_start" to "vendor.qti.hardware.cacert@1.0::IService/default": PROP_ERROR_HANDLE_CONTROL_MESSAGE (0x20)
05-04 18:37:54.438   660  8402 I hwservicemanager: Tried to start vendor.qti.hardware.cacert@1.0::IService/default as a lazy service, but was unable to. Usually this happens when a service is not installed, but if the service is intended to be used as a lazy service, then it may be configured incorrectly.
05-04 18:37:54.352     0     0 E init    : Control message: Could not find 'vendor.qti.hardware.cacert@1.0::IService/default' for ctl.interface_start from pid: 660 (/system/system_ext/bin/hwservicemanager)
05-04 18:37:54.456   307   780 D BackgroundInstallControlService: Package event received: 0
05-04 18:37:54.456   307   780 D BackgroundInstallControlService: Package event received: 0
05-04 18:37:54.465  8384  8384 I m.westlake.host: AssetManager2(0x7bd463b4f8) locale list changing from [] to [en-US]
05-04 18:37:54.516  8384  8384 I Westlake: WestlakeActivity onCreate (ComponentActivity + Compose)
05-04 18:37:54.516  8384  8384 I Westlake: Auto-launching: WESTLAKE_ART_NOICE
05-04 18:37:54.516  8384  8384 I Westlake: Launching Noice via Westlake ART VM
05-04 18:37:54.547  8384  8384 D DesktopModeFlagsUtil: Toggle override initialized to: OVERRIDE_UNSET
05-04 18:37:54.681  8384  8384 D InsetsController: Setting requestedVisibleTypes to -10 (was -9)
05-04 18:37:54.682   307 26097 W WindowManager: Failed looking up window session=Session{61a43fc 8384:u0a10218} callers=com.android.server.wm.WindowManagerService.windowForClientLocked:6324 com.android.server.wm.Session.updateRequestedVisibleTypes:699 android.view.IWindowSession$Stub.onTransact:1023 
05-04 18:37:55.059  8384  8384 W m.westlake.host: Method java.lang.Object androidx.compose.runtime.snapshots.SnapshotStateMap.mutate(kotlin.jvm.functions.Function1) failed lock verification and will run slower.
05-04 18:37:55.059  8384  8384 W m.westlake.host: Common causes for lock verification issues are non-optimized dex code
05-04 18:37:55.059  8384  8384 W m.westlake.host: and incorrect proguard optimizations.
05-04 18:37:55.059  8384  8384 W m.westlake.host: Method void androidx.compose.runtime.snapshots.SnapshotStateMap.update(kotlin.jvm.functions.Function1) failed lock verification and will run slower.
05-04 18:37:55.060  8384  8384 W m.westlake.host: Method boolean androidx.compose.runtime.snapshots.SnapshotStateMap.removeIf$runtime_release(kotlin.jvm.functions.Function1) failed lock verification and will run slower.
05-04 18:37:55.438  3704  3747 W HidlServiceManagement: Waited one second for vendor.qti.hardware.cacert@1.0::IService/default
05-04 18:37:55.438   660   660 I hwservicemanager: Since vendor.qti.hardware.cacert@1.0::IService/default is not registered, trying to start it as a lazy HAL (if it's not configured to be a lazy HAL, it may be stuck starting or still starting).
05-04 18:37:55.439  3704  3747 I HidlServiceManagement: getService: Trying again for vendor.qti.hardware.cacert@1.0::IService/default...
05-04 18:37:55.440   660  8407 W libc    : Unable to set property "ctl.interface_start" to "vendor.qti.hardware.cacert@1.0::IService/default": PROP_ERROR_HANDLE_CONTROL_MESSAGE (0x20)
05-04 18:37:55.440   660  8407 I hwservicemanager: Tried to start vendor.qti.hardware.cacert@1.0::IService/default as a lazy service, but was unable to. Usually this happens when a service is not installed, but if the service is intended to be used as a lazy service, then it may be configured incorrectly.
05-04 18:37:55.354     0     0 E init    : Control message: Could not find 'vendor.qti.hardware.cacert@1.0::IService/default' for ctl.interface_start from pid: 660 (/system/system_ext/bin/hwservicemanager)
05-04 18:37:55.482  8384  8384 I WestlakeVM: DisplayListFrameView 480x800 for com.github.ashutoshgngwr.noice
05-04 18:37:55.501  8384  8384 I WestlakeVM: startPipeReader: pipe=false holder=true thread=null
05-04 18:37:55.556   307  4369 D CoreBackPreview: Window{5c5a3e8 u0 com.westlake.host/com.westlake.host.WestlakeActivity}: Setting back callback OnBackInvokedCallbackInfo{mCallback=android.window.IOnBackInvokedCallback$Stub$Proxy@8676ae7, mPriority=0, mIsAnimationCallback=false, mOverrideBehavior=0}
05-04 18:37:55.680  8384  8403 I AdrenoGLES-0: QUALCOMM build                   : 8e5405b, I57aaec3440
05-04 18:37:55.680  8384  8403 I AdrenoGLES-0: Build Date                       : 05/21/21
05-04 18:37:55.680  8384  8403 I AdrenoGLES-0: OpenGL ES Shader Compiler Version: EV031.32.02.10
05-04 18:37:55.680  8384  8403 I AdrenoGLES-0: Local Branch                     : mybranchebba1dbe-451b-f160-ac81-1458d0b52ae8
05-04 18:37:55.680  8384  8403 I AdrenoGLES-0: Remote Branch                    : quic/gfx-adreno.lnx.1.0.r135-rel
05-04 18:37:55.680  8384  8403 I AdrenoGLES-0: Remote Branch                    : NONE
05-04 18:37:55.680  8384  8403 I AdrenoGLES-0: Reconstruct Branch               : NOTHING
05-04 18:37:55.680  8384  8403 I AdrenoGLES-0: Build Config                     : S P 10.0.7 AArch64
05-04 18:37:55.680  8384  8403 I AdrenoGLES-0: Driver Path                      : /vendor/lib64/egl/libGLESv2_adreno.so
05-04 18:37:55.687  8384  8403 I AdrenoGLES-0: PFP: 0x016ee190, ME: 0x00000000
05-04 18:37:55.713  3320  4831 E HWComposer: getSupportedContentTypes: getSupportedContentTypes failed for display 4630946883826275713: UNSUPPORTED (8)
05-04 18:37:55.718   660   660 I hwservicemanager: getTransport: Cannot find entry android.hardware.graphics.mapper@4.0::IMapper/default in either framework or device VINTF manifest.
05-04 18:37:55.718  8384  8408 I Gralloc4: mapper 4.x is not supported
05-04 18:37:55.718   660   660 I hwservicemanager: getTransport: Cannot find entry android.hardware.graphics.mapper@3.0::IMapper/default in either framework or device VINTF manifest.
05-04 18:37:55.719  8384  8408 W Gralloc3: mapper 3.x is not supported
05-04 18:37:55.724  8384  8408 I Gralloc2: Adding additional valid usage bits: 0x8202000
05-04 18:37:55.631     0     0 I servicemanager: Caller(pid=8384,uid=10218,sid=u:r:untrusted_app_27:s0:c218,c256,c512,c768) Could not find android.hardware.graphics.allocator.IAllocator/default in the VINTF manifest. No alternative instances declared in VINTF.
05-04 18:37:55.631     0     0 I binder  : 8384:8408 ioctl 40046210 7a9c06d094 returned -22
05-04 18:37:55.841   307   388 W ziparchive: Unable to open '/data/app/~~Gg0G5CtqAB4V4yzAnUxcxw==/com.westlake.host-3z7eVqF571ZZVn3bfdrfTg==/base.dm': No such file or directory
05-04 18:37:55.843   307   388 I ActivityTaskManager: Displayed com.westlake.host/.WestlakeActivity for user 0: +2s828ms
05-04 18:37:55.865  8384  8396 I HWUI    : Davey! duration=1155ms; Flags=1, FrameTimelineVsyncId=93893818, IntendedVsync=2142106256364283, Vsync=2142106256364283, InputEventId=0, HandleInputStart=2142106267408994, AnimationStart=2142106267420921, PerformTraversalsStart=2142106267434098, DrawStart=2142107301844150, FrameDeadline=2142106273030949, FrameInterval=2142106267353473, FrameStartTime=16693207, SyncQueued=2142107322889775, SyncStart=2142107323078264, IssueDrawCommandsStart=2142107323678525, SwapBuffers=2142107408511650, FrameCompleted=2142107412153994, DequeueBufferDuration=25677, QueueBufferDuration=520573, GpuCompleted=2142107412153994, SwapBuffersCompleted=2142107410107379, DisplayPresentTime=0, CommandSubmissionCompleted=2142107408511650, 
05-04 18:37:55.898  8384  8384 I Choreographer: Skipped 62 frames!  The application may be doing too much work on its main thread.
05-04 18:37:55.898  8384  8414 I WestlakeVM: startWithConfig() called, config=ApkVmConfig(packageName=com.github.ashutoshgngwr.noice, activityName=com.github.ashutoshgngwr.noice.activity.MainActivity, displayName=Noice (ART), apkSourceDir=/data/app/~~R7-vSKxT523z7oA2P8Ynag==/com.github.ashutoshgngwr.noice-D3ESsKFH5h3RNFnLUIp9ig==/base.apk, allowRealFrameworkFallback=false, backendMode=null, extraVmProperties={})
05-04 18:37:55.921   307   656 I ImeTracker: com.westlake.host:a31ed7ad: onRequestHide at ORIGIN_SERVER reason HIDE_UNSPECIFIED_WINDOW fromUser false
05-04 18:37:55.935  8384  8384 D InsetsController: hide(ime(), fromIme=false)
05-04 18:37:55.935  8384  8384 I ImeTracker: com.westlake.host:a31ed7ad: onCancelled at PHASE_CLIENT_ALREADY_HIDDEN
05-04 18:37:55.940  3220  3220 I android.hardware.power-service-qti: Power setMode: 5 to: 0
05-04 18:37:55.945  1230  1230 D BaseDepthController: setSurface:
05-04 18:37:55.945  1230  1230 D BaseDepthController: 	mWaitingOnSurfaceValidity: false
05-04 18:37:55.945  1230  1230 D BaseDepthController: 	mSurface: null
05-04 18:37:55.949  1650 32677 D ForegroundUtils: Foreground UID status:
05-04 18:37:55.949  1650 32677 D ForegroundUtils: UID: 10130 is in foreground: false
05-04 18:37:55.949  1650 32677 D ForegroundUtils: UID: 10152 is in foreground: false
05-04 18:37:55.949  1650 32677 D ForegroundUtils: UID: 10159 is in foreground: true
05-04 18:37:55.949  1650 32677 D ForegroundUtils: UID: 10173 is in foreground: true
05-04 18:37:55.949  1650 32677 D ForegroundUtils: UID: 10190 is in foreground: true
05-04 18:37:55.949  1650 32677 D ForegroundUtils: UID: 10193 is in foreground: false
05-04 18:37:55.949  1650 32677 D ForegroundUtils: UID: 10218 is in foreground: true
05-04 18:37:55.956  1230  1230 D StateManager: goToState - fromState: Normal, toState: Normal, partial trace:
05-04 18:37:55.956  1230  1230 D StateManager: 	at com.android.launcher3.statemanager.StateManager.moveToRestState(StateManager.java:465)
05-04 18:37:55.956  1230  1230 D StateManager: 	at com.android.launcher3.statemanager.StateManager.moveToRestState(StateManager.java:456)
05-04 18:37:55.956  1230  1230 D StateManager: 	at com.android.launcher3.statemanager.StatefulActivity.onStop(StatefulActivity.java:136)
05-04 18:37:55.957  1230  1230 D StatsLog: LAUNCHER_ONSTOP
05-04 18:37:55.962   307  4369 I AppWidgetServiceImpl: setAppWidgetHidden() 0
05-04 18:37:55.973   307   780 D BackgroundInstallControlService: Package event received: 0
05-04 18:37:55.977  3080  3121 I netd    : tetherGetStats() -> {[]} <1.87ms>
05-04 18:37:56.215   960  1004 W WindowOnBackDispatcher: sendCancelIfRunning: isInProgress=false callback=android.view.ViewRootImpl$$ExternalSyntheticLambda13@595127b
05-04 18:37:56.215   307 26097 D CoreBackPreview: Window{2d8c3e9 u0 Splash Screen com.westlake.host EXITING}: Setting back callback null
05-04 18:37:56.217  3220  3220 I android.hardware.power-service-qti: Power setBoost: 0, duration: 0
05-04 18:37:56.265   960  1004 W FrameTracker: Missing SF jank callback for vsyncId: 93893941, CUJ=J<SPLASHSCREEN_EXIT_ANIM>
05-04 18:37:56.265   960  1004 W FrameTracker: Missing SF jank callback for vsyncId: 93893973, CUJ=J<SPLASHSCREEN_EXIT_ANIM>
05-04 18:37:56.265   960  1004 W FrameTracker: Missing SF jank callback for vsyncId: 93893993, CUJ=J<SPLASHSCREEN_EXIT_ANIM>
05-04 18:37:56.265   960  1004 W FrameTracker: Missing SF jank callback for vsyncId: 93894037, CUJ=J<SPLASHSCREEN_EXIT_ANIM>
05-04 18:37:56.265   960  1004 W FrameTracker: Missing SF jank callback for vsyncId: 93894061, CUJ=J<SPLASHSCREEN_EXIT_ANIM>
05-04 18:37:56.265   960  1004 W FrameTracker: Missing SF jank callback for vsyncId: 93894087, CUJ=J<SPLASHSCREEN_EXIT_ANIM>
05-04 18:37:56.265   960  1004 W FrameTracker: Missing SF jank callback for vsyncId: 93894106, CUJ=J<SPLASHSCREEN_EXIT_ANIM>
05-04 18:37:56.265   960  1004 W FrameTracker: Missing SF jank callback for vsyncId: 93894125, CUJ=J<SPLASHSCREEN_EXIT_ANIM>
05-04 18:37:56.265   960  1004 W FrameTracker: Missing SF jank callback for vsyncId: 93894138, CUJ=J<SPLASHSCREEN_EXIT_ANIM>
05-04 18:37:56.265   960  1004 W FrameTracker: Missing SF jank callback for vsyncId: 93894151, CUJ=J<SPLASHSCREEN_EXIT_ANIM>
05-04 18:37:56.265   960  1004 W FrameTracker: Missing SF jank callback for vsyncId: 93894164, CUJ=J<SPLASHSCREEN_EXIT_ANIM>
05-04 18:37:56.265   960  1004 W FrameTracker: Missing SF jank callback for vsyncId: 93894177, CUJ=J<SPLASHSCREEN_EXIT_ANIM>
05-04 18:37:56.265   960  1004 W FrameTracker: Missing SF jank callback for vsyncId: 93894190, CUJ=J<SPLASHSCREEN_EXIT_ANIM>
05-04 18:37:56.265   960  1004 W FrameTracker: Missing SF jank callback for vsyncId: 93894216, CUJ=J<SPLASHSCREEN_EXIT_ANIM>
05-04 18:37:56.265   960  1004 W FrameTracker: Missing SF jank callback for vsyncId: 93894229, CUJ=J<SPLASHSCREEN_EXIT_ANIM>
05-04 18:37:56.265   960  1004 W FrameTracker: Missing SF jank callback for vsyncId: 93894255, CUJ=J<SPLASHSCREEN_EXIT_ANIM>
05-04 18:37:56.265   960  1004 W FrameTracker: Missing SF jank callback for vsyncId: 93894268, CUJ=J<SPLASHSCREEN_EXIT_ANIM>
05-04 18:37:56.275  8384  8418 W InteractionJankMonitor: Initializing without READ_DEVICE_CONFIG permission. enabled=true, interval=1, missedFrameThreshold=3, frameTimeThreshold=64, package=com.westlake.host
05-04 18:37:56.435  8384  8414 I WestlakeVM: App OAT symlinks: 0 files in /data/local/tmp/westlake/oat/arm64
05-04 18:37:56.439  3704  3747 W HidlServiceManagement: Waited one second for vendor.qti.hardware.cacert@1.0::IService/default
05-04 18:37:56.439   660   660 I hwservicemanager: Since vendor.qti.hardware.cacert@1.0::IService/default is not registered, trying to start it as a lazy HAL (if it's not configured to be a lazy HAL, it may be stuck starting or still starting).
05-04 18:37:56.440  3704  3747 I HidlServiceManagement: getService: Trying again for vendor.qti.hardware.cacert@1.0::IService/default...
05-04 18:37:56.441   660  8432 W libc    : Unable to set property "ctl.interface_start" to "vendor.qti.hardware.cacert@1.0::IService/default": PROP_ERROR_HANDLE_CONTROL_MESSAGE (0x20)
05-04 18:37:56.441   660  8432 I hwservicemanager: Tried to start vendor.qti.hardware.cacert@1.0::IService/default as a lazy service, but was unable to. Usually this happens when a service is not installed, but if the service is intended to be used as a lazy service, then it may be configured incorrectly.
05-04 18:37:56.355     0     0 E init    : Control message: Could not find 'vendor.qti.hardware.cacert@1.0::IService/default' for ctl.interface_start from pid: 660 (/system/system_ext/bin/hwservicemanager)
05-04 18:37:57.440  3704  3747 W HidlServiceManagement: Waited one second for vendor.qti.hardware.cacert@1.0::IService/default
05-04 18:37:57.442   660   660 I hwservicemanager: Since vendor.qti.hardware.cacert@1.0::IService/default is not registered, trying to start it as a lazy HAL (if it's not configured to be a lazy HAL, it may be stuck starting or still starting).
05-04 18:37:57.443  3704  3747 I HidlServiceManagement: getService: Trying again for vendor.qti.hardware.cacert@1.0::IService/default...
05-04 18:37:57.448   660  8433 W libc    : Unable to set property "ctl.interface_start" to "vendor.qti.hardware.cacert@1.0::IService/default": PROP_ERROR_HANDLE_CONTROL_MESSAGE (0x20)
05-04 18:37:57.448   660  8433 I hwservicemanager: Tried to start vendor.qti.hardware.cacert@1.0::IService/default as a lazy service, but was unable to. Usually this happens when a service is not installed, but if the service is intended to be used as a lazy service, then it may be configured incorrectly.
05-04 18:37:57.362     0     0 E init    : Control message: Could not find 'vendor.qti.hardware.cacert@1.0::IService/default' for ctl.interface_start from pid: 660 (/system/system_ext/bin/hwservicemanager)
05-04 18:37:57.982  8384  8384 I DefaultDispatch: type=1400 audit(0.0:56342): avc:  denied  { setattr } for  name="westlake-launch.properties" dev="sda17" ino=1973264 scontext=u:r:untrusted_app_27:s0:c218,c256,c512,c768 tcontext=u:object_r:shell_data_file:s0 tclass=file permissive=1 app=com.westlake.host
05-04 18:37:57.992  8434  8434 W DefaultDispatch: type=1400 audit(0.0:56343): avc:  granted  { execute } for  name="dalvikvm" dev="sda17" ino=524812 scontext=u:r:untrusted_app_27:s0:c218,c256,c512,c768 tcontext=u:object_r:app_data_file:s0:c218,c256,c512,c768 tclass=file app=com.westlake.host
05-04 18:37:57.992  8434  8434 W DefaultDispatch: type=1400 audit(0.0:56344): avc:  granted  { execute_no_trans } for  path="/data/user/0/com.westlake.host/files/vm/dalvikvm" dev="sda17" ino=524812 scontext=u:r:untrusted_app_27:s0:c218,c256,c512,c768 tcontext=u:object_r:app_data_file:s0:c218,c256,c512,c768 tclass=file app=com.westlake.host
05-04 18:37:57.992  8434  8434 W dalvikvm: type=1400 audit(0.0:56345): avc:  granted  { execute } for  path="/data/user/0/com.westlake.host/files/vm/dalvikvm" dev="sda17" ino=524812 scontext=u:r:untrusted_app_27:s0:c218,c256,c512,c768 tcontext=u:object_r:app_data_file:s0:c218,c256,c512,c768 tclass=file app=com.westlake.host
05-04 18:37:57.998  8384  8435 I WestlakeVM: HTTP bridge started: /data/user/0/com.westlake.host/files/vm/http_bridge
05-04 18:37:58.002  8384  8437 I WestlakeVM: VM: [dalvikvm] Injected mainThreadStackSize=256MB
05-04 18:37:58.002  8384  8437 I WestlakeVM: VM: [dalvikvm] Captured -classpath=/data/local/tmp/westlake/com_github_ashutoshgngwr_noice_classes.dex:/data/local/tmp/westlake/com_github_ashutoshgngwr_noice.apk
05-04 18:37:58.002  8384  8437 I WestlakeVM: VM: [RT-DBG] Locks::Init done, calling InitLogging
05-04 18:37:58.002  8384  8437 I WestlakeVM: VM: [RT-DBG] InitLogging done, calling ParsedOptions::Parse
05-04 18:37:58.003  8384  8436 I WestlakeVM: startPipeReader: pipe=true holder=true thread=null
05-04 18:37:58.004  8384  8439 I WestlakeVM: PIPE READER: started, holder=com.westlake.host.DisplayListFrameView{a087ce5 V.ED..... ........ 0,0-1080,1800}
05-04 18:37:58.007  8384  8437 I WestlakeVM: VM: nullptr I 05-05 05:37:58  8434  8438 parsed_options.cc:701] setting boot class path to /data/local/tmp/westlake/core-oj.jar:/data/local/tmp/westlake/core-libart.jar:/data/local/tmp/westlake/core-icu4j.jar:/data/local/tmp/westlake/bouncycastle.jar:/data/local/tmp/westlake/aosp-shim.dex
05-04 18:37:58.007  8384  8437 I WestlakeVM: VM: nullptr I 05-05 05:37:58  8434  8438 heap.cc:440] Using CollectorType(2) GC.
05-04 18:37:58.007  8384  8437 I WestlakeVM: VM: [IMG] LoadBootImage entered, image_locations=0
05-04 18:37:58.011  8384  8414 I WestlakeVM: Pipe reader started, syncing to DLST magic...
05-04 18:37:58.049  8384  8437 I WestlakeVM: VM: [PFCUT] Standalone runtime forcing JIT/profiling off
05-04 18:37:58.049  8384  8437 I WestlakeVM: VM: nullptr W 05-05 05:37:58  8434  8438 fault_handler.cc:131] FaultHandler: MEMBARRIER_CMD_REGISTER_PRIVATE_EXPEDITED failed: 38 Function not implemented
05-04 18:37:58.051  8384  8437 I WestlakeVM: VM: nullptr W 05-05 05:37:58  8434  8438 dex_file_loader.cc:536] Can't mmap dex file /data/local/tmp/westlake/core-icu4j.jar!classes.dex directly; please zipalign to 4 bytes. Falling back to extracting file.
05-04 18:37:58.062  8384  8437 I WestlakeVM: VM: nullptr W 05-05 05:37:58  8434  8438 class_linker.cc:875] CheckSystemClass: Class mismatch for Ljava/lang/String; (continuing for standalone dex2oat)
05-04 18:37:58.063  8384  8437 I WestlakeVM: VM: nullptr W 05-05 05:37:58  8434  8438 class_linker.cc:878]   c1 (pre-allocated) ptr=0x10cc780 objectSize=0 classSize=784 status=1 numVTable=81 numMethods=0 numSFields=0 numIFields=0
05-04 18:37:58.063  8384  8437 I WestlakeVM: VM: nullptr W 05-05 05:37:58  8434  8438 class_linker.cc:887]   c2 (from DEX)      ptr=0x1400b800 objectSize=0 classSize=808 status=7 numVTable=-1 numMethods=131 numSFields=7 numIFields=2
05-04 18:37:58.063  8384  8437 I WestlakeVM: VM: nullptr W 05-05 05:37:58  8434  8438 class_linker.cc:903]   String root = c2 (0x1400b800, 131 methods)
05-04 18:37:58.066  8384  8437 I WestlakeVM: VM: [RT] Runtime::Start() ENTERED
05-04 18:37:58.066  8384  8437 I WestlakeVM: VM: [RT] Standalone class path open: /data/local/tmp/westlake/com_github_ashutoshgngwr_noice_classes.dex (1 dex)
05-04 18:37:58.129  8384  8437 I WestlakeVM: VM: [RT] Standalone class path open: /data/local/tmp/westlake/com_github_ashutoshgngwr_noice.apk (1 dex)
05-04 18:37:58.129  8384  8437 I WestlakeVM: VM: [RT] Standalone class path ready: 2 dex files
05-04 18:37:58.130  8384  8437 I WestlakeVM: VM: [RT]   TRY_REGISTER(register_java_lang_Throwable) ...
05-04 18:37:58.130  8384  8437 I WestlakeVM: VM: [RT]   TRY_REGISTER(register_java_lang_Throwable) done
05-04 18:37:58.130  8384  8437 I WestlakeVM: VM: [RT]   TRY_REGISTER(register_dalvik_system_DexFile) ...
05-04 18:37:58.130  8384  8437 I WestlakeVM: VM: [RT]   TRY_REGISTER(register_dalvik_system_DexFile) done
05-04 18:37:58.130  8384  8437 I WestlakeVM: VM: [RT]   TRY_REGISTER(register_dalvik_system_BaseDexClassLoader) ...
05-04 18:37:58.130  8384  8437 I WestlakeVM: VM: [RT]   TRY_REGISTER(register_dalvik_system_BaseDexClassLoader) done
05-04 18:37:58.130  8384  8437 I WestlakeVM: VM: [RT]   TRY_REGISTER(register_dalvik_system_VMDebug) ...
05-04 18:37:58.130  8384  8437 I WestlakeVM: VM: [RT]   TRY_REGISTER(register_dalvik_system_VMDebug) done
05-04 18:37:58.131  8384  8437 I WestlakeVM: VM: [RT]   TRY_REGISTER(real_register_dalvik_system_VMRuntime) ...
05-04 18:37:58.131  8384  8437 I WestlakeVM: VM: [jni] Skipping missing native method: getFullGcCount()J
05-04 18:37:58.131  8384  8437 I WestlakeVM: VM: [jni] Skipping missing native method: getFullGcCount()J
05-04 18:37:58.131  8384  8437 I WestlakeVM: VM: nullptr W 05-05 05:37:58  8434  8438 tolerant_native_util.h:41] RegisterNatives: skipping dalvik/system/VMRuntime.getFullGcCount()J (not in JAR)
05-04 18:37:58.131  8384  8437 I WestlakeVM: VM: nullptr I 05-05 05:37:58  8434  8438 tolerant_native_util.h:47] RegisterNatives: dalvik/system/VMRuntime: 48/49 methods registered
05-04 18:37:58.131  8384  8437 I WestlakeVM: VM: [RT]   TRY_REGISTER(real_register_dalvik_system_VMRuntime) done
05-04 18:37:58.131  8384  8437 I WestlakeVM: VM: [RT]   TRY_REGISTER(register_dalvik_system_VMStack) ...
05-04 18:37:58.131  8384  8437 I WestlakeVM: VM: [RT]   TRY_REGISTER(register_dalvik_system_VMStack) done
05-04 18:37:58.132  8384  8437 I WestlakeVM: VM: [RT]   TRY_REGISTER(register_dalvik_system_ZygoteHooks) ...
05-04 18:37:58.132  8384  8437 I WestlakeVM: VM: [RT]   TRY_REGISTER(register_dalvik_system_ZygoteHooks) done
05-04 18:37:58.132  8384  8437 I WestlakeVM: VM: [RT]   TRY_REGISTER(register_java_lang_Class) ...
