05-04 18:37:58.555  8384  8437 I WestlakeVM: VM: [PFCUT] InterpreterJni jdk.Unsafe CAS long target=0x1407b3c0 offset=40 current=3 expected=3 new=4 success=1
05-04 18:37:58.555  8384  8437 I WestlakeVM: VM: [PFCUT] System.arraycopy intrinsic src=[B dst=[B srcPos=0 dstPos=0 count=16
05-04 18:37:58.556  8384  8437 I WestlakeVM: VM: [PFCUT] System.arraycopy intrinsic src=[B dst=[B srcPos=0 dstPos=0 count=34
05-04 18:37:58.557  8384  8437 I WestlakeVM: VM: [PFCUT] InterpreterJni jdk.Unsafe CAS ref target=0x14084290 offset=16 current=0 expected=0 new=0x14080628 success=1 array_index=1
05-04 18:37:58.557  8384  8437 I WestlakeVM: VM: [PFCUT] InterpreterJni jdk.Unsafe CAS long target=0x1407b3c0 offset=40 current=4 expected=4 new=5 success=1
05-04 18:37:58.557  8384  8437 I WestlakeVM: VM: [PFCUT] System.arraycopy intrinsic src=[B dst=[B srcPos=0 dstPos=0 count=16
05-04 18:37:58.557  8384  8437 I WestlakeVM: VM: [PFCUT] System.arraycopy intrinsic src=[B dst=[B srcPos=0 dstPos=0 count=34
05-04 18:37:58.558  8384  8437 I WestlakeVM: VM: [PFCUT] InterpreterJni jdk.Unsafe CAS ref target=0x14084290 offset=44 current=0 expected=0 new=0x14080670 success=1 array_index=8
05-04 18:37:58.559  8384  8437 I WestlakeVM: VM: [PFCUT] InterpreterJni jdk.Unsafe CAS long target=0x1407b3c0 offset=40 current=5 expected=5 new=6 success=1
05-04 18:37:58.559  8384  8437 I WestlakeVM: VM: [PFCUT] System.arraycopy intrinsic src=[B dst=[B srcPos=0 dstPos=0 count=16
05-04 18:37:58.559  8384  8437 I WestlakeVM: VM: [PFCUT] System.arraycopy intrinsic src=[B dst=[B srcPos=0 dstPos=0 count=34
05-04 18:37:58.560  8384  8437 I WestlakeVM: VM: [PFCUT] InterpreterJni jdk.Unsafe CAS long target=0x1407b3c0 offset=40 current=6 expected=6 new=7 success=1
05-04 18:37:58.560  8384  8437 I WestlakeVM: VM: [PFCUT] System.arraycopy intrinsic src=[B dst=[B srcPos=0 dstPos=0 count=16
05-04 18:37:58.561  8384  8437 I WestlakeVM: VM: [PFCUT] System.arraycopy intrinsic src=[B dst=[B srcPos=0 dstPos=0 count=34
05-04 18:37:58.562  8384  8437 I WestlakeVM: VM: [PFCUT] InterpreterJni jdk.Unsafe CAS long target=0x1407b3c0 offset=40 current=7 expected=7 new=8 success=1
05-04 18:37:58.562  8384  8437 I WestlakeVM: VM: [PFCUT] System.arraycopy intrinsic src=[B dst=[B srcPos=0 dstPos=0 count=16
05-04 18:37:58.562  8384  8437 I WestlakeVM: VM: [PFCUT] System.arraycopy intrinsic src=[B dst=[B srcPos=0 dstPos=0 count=34
05-04 18:37:58.563  8384  8437 I WestlakeVM: VM: [PFCUT] InterpreterJni jdk.Unsafe CAS ref target=0x14084290 offset=48 current=0 expected=0 new=0x14080718 success=1 array_index=9
05-04 18:37:58.564  8384  8437 I WestlakeVM: VM: [PFCUT] InterpreterJni jdk.Unsafe CAS long target=0x1407b3c0 offset=40 current=8 expected=8 new=9 success=1
05-04 18:37:58.564  8384  8437 I WestlakeVM: VM: [PFCUT] System.arraycopy intrinsic src=[B dst=[B srcPos=0 dstPos=0 count=16
05-04 18:37:58.564  8384  8437 I WestlakeVM: VM: [PFCUT] System.arraycopy intrinsic src=[B dst=[B srcPos=0 dstPos=0 count=34
05-04 18:37:58.565  8384  8437 I WestlakeVM: VM: [PFCUT] InterpreterJni jdk.Unsafe CAS ref target=0x14084290 offset=12 current=0 expected=0 new=0x14080748 success=1 array_index=0
05-04 18:37:58.565  8384  8437 I WestlakeVM: VM: [PFCUT] InterpreterJni jdk.Unsafe CAS long target=0x1407b3c0 offset=40 current=9 expected=9 new=10 success=1
05-04 18:37:58.566  8384  8437 I WestlakeVM: VM: [PFCUT] Class.newInstance intrinsic class=java.lang.Class<sun.security.provider.CertPathProvider> ctor=void sun.security.provider.CertPathProvider.<init>()
05-04 18:37:58.566  8384  8437 I WestlakeVM: VM: [PFCUT] Throwable.nativeFillInStackTrace noop
05-04 18:37:58.566  8384  8437 I WestlakeVM: VM: nullptr W 05-05 05:37:58  8434  8440 class_linker.cc:6687] Tolerating clinit failure for Lsun/security/jca/Providers;: java.lang.ArrayStoreException: java.lang.String cannot be stored in an array of type java.lang.String[]
05-04 18:37:58.566  8384  8437 I WestlakeVM: VM: nullptr W 05-05 05:37:58  8434  8440 class_linker.cc:6687] (Throwable with no stack trace)
05-04 18:37:58.566  8384  8437 I WestlakeVM: VM: nullptr W 05-05 05:37:58  8434  8440 class_linker.cc:6687] 
05-04 18:37:58.568  8384  8437 I WestlakeVM: VM: [PFCUT] System.arraycopy intrinsic src=[Lsun/security/jca/ProviderConfig; dst=[Ljava/lang/Object; srcPos=0 dstPos=0 count=2
05-04 18:37:58.569  8384  8437 I WestlakeVM: VM: [PFCUT] System.arraycopy intrinsic src=[Ljava/lang/Object; dst=[Ljava/lang/Object; srcPos=0 dstPos=0 count=2
05-04 18:37:58.569  8384  8437 I WestlakeVM: VM: [PFCUT] System.arraycopy intrinsic src=[Ljava/lang/Object; dst=[Ljava/lang/Object; srcPos=0 dstPos=1 count=2
05-04 18:37:58.569  8384  8437 I WestlakeVM: VM: [PFCUT] System.arraycopy intrinsic src=[Ljava/lang/Object; dst=[Lsun/security/jca/ProviderConfig; srcPos=0 dstPos=0 count=3
05-04 18:37:58.569  8384  8437 I WestlakeVM: VM: [PFCUT] AtomicInteger.incrementAndGet intrinsic current=0
05-04 18:37:58.571  8384  8437 I WestlakeVM: VM: [PFCUT] System.arraycopy intrinsic src=[B dst=[B srcPos=0 dstPos=0 count=16
05-04 18:37:58.572  8384  8437 I WestlakeVM: VM: [PFCUT] InterpreterJni jdk.Unsafe CAS int target=0x1407b100 offset=52 current=0 expected=0 new=-1 success=1
05-04 18:37:58.572  8384  8437 I WestlakeVM: VM: [PFCUT] InterpreterJni jdk.Unsafe CAS ref target=0x14084330 offset=60 current=0 expected=0 new=0x14080838 success=1 array_index=12
05-04 18:37:58.572  8384  8437 I WestlakeVM: VM: [PFCUT] InterpreterJni jdk.Unsafe CAS long target=0x1407b100 offset=40 current=0 expected=0 new=1 success=1
05-04 18:37:58.578  8384  8437 I WestlakeVM: VM: [PFCUT] Throwable.nativeFillInStackTrace noop
05-04 18:37:58.579  8384  8437 I WestlakeVM: VM: [PFCUT] System.arraycopy intrinsic src=[B dst=[B srcPos=0 dstPos=0 count=16
05-04 18:37:58.584  8384  8437 I WestlakeVM: VM: [PFCUT] System.arraycopy intrinsic src=[B dst=[B srcPos=0 dstPos=0 count=34
05-04 18:37:58.596  8384  8437 I WestlakeVM: VM: [PFCUT] System.arraycopy intrinsic src=[B dst=[B srcPos=0 dstPos=0 count=70
05-04 18:37:58.597  8384  8437 I WestlakeVM: VM: WESTLAKE_SECURITY_SHA256_FAIL err=java.lang.ArrayStoreException msg=java.lang.String_cannot_be_stored_in_an_array_of_type_java.lang.String__
05-04 18:37:58.598  8384  8437 I WestlakeVM: VM: Hidden API exemption step skipped on standalone guest
05-04 18:37:58.598  8384  8437 I WestlakeVM: VM: Real runtime probe skipped on standalone guest
05-04 18:37:58.598  8384  8437 I WestlakeVM: VM: Framework stubs pre-registered by runtime
05-04 18:37:58.599  8384  8437 I WestlakeVM: VM: [dalvikvm] prime cutoff canary launch
05-04 18:37:58.612  8384  8437 I WestlakeVM: VM: [PFCUT] System.arraycopy intrinsic src=[B dst=[B srcPos=0 dstPos=0 count=16
05-04 18:37:58.613  8384  8437 I WestlakeVM: VM: [PFCUT] System.arraycopy intrinsic src=[B dst=[B srcPos=0 dstPos=0 count=34
05-04 18:37:58.613  8384  8437 I WestlakeVM: VM: [PFCUT] System.arraycopy intrinsic src=[B dst=[B srcPos=0 dstPos=0 count=70
05-04 18:37:58.614  8384  8437 I WestlakeVM: VM: System.log(E): Ignoring attempt to set property "westlake.apk.path" to value "/data/local/tmp/westlake/com_github_ashutoshgngwr_noice.apk".
05-04 18:37:58.617  8384  8437 I WestlakeVM: VM: [PFCUT] System.arraycopy intrinsic src=[B dst=[B srcPos=0 dstPos=0 count=16
05-04 18:37:58.617  8384  8437 I WestlakeVM: VM: [PFCUT] System.arraycopy intrinsic src=[B dst=[B srcPos=0 dstPos=0 count=34
05-04 18:37:58.618  8384  8437 I WestlakeVM: VM: [PFCUT] System.arraycopy intrinsic src=[B dst=[B srcPos=0 dstPos=0 count=70
05-04 18:37:58.619  8384  8437 I WestlakeVM: VM: System.log(E): Ignoring attempt to set property "westlake.apk.resdir" to value "/data/local/tmp/westlake/com_github_ashutoshgngwr_noice_res".
05-04 18:37:58.621  8384  8437 I WestlakeVM: VM: [PFCUT] Class.getDeclaredField intrinsic hit class=java.lang.ClassLoader name=packages
05-04 18:37:58.621  8384  8437 I WestlakeVM: VM: [PFCUT] System.arraycopy intrinsic src=[B dst=[B srcPos=0 dstPos=0 count=16
05-04 18:37:58.622  8384  8437 I WestlakeVM: VM: [PFCUT] System.arraycopy intrinsic src=[B dst=[B srcPos=0 dstPos=0 count=53
05-04 18:37:58.622  8384  8437 I WestlakeVM: VM: [WestlakeLauncher] Repaired ClassLoader packages for dalvik.system.PathClassLoader
05-04 18:37:58.622  8384  8437 I WestlakeVM: VM: [PFCUT] Class.getDeclaredField intrinsic hit class=java.lang.ClassLoader name=packages
05-04 18:37:58.623  8384  8437 I WestlakeVM: VM: [PFCUT] System.arraycopy intrinsic src=[B dst=[B srcPos=0 dstPos=0 count=16
05-04 18:37:58.623  8384  8437 I WestlakeVM: VM: [PFCUT] System.arraycopy intrinsic src=[B dst=[B srcPos=0 dstPos=0 count=53
05-04 18:37:58.623  8384  8437 I WestlakeVM: VM: [WestlakeLauncher] Repaired ClassLoader packages for java.lang.BootClassLoader
05-04 18:37:58.626  8384  8437 I WestlakeVM: VM: Starting on OHOS + ART ...
05-04 18:37:58.626  8384  8437 I WestlakeVM: VM: APK:
05-04 18:37:58.626  8384  8437 I WestlakeVM: VM: /data/local/tmp/westlake/com_github_ashutoshgngwr_noice.apk
05-04 18:37:58.626  8384  8437 I WestlakeVM: VM: Activity:
05-04 18:37:58.626  8384  8437 I WestlakeVM: VM: com.github.ashutoshgngwr.noice.activity.MainActivity
05-04 18:37:58.626  8384  8437 I WestlakeVM: VM: Package:
05-04 18:37:58.626  8384  8437 I WestlakeVM: VM: com.github.ashutoshgngwr.noice
05-04 18:37:58.627  8384  8437 I WestlakeVM: VM: Backend mode:
05-04 18:37:58.627  8384  8437 I WestlakeVM: VM: target_ohos_backend
05-04 18:37:58.627  8384  8437 I WestlakeVM: VM: Framework policy:
05-04 18:37:58.627  8384  8437 I WestlakeVM: VM: westlake_only
05-04 18:37:58.627  8384  8437 I WestlakeVM: VM: Real context bootstrap skipped on standalone guest
05-04 18:37:58.833  8384  8437 I WestlakeVM: VM: [PFCUT] System.arraycopy intrinsic src=[B dst=[B srcPos=0 dstPos=0 count=16
05-04 18:37:58.833  8384  8437 I WestlakeVM: VM: [PFCUT] System.arraycopy intrinsic src=[B dst=[B srcPos=0 dstPos=0 count=57
05-04 18:37:58.834  8384  8437 I WestlakeVM: VM: Manifest: com.github.ashutoshgngwr.noice.NoiceApplication (8 activities, 1 providers)
05-04 18:37:58.835  8384  8437 I WestlakeVM: VM: OHBridge bootstrap deferred on standalone guest
05-04 18:37:58.835  8384  8437 I WestlakeVM: VM: Aux native loads deferred on standalone guest
05-04 18:37:58.835  8384  8437 I WestlakeVM: VM: Bootstrap prop refresh deferred on standalone guest
05-04 18:37:58.835  8384  8437 I WestlakeVM: VM: MiniServer init begin
05-04 18:37:58.839  8384  8437 I WestlakeVM: VM: MiniServer init returned
05-04 18:37:58.839  8384  8437 I WestlakeVM: VM: MiniServer activityManager ready
05-04 18:37:58.839  8384  8437 I WestlakeVM: VM: MiniServer initialized
05-04 18:37:58.840  8384  8437 I WestlakeVM: VM: [PFCUT] System.arraycopy intrinsic src=[B dst=[B srcPos=0 dstPos=0 count=16
05-04 18:37:58.843  8384  8437 I WestlakeVM: VM: [PFCUT] System.arraycopy intrinsic src=[B dst=[B srcPos=0 dstPos=0 count=46
05-04 18:37:58.843  8384  8437 I WestlakeVM: VM: [WestlakeLauncher] Application from manifest: com.github.ashutoshgngwr.noice.NoiceApplication
05-04 18:37:58.844  8384  8437 I WestlakeVM: VM: [PFCUT] Class.getDeclaredField intrinsic hit class=java.lang.ClassLoader name=packages
05-04 18:37:58.844  8384  8437 I WestlakeVM: VM: [PFCUT] Class.getDeclaredField intrinsic hit class=java.lang.ClassLoader name=packages
05-04 18:37:58.846  8384  8437 I WestlakeVM: VM: [PFCUT] InterpreterJni jdk.Unsafe CAS ref target=0x14055380 offset=32 current=0 expected=0 new=0x140993d0 success=1 array_index=5
05-04 18:37:58.847  8384  8437 I WestlakeVM: VM: [PFCUT] InterpreterJni jdk.Unsafe CAS long target=0x140542c0 offset=40 current=2 expected=2 new=3 success=1
05-04 18:37:58.847  8384  8437 I WestlakeVM: VM: [PFCUT] InterpreterJni jdk.Unsafe CAS long target=0x140542c0 offset=40 current=3 expected=3 new=4 success=1
05-04 18:37:58.849  8384  8437 I WestlakeVM: VM: [PFCUT] InterpreterJni jdk.Unsafe CAS ref target=0x14055380 offset=12 current=0 expected=0 new=0x14099418 success=1 array_index=0
05-04 18:37:58.849  8384  8437 I WestlakeVM: VM: [PFCUT] InterpreterJni jdk.Unsafe CAS long target=0x140542c0 offset=40 current=4 expected=4 new=5 success=1
05-04 18:37:58.849  8384  8437 I WestlakeVM: VM: [PFCUT] System.arraycopy intrinsic src=[B dst=[B srcPos=0 dstPos=0 count=16
05-04 18:37:58.850  8384  8437 I WestlakeVM: VM: [PFCUT] System.arraycopy intrinsic src=[B dst=[B srcPos=0 dstPos=0 count=34
05-04 18:37:58.854  8384  8437 I WestlakeVM: VM: [PFCUT] InterpreterJni jdk.Unsafe CAS ref target=0x14055380 offset=16 current=0 expected=0 new=0x140994d8 success=1 array_index=1
05-04 18:37:58.854  8384  8437 I WestlakeVM: VM: [PFCUT] InterpreterJni jdk.Unsafe CAS long target=0x140542c0 offset=40 current=5 expected=5 new=6 success=1
05-04 18:37:58.855  8384  8437 I WestlakeVM: VM: [PFCUT] Throwable.nativeFillInStackTrace noop
05-04 18:37:58.855  8384  8437 I WestlakeVM: VM: [PFCUT] Throwable.nativeFillInStackTrace noop
05-04 18:37:58.855  8384  8437 I WestlakeVM: VM: [PFCUT] Throwable.nativeFillInStackTrace noop
05-04 18:37:58.856  8384  8437 I WestlakeVM: VM: [PFCUT] Throwable.nativeFillInStackTrace noop
05-04 18:37:58.856  8384  8437 I WestlakeVM: VM: [PFCUT] Throwable.nativeFillInStackTrace noop
05-04 18:37:58.857  8384  8437 I WestlakeVM: VM: [WestlakeLauncher] Coroutine runtime seed failed: java.lang.ArrayStoreException
05-04 18:37:58.872  8384  8437 I WestlakeVM: VM: [PFCUT] Throwable.nativeFillInStackTrace noop
05-04 18:37:58.873  8384  8437 I WestlakeVM: VM: [WestlakeLauncher] Application error (caught): java.lang.ArrayStoreException
05-04 18:37:58.874  8384  8437 I WestlakeVM: VM: Post-init launch path refresh deferred on standalone guest
05-04 18:37:58.874  8384  8437 I WestlakeVM: VM: Launch props resolved on standalone guest
05-04 18:37:58.874  8384  8437 I WestlakeVM: VM: Launch snapshot ready on standalone guest
05-04 18:37:58.874  8384  8437 I WestlakeVM: VM: PF202 strict launch assignments ready
05-04 18:37:58.874  8384  8437 I WestlakeVM: VM: PF202 strict package block ready
05-04 18:37:58.875  8384  8437 I WestlakeVM: VM: PF202 strict resource block begin
05-04 18:37:58.875  8384  8437 I WestlakeVM: VM: PF202 strict pre-extracted loader enter
05-04 18:37:58.876  8384  8437 I WestlakeVM: VM: PF202 ApkLoader enter
05-04 18:37:58.877  8384  8437 I WestlakeVM: VM: PF202 ApkLoader info seeded
05-04 18:37:58.881  8384  8437 I WestlakeVM: VM: CV PF-MCD-RES_TABLE_READ_BEGIN path=/data/local/tmp/westlake/com_github_ashutoshgngwr_noice_res/resources.arsc
05-04 18:37:58.894  8384  8437 I WestlakeVM: VM: CV PF-MCD-RES_TABLE_READ_DONE bytes=2019644
05-04 18:37:58.894  8384  8437 I WestlakeVM: VM: CV PF-MCD-RES_TABLE_PARSE_BEGIN
05-04 18:37:59.446  3704  3747 W HidlServiceManagement: Waited one second for vendor.qti.hardware.cacert@1.0::IService/default
05-04 18:37:59.449   660   660 I hwservicemanager: Since vendor.qti.hardware.cacert@1.0::IService/default is not registered, trying to start it as a lazy HAL (if it's not configured to be a lazy HAL, it may be stuck starting or still starting).
05-04 18:37:59.450  3704  3747 I HidlServiceManagement: getService: Trying again for vendor.qti.hardware.cacert@1.0::IService/default...
05-04 18:37:59.453   660  8442 W libc    : Unable to set property "ctl.interface_start" to "vendor.qti.hardware.cacert@1.0::IService/default": PROP_ERROR_HANDLE_CONTROL_MESSAGE (0x20)
05-04 18:37:59.453   660  8442 I hwservicemanager: Tried to start vendor.qti.hardware.cacert@1.0::IService/default as a lazy service, but was unable to. Usually this happens when a service is not installed, but if the service is intended to be used as a lazy service, then it may be configured incorrectly.
05-04 18:37:59.366     0     0 E init    : Control message: Could not find 'vendor.qti.hardware.cacert@1.0::IService/default' for ctl.interface_start from pid: 660 (/system/system_ext/bin/hwservicemanager)
05-04 18:38:00.158  8384  8443 D ProfileInstaller: Installing profile for com.westlake.host
05-04 18:38:00.450  3704  3747 W HidlServiceManagement: Waited one second for vendor.qti.hardware.cacert@1.0::IService/default
05-04 18:38:00.452   660   660 I hwservicemanager: Since vendor.qti.hardware.cacert@1.0::IService/default is not registered, trying to start it as a lazy HAL (if it's not configured to be a lazy HAL, it may be stuck starting or still starting).
05-04 18:38:00.453  3704  3747 I HidlServiceManagement: getService: Trying again for vendor.qti.hardware.cacert@1.0::IService/default...
05-04 18:38:00.456   660  8444 W libc    : Unable to set property "ctl.interface_start" to "vendor.qti.hardware.cacert@1.0::IService/default": PROP_ERROR_HANDLE_CONTROL_MESSAGE (0x20)
05-04 18:38:00.456   660  8444 I hwservicemanager: Tried to start vendor.qti.hardware.cacert@1.0::IService/default as a lazy service, but was unable to. Usually this happens when a service is not installed, but if the service is intended to be used as a lazy service, then it may be configured incorrectly.
05-04 18:38:00.369     0     0 E init    : Control message: Could not find 'vendor.qti.hardware.cacert@1.0::IService/default' for ctl.interface_start from pid: 660 (/system/system_ext/bin/hwservicemanager)
05-04 18:38:00.827     0     0 I QCOM-BATT: pl_fcc_vote_callback: total_fcc_ua=1950000
05-04 18:38:00.827     0     0 I QCOM-BATT: pl_fv_vote_callback: fv_uv=4400000
05-04 18:38:01.186     0     0 E FG      : fg_psy_get_property: unsupported property 79
05-04 18:38:01.280   703  8344 I keystore2: system/security/keystore2/watchdog/src/lib.rs:356 - Watchdog thread idle -> terminating. Have a great day.
05-04 18:38:01.193     0     0 E FG      : fg_psy_get_property: unsupported property 79
05-04 18:38:01.290  1126  1126 D QtiCarrierConfigHelper: WARNING, no carrier configs on phone Id: 0
05-04 18:38:01.199     0     0 W healthd : battery l=100 v=3049 t=24.6 h=2 st=5 c=0 fc=2831000 chg=u
05-04 18:38:01.296   960  1373 D PowerUI : can't show warning due to - plugged: true status unknown: false
05-04 18:38:01.214     0     0 E FG      : fg_psy_get_property: unsupported property 79
05-04 18:38:01.453  3704  3747 W HidlServiceManagement: Waited one second for vendor.qti.hardware.cacert@1.0::IService/default
05-04 18:38:01.454   660   660 I hwservicemanager: Since vendor.qti.hardware.cacert@1.0::IService/default is not registered, trying to start it as a lazy HAL (if it's not configured to be a lazy HAL, it may be stuck starting or still starting).
05-04 18:38:01.456  3704  3747 I HidlServiceManagement: getService: Trying again for vendor.qti.hardware.cacert@1.0::IService/default...
05-04 18:38:01.458   660  8446 W libc    : Unable to set property "ctl.interface_start" to "vendor.qti.hardware.cacert@1.0::IService/default": PROP_ERROR_HANDLE_CONTROL_MESSAGE (0x20)
05-04 18:38:01.458   660  8446 I hwservicemanager: Tried to start vendor.qti.hardware.cacert@1.0::IService/default as a lazy service, but was unable to. Usually this happens when a service is not installed, but if the service is intended to be used as a lazy service, then it may be configured incorrectly.
05-04 18:38:01.371     0     0 E init    : Control message: Could not find 'vendor.qti.hardware.cacert@1.0::IService/default' for ctl.interface_start from pid: 660 (/system/system_ext/bin/hwservicemanager)
05-04 18:38:02.456  3704  3747 W HidlServiceManagement: Waited one second for vendor.qti.hardware.cacert@1.0::IService/default
05-04 18:38:02.459   660   660 I hwservicemanager: Since vendor.qti.hardware.cacert@1.0::IService/default is not registered, trying to start it as a lazy HAL (if it's not configured to be a lazy HAL, it may be stuck starting or still starting).
05-04 18:38:02.461  3704  3747 I HidlServiceManagement: getService: Trying again for vendor.qti.hardware.cacert@1.0::IService/default...
05-04 18:38:02.378     0     0 E init    : Control message: Could not find 'vendor.qti.hardware.cacert@1.0::IService/default' for ctl.interface_start from pid: 660 (/system/system_ext/bin/hwservicemanager)
05-04 18:38:02.465   660  8447 W libc    : Unable to set property "ctl.interface_start" to "vendor.qti.hardware.cacert@1.0::IService/default": PROP_ERROR_HANDLE_CONTROL_MESSAGE (0x20)
05-04 18:38:02.465   660  8447 I hwservicemanager: Tried to start vendor.qti.hardware.cacert@1.0::IService/default as a lazy service, but was unable to. Usually this happens when a service is not installed, but if the service is intended to be used as a lazy service, then it may be configured incorrectly.
05-04 18:38:03.461  3704  3747 W HidlServiceManagement: Waited one second for vendor.qti.hardware.cacert@1.0::IService/default
05-04 18:38:03.462   660   660 I hwservicemanager: Since vendor.qti.hardware.cacert@1.0::IService/default is not registered, trying to start it as a lazy HAL (if it's not configured to be a lazy HAL, it may be stuck starting or still starting).
05-04 18:38:03.463  3704  3747 I HidlServiceManagement: getService: Trying again for vendor.qti.hardware.cacert@1.0::IService/default...
05-04 18:38:03.466   660  8448 W libc    : Unable to set property "ctl.interface_start" to "vendor.qti.hardware.cacert@1.0::IService/default": PROP_ERROR_HANDLE_CONTROL_MESSAGE (0x20)
05-04 18:38:03.466   660  8448 I hwservicemanager: Tried to start vendor.qti.hardware.cacert@1.0::IService/default as a lazy service, but was unable to. Usually this happens when a service is not installed, but if the service is intended to be used as a lazy service, then it may be configured incorrectly.
05-04 18:38:03.379     0     0 E init    : Control message: Could not find 'vendor.qti.hardware.cacert@1.0::IService/default' for ctl.interface_start from pid: 660 (/system/system_ext/bin/hwservicemanager)
05-04 18:38:04.349  8384  8391 I m.westlake.host: Background concurrent copying GC freed 15MB AllocSpace bytes, 9(460KB) LOS objects, 86% free, 3810KB/27MB, paused 148us,121us total 141.675ms
05-04 18:38:04.463  3704  3747 W HidlServiceManagement: Waited one second for vendor.qti.hardware.cacert@1.0::IService/default
05-04 18:38:04.465   660   660 I hwservicemanager: Since vendor.qti.hardware.cacert@1.0::IService/default is not registered, trying to start it as a lazy HAL (if it's not configured to be a lazy HAL, it may be stuck starting or still starting).
05-04 18:38:04.467  3704  3747 I HidlServiceManagement: getService: Trying again for vendor.qti.hardware.cacert@1.0::IService/default...
05-04 18:38:04.468   660  8449 W libc    : Unable to set property "ctl.interface_start" to "vendor.qti.hardware.cacert@1.0::IService/default": PROP_ERROR_HANDLE_CONTROL_MESSAGE (0x20)
05-04 18:38:04.468   660  8449 I hwservicemanager: Tried to start vendor.qti.hardware.cacert@1.0::IService/default as a lazy service, but was unable to. Usually this happens when a service is not installed, but if the service is intended to be used as a lazy service, then it may be configured incorrectly.
05-04 18:38:04.382     0     0 E init    : Control message: Could not find 'vendor.qti.hardware.cacert@1.0::IService/default' for ctl.interface_start from pid: 660 (/system/system_ext/bin/hwservicemanager)
05-04 18:38:05.467  3704  3747 W HidlServiceManagement: Waited one second for vendor.qti.hardware.cacert@1.0::IService/default
05-04 18:38:05.468   660   660 I hwservicemanager: Since vendor.qti.hardware.cacert@1.0::IService/default is not registered, trying to start it as a lazy HAL (if it's not configured to be a lazy HAL, it may be stuck starting or still starting).
05-04 18:38:05.469  3704  3747 I HidlServiceManagement: getService: Trying again for vendor.qti.hardware.cacert@1.0::IService/default...
05-04 18:38:05.472   660  8450 W libc    : Unable to set property "ctl.interface_start" to "vendor.qti.hardware.cacert@1.0::IService/default": PROP_ERROR_HANDLE_CONTROL_MESSAGE (0x20)
05-04 18:38:05.473   660  8450 I hwservicemanager: Tried to start vendor.qti.hardware.cacert@1.0::IService/default as a lazy service, but was unable to. Usually this happens when a service is not installed, but if the service is intended to be used as a lazy service, then it may be configured incorrectly.
05-04 18:38:05.384     0     0 E init    : Control message: Could not find 'vendor.qti.hardware.cacert@1.0::IService/default' for ctl.interface_start from pid: 660 (/system/system_ext/bin/hwservicemanager)
05-04 18:38:06.469  3704  3747 W HidlServiceManagement: Waited one second for vendor.qti.hardware.cacert@1.0::IService/default
05-04 18:38:06.472   660   660 I hwservicemanager: Since vendor.qti.hardware.cacert@1.0::IService/default is not registered, trying to start it as a lazy HAL (if it's not configured to be a lazy HAL, it may be stuck starting or still starting).
05-04 18:38:06.472  3704  3747 I HidlServiceManagement: getService: Trying again for vendor.qti.hardware.cacert@1.0::IService/default...
05-04 18:38:06.476   660  8451 W libc    : Unable to set property "ctl.interface_start" to "vendor.qti.hardware.cacert@1.0::IService/default": PROP_ERROR_HANDLE_CONTROL_MESSAGE (0x20)
05-04 18:38:06.476   660  8451 I hwservicemanager: Tried to start vendor.qti.hardware.cacert@1.0::IService/default as a lazy service, but was unable to. Usually this happens when a service is not installed, but if the service is intended to be used as a lazy service, then it may be configured incorrectly.
05-04 18:38:06.389     0     0 E init    : Control message: Could not find 'vendor.qti.hardware.cacert@1.0::IService/default' for ctl.interface_start from pid: 660 (/system/system_ext/bin/hwservicemanager)
05-04 18:38:07.473  3704  3747 W HidlServiceManagement: Waited one second for vendor.qti.hardware.cacert@1.0::IService/default
05-04 18:38:07.474   660   660 I hwservicemanager: Since vendor.qti.hardware.cacert@1.0::IService/default is not registered, trying to start it as a lazy HAL (if it's not configured to be a lazy HAL, it may be stuck starting or still starting).
05-04 18:38:07.474  3704  3747 I HidlServiceManagement: getService: Trying again for vendor.qti.hardware.cacert@1.0::IService/default...
05-04 18:38:07.390     0     0 E init    : Control message: Could not find 'vendor.qti.hardware.cacert@1.0::IService/default' for ctl.interface_start from pid: 660 (/system/system_ext/bin/hwservicemanager)
05-04 18:38:07.476   660  8452 W libc    : Unable to set property "ctl.interface_start" to "vendor.qti.hardware.cacert@1.0::IService/default": PROP_ERROR_HANDLE_CONTROL_MESSAGE (0x20)
05-04 18:38:07.476   660  8452 I hwservicemanager: Tried to start vendor.qti.hardware.cacert@1.0::IService/default as a lazy service, but was unable to. Usually this happens when a service is not installed, but if the service is intended to be used as a lazy service, then it may be configured incorrectly.
05-04 18:38:07.866     0     0 I QCOM-BATT: pl_fcc_vote_callback: total_fcc_ua=1950000
05-04 18:38:07.866     0     0 I QCOM-BATT: pl_fv_vote_callback: fv_uv=4400000
05-04 18:38:08.226     0     0 E FG      : fg_psy_get_property: unsupported property 79
05-04 18:38:08.336  1126  1126 D QtiCarrierConfigHelper: WARNING, no carrier configs on phone Id: 0
05-04 18:38:08.239     0     0 E FG      : fg_psy_get_property: unsupported property 79
05-04 18:38:08.245     0     0 W healthd : battery l=100 v=3050 t=24.6 h=2 st=5 c=0 fc=2831000 chg=u
05-04 18:38:08.344   960  2050 D PowerUI : can't show warning due to - plugged: true status unknown: false
05-04 18:38:08.261     0     0 E FG      : fg_psy_get_property: unsupported property 79
05-04 18:38:08.475  3704  3747 W HidlServiceManagement: Waited one second for vendor.qti.hardware.cacert@1.0::IService/default
05-04 18:38:08.476   660   660 I hwservicemanager: Since vendor.qti.hardware.cacert@1.0::IService/default is not registered, trying to start it as a lazy HAL (if it's not configured to be a lazy HAL, it may be stuck starting or still starting).
05-04 18:38:08.478  3704  3747 I HidlServiceManagement: getService: Trying again for vendor.qti.hardware.cacert@1.0::IService/default...
05-04 18:38:08.480   660  8453 W libc    : Unable to set property "ctl.interface_start" to "vendor.qti.hardware.cacert@1.0::IService/default": PROP_ERROR_HANDLE_CONTROL_MESSAGE (0x20)
05-04 18:38:08.480   660  8453 I hwservicemanager: Tried to start vendor.qti.hardware.cacert@1.0::IService/default as a lazy service, but was unable to. Usually this happens when a service is not installed, but if the service is intended to be used as a lazy service, then it may be configured incorrectly.
05-04 18:38:08.393     0     0 E init    : Control message: Could not find 'vendor.qti.hardware.cacert@1.0::IService/default' for ctl.interface_start from pid: 660 (/system/system_ext/bin/hwservicemanager)
05-04 18:38:08.900  8384  8437 I WestlakeVM: VM: CV PF-MCD-RES_TABLE_PARSE_DONE
05-04 18:38:08.902  8384  8437 I WestlakeVM: VM: CV PF-MCD-RES_TABLE_LOADED bytes=2019644 strings=586 integers=0
05-04 18:38:08.904  8384  8437 I WestlakeVM: VM: PF202 ApkLoader res dirs ready
05-04 18:38:08.906  8384  8437 I WestlakeVM: VM: PF202 ApkLoader activity seeded
05-04 18:38:08.907  8384  8437 I WestlakeVM: VM: PF202 ApkLoader return
05-04 18:38:08.907  8384  8437 I WestlakeVM: VM: PF202 strict post-loader return
05-04 18:38:08.907  8384  8437 I WestlakeVM: VM: PF202 strict post-loader info seeded
05-04 18:38:08.907  8384  8437 I WestlakeVM: VM: PF202 strict split work skipped
05-04 18:38:08.907  8384  8437 I WestlakeVM: VM: PF202 strict setApkInfo skipped
05-04 18:38:08.908  8384  8437 I WestlakeVM: VM: PF202 strict pre-extracted resources loaded
05-04 18:38:08.908  8384  8437 I WestlakeVM: VM: PF202 strict resource wiring skipped
05-04 18:38:08.908  8384  8437 I WestlakeVM: VM: PF202 strict package reconciliation skipped
05-04 18:38:08.909  8384  8437 I WestlakeVM: VM: PF202 strict APK summary skipped
05-04 18:38:08.909  8384  8437 I WestlakeVM: VM: PF202 strict launch target reconciliation skipped
05-04 18:38:08.910  8384  8437 I WestlakeVM: VM: PF202 strict launch banner skipped
05-04 18:38:08.911  8384  8437 I WestlakeVM: VM: PF202 strict activity resolve skipped
05-04 18:38:08.911  8384  8437 I WestlakeVM: VM: [PFCUT] Class.getDeclaredField intrinsic hit class=java.lang.ClassLoader name=packages
05-04 18:38:08.912  8384  8437 I WestlakeVM: VM: [PFCUT] Class.getDeclaredField intrinsic hit class=java.lang.ClassLoader name=packages
05-04 18:38:08.912  8384  8437 I WestlakeVM: VM: [PFCUT] Class.classForName name=com.newrelic.agent.android.tracing.TraceMachine initialize=0 loader=0x78e2236239 lifecycle_adapter=0 mcd_analytics=0 callers=java.lang.Class java.lang.Class.classForName(java.lang.String, boolean, java.lang.ClassLoader) | java.lang.Class java.lang.Class.forName(java.lang.String, boolean, java.lang.ClassLoader) | boolean com.westlake.engine.WestlakeLauncher.nativePatchClassNoop(java.lang.String, java.lang.ClassLoader) | boolean com.westlake.engine.WestlakeLauncher.nativePatchClassNoop(java.lang.String, java.lang.ClassLoader) | void com.westlake.engine.WestlakeLauncher.patchProblematicAppClasses(java.lang.ClassLoader) | void com.westlake.engine.WestlakeLauncher.mainImpl(java.lang.String[]) | void com.westlake.engine.WestlakeLauncher.main(java.lang.String[])
05-04 18:38:08.913  8384  8437 I WestlakeVM: VM: [PFCUT] Throwable.nativeFillInStackTrace noop
05-04 18:38:08.913  8384  8437 I WestlakeVM: VM: [PFCUT] Throwable.nativeFillInStackTrace noop
05-04 18:38:08.914  8384  8437 I WestlakeVM: VM: [PFCUT] Class.classForName name=com.newrelic.agent.android.tracing.Trace initialize=0 loader=0x78e2236239 lifecycle_adapter=0 mcd_analytics=0 callers=java.lang.Class java.lang.Class.classForName(java.lang.String, boolean, java.lang.ClassLoader) | java.lang.Class java.lang.Class.forName(java.lang.String, boolean, java.lang.ClassLoader) | boolean com.westlake.engine.WestlakeLauncher.nativePatchClassNoop(java.lang.String, java.lang.ClassLoader) | boolean com.westlake.engine.WestlakeLauncher.nativePatchClassNoop(java.lang.String, java.lang.ClassLoader) | void com.westlake.engine.WestlakeLauncher.patchProblematicAppClasses(java.lang.ClassLoader) | void com.westlake.engine.WestlakeLauncher.mainImpl(java.lang.String[]) | void com.westlake.engine.WestlakeLauncher.main(java.lang.String[])
05-04 18:38:08.915  8384  8437 I WestlakeVM: VM: [PFCUT] Class.classForName name=com.newrelic.agent.android.NewRelic initialize=0 loader=0x78e2236239 lifecycle_adapter=0 mcd_analytics=0 callers=java.lang.Class java.lang.Class.classForName(java.lang.String, boolean, java.lang.ClassLoader) | java.lang.Class java.lang.Class.forName(java.lang.String, boolean, java.lang.ClassLoader) | boolean com.westlake.engine.WestlakeLauncher.nativePatchClassNoop(java.lang.String, java.lang.ClassLoader) | boolean com.westlake.engine.WestlakeLauncher.nativePatchClassNoop(java.lang.String, java.lang.ClassLoader) | void com.westlake.engine.WestlakeLauncher.patchProblematicAppClasses(java.lang.ClassLoader) | void com.westlake.engine.WestlakeLauncher.mainImpl(java.lang.String[]) | void com.westlake.engine.WestlakeLauncher.main(java.lang.String[])
05-04 18:38:08.918  8384  8437 I WestlakeVM: VM: [WestlakeLauncher] AM direct launch: pkg=com.github.ashutoshgngwr.noice cls=com.github.ashutoshgngwr.noice.activity.MainActivity
05-04 18:38:08.928  8384  8437 I WestlakeVM: VM: [shim-log] D/MiniActivityManager: startActivity: com.github.ashutoshgngwr.noice.activity.MainActivity action=android.intent.action.MAIN pkg=com.github.ashutoshgngwr.noice
05-04 18:38:08.982  8384  8437 I WestlakeVM: VM: [PFCUT] MethodHandles.lookup intrinsic caller=void java.util.concurrent.atomic.AtomicReference.<clinit>()
05-04 18:38:08.983  8384  8437 I WestlakeVM: VM: [PFCUT] Class.getDeclaredField intrinsic hit class=java.util.concurrent.atomic.AtomicReference name=value
05-04 18:38:08.995  8384  8437 I WestlakeVM: VM: nullptr W 05-05 05:38:08  8434  8440 class_linker.cc:6687] Tolerating clinit failure for Landroid/os/Build;: java.lang.ArrayStoreException: java.lang.String cannot be stored in an array of type java.lang.String[]
05-04 18:38:08.995  8384  8437 I WestlakeVM: VM: nullptr W 05-05 05:38:08  8434  8440 class_linker.cc:6687] (Throwable with no stack trace)
05-04 18:38:08.996  8384  8437 I WestlakeVM: VM: nullptr W 05-05 05:38:08  8434  8440 class_linker.cc:6687] 
05-04 18:38:09.021  8384  8437 I WestlakeVM: VM: [PFCUT] Class.getDeclaredField intrinsic hit class=android.app.Activity name=mIntent
05-04 18:38:09.022  8384  8437 I WestlakeVM: VM: [PFCUT] Class.getDeclaredField intrinsic hit class=android.app.Activity name=mComponent
05-04 18:38:09.022  8384  8437 I WestlakeVM: VM: [PFCUT] Class.getDeclaredField intrinsic hit class=android.app.Activity name=mApplication
05-04 18:38:09.022  8384  8437 I WestlakeVM: VM: [PFCUT] Class.getDeclaredField intrinsic hit class=android.app.Activity name=mFinished
05-04 18:38:09.023  8384  8437 I WestlakeVM: VM: [PFCUT] Class.getDeclaredField intrinsic hit class=android.app.Activity name=mDestroyed
05-04 18:38:09.026  8384  8437 I WestlakeVM: VM: [PFCUT] Class.getDeclaredField intrinsic hit class=android.app.ActivityThread name=sCurrentActivityThread
05-04 18:38:09.026  8384  8437 I WestlakeVM: VM: [PFCUT] Class.getDeclaredField intrinsic hit class=android.app.Activity name=mIntent
05-04 18:38:09.027  8384  8437 I WestlakeVM: VM: [PFCUT] Class.getDeclaredField intrinsic hit class=android.app.Activity name=mComponent
05-04 18:38:09.027  8384  8437 I WestlakeVM: VM: [PFCUT] Class.getDeclaredField intrinsic hit class=android.app.Activity name=mApplication
05-04 18:38:09.028  8384  8437 I WestlakeVM: VM: [PFCUT] Class.getDeclaredField intrinsic hit class=android.app.Activity name=mFinished
05-04 18:38:09.028  8384  8437 I WestlakeVM: VM: [PFCUT] Class.getDeclaredField intrinsic hit class=android.app.Activity name=mDestroyed
05-04 18:38:09.033  8384  8437 I WestlakeVM: VM: [shim-log] D/MiniActivityManager:   performCreate: com.github.ashutoshgngwr.noice.activity.MainActivity
05-04 18:38:09.038  8384  8437 I WestlakeVM: VM: [PFCUT] StringFactory Charset fallback bytes=7 offset=0 utf16=7 shorty=LLIIL
05-04 18:38:09.042  8384  8437 I WestlakeVM: VM: [shim-log] D/MiniActivityManager:   performCreate app cl=dalvik.system.PathClassLoader@3b1151f
05-04 18:38:09.042  8384  8437 I WestlakeVM: VM: [PFCUT] VMClassLoader.getResources(String) fallback -> Collections.emptyList
05-04 18:38:09.048  8384  8437 I WestlakeVM: VM: [shim-log] D/MiniActivityManager:   performCreate app service not found
05-04 18:38:09.054  8384  8437 I WestlakeVM: VM: [shim-log] D/MiniActivityManager:   performCreate app factoryClass failed: ClassNotFoundException: kotlinx.coroutines.android.AndroidDispatcherFactory
05-04 18:38:09.057  8384  8437 I WestlakeVM: VM: [PFCUT] System.arraycopy intrinsic src=[B dst=[B srcPos=0 dstPos=0 count=16
05-04 18:38:09.058  8384  8437 I WestlakeVM: VM: [PFCUT] System.arraycopy intrinsic src=[B dst=[B srcPos=0 dstPos=0 count=16
05-04 18:38:09.059  8384  8437 I WestlakeVM: VM: [PFCUT] StringFactory Charset fallback bytes=7 offset=0 utf16=7 shorty=LLIIL
05-04 18:38:09.059  8384  8437 I WestlakeVM: VM: [PFCUT] System.arraycopy intrinsic src=[B dst=[B srcPos=0 dstPos=0 count=34
05-04 18:38:09.059  8384  8437 I WestlakeVM: VM: [PFCUT] System.arraycopy intrinsic src=[B dst=[B srcPos=0 dstPos=0 count=34
05-04 18:38:09.060  8384  8437 I WestlakeVM: VM: [PFCUT] System.arraycopy intrinsic src=[B dst=[B srcPos=0 dstPos=0 count=16
05-04 18:38:09.061  8384  8437 I WestlakeVM: VM: [PFCUT] System.arraycopy intrinsic src=[B dst=[B srcPos=0 dstPos=0 count=34
05-04 18:38:09.062  8384  8437 I WestlakeVM: VM: [PFCUT] System.arraycopy intrinsic src=[B dst=[B srcPos=0 dstPos=0 count=16
05-04 18:38:09.063  8384  8437 I WestlakeVM: VM: [shim-log] D/MiniActivityManager:   performCreate thread cl=dalvik.system.PathClassLoader@3b1151f
05-04 18:38:09.063  8384  8437 I WestlakeVM: VM: [PFCUT] VMClassLoader.getResources(String) fallback -> Collections.emptyList
05-04 18:38:09.064  8384  8437 I WestlakeVM: VM: [PFCUT] System.arraycopy intrinsic src=[B dst=[B srcPos=0 dstPos=0 count=16
05-04 18:38:09.065  8384  8437 I WestlakeVM: VM: [PFCUT] System.arraycopy intrinsic src=[B dst=[B srcPos=0 dstPos=0 count=34
05-04 18:38:09.066  8384  8437 I WestlakeVM: VM: [PFCUT] System.arraycopy intrinsic src=[B dst=[B srcPos=0 dstPos=0 count=16
05-04 18:38:09.066  8384  8437 I WestlakeVM: VM: [PFCUT] System.arraycopy intrinsic src=[B dst=[B srcPos=0 dstPos=0 count=34
05-04 18:38:09.068  8384  8437 I WestlakeVM: VM: [PFCUT] System.arraycopy intrinsic src=[B dst=[B srcPos=0 dstPos=0 count=16
05-04 18:38:09.069  8384  8437 I WestlakeVM: VM: [shim-log] D/MiniActivityManager:   performCreate thread service not found
05-04 18:38:09.069  8384  8437 I WestlakeVM: VM: [PFCUT] forced interpreter JNI reason=Class.classForName method=java.lang.Class java.lang.Class.classForName(java.lang.String, boolean, java.lang.ClassLoader) quick=0xd08ac0 jni=0x735974
05-04 18:38:09.070  8384  8437 I WestlakeVM: VM: [PFCUT] System.arraycopy intrinsic src=[B dst=[B srcPos=0 dstPos=0 count=16
05-04 18:38:09.070  8384  8437 I WestlakeVM: VM: [PFCUT] System.arraycopy intrinsic src=[B dst=[B srcPos=0 dstPos=0 count=34
05-04 18:38:09.072  8384  8437 I WestlakeVM: VM: [PFCUT] System.arraycopy intrinsic src=[B dst=[B srcPos=0 dstPos=0 count=70
05-04 18:38:09.073  8384  8437 I WestlakeVM: VM: [PFCUT] System.arraycopy intrinsic src=[B dst=[B srcPos=0 dstPos=0 count=16
05-04 18:38:09.073  8384  8437 I WestlakeVM: VM: [PFCUT] System.arraycopy intrinsic src=[B dst=[B srcPos=0 dstPos=0 count=34
05-04 18:38:09.075  8384  8437 I WestlakeVM: VM: [PFCUT] System.arraycopy intrinsic src=[B dst=[B srcPos=0 dstPos=0 count=16
05-04 18:38:09.076  8384  8437 I WestlakeVM: VM: [shim-log] D/MiniActivityManager:   performCreate thread factoryClass failed: ClassNotFoundException: kotlinx.coroutines.android.AndroidDispatcherFactory
05-04 18:38:09.086  8384  8437 I WestlakeVM: VM: [PFCUT] System.arraycopy intrinsic src=[B dst=[B srcPos=0 dstPos=0 count=16
05-04 18:38:09.086  8384  8437 I WestlakeVM: VM: [PFCUT] System.arraycopy intrinsic src=[B dst=[B srcPos=0 dstPos=0 count=34
05-04 18:38:09.094  8384  8437 I WestlakeVM: VM: [PFCUT] forced interpreter JNI reason=Unsafe method=java.lang.Object jdk.internal.misc.Unsafe.getReferenceVolatile(java.lang.Object, long) quick=0xd08c00 jni=0x733c1c
05-04 18:38:09.094  8384  8437 I WestlakeVM: VM: [PFCUT] InterpreterJni jdk.Unsafe getReferenceVolatile target=0x14055380 offset=28 value=0 array_index=4
05-04 18:38:09.094  8384  8437 I WestlakeVM: VM: [PFCUT]   caller#0 java.lang.Object jdk.internal.misc.Unsafe.getReferenceVolatile(java.lang.Object, long) dex_pc=0
05-04 18:38:09.094  8384  8437 I WestlakeVM: VM: [PFCUT]   caller#1 java.lang.Object jdk.internal.misc.Unsafe.getReferenceAcquire(java.lang.Object, long) dex_pc=0
05-04 18:38:09.094  8384  8437 I WestlakeVM: VM: [PFCUT]   caller#2 java.util.concurrent.ConcurrentHashMap$Node java.util.concurrent.ConcurrentHashMap.tabAt(java.util.concurrent.ConcurrentHashMap$Node[], int) dex_pc=10
05-04 18:38:09.094  8384  8437 I WestlakeVM: VM: [PFCUT]   caller#3 java.lang.Object java.util.concurrent.ConcurrentHashMap.get(java.lang.Object) dex_pc=21
05-04 18:38:09.095  8384  8437 I WestlakeVM: VM: [PFCUT]   caller#4 java.lang.String java.util.Properties.getProperty(java.lang.String) dex_pc=2
05-04 18:38:09.095  8384  8437 I WestlakeVM: VM: [PFCUT]   caller#5 java.lang.String java.util.Properties.getProperty(java.lang.String, java.lang.String) dex_pc=0
05-04 18:38:09.095  8384  8437 I WestlakeVM: VM: [PFCUT] forced interpreter JNI reason=Unsafe method=java.lang.Object jdk.internal.misc.Unsafe.getReferenceVolatile(java.lang.Object, long) quick=0xd08c00 jni=0x733c1c
05-04 18:38:09.095  8384  8437 I WestlakeVM: VM: [PFCUT] InterpreterJni jdk.Unsafe getReferenceVolatile target=0x14058450 offset=220 value=0x140577f0 array_index=52
05-04 18:38:09.095  8384  8437 I WestlakeVM: VM: [PFCUT]   caller#0 java.lang.Object jdk.internal.misc.Unsafe.getReferenceVolatile(java.lang.Object, long) dex_pc=0
05-04 18:38:09.096  8384  8437 I WestlakeVM: VM: [PFCUT]   caller#1 java.lang.Object jdk.internal.misc.Unsafe.getReferenceAcquire(java.lang.Object, long) dex_pc=0
05-04 18:38:09.096  8384  8437 I WestlakeVM: VM: [PFCUT]   caller#2 java.util.concurrent.ConcurrentHashMap$Node java.util.concurrent.ConcurrentHashMap.tabAt(java.util.concurrent.ConcurrentHashMap$Node[], int) dex_pc=10
05-04 18:38:09.096  8384  8437 I WestlakeVM: VM: [PFCUT]   caller#3 java.lang.Object java.util.concurrent.ConcurrentHashMap.get(java.lang.Object) dex_pc=21
05-04 18:38:09.097  8384  8437 I WestlakeVM: VM: [PFCUT]   caller#4 java.lang.String java.util.Properties.getProperty(java.lang.String) dex_pc=2
05-04 18:38:09.097  8384  8437 I WestlakeVM: VM: [PFCUT]   caller#5 java.lang.String java.util.Properties.getProperty(java.lang.String) dex_pc=22
05-04 18:38:09.097  8384  8437 I WestlakeVM: VM: [PFCUT] forced interpreter JNI reason=Unsafe method=java.lang.Object jdk.internal.misc.Unsafe.getReferenceVolatile(java.lang.Object, long) quick=0xd08c00 jni=0x733c1c
05-04 18:38:09.097  8384  8437 I WestlakeVM: VM: [PFCUT] InterpreterJni jdk.Unsafe getReferenceVolatile target=0x14055380 offset=68 value=0 array_index=14
05-04 18:38:09.097  8384  8437 I WestlakeVM: VM: [PFCUT]   caller#0 java.lang.Object jdk.internal.misc.Unsafe.getReferenceVolatile(java.lang.Object, long) dex_pc=0
05-04 18:38:09.097  8384  8437 I WestlakeVM: VM: [PFCUT]   caller#1 java.lang.Object jdk.internal.misc.Unsafe.getReferenceAcquire(java.lang.Object, long) dex_pc=0
05-04 18:38:09.098  8384  8437 I WestlakeVM: VM: [PFCUT]   caller#2 java.util.concurrent.ConcurrentHashMap$Node java.util.concurrent.ConcurrentHashMap.tabAt(java.util.concurrent.ConcurrentHashMap$Node[], int) dex_pc=10
05-04 18:38:09.098  8384  8437 I WestlakeVM: VM: [PFCUT]   caller#3 java.lang.Object java.util.concurrent.ConcurrentHashMap.get(java.lang.Object) dex_pc=21
05-04 18:38:09.098  8384  8437 I WestlakeVM: VM: [PFCUT]   caller#4 java.lang.String java.util.Properties.getProperty(java.lang.String) dex_pc=2
05-04 18:38:09.098  8384  8437 I WestlakeVM: VM: [PFCUT]   caller#5 java.lang.String java.util.Properties.getProperty(java.lang.String, java.lang.String) dex_pc=0
05-04 18:38:09.098  8384  8437 I WestlakeVM: VM: [PFCUT] forced interpreter JNI reason=Unsafe method=java.lang.Object jdk.internal.misc.Unsafe.getReferenceVolatile(java.lang.Object, long) quick=0xd08c00 jni=0x733c1c
05-04 18:38:09.098  8384  8437 I WestlakeVM: VM: [PFCUT] InterpreterJni jdk.Unsafe getReferenceVolatile target=0x14058450 offset=260 value=0x140577d8 array_index=62
05-04 18:38:09.099  8384  8437 I WestlakeVM: VM: [PFCUT]   caller#0 java.lang.Object jdk.internal.misc.Unsafe.getReferenceVolatile(java.lang.Object, long) dex_pc=0
05-04 18:38:09.100  8384  8437 I WestlakeVM: VM: [PFCUT]   caller#1 java.lang.Object jdk.internal.misc.Unsafe.getReferenceAcquire(java.lang.Object, long) dex_pc=0
05-04 18:38:09.100  8384  8437 I WestlakeVM: VM: [PFCUT]   caller#2 java.util.concurrent.ConcurrentHashMap$Node java.util.concurrent.ConcurrentHashMap.tabAt(java.util.concurrent.ConcurrentHashMap$Node[], int) dex_pc=10
05-04 18:38:09.100  8384  8437 I WestlakeVM: VM: [PFCUT]   caller#3 java.lang.Object java.util.concurrent.ConcurrentHashMap.get(java.lang.Object) dex_pc=21
05-04 18:38:09.100  8384  8437 I WestlakeVM: VM: [PFCUT]   caller#4 java.lang.String java.util.Properties.getProperty(java.lang.String) dex_pc=2
05-04 18:38:09.100  8384  8437 I WestlakeVM: VM: [PFCUT]   caller#5 java.lang.String java.util.Properties.getProperty(java.lang.String) dex_pc=22
05-04 18:38:09.108  8384  8437 I WestlakeVM: VM: [PFCUT] System.arraycopy intrinsic src=[B dst=[B srcPos=0 dstPos=0 count=16
05-04 18:38:09.112  8384  8437 I WestlakeVM: VM: [PFCUT] System.arraycopy intrinsic src=[Ljava/lang/Object; dst=[Ljava/lang/Object; srcPos=0 dstPos=0 count=0
05-04 18:38:09.116  8384  8437 I WestlakeVM: VM: [PFCUT] System.arraycopy intrinsic src=[Ljava/lang/Object; dst=[Ljava/lang/Object; srcPos=0 dstPos=0 count=0
05-04 18:38:09.124  8384  8437 I WestlakeVM: VM: [PFCUT] System.arraycopy intrinsic src=[B dst=[B srcPos=0 dstPos=0 count=16
05-04 18:38:09.126  8384  8437 I WestlakeVM: VM: [PFCUT] forced interpreter JNI reason=Class.classForName method=java.lang.Class java.lang.Class.classForName(java.lang.String, boolean, java.lang.ClassLoader) quick=0xd08ac0 jni=0x735974
05-04 18:38:09.127  8384  8437 I WestlakeVM: VM: [PFCUT] MethodHandles.lookup intrinsic caller=void java.util.concurrent.atomic.AtomicLong.<clinit>()
05-04 18:38:09.127  8384  8437 I WestlakeVM: VM: [PFCUT] Class.getDeclaredField intrinsic hit class=java.util.concurrent.atomic.AtomicLong name=value
05-04 18:38:09.128  8384  8437 I WestlakeVM: VM: [PFCUT] Class.getDeclaredField intrinsic hit class=java.util.Random name=seed
05-04 18:38:09.129  8384  8437 I WestlakeVM: VM: [PFCUT] AtomicLong.get intrinsic current=8682522807148012
05-04 18:38:09.129  8384  8437 I WestlakeVM: VM: [PFCUT] AtomicLong.compareAndSet intrinsic current=8682522807148012
05-04 18:38:09.129  8384  8437 I WestlakeVM: VM: [PFCUT] AtomicLong.get intrinsic current=2088865690264
05-04 18:38:09.129  8384  8437 I WestlakeVM: VM: [PFCUT] AtomicLong.compareAndSet intrinsic current=2088865690264
05-04 18:38:09.131  8384  8437 I WestlakeVM: VM: [PFCUT] System.arraycopy intrinsic src=[B dst=[B srcPos=0 dstPos=0 count=16
05-04 18:38:09.132  8384  8437 I WestlakeVM: VM: [PFCUT] AtomicLong.get intrinsic current=55380293180099
05-04 18:38:09.132  8384  8437 I WestlakeVM: VM: [PFCUT] AtomicLong.compareAndSet intrinsic current=55380293180099
05-04 18:38:09.134  8384  8437 I WestlakeVM: VM: [PFCUT] System.arraycopy intrinsic src=[B dst=[B srcPos=0 dstPos=0 count=16
05-04 18:38:09.134  8384  8437 I WestlakeVM: VM: [PFCUT] AtomicLong.get intrinsic current=129941465421586
05-04 18:38:09.135  8384  8437 I WestlakeVM: VM: [PFCUT] AtomicLong.compareAndSet intrinsic current=129941465421586
05-04 18:38:09.136  8384  8437 I WestlakeVM: VM: [PFCUT] System.arraycopy intrinsic src=[Ljava/lang/Object; dst=[Ljava/lang/Object; srcPos=0 dstPos=0 count=1
05-04 18:38:09.136  8384  8437 I WestlakeVM: VM: [PFCUT] System.arraycopy intrinsic src=[Ljava/lang/Object; dst=[Ljava/lang/Object; srcPos=0 dstPos=0 count=0
05-04 18:38:09.136  8384  8437 I WestlakeVM: VM: [PFCUT] System.arraycopy intrinsic src=[Ljava/lang/Object; dst=[Ljava/lang/Object; srcPos=0 dstPos=0 count=0
05-04 18:38:09.137  8384  8437 I WestlakeVM: VM: [PFCUT] System.arraycopy intrinsic src=[Ljava/lang/Object; dst=[Ljava/lang/Object; srcPos=0 dstPos=0 count=0
05-04 18:38:09.137  8384  8437 I WestlakeVM: VM: [PFCUT] System.arraycopy intrinsic src=[Ljava/lang/Object; dst=[Ljava/lang/Object; srcPos=0 dstPos=0 count=0
05-04 18:38:09.161  8384  8437 I WestlakeVM: VM: [PFCUT] System.arraycopy intrinsic src=[Ljava/util/Locale; dst=[Ljava/util/Locale; srcPos=0 dstPos=0 count=0
05-04 18:38:09.161  8384  8437 I WestlakeVM: VM: [PFCUT] System.arraycopy intrinsic src=[Ljava/util/Locale; dst=[Ljava/util/Locale; srcPos=0 dstPos=0 count=1
05-04 18:38:09.162  8384  8437 I WestlakeVM: VM: nullptr W 05-05 05:38:09  8434  8454 class_linker.cc:6687] Tolerating clinit failure for Lsun/util/locale/LanguageTag;: java.lang.ArrayStoreException: java.lang.String cannot be stored in an array of type java.lang.String[]
05-04 18:38:09.163  8384  8437 I WestlakeVM: VM: nullptr W 05-05 05:38:09  8434  8454 class_linker.cc:6687] (Throwable with no stack trace)
05-04 18:38:09.163  8384  8437 I WestlakeVM: VM: nullptr W 05-05 05:38:09  8434  8454 class_linker.cc:6687] 
05-04 18:38:09.165  8384  8437 I WestlakeVM: VM: [PFCUT] System.arraycopy intrinsic src=[Ljava/util/Locale; dst=[Ljava/util/Locale; srcPos=0 dstPos=0 count=0
05-04 18:38:09.166  8384  8437 I WestlakeVM: VM: [PFCUT] String.split intrinsic delimiter=44 limit=-1 pieces=1
