05-04 17:32:55.055  2740  2845 I WestlakeVM: VM: [PFCUT] InterpreterJni jdk.Unsafe CAS int target=0x1407b280 offset=52 current=12 expected=12 new=-2145714174 success=1
05-04 17:32:55.055  2740  2845 I WestlakeVM: VM: [PFCUT] InterpreterJni jdk.Unsafe CAS int target=0x1407b280 offset=56 current=16 expected=16 new=0 success=1
05-04 17:32:55.055  2740  2845 I WestlakeVM: VM: [PFCUT] InterpreterJni jdk.Unsafe CAS ref target=0x14084150 offset=68 current=0 expected=0 new=0x1408a360 success=1 array_index=14
05-04 17:32:55.057  2740  2845 I WestlakeVM: VM: [PFCUT] InterpreterJni jdk.Unsafe CAS ref target=0x14084150 offset=52 current=0 expected=0 new=0x1408a360 success=1 array_index=10
05-04 17:32:55.057  2740  2845 I WestlakeVM: VM: [PFCUT] InterpreterJni jdk.Unsafe CAS ref target=0x14084150 offset=48 current=0 expected=0 new=0x1408a360 success=1 array_index=9
05-04 17:32:55.057  2740  2845 I WestlakeVM: VM: [PFCUT] InterpreterJni jdk.Unsafe CAS ref target=0x14084150 offset=44 current=0 expected=0 new=0x1408a360 success=1 array_index=8
05-04 17:32:55.058  2740  2845 I WestlakeVM: VM: [PFCUT] InterpreterJni jdk.Unsafe CAS ref target=0x14084150 offset=32 current=0 expected=0 new=0x1408a360 success=1 array_index=5
05-04 17:32:55.058  2740  2845 I WestlakeVM: VM: [PFCUT] InterpreterJni jdk.Unsafe CAS ref target=0x14084150 offset=24 current=0 expected=0 new=0x1408a360 success=1 array_index=3
05-04 17:32:55.059  2740  2845 I WestlakeVM: VM: [PFCUT] InterpreterJni jdk.Unsafe CAS ref target=0x14084150 offset=20 current=0 expected=0 new=0x1408a360 success=1 array_index=2
05-04 17:32:55.059  2740  2845 I WestlakeVM: VM: [PFCUT] InterpreterJni jdk.Unsafe CAS ref target=0x14084150 offset=12 current=0 expected=0 new=0x1408a360 success=1 array_index=0
05-04 17:32:55.059  2740  2845 I WestlakeVM: VM: [PFCUT] InterpreterJni jdk.Unsafe CAS int target=0x1407b280 offset=52 current=-2145714174 expected=-2145714174 new=-2145714175 success=1
05-04 17:32:55.060  2740  2845 I WestlakeVM: VM: [PFCUT] System.arraycopy intrinsic src=[B dst=[B srcPos=0 dstPos=0 count=16
05-04 17:32:55.062  2740  2845 I WestlakeVM: VM: [PFCUT] InterpreterJni jdk.Unsafe CAS ref target=0x140891f0 offset=136 current=0 expected=0 new=0x14080580 success=1 array_index=31
05-04 17:32:55.062  2740  2845 I WestlakeVM: VM: [PFCUT] InterpreterJni jdk.Unsafe CAS long target=0x1407b280 offset=40 current=12 expected=12 new=13 success=1
05-04 17:32:55.062  2740  2845 I WestlakeVM: VM: [PFCUT] Class.newInstance intrinsic class=java.lang.Class<com.android.org.conscrypt.OpenSSLProvider> ctor=void com.android.org.conscrypt.OpenSSLProvider.<init>()
05-04 17:32:55.063  2740  2845 I WestlakeVM: VM: [PFCUT] InterpreterJni jdk.Unsafe CAS int target=0x1407b3c0 offset=52 current=16 expected=16 new=-1 success=1
05-04 17:32:55.064  2740  2845 I WestlakeVM: VM: [PFCUT] InterpreterJni jdk.Unsafe CAS ref target=0x14084290 offset=60 current=0 expected=0 new=0x14080598 success=1 array_index=12
05-04 17:32:55.064  2740  2845 I WestlakeVM: VM: [PFCUT] InterpreterJni jdk.Unsafe CAS long target=0x1407b3c0 offset=40 current=0 expected=0 new=1 success=1
05-04 17:32:55.065  2740  2845 I WestlakeVM: VM: [PFCUT] System.arraycopy intrinsic src=[C dst=[C srcPos=19 dstPos=0 count=1
05-04 17:32:55.066  2740  2845 I WestlakeVM: VM: [PFCUT] InterpreterJni jdk.Unsafe CAS ref target=0x14084290 offset=28 current=0 expected=0 new=0x140805c8 success=1 array_index=4
05-04 17:32:55.066  2740  2845 I WestlakeVM: VM: [PFCUT] InterpreterJni jdk.Unsafe CAS long target=0x1407b3c0 offset=40 current=1 expected=1 new=2 success=1
05-04 17:32:55.066  2740  2845 I WestlakeVM: VM: [PFCUT] InterpreterJni jdk.Unsafe CAS ref target=0x14084290 offset=56 current=0 expected=0 new=0x140805e0 success=1 array_index=11
05-04 17:32:55.066  2740  2845 I WestlakeVM: VM: [PFCUT] InterpreterJni jdk.Unsafe CAS long target=0x1407b3c0 offset=40 current=2 expected=2 new=3 success=1
05-04 17:32:55.066  2740  2845 I WestlakeVM: VM: [PFCUT] InterpreterJni jdk.Unsafe CAS ref target=0x14084290 offset=36 current=0 expected=0 new=0x140805f8 success=1 array_index=6
05-04 17:32:55.066  2740  2845 I WestlakeVM: VM: [PFCUT] InterpreterJni jdk.Unsafe CAS long target=0x1407b3c0 offset=40 current=3 expected=3 new=4 success=1
05-04 17:32:55.066  2740  2845 I WestlakeVM: VM: [PFCUT] System.arraycopy intrinsic src=[B dst=[B srcPos=0 dstPos=0 count=16
05-04 17:32:55.067  2740  2845 I WestlakeVM: VM: [PFCUT] System.arraycopy intrinsic src=[B dst=[B srcPos=0 dstPos=0 count=34
05-04 17:32:55.068  2740  2845 I WestlakeVM: VM: [PFCUT] InterpreterJni jdk.Unsafe CAS ref target=0x14084290 offset=16 current=0 expected=0 new=0x14080628 success=1 array_index=1
05-04 17:32:55.068  2740  2845 I WestlakeVM: VM: [PFCUT] InterpreterJni jdk.Unsafe CAS long target=0x1407b3c0 offset=40 current=4 expected=4 new=5 success=1
05-04 17:32:55.068  2740  2845 I WestlakeVM: VM: [PFCUT] System.arraycopy intrinsic src=[B dst=[B srcPos=0 dstPos=0 count=16
05-04 17:32:55.069  2740  2845 I WestlakeVM: VM: [PFCUT] System.arraycopy intrinsic src=[B dst=[B srcPos=0 dstPos=0 count=34
05-04 17:32:55.069  2740  2845 I WestlakeVM: VM: [PFCUT] InterpreterJni jdk.Unsafe CAS ref target=0x14084290 offset=44 current=0 expected=0 new=0x14080670 success=1 array_index=8
05-04 17:32:55.070  2740  2845 I WestlakeVM: VM: [PFCUT] InterpreterJni jdk.Unsafe CAS long target=0x1407b3c0 offset=40 current=5 expected=5 new=6 success=1
05-04 17:32:55.070  2740  2845 I WestlakeVM: VM: [PFCUT] System.arraycopy intrinsic src=[B dst=[B srcPos=0 dstPos=0 count=16
05-04 17:32:55.070  2740  2845 I WestlakeVM: VM: [PFCUT] System.arraycopy intrinsic src=[B dst=[B srcPos=0 dstPos=0 count=34
05-04 17:32:55.071  2740  2845 I WestlakeVM: VM: [PFCUT] InterpreterJni jdk.Unsafe CAS long target=0x1407b3c0 offset=40 current=6 expected=6 new=7 success=1
05-04 17:32:55.071  2740  2845 I WestlakeVM: VM: [PFCUT] System.arraycopy intrinsic src=[B dst=[B srcPos=0 dstPos=0 count=16
05-04 17:32:55.072  2740  2845 I WestlakeVM: VM: [PFCUT] System.arraycopy intrinsic src=[B dst=[B srcPos=0 dstPos=0 count=34
05-04 17:32:55.073  2740  2845 I WestlakeVM: VM: [PFCUT] InterpreterJni jdk.Unsafe CAS long target=0x1407b3c0 offset=40 current=7 expected=7 new=8 success=1
05-04 17:32:55.073  2740  2845 I WestlakeVM: VM: [PFCUT] System.arraycopy intrinsic src=[B dst=[B srcPos=0 dstPos=0 count=16
05-04 17:32:55.074  2740  2845 I WestlakeVM: VM: [PFCUT] System.arraycopy intrinsic src=[B dst=[B srcPos=0 dstPos=0 count=34
05-04 17:32:55.075  2740  2845 I WestlakeVM: VM: [PFCUT] InterpreterJni jdk.Unsafe CAS ref target=0x14084290 offset=48 current=0 expected=0 new=0x14080718 success=1 array_index=9
05-04 17:32:55.075  2740  2845 I WestlakeVM: VM: [PFCUT] InterpreterJni jdk.Unsafe CAS long target=0x1407b3c0 offset=40 current=8 expected=8 new=9 success=1
05-04 17:32:55.075  2740  2845 I WestlakeVM: VM: [PFCUT] System.arraycopy intrinsic src=[B dst=[B srcPos=0 dstPos=0 count=16
05-04 17:32:55.076  2740  2845 I WestlakeVM: VM: [PFCUT] System.arraycopy intrinsic src=[B dst=[B srcPos=0 dstPos=0 count=34
05-04 17:32:55.077  2740  2845 I WestlakeVM: VM: [PFCUT] InterpreterJni jdk.Unsafe CAS ref target=0x14084290 offset=12 current=0 expected=0 new=0x14080748 success=1 array_index=0
05-04 17:32:55.077  2740  2845 I WestlakeVM: VM: [PFCUT] InterpreterJni jdk.Unsafe CAS long target=0x1407b3c0 offset=40 current=9 expected=9 new=10 success=1
05-04 17:32:55.077  2740  2845 I WestlakeVM: VM: [PFCUT] Class.newInstance intrinsic class=java.lang.Class<sun.security.provider.CertPathProvider> ctor=void sun.security.provider.CertPathProvider.<init>()
05-04 17:32:55.077  2740  2845 I WestlakeVM: VM: [PFCUT] Throwable.nativeFillInStackTrace noop
05-04 17:32:55.077  2740  2845 I WestlakeVM: VM: nullptr W 05-05 04:32:55  2838  2848 class_linker.cc:6687] Tolerating clinit failure for Lsun/security/jca/Providers;: java.lang.ArrayStoreException: java.lang.String cannot be stored in an array of type java.lang.String[]
05-04 17:32:55.078  2740  2845 I WestlakeVM: VM: nullptr W 05-05 04:32:55  2838  2848 class_linker.cc:6687] (Throwable with no stack trace)
05-04 17:32:55.078  2740  2845 I WestlakeVM: VM: nullptr W 05-05 04:32:55  2838  2848 class_linker.cc:6687] 
05-04 17:32:55.079  2740  2845 I WestlakeVM: VM: [PFCUT] System.arraycopy intrinsic src=[Lsun/security/jca/ProviderConfig; dst=[Ljava/lang/Object; srcPos=0 dstPos=0 count=2
05-04 17:32:55.080  2740  2845 I WestlakeVM: VM: [PFCUT] System.arraycopy intrinsic src=[Ljava/lang/Object; dst=[Ljava/lang/Object; srcPos=0 dstPos=0 count=2
05-04 17:32:55.080  2740  2845 I WestlakeVM: VM: [PFCUT] System.arraycopy intrinsic src=[Ljava/lang/Object; dst=[Ljava/lang/Object; srcPos=0 dstPos=1 count=2
05-04 17:32:55.080  2740  2845 I WestlakeVM: VM: [PFCUT] System.arraycopy intrinsic src=[Ljava/lang/Object; dst=[Lsun/security/jca/ProviderConfig; srcPos=0 dstPos=0 count=3
05-04 17:32:55.080  2740  2845 I WestlakeVM: VM: [PFCUT] AtomicInteger.incrementAndGet intrinsic current=0
05-04 17:32:55.082  2740  2845 I WestlakeVM: VM: [PFCUT] System.arraycopy intrinsic src=[B dst=[B srcPos=0 dstPos=0 count=16
05-04 17:32:55.083  2740  2845 I WestlakeVM: VM: [PFCUT] InterpreterJni jdk.Unsafe CAS int target=0x1407b100 offset=52 current=0 expected=0 new=-1 success=1
05-04 17:32:55.083  2740  2845 I WestlakeVM: VM: [PFCUT] InterpreterJni jdk.Unsafe CAS ref target=0x14084330 offset=60 current=0 expected=0 new=0x14080838 success=1 array_index=12
05-04 17:32:55.083  2740  2845 I WestlakeVM: VM: [PFCUT] InterpreterJni jdk.Unsafe CAS long target=0x1407b100 offset=40 current=0 expected=0 new=1 success=1
05-04 17:32:55.089  2740  2845 I WestlakeVM: VM: [PFCUT] Throwable.nativeFillInStackTrace noop
05-04 17:32:55.089  2740  2845 I WestlakeVM: VM: [PFCUT] System.arraycopy intrinsic src=[B dst=[B srcPos=0 dstPos=0 count=16
05-04 17:32:55.095  2740  2845 I WestlakeVM: VM: [PFCUT] System.arraycopy intrinsic src=[B dst=[B srcPos=0 dstPos=0 count=34
05-04 17:32:55.108  2740  2845 I WestlakeVM: VM: [PFCUT] System.arraycopy intrinsic src=[B dst=[B srcPos=0 dstPos=0 count=70
05-04 17:32:55.109  2740  2845 I WestlakeVM: VM: WESTLAKE_SECURITY_SHA256_FAIL err=java.lang.ArrayStoreException msg=java.lang.String_cannot_be_stored_in_an_array_of_type_java.lang.String__
05-04 17:32:55.109  2740  2845 I WestlakeVM: VM: Hidden API exemption step skipped on standalone guest
05-04 17:32:55.110  2740  2845 I WestlakeVM: VM: Real runtime probe skipped on standalone guest
05-04 17:32:55.110  2740  2845 I WestlakeVM: VM: Framework stubs pre-registered by runtime
05-04 17:32:55.110  2740  2845 I WestlakeVM: VM: [dalvikvm] prime cutoff canary launch
05-04 17:32:55.123  2740  2845 I WestlakeVM: VM: [PFCUT] System.arraycopy intrinsic src=[B dst=[B srcPos=0 dstPos=0 count=16
05-04 17:32:55.124  2740  2845 I WestlakeVM: VM: [PFCUT] System.arraycopy intrinsic src=[B dst=[B srcPos=0 dstPos=0 count=34
05-04 17:32:55.125  2740  2845 I WestlakeVM: VM: [PFCUT] System.arraycopy intrinsic src=[B dst=[B srcPos=0 dstPos=0 count=70
05-04 17:32:55.126  2740  2845 I WestlakeVM: VM: System.log(E): Ignoring attempt to set property "westlake.apk.path" to value "/data/local/tmp/westlake/com_github_ashutoshgngwr_noice.apk".
05-04 17:32:55.128  2740  2845 I WestlakeVM: VM: [PFCUT] System.arraycopy intrinsic src=[B dst=[B srcPos=0 dstPos=0 count=16
05-04 17:32:55.129  2740  2845 I WestlakeVM: VM: [PFCUT] System.arraycopy intrinsic src=[B dst=[B srcPos=0 dstPos=0 count=34
05-04 17:32:55.130  2740  2845 I WestlakeVM: VM: [PFCUT] System.arraycopy intrinsic src=[B dst=[B srcPos=0 dstPos=0 count=70
05-04 17:32:55.130  2740  2845 I WestlakeVM: VM: System.log(E): Ignoring attempt to set property "westlake.apk.resdir" to value "/data/local/tmp/westlake/com_github_ashutoshgngwr_noice_res".
05-04 17:32:55.132  2740  2845 I WestlakeVM: VM: [PFCUT] Class.getDeclaredField intrinsic hit class=java.lang.ClassLoader name=packages
05-04 17:32:55.133  2740  2845 I WestlakeVM: VM: [PFCUT] System.arraycopy intrinsic src=[B dst=[B srcPos=0 dstPos=0 count=16
05-04 17:32:55.133  2740  2845 I WestlakeVM: VM: [PFCUT] System.arraycopy intrinsic src=[B dst=[B srcPos=0 dstPos=0 count=53
05-04 17:32:55.134  2740  2845 I WestlakeVM: VM: [WestlakeLauncher] Repaired ClassLoader packages for dalvik.system.PathClassLoader
05-04 17:32:55.134  2740  2845 I WestlakeVM: VM: [PFCUT] Class.getDeclaredField intrinsic hit class=java.lang.ClassLoader name=packages
05-04 17:32:55.134  2740  2845 I WestlakeVM: VM: [PFCUT] System.arraycopy intrinsic src=[B dst=[B srcPos=0 dstPos=0 count=16
05-04 17:32:55.135  2740  2845 I WestlakeVM: VM: [PFCUT] System.arraycopy intrinsic src=[B dst=[B srcPos=0 dstPos=0 count=53
05-04 17:32:55.135  2740  2845 I WestlakeVM: VM: [WestlakeLauncher] Repaired ClassLoader packages for java.lang.BootClassLoader
05-04 17:32:55.137  2740  2845 I WestlakeVM: VM: Starting on OHOS + ART ...
05-04 17:32:55.137  2740  2845 I WestlakeVM: VM: APK:
05-04 17:32:55.137  2740  2845 I WestlakeVM: VM: /data/local/tmp/westlake/com_github_ashutoshgngwr_noice.apk
05-04 17:32:55.137  2740  2845 I WestlakeVM: VM: Activity:
05-04 17:32:55.138  2740  2845 I WestlakeVM: VM: com.github.ashutoshgngwr.noice.activity.MainActivity
05-04 17:32:55.138  2740  2845 I WestlakeVM: VM: Package:
05-04 17:32:55.138  2740  2845 I WestlakeVM: VM: com.github.ashutoshgngwr.noice
05-04 17:32:55.138  2740  2845 I WestlakeVM: VM: Backend mode:
05-04 17:32:55.138  2740  2845 I WestlakeVM: VM: target_ohos_backend
05-04 17:32:55.138  2740  2845 I WestlakeVM: VM: Framework policy:
05-04 17:32:55.139  2740  2845 I WestlakeVM: VM: westlake_only
05-04 17:32:55.139  2740  2845 I WestlakeVM: VM: Real context bootstrap skipped on standalone guest
05-04 17:32:55.358  2740  2845 I WestlakeVM: VM: [PFCUT] System.arraycopy intrinsic src=[B dst=[B srcPos=0 dstPos=0 count=16
05-04 17:32:55.359  2740  2845 I WestlakeVM: VM: [PFCUT] System.arraycopy intrinsic src=[B dst=[B srcPos=0 dstPos=0 count=57
05-04 17:32:55.360  2740  2845 I WestlakeVM: VM: Manifest: com.github.ashutoshgngwr.noice.NoiceApplication (8 activities, 1 providers)
05-04 17:32:55.360  2740  2845 I WestlakeVM: VM: OHBridge bootstrap deferred on standalone guest
05-04 17:32:55.360  2740  2845 I WestlakeVM: VM: Aux native loads deferred on standalone guest
05-04 17:32:55.361  2740  2845 I WestlakeVM: VM: Bootstrap prop refresh deferred on standalone guest
05-04 17:32:55.361  2740  2845 I WestlakeVM: VM: MiniServer init begin
05-04 17:32:55.366  2740  2845 I WestlakeVM: VM: MiniServer init returned
05-04 17:32:55.366  2740  2845 I WestlakeVM: VM: MiniServer activityManager ready
05-04 17:32:55.366  2740  2845 I WestlakeVM: VM: MiniServer initialized
05-04 17:32:55.367  2740  2845 I WestlakeVM: VM: [PFCUT] System.arraycopy intrinsic src=[B dst=[B srcPos=0 dstPos=0 count=16
05-04 17:32:55.367  2740  2845 I WestlakeVM: VM: [PFCUT] System.arraycopy intrinsic src=[B dst=[B srcPos=0 dstPos=0 count=46
05-04 17:32:55.368  2740  2845 I WestlakeVM: VM: [WestlakeLauncher] Application from manifest: com.github.ashutoshgngwr.noice.NoiceApplication
05-04 17:32:55.370  2740  2845 I WestlakeVM: VM: [PFCUT] Class.getDeclaredField intrinsic hit class=java.lang.ClassLoader name=packages
05-04 17:32:55.370  2740  2845 I WestlakeVM: VM: [PFCUT] Class.getDeclaredField intrinsic hit class=java.lang.ClassLoader name=packages
05-04 17:32:55.374  2740  2845 I WestlakeVM: VM: [PFCUT] InterpreterJni jdk.Unsafe CAS ref target=0x14055380 offset=32 current=0 expected=0 new=0x140993d0 success=1 array_index=5
05-04 17:32:55.374  2740  2845 I WestlakeVM: VM: [PFCUT] InterpreterJni jdk.Unsafe CAS long target=0x140542c0 offset=40 current=2 expected=2 new=3 success=1
05-04 17:32:55.375  2740  2845 I WestlakeVM: VM: [PFCUT] InterpreterJni jdk.Unsafe CAS long target=0x140542c0 offset=40 current=3 expected=3 new=4 success=1
05-04 17:32:55.377  2740  2845 I WestlakeVM: VM: [PFCUT] InterpreterJni jdk.Unsafe CAS ref target=0x14055380 offset=12 current=0 expected=0 new=0x14099418 success=1 array_index=0
05-04 17:32:55.377  2740  2845 I WestlakeVM: VM: [PFCUT] InterpreterJni jdk.Unsafe CAS long target=0x140542c0 offset=40 current=4 expected=4 new=5 success=1
05-04 17:32:55.377  2740  2845 I WestlakeVM: VM: [PFCUT] System.arraycopy intrinsic src=[B dst=[B srcPos=0 dstPos=0 count=16
05-04 17:32:55.378  2740  2845 I WestlakeVM: VM: [PFCUT] System.arraycopy intrinsic src=[B dst=[B srcPos=0 dstPos=0 count=34
05-04 17:32:55.383  2740  2845 I WestlakeVM: VM: [PFCUT] InterpreterJni jdk.Unsafe CAS ref target=0x14055380 offset=16 current=0 expected=0 new=0x140994d8 success=1 array_index=1
05-04 17:32:55.383  2740  2845 I WestlakeVM: VM: [PFCUT] InterpreterJni jdk.Unsafe CAS long target=0x140542c0 offset=40 current=5 expected=5 new=6 success=1
05-04 17:32:55.383  2740  2845 I WestlakeVM: VM: [PFCUT] Throwable.nativeFillInStackTrace noop
05-04 17:32:55.384  2740  2845 I WestlakeVM: VM: [PFCUT] Throwable.nativeFillInStackTrace noop
05-04 17:32:55.384  2740  2845 I WestlakeVM: VM: [PFCUT] Throwable.nativeFillInStackTrace noop
05-04 17:32:55.385  2740  2845 I WestlakeVM: VM: [PFCUT] Throwable.nativeFillInStackTrace noop
05-04 17:32:55.385  2740  2845 I WestlakeVM: VM: [PFCUT] Throwable.nativeFillInStackTrace noop
05-04 17:32:55.386  2740  2845 I WestlakeVM: VM: [WestlakeLauncher] Coroutine runtime seed failed: java.lang.ArrayStoreException
05-04 17:32:55.402  2740  2845 I WestlakeVM: VM: [PFCUT] Throwable.nativeFillInStackTrace noop
05-04 17:32:55.403  2740  2845 I WestlakeVM: VM: [WestlakeLauncher] Application error (caught): java.lang.ArrayStoreException
05-04 17:32:55.404  2740  2845 I WestlakeVM: VM: Post-init launch path refresh deferred on standalone guest
05-04 17:32:55.404  2740  2845 I WestlakeVM: VM: Launch props resolved on standalone guest
05-04 17:32:55.404  2740  2845 I WestlakeVM: VM: Launch snapshot ready on standalone guest
05-04 17:32:55.404  2740  2845 I WestlakeVM: VM: PF202 strict launch assignments ready
05-04 17:32:55.405  2740  2845 I WestlakeVM: VM: PF202 strict package block ready
05-04 17:32:55.405  2740  2845 I WestlakeVM: VM: PF202 strict resource block begin
05-04 17:32:55.405  2740  2845 I WestlakeVM: VM: PF202 strict pre-extracted loader enter
05-04 17:32:55.405  2740  2845 I WestlakeVM: VM: PF202 ApkLoader enter
05-04 17:32:55.407  2740  2845 I WestlakeVM: VM: PF202 ApkLoader info seeded
05-04 17:32:55.412  2740  2845 I WestlakeVM: VM: CV PF-MCD-RES_TABLE_READ_BEGIN path=/data/local/tmp/westlake/com_github_ashutoshgngwr_noice_res/resources.arsc
05-04 17:32:55.425  2740  2845 I WestlakeVM: VM: CV PF-MCD-RES_TABLE_READ_DONE bytes=2019644
05-04 17:32:55.426  2740  2845 I WestlakeVM: VM: CV PF-MCD-RES_TABLE_PARSE_BEGIN
05-04 17:32:55.778  3704  3747 W HidlServiceManagement: Waited one second for vendor.qti.hardware.cacert@1.0::IService/default
05-04 17:32:55.780   660   660 I hwservicemanager: Since vendor.qti.hardware.cacert@1.0::IService/default is not registered, trying to start it as a lazy HAL (if it's not configured to be a lazy HAL, it may be stuck starting or still starting).
05-04 17:32:55.781  3704  3747 I HidlServiceManagement: getService: Trying again for vendor.qti.hardware.cacert@1.0::IService/default...
05-04 17:32:55.697     0     0 E init    : Control message: Could not find 'vendor.qti.hardware.cacert@1.0::IService/default' for ctl.interface_start from pid: 660 (/system/system_ext/bin/hwservicemanager)
05-04 17:32:55.784   660  2851 W libc    : Unable to set property "ctl.interface_start" to "vendor.qti.hardware.cacert@1.0::IService/default": PROP_ERROR_HANDLE_CONTROL_MESSAGE (0x20)
05-04 17:32:55.784   660  2851 I hwservicemanager: Tried to start vendor.qti.hardware.cacert@1.0::IService/default as a lazy service, but was unable to. Usually this happens when a service is not installed, but if the service is intended to be used as a lazy service, then it may be configured incorrectly.
05-04 17:32:56.651  2740  2852 D ProfileInstaller: Installing profile for com.westlake.host
05-04 17:32:56.781  3704  3747 W HidlServiceManagement: Waited one second for vendor.qti.hardware.cacert@1.0::IService/default
05-04 17:32:56.783   660   660 I hwservicemanager: Since vendor.qti.hardware.cacert@1.0::IService/default is not registered, trying to start it as a lazy HAL (if it's not configured to be a lazy HAL, it may be stuck starting or still starting).
05-04 17:32:56.785  3704  3747 I HidlServiceManagement: getService: Trying again for vendor.qti.hardware.cacert@1.0::IService/default...
05-04 17:32:56.700     0     0 E init    : Control message: Could not find 'vendor.qti.hardware.cacert@1.0::IService/default' for ctl.interface_start from pid: 660 (/system/system_ext/bin/hwservicemanager)
05-04 17:32:56.787   660  2853 W libc    : Unable to set property "ctl.interface_start" to "vendor.qti.hardware.cacert@1.0::IService/default": PROP_ERROR_HANDLE_CONTROL_MESSAGE (0x20)
05-04 17:32:56.787   660  2853 I hwservicemanager: Tried to start vendor.qti.hardware.cacert@1.0::IService/default as a lazy service, but was unable to. Usually this happens when a service is not installed, but if the service is intended to be used as a lazy service, then it may be configured incorrectly.
05-04 17:32:57.747   703  2698 I keystore2: system/security/keystore2/watchdog/src/lib.rs:356 - Watchdog thread idle -> terminating. Have a great day.
05-04 17:32:57.786  3704  3747 W HidlServiceManagement: Waited one second for vendor.qti.hardware.cacert@1.0::IService/default
05-04 17:32:57.787   660   660 I hwservicemanager: Since vendor.qti.hardware.cacert@1.0::IService/default is not registered, trying to start it as a lazy HAL (if it's not configured to be a lazy HAL, it may be stuck starting or still starting).
05-04 17:32:57.788  3704  3747 I HidlServiceManagement: getService: Trying again for vendor.qti.hardware.cacert@1.0::IService/default...
05-04 17:32:57.790   660  2854 W libc    : Unable to set property "ctl.interface_start" to "vendor.qti.hardware.cacert@1.0::IService/default": PROP_ERROR_HANDLE_CONTROL_MESSAGE (0x20)
05-04 17:32:57.790   660  2854 I hwservicemanager: Tried to start vendor.qti.hardware.cacert@1.0::IService/default as a lazy service, but was unable to. Usually this happens when a service is not installed, but if the service is intended to be used as a lazy service, then it may be configured incorrectly.
05-04 17:32:57.703     0     0 E init    : Control message: Could not find 'vendor.qti.hardware.cacert@1.0::IService/default' for ctl.interface_start from pid: 660 (/system/system_ext/bin/hwservicemanager)
05-04 17:32:58.788  3704  3747 W HidlServiceManagement: Waited one second for vendor.qti.hardware.cacert@1.0::IService/default
05-04 17:32:58.790   660   660 I hwservicemanager: Since vendor.qti.hardware.cacert@1.0::IService/default is not registered, trying to start it as a lazy HAL (if it's not configured to be a lazy HAL, it may be stuck starting or still starting).
05-04 17:32:58.791  3704  3747 I HidlServiceManagement: getService: Trying again for vendor.qti.hardware.cacert@1.0::IService/default...
05-04 17:32:58.794   660  2856 W libc    : Unable to set property "ctl.interface_start" to "vendor.qti.hardware.cacert@1.0::IService/default": PROP_ERROR_HANDLE_CONTROL_MESSAGE (0x20)
05-04 17:32:58.707     0     0 E init    : Control message: Could not find 'vendor.qti.hardware.cacert@1.0::IService/default' for ctl.interface_start from pid: 660 (/system/system_ext/bin/hwservicemanager)
05-04 17:32:58.794   660  2856 I hwservicemanager: Tried to start vendor.qti.hardware.cacert@1.0::IService/default as a lazy service, but was unable to. Usually this happens when a service is not installed, but if the service is intended to be used as a lazy service, then it may be configured incorrectly.
05-04 17:32:59.386     0     0 I QCOM-BATT: pl_fcc_vote_callback: total_fcc_ua=1950000
05-04 17:32:59.386     0     0 I QCOM-BATT: pl_fv_vote_callback: fv_uv=4400000
05-04 17:32:59.791  3704  3747 W HidlServiceManagement: Waited one second for vendor.qti.hardware.cacert@1.0::IService/default
05-04 17:32:59.793   660   660 I hwservicemanager: Since vendor.qti.hardware.cacert@1.0::IService/default is not registered, trying to start it as a lazy HAL (if it's not configured to be a lazy HAL, it may be stuck starting or still starting).
05-04 17:32:59.794  3704  3747 I HidlServiceManagement: getService: Trying again for vendor.qti.hardware.cacert@1.0::IService/default...
05-04 17:32:59.797   660  2857 W libc    : Unable to set property "ctl.interface_start" to "vendor.qti.hardware.cacert@1.0::IService/default": PROP_ERROR_HANDLE_CONTROL_MESSAGE (0x20)
05-04 17:32:59.797   660  2857 I hwservicemanager: Tried to start vendor.qti.hardware.cacert@1.0::IService/default as a lazy service, but was unable to. Usually this happens when a service is not installed, but if the service is intended to be used as a lazy service, then it may be configured incorrectly.
05-04 17:32:59.710     0     0 E init    : Control message: Could not find 'vendor.qti.hardware.cacert@1.0::IService/default' for ctl.interface_start from pid: 660 (/system/system_ext/bin/hwservicemanager)
05-04 17:32:59.746     0     0 E FG      : fg_psy_get_property: unsupported property 79
05-04 17:32:59.753     0     0 E FG      : fg_psy_get_property: unsupported property 79
05-04 17:32:59.759     0     0 W healthd : battery l=100 v=3056 t=24.0 h=2 st=5 c=0 fc=2831000 chg=u
05-04 17:32:59.766     0     0 E FG      : fg_psy_get_property: unsupported property 79
05-04 17:32:59.854  1126  1126 D QtiCarrierConfigHelper: WARNING, no carrier configs on phone Id: 0
05-04 17:32:59.859   960  2676 D PowerUI : can't show warning due to - plugged: true status unknown: false
05-04 17:33:00.794  3704  3747 W HidlServiceManagement: Waited one second for vendor.qti.hardware.cacert@1.0::IService/default
05-04 17:33:00.795   660   660 I hwservicemanager: Since vendor.qti.hardware.cacert@1.0::IService/default is not registered, trying to start it as a lazy HAL (if it's not configured to be a lazy HAL, it may be stuck starting or still starting).
05-04 17:33:00.796  3704  3747 I HidlServiceManagement: getService: Trying again for vendor.qti.hardware.cacert@1.0::IService/default...
05-04 17:33:00.797   660  2858 W libc    : Unable to set property "ctl.interface_start" to "vendor.qti.hardware.cacert@1.0::IService/default": PROP_ERROR_HANDLE_CONTROL_MESSAGE (0x20)
05-04 17:33:00.797   660  2858 I hwservicemanager: Tried to start vendor.qti.hardware.cacert@1.0::IService/default as a lazy service, but was unable to. Usually this happens when a service is not installed, but if the service is intended to be used as a lazy service, then it may be configured incorrectly.
05-04 17:33:00.711     0     0 E init    : Control message: Could not find 'vendor.qti.hardware.cacert@1.0::IService/default' for ctl.interface_start from pid: 660 (/system/system_ext/bin/hwservicemanager)
05-04 17:33:00.861  2740  2752 I m.westlake.host: Background concurrent copying GC freed 15MB AllocSpace bytes, 9(460KB) LOS objects, 86% free, 3810KB/27MB, paused 150us,123us total 130.841ms
05-04 17:33:01.796  3704  3747 W HidlServiceManagement: Waited one second for vendor.qti.hardware.cacert@1.0::IService/default
05-04 17:33:01.800   660   660 I hwservicemanager: Since vendor.qti.hardware.cacert@1.0::IService/default is not registered, trying to start it as a lazy HAL (if it's not configured to be a lazy HAL, it may be stuck starting or still starting).
05-04 17:33:01.801  3704  3747 I HidlServiceManagement: getService: Trying again for vendor.qti.hardware.cacert@1.0::IService/default...
05-04 17:33:01.717     0     0 E init    : Control message: Could not find 'vendor.qti.hardware.cacert@1.0::IService/default' for ctl.interface_start from pid: 660 (/system/system_ext/bin/hwservicemanager)
05-04 17:33:01.805   660  2859 W libc    : Unable to set property "ctl.interface_start" to "vendor.qti.hardware.cacert@1.0::IService/default": PROP_ERROR_HANDLE_CONTROL_MESSAGE (0x20)
05-04 17:33:01.805   660  2859 I hwservicemanager: Tried to start vendor.qti.hardware.cacert@1.0::IService/default as a lazy service, but was unable to. Usually this happens when a service is not installed, but if the service is intended to be used as a lazy service, then it may be configured incorrectly.
05-04 17:33:02.801  3704  3747 W HidlServiceManagement: Waited one second for vendor.qti.hardware.cacert@1.0::IService/default
05-04 17:33:02.802   660   660 I hwservicemanager: Since vendor.qti.hardware.cacert@1.0::IService/default is not registered, trying to start it as a lazy HAL (if it's not configured to be a lazy HAL, it may be stuck starting or still starting).
05-04 17:33:02.803  3704  3747 I HidlServiceManagement: getService: Trying again for vendor.qti.hardware.cacert@1.0::IService/default...
05-04 17:33:02.806   660  2861 W libc    : Unable to set property "ctl.interface_start" to "vendor.qti.hardware.cacert@1.0::IService/default": PROP_ERROR_HANDLE_CONTROL_MESSAGE (0x20)
05-04 17:33:02.806   660  2861 I hwservicemanager: Tried to start vendor.qti.hardware.cacert@1.0::IService/default as a lazy service, but was unable to. Usually this happens when a service is not installed, but if the service is intended to be used as a lazy service, then it may be configured incorrectly.
05-04 17:33:02.719     0     0 E init    : Control message: Could not find 'vendor.qti.hardware.cacert@1.0::IService/default' for ctl.interface_start from pid: 660 (/system/system_ext/bin/hwservicemanager)
05-04 17:33:03.803  3704  3747 W HidlServiceManagement: Waited one second for vendor.qti.hardware.cacert@1.0::IService/default
05-04 17:33:03.804   660   660 I hwservicemanager: Since vendor.qti.hardware.cacert@1.0::IService/default is not registered, trying to start it as a lazy HAL (if it's not configured to be a lazy HAL, it may be stuck starting or still starting).
05-04 17:33:03.806  3704  3747 I HidlServiceManagement: getService: Trying again for vendor.qti.hardware.cacert@1.0::IService/default...
05-04 17:33:03.808   660  2862 W libc    : Unable to set property "ctl.interface_start" to "vendor.qti.hardware.cacert@1.0::IService/default": PROP_ERROR_HANDLE_CONTROL_MESSAGE (0x20)
05-04 17:33:03.808   660  2862 I hwservicemanager: Tried to start vendor.qti.hardware.cacert@1.0::IService/default as a lazy service, but was unable to. Usually this happens when a service is not installed, but if the service is intended to be used as a lazy service, then it may be configured incorrectly.
05-04 17:33:03.720     0     0 E init    : Control message: Could not find 'vendor.qti.hardware.cacert@1.0::IService/default' for ctl.interface_start from pid: 660 (/system/system_ext/bin/hwservicemanager)
05-04 17:33:03.881   307   717 E WifiScoringParams: Invalid frequency(-1), using 5G as default rssi array
05-04 17:33:03.887  3530  3530 W wificond: Failed to get NL80211_ATTR_MAX_NUM_AKM_SUITES
05-04 17:33:03.889  3530  3530 W wificond: Failed to get NL80211_ATTR_MAX_NUM_AKM_SUITES
05-04 17:33:03.890  3530  3530 W wificond: Failed to get NL80211_ATTR_MAX_NUM_AKM_SUITES
05-04 17:33:03.893  3703 20622 D LOWI-9.0.0.79: [LOWI-Scan] wait_event:Wait done with Cmd 33
05-04 17:33:03.893  3703 20622 D LOWI-9.0.0.79: [LOWI-Scan] do_listen_events: Rcvd valid Netlink Cmd 0 Err 0
05-04 17:33:04.179   713  1834 I NxpNciR : len =   4 > 600701A1
05-04 17:33:04.806  3704  3747 W HidlServiceManagement: Waited one second for vendor.qti.hardware.cacert@1.0::IService/default
05-04 17:33:04.807   660   660 I hwservicemanager: Since vendor.qti.hardware.cacert@1.0::IService/default is not registered, trying to start it as a lazy HAL (if it's not configured to be a lazy HAL, it may be stuck starting or still starting).
05-04 17:33:04.808  3704  3747 I HidlServiceManagement: getService: Trying again for vendor.qti.hardware.cacert@1.0::IService/default...
05-04 17:33:04.809   660  2863 W libc    : Unable to set property "ctl.interface_start" to "vendor.qti.hardware.cacert@1.0::IService/default": PROP_ERROR_HANDLE_CONTROL_MESSAGE (0x20)
05-04 17:33:04.809   660  2863 I hwservicemanager: Tried to start vendor.qti.hardware.cacert@1.0::IService/default as a lazy service, but was unable to. Usually this happens when a service is not installed, but if the service is intended to be used as a lazy service, then it may be configured incorrectly.
05-04 17:33:04.723     0     0 E init    : Control message: Could not find 'vendor.qti.hardware.cacert@1.0::IService/default' for ctl.interface_start from pid: 660 (/system/system_ext/bin/hwservicemanager)
05-04 17:33:05.528  2740  2845 I WestlakeVM: VM: CV PF-MCD-RES_TABLE_PARSE_DONE
05-04 17:33:05.530  2740  2845 I WestlakeVM: VM: CV PF-MCD-RES_TABLE_LOADED bytes=2019644 strings=586 integers=0
05-04 17:33:05.533  2740  2845 I WestlakeVM: VM: PF202 ApkLoader res dirs ready
05-04 17:33:05.534  2740  2845 I WestlakeVM: VM: PF202 ApkLoader activity seeded
05-04 17:33:05.535  2740  2845 I WestlakeVM: VM: PF202 ApkLoader return
05-04 17:33:05.535  2740  2845 I WestlakeVM: VM: PF202 strict post-loader return
05-04 17:33:05.535  2740  2845 I WestlakeVM: VM: PF202 strict post-loader info seeded
05-04 17:33:05.535  2740  2845 I WestlakeVM: VM: PF202 strict split work skipped
05-04 17:33:05.535  2740  2845 I WestlakeVM: VM: PF202 strict setApkInfo skipped
05-04 17:33:05.536  2740  2845 I WestlakeVM: VM: PF202 strict pre-extracted resources loaded
05-04 17:33:05.536  2740  2845 I WestlakeVM: VM: PF202 strict resource wiring skipped
05-04 17:33:05.536  2740  2845 I WestlakeVM: VM: PF202 strict package reconciliation skipped
05-04 17:33:05.537  2740  2845 I WestlakeVM: VM: PF202 strict APK summary skipped
05-04 17:33:05.537  2740  2845 I WestlakeVM: VM: PF202 strict launch target reconciliation skipped
05-04 17:33:05.538  2740  2845 I WestlakeVM: VM: PF202 strict launch banner skipped
05-04 17:33:05.539  2740  2845 I WestlakeVM: VM: PF202 strict activity resolve skipped
05-04 17:33:05.539  2740  2845 I WestlakeVM: VM: [PFCUT] Class.getDeclaredField intrinsic hit class=java.lang.ClassLoader name=packages
05-04 17:33:05.539  2740  2845 I WestlakeVM: VM: [PFCUT] Class.getDeclaredField intrinsic hit class=java.lang.ClassLoader name=packages
05-04 17:33:05.540  2740  2845 I WestlakeVM: VM: [PFCUT] Class.classForName name=com.newrelic.agent.android.tracing.TraceMachine initialize=0 loader=0x752804f239 lifecycle_adapter=0 mcd_analytics=0 callers=java.lang.Class java.lang.Class.classForName(java.lang.String, boolean, java.lang.ClassLoader) | java.lang.Class java.lang.Class.forName(java.lang.String, boolean, java.lang.ClassLoader) | boolean com.westlake.engine.WestlakeLauncher.nativePatchClassNoop(java.lang.String, java.lang.ClassLoader) | boolean com.westlake.engine.WestlakeLauncher.nativePatchClassNoop(java.lang.String, java.lang.ClassLoader) | void com.westlake.engine.WestlakeLauncher.patchProblematicAppClasses(java.lang.ClassLoader) | void com.westlake.engine.WestlakeLauncher.mainImpl(java.lang.String[]) | void com.westlake.engine.WestlakeLauncher.main(java.lang.String[])
05-04 17:33:05.540  2740  2845 I WestlakeVM: VM: [PFCUT] Throwable.nativeFillInStackTrace noop
05-04 17:33:05.540  2740  2845 I WestlakeVM: VM: [PFCUT] Throwable.nativeFillInStackTrace noop
05-04 17:33:05.541  2740  2845 I WestlakeVM: VM: [PFCUT] Class.classForName name=com.newrelic.agent.android.tracing.Trace initialize=0 loader=0x752804f239 lifecycle_adapter=0 mcd_analytics=0 callers=java.lang.Class java.lang.Class.classForName(java.lang.String, boolean, java.lang.ClassLoader) | java.lang.Class java.lang.Class.forName(java.lang.String, boolean, java.lang.ClassLoader) | boolean com.westlake.engine.WestlakeLauncher.nativePatchClassNoop(java.lang.String, java.lang.ClassLoader) | boolean com.westlake.engine.WestlakeLauncher.nativePatchClassNoop(java.lang.String, java.lang.ClassLoader) | void com.westlake.engine.WestlakeLauncher.patchProblematicAppClasses(java.lang.ClassLoader) | void com.westlake.engine.WestlakeLauncher.mainImpl(java.lang.String[]) | void com.westlake.engine.WestlakeLauncher.main(java.lang.String[])
05-04 17:33:05.541  2740  2845 I WestlakeVM: VM: [PFCUT] Class.classForName name=com.newrelic.agent.android.NewRelic initialize=0 loader=0x752804f239 lifecycle_adapter=0 mcd_analytics=0 callers=java.lang.Class java.lang.Class.classForName(java.lang.String, boolean, java.lang.ClassLoader) | java.lang.Class java.lang.Class.forName(java.lang.String, boolean, java.lang.ClassLoader) | boolean com.westlake.engine.WestlakeLauncher.nativePatchClassNoop(java.lang.String, java.lang.ClassLoader) | boolean com.westlake.engine.WestlakeLauncher.nativePatchClassNoop(java.lang.String, java.lang.ClassLoader) | void com.westlake.engine.WestlakeLauncher.patchProblematicAppClasses(java.lang.ClassLoader) | void com.westlake.engine.WestlakeLauncher.mainImpl(java.lang.String[]) | void com.westlake.engine.WestlakeLauncher.main(java.lang.String[])
05-04 17:33:05.545  2740  2845 I WestlakeVM: VM: [WestlakeLauncher] AM direct launch: pkg=com.github.ashutoshgngwr.noice cls=com.github.ashutoshgngwr.noice.activity.MainActivity
05-04 17:33:05.553  2740  2845 I WestlakeVM: VM: [shim-log] D/MiniActivityManager: startActivity: com.github.ashutoshgngwr.noice.activity.MainActivity action=android.intent.action.MAIN pkg=com.github.ashutoshgngwr.noice
05-04 17:33:05.602  2740  2845 I WestlakeVM: VM: [PFCUT] MethodHandles.lookup intrinsic caller=void java.util.concurrent.atomic.AtomicReference.<clinit>()
05-04 17:33:05.602  2740  2845 I WestlakeVM: VM: [PFCUT] Class.getDeclaredField intrinsic hit class=java.util.concurrent.atomic.AtomicReference name=value
05-04 17:33:05.615  2740  2845 I WestlakeVM: VM: nullptr W 05-05 04:33:05  2838  2848 class_linker.cc:6687] Tolerating clinit failure for Landroid/os/Build;: java.lang.ArrayStoreException: java.lang.String cannot be stored in an array of type java.lang.String[]
05-04 17:33:05.615  2740  2845 I WestlakeVM: VM: nullptr W 05-05 04:33:05  2838  2848 class_linker.cc:6687] (Throwable with no stack trace)
05-04 17:33:05.615  2740  2845 I WestlakeVM: VM: nullptr W 05-05 04:33:05  2838  2848 class_linker.cc:6687] 
05-04 17:33:05.638  2740  2845 I WestlakeVM: VM: [PFCUT] Class.getDeclaredField intrinsic hit class=android.app.Activity name=mIntent
05-04 17:33:05.639  2740  2845 I WestlakeVM: VM: [PFCUT] Class.getDeclaredField intrinsic hit class=android.app.Activity name=mComponent
05-04 17:33:05.639  2740  2845 I WestlakeVM: VM: [PFCUT] Class.getDeclaredField intrinsic hit class=android.app.Activity name=mApplication
05-04 17:33:05.639  2740  2845 I WestlakeVM: VM: [PFCUT] Class.getDeclaredField intrinsic hit class=android.app.Activity name=mFinished
05-04 17:33:05.640  2740  2845 I WestlakeVM: VM: [PFCUT] Class.getDeclaredField intrinsic hit class=android.app.Activity name=mDestroyed
05-04 17:33:05.643  2740  2845 I WestlakeVM: VM: [PFCUT] Class.getDeclaredField intrinsic hit class=android.app.ActivityThread name=sCurrentActivityThread
05-04 17:33:05.644  2740  2845 I WestlakeVM: VM: [PFCUT] Class.getDeclaredField intrinsic hit class=android.app.Activity name=mIntent
05-04 17:33:05.644  2740  2845 I WestlakeVM: VM: [PFCUT] Class.getDeclaredField intrinsic hit class=android.app.Activity name=mComponent
05-04 17:33:05.644  2740  2845 I WestlakeVM: VM: [PFCUT] Class.getDeclaredField intrinsic hit class=android.app.Activity name=mApplication
05-04 17:33:05.645  2740  2845 I WestlakeVM: VM: [PFCUT] Class.getDeclaredField intrinsic hit class=android.app.Activity name=mFinished
05-04 17:33:05.646  2740  2845 I WestlakeVM: VM: [PFCUT] Class.getDeclaredField intrinsic hit class=android.app.Activity name=mDestroyed
05-04 17:33:05.651  2740  2845 I WestlakeVM: VM: [shim-log] D/MiniActivityManager:   performCreate: com.github.ashutoshgngwr.noice.activity.MainActivity
05-04 17:33:05.656  2740  2845 I WestlakeVM: VM: [PFCUT] StringFactory Charset fallback bytes=7 offset=0 utf16=7 shorty=LLIIL
05-04 17:33:05.660  2740  2845 I WestlakeVM: VM: [shim-log] D/MiniActivityManager:   performCreate app cl=dalvik.system.PathClassLoader@e459dec
05-04 17:33:05.661  2740  2845 I WestlakeVM: VM: [PFCUT] VMClassLoader.getResources(String) fallback -> Collections.emptyList
05-04 17:33:05.666  2740  2845 I WestlakeVM: VM: [shim-log] D/MiniActivityManager:   performCreate app service not found
05-04 17:33:05.672  2740  2845 I WestlakeVM: VM: [shim-log] D/MiniActivityManager:   performCreate app factoryClass failed: ClassNotFoundException: kotlinx.coroutines.android.AndroidDispatcherFactory
05-04 17:33:05.675  2740  2845 I WestlakeVM: VM: [PFCUT] System.arraycopy intrinsic src=[B dst=[B srcPos=0 dstPos=0 count=16
05-04 17:33:05.676  2740  2845 I WestlakeVM: VM: [PFCUT] System.arraycopy intrinsic src=[B dst=[B srcPos=0 dstPos=0 count=16
05-04 17:33:05.676  2740  2845 I WestlakeVM: VM: [PFCUT] StringFactory Charset fallback bytes=7 offset=0 utf16=7 shorty=LLIIL
05-04 17:33:05.676  2740  2845 I WestlakeVM: VM: [PFCUT] System.arraycopy intrinsic src=[B dst=[B srcPos=0 dstPos=0 count=34
05-04 17:33:05.677  2740  2845 I WestlakeVM: VM: [PFCUT] System.arraycopy intrinsic src=[B dst=[B srcPos=0 dstPos=0 count=34
05-04 17:33:05.678  2740  2845 I WestlakeVM: VM: [PFCUT] System.arraycopy intrinsic src=[B dst=[B srcPos=0 dstPos=0 count=16
05-04 17:33:05.678  2740  2845 I WestlakeVM: VM: [PFCUT] System.arraycopy intrinsic src=[B dst=[B srcPos=0 dstPos=0 count=34
05-04 17:33:05.680  2740  2845 I WestlakeVM: VM: [PFCUT] System.arraycopy intrinsic src=[B dst=[B srcPos=0 dstPos=0 count=16
05-04 17:33:05.680  2740  2845 I WestlakeVM: VM: [shim-log] D/MiniActivityManager:   performCreate thread cl=dalvik.system.PathClassLoader@e459dec
05-04 17:33:05.681  2740  2845 I WestlakeVM: VM: [PFCUT] VMClassLoader.getResources(String) fallback -> Collections.emptyList
05-04 17:33:05.682  2740  2845 I WestlakeVM: VM: [PFCUT] System.arraycopy intrinsic src=[B dst=[B srcPos=0 dstPos=0 count=16
05-04 17:33:05.682  2740  2845 I WestlakeVM: VM: [PFCUT] System.arraycopy intrinsic src=[B dst=[B srcPos=0 dstPos=0 count=34
05-04 17:33:05.683  2740  2845 I WestlakeVM: VM: [PFCUT] System.arraycopy intrinsic src=[B dst=[B srcPos=0 dstPos=0 count=16
05-04 17:33:05.684  2740  2845 I WestlakeVM: VM: [PFCUT] System.arraycopy intrinsic src=[B dst=[B srcPos=0 dstPos=0 count=34
05-04 17:33:05.686  2740  2845 I WestlakeVM: VM: [PFCUT] System.arraycopy intrinsic src=[B dst=[B srcPos=0 dstPos=0 count=16
05-04 17:33:05.686  2740  2845 I WestlakeVM: VM: [shim-log] D/MiniActivityManager:   performCreate thread service not found
05-04 17:33:05.686  2740  2845 I WestlakeVM: VM: [PFCUT] forced interpreter JNI reason=Class.classForName method=java.lang.Class java.lang.Class.classForName(java.lang.String, boolean, java.lang.ClassLoader) quick=0xd07ac0 jni=0x734cd4
05-04 17:33:05.688  2740  2845 I WestlakeVM: VM: [PFCUT] System.arraycopy intrinsic src=[B dst=[B srcPos=0 dstPos=0 count=16
05-04 17:33:05.688  2740  2845 I WestlakeVM: VM: [PFCUT] System.arraycopy intrinsic src=[B dst=[B srcPos=0 dstPos=0 count=34
05-04 17:33:05.689  2740  2845 I WestlakeVM: VM: [PFCUT] System.arraycopy intrinsic src=[B dst=[B srcPos=0 dstPos=0 count=70
05-04 17:33:05.690  2740  2845 I WestlakeVM: VM: [PFCUT] System.arraycopy intrinsic src=[B dst=[B srcPos=0 dstPos=0 count=16
05-04 17:33:05.691  2740  2845 I WestlakeVM: VM: [PFCUT] System.arraycopy intrinsic src=[B dst=[B srcPos=0 dstPos=0 count=34
05-04 17:33:05.693  2740  2845 I WestlakeVM: VM: [PFCUT] System.arraycopy intrinsic src=[B dst=[B srcPos=0 dstPos=0 count=16
05-04 17:33:05.693  2740  2845 I WestlakeVM: VM: [shim-log] D/MiniActivityManager:   performCreate thread factoryClass failed: ClassNotFoundException: kotlinx.coroutines.android.AndroidDispatcherFactory
05-04 17:33:05.702  2740  2845 I WestlakeVM: VM: [PFCUT] System.arraycopy intrinsic src=[B dst=[B srcPos=0 dstPos=0 count=16
05-04 17:33:05.703  2740  2845 I WestlakeVM: VM: [PFCUT] System.arraycopy intrinsic src=[B dst=[B srcPos=0 dstPos=0 count=34
05-04 17:33:05.711  2740  2845 I WestlakeVM: VM: [PFCUT] forced interpreter JNI reason=Unsafe method=java.lang.Object jdk.internal.misc.Unsafe.getReferenceVolatile(java.lang.Object, long) quick=0xd07c00 jni=0x7331f4
05-04 17:33:05.711  2740  2845 I WestlakeVM: VM: [PFCUT] InterpreterJni jdk.Unsafe getReferenceVolatile target=0x14055380 offset=28 value=0 array_index=4
05-04 17:33:05.711  2740  2845 I WestlakeVM: VM: [PFCUT]   caller#0 java.lang.Object jdk.internal.misc.Unsafe.getReferenceVolatile(java.lang.Object, long) dex_pc=0
05-04 17:33:05.711  2740  2845 I WestlakeVM: VM: [PFCUT]   caller#1 java.lang.Object jdk.internal.misc.Unsafe.getReferenceAcquire(java.lang.Object, long) dex_pc=0
05-04 17:33:05.711  2740  2845 I WestlakeVM: VM: [PFCUT]   caller#2 java.util.concurrent.ConcurrentHashMap$Node java.util.concurrent.ConcurrentHashMap.tabAt(java.util.concurrent.ConcurrentHashMap$Node[], int) dex_pc=10
05-04 17:33:05.711  2740  2845 I WestlakeVM: VM: [PFCUT]   caller#3 java.lang.Object java.util.concurrent.ConcurrentHashMap.get(java.lang.Object) dex_pc=21
05-04 17:33:05.712  2740  2845 I WestlakeVM: VM: [PFCUT]   caller#4 java.lang.String java.util.Properties.getProperty(java.lang.String) dex_pc=2
05-04 17:33:05.712  2740  2845 I WestlakeVM: VM: [PFCUT]   caller#5 java.lang.String java.util.Properties.getProperty(java.lang.String, java.lang.String) dex_pc=0
05-04 17:33:05.712  2740  2845 I WestlakeVM: VM: [PFCUT] forced interpreter JNI reason=Unsafe method=java.lang.Object jdk.internal.misc.Unsafe.getReferenceVolatile(java.lang.Object, long) quick=0xd07c00 jni=0x7331f4
05-04 17:33:05.712  2740  2845 I WestlakeVM: VM: [PFCUT] InterpreterJni jdk.Unsafe getReferenceVolatile target=0x14058450 offset=220 value=0x140577f0 array_index=52
05-04 17:33:05.712  2740  2845 I WestlakeVM: VM: [PFCUT]   caller#0 java.lang.Object jdk.internal.misc.Unsafe.getReferenceVolatile(java.lang.Object, long) dex_pc=0
05-04 17:33:05.712  2740  2845 I WestlakeVM: VM: [PFCUT]   caller#1 java.lang.Object jdk.internal.misc.Unsafe.getReferenceAcquire(java.lang.Object, long) dex_pc=0
05-04 17:33:05.712  2740  2845 I WestlakeVM: VM: [PFCUT]   caller#2 java.util.concurrent.ConcurrentHashMap$Node java.util.concurrent.ConcurrentHashMap.tabAt(java.util.concurrent.ConcurrentHashMap$Node[], int) dex_pc=10
05-04 17:33:05.713  2740  2845 I WestlakeVM: VM: [PFCUT]   caller#3 java.lang.Object java.util.concurrent.ConcurrentHashMap.get(java.lang.Object) dex_pc=21
05-04 17:33:05.713  2740  2845 I WestlakeVM: VM: [PFCUT]   caller#4 java.lang.String java.util.Properties.getProperty(java.lang.String) dex_pc=2
05-04 17:33:05.713  2740  2845 I WestlakeVM: VM: [PFCUT]   caller#5 java.lang.String java.util.Properties.getProperty(java.lang.String) dex_pc=22
05-04 17:33:05.713  2740  2845 I WestlakeVM: VM: [PFCUT] forced interpreter JNI reason=Unsafe method=java.lang.Object jdk.internal.misc.Unsafe.getReferenceVolatile(java.lang.Object, long) quick=0xd07c00 jni=0x7331f4
05-04 17:33:05.713  2740  2845 I WestlakeVM: VM: [PFCUT] InterpreterJni jdk.Unsafe getReferenceVolatile target=0x14055380 offset=68 value=0 array_index=14
05-04 17:33:05.714  2740  2845 I WestlakeVM: VM: [PFCUT]   caller#0 java.lang.Object jdk.internal.misc.Unsafe.getReferenceVolatile(java.lang.Object, long) dex_pc=0
05-04 17:33:05.714  2740  2845 I WestlakeVM: VM: [PFCUT]   caller#1 java.lang.Object jdk.internal.misc.Unsafe.getReferenceAcquire(java.lang.Object, long) dex_pc=0
05-04 17:33:05.714  2740  2845 I WestlakeVM: VM: [PFCUT]   caller#2 java.util.concurrent.ConcurrentHashMap$Node java.util.concurrent.ConcurrentHashMap.tabAt(java.util.concurrent.ConcurrentHashMap$Node[], int) dex_pc=10
05-04 17:33:05.714  2740  2845 I WestlakeVM: VM: [PFCUT]   caller#3 java.lang.Object java.util.concurrent.ConcurrentHashMap.get(java.lang.Object) dex_pc=21
05-04 17:33:05.715  2740  2845 I WestlakeVM: VM: [PFCUT]   caller#4 java.lang.String java.util.Properties.getProperty(java.lang.String) dex_pc=2
05-04 17:33:05.715  2740  2845 I WestlakeVM: VM: [PFCUT]   caller#5 java.lang.String java.util.Properties.getProperty(java.lang.String, java.lang.String) dex_pc=0
05-04 17:33:05.715  2740  2845 I WestlakeVM: VM: [PFCUT] forced interpreter JNI reason=Unsafe method=java.lang.Object jdk.internal.misc.Unsafe.getReferenceVolatile(java.lang.Object, long) quick=0xd07c00 jni=0x7331f4
05-04 17:33:05.715  2740  2845 I WestlakeVM: VM: [PFCUT] InterpreterJni jdk.Unsafe getReferenceVolatile target=0x14058450 offset=260 value=0x140577d8 array_index=62
05-04 17:33:05.715  2740  2845 I WestlakeVM: VM: [PFCUT]   caller#0 java.lang.Object jdk.internal.misc.Unsafe.getReferenceVolatile(java.lang.Object, long) dex_pc=0
05-04 17:33:05.715  2740  2845 I WestlakeVM: VM: [PFCUT]   caller#1 java.lang.Object jdk.internal.misc.Unsafe.getReferenceAcquire(java.lang.Object, long) dex_pc=0
05-04 17:33:05.715  2740  2845 I WestlakeVM: VM: [PFCUT]   caller#2 java.util.concurrent.ConcurrentHashMap$Node java.util.concurrent.ConcurrentHashMap.tabAt(java.util.concurrent.ConcurrentHashMap$Node[], int) dex_pc=10
05-04 17:33:05.716  2740  2845 I WestlakeVM: VM: [PFCUT]   caller#3 java.lang.Object java.util.concurrent.ConcurrentHashMap.get(java.lang.Object) dex_pc=21
05-04 17:33:05.716  2740  2845 I WestlakeVM: VM: [PFCUT]   caller#4 java.lang.String java.util.Properties.getProperty(java.lang.String) dex_pc=2
05-04 17:33:05.716  2740  2845 I WestlakeVM: VM: [PFCUT]   caller#5 java.lang.String java.util.Properties.getProperty(java.lang.String) dex_pc=22
05-04 17:33:05.724  2740  2845 I WestlakeVM: VM: [PFCUT] System.arraycopy intrinsic src=[B dst=[B srcPos=0 dstPos=0 count=16
05-04 17:33:05.727  2740  2845 I WestlakeVM: VM: [PFCUT] System.arraycopy intrinsic src=[Ljava/lang/Object; dst=[Ljava/lang/Object; srcPos=0 dstPos=0 count=0
05-04 17:33:05.730  2740  2845 I WestlakeVM: VM: [PFCUT] System.arraycopy intrinsic src=[Ljava/lang/Object; dst=[Ljava/lang/Object; srcPos=0 dstPos=0 count=0
