--------- beginning of main
05-04 17:32:47.762  3704  3747 W HidlServiceManagement: Waited one second for vendor.qti.hardware.cacert@1.0::IService/default
05-04 17:32:47.763   660   660 I hwservicemanager: Since vendor.qti.hardware.cacert@1.0::IService/default is not registered, trying to start it as a lazy HAL (if it's not configured to be a lazy HAL, it may be stuck starting or still starting).
05-04 17:32:47.764  3704  3747 I HidlServiceManagement: getService: Trying again for vendor.qti.hardware.cacert@1.0::IService/default...
05-04 17:32:47.767   660  2715 W libc    : Unable to set property "ctl.interface_start" to "vendor.qti.hardware.cacert@1.0::IService/default": PROP_ERROR_HANDLE_CONTROL_MESSAGE (0x20)
05-04 17:32:47.767   660  2715 I hwservicemanager: Tried to start vendor.qti.hardware.cacert@1.0::IService/default as a lazy service, but was unable to. Usually this happens when a service is not installed, but if the service is intended to be used as a lazy service, then it may be configured incorrectly.
--------- beginning of kernel
05-04 17:32:47.680     0     0 E init    : Control message: Could not find 'vendor.qti.hardware.cacert@1.0::IService/default' for ctl.interface_start from pid: 660 (/system/system_ext/bin/hwservicemanager)
05-04 17:32:47.689     0     0 I logd    : logdr: UID=2000 GID=2000 PID=2712 b tail=0 logMask=99 pid=0 start=0ns deadline=0ns
--------- beginning of system
05-04 17:32:48.284   307   391 E AccessPersistence: Failed to verity-protect runtime-permissions
05-04 17:32:48.284   307   391 E AccessPersistence: java.io.IOException: Failed to enable fs-verity on FD(485): Inappropriate ioctl for device
05-04 17:32:48.284   307   391 E AccessPersistence: 	at com.android.internal.security.VerityUtils.setUpFsverity(VerityUtils.java:94)
05-04 17:32:48.284   307   391 E AccessPersistence: 	at com.android.server.security.FileIntegrity.setUpFsVerity(FileIntegrity.java:66)
05-04 17:32:48.284   307   391 E AccessPersistence: 	at com.android.server.security.FileIntegrity.setUpFsVerity(FileIntegrity.java:50)
05-04 17:32:48.284   307   391 E AccessPersistence: 	at com.android.server.permission.access.AccessPersistence.writeSystemState(AccessPersistence.kt:65)
05-04 17:32:48.284   307   391 E AccessPersistence: 	at com.android.server.permission.access.AccessPersistence.writePendingState(AccessPersistence.kt:149)
05-04 17:32:48.284   307   391 E AccessPersistence: 	at com.android.server.permission.access.AccessPersistence.access$writePendingState(AccessPersistence.kt:41)
05-04 17:32:48.284   307   391 E AccessPersistence: 	at com.android.server.permission.access.AccessPersistence$WriteHandler.handleMessage(AccessPersistence.kt:190)
05-04 17:32:48.284   307   391 E AccessPersistence: 	at android.os.Handler.dispatchMessage(Handler.java:109)
05-04 17:32:48.284   307   391 E AccessPersistence: 	at android.os.Looper.loopOnce(Looper.java:232)
05-04 17:32:48.284   307   391 E AccessPersistence: 	at android.os.Looper.loop(Looper.java:317)
05-04 17:32:48.284   307   391 E AccessPersistence: 	at android.os.HandlerThread.run(HandlerThread.java:85)
05-04 17:32:48.284   307   391 E AccessPersistence: 	at com.android.server.ServiceThread.run(ServiceThread.java:49)
05-04 17:32:48.308   307   391 E AccessPersistence: Failed to verity-protect runtime-permissions
05-04 17:32:48.308   307   391 E AccessPersistence: java.io.IOException: Failed to enable fs-verity on FD(485): Inappropriate ioctl for device
05-04 17:32:48.308   307   391 E AccessPersistence: 	at com.android.internal.security.VerityUtils.setUpFsverity(VerityUtils.java:94)
05-04 17:32:48.308   307   391 E AccessPersistence: 	at com.android.server.security.FileIntegrity.setUpFsVerity(FileIntegrity.java:66)
05-04 17:32:48.308   307   391 E AccessPersistence: 	at com.android.server.security.FileIntegrity.setUpFsVerity(FileIntegrity.java:50)
05-04 17:32:48.308   307   391 E AccessPersistence: 	at com.android.server.permission.access.AccessPersistence.writeUserState(AccessPersistence.kt:65)
05-04 17:32:48.308   307   391 E AccessPersistence: 	at com.android.server.permission.access.AccessPersistence.writePendingState(AccessPersistence.kt:151)
05-04 17:32:48.308   307   391 E AccessPersistence: 	at com.android.server.permission.access.AccessPersistence.access$writePendingState(AccessPersistence.kt:41)
05-04 17:32:48.308   307   391 E AccessPersistence: 	at com.android.server.permission.access.AccessPersistence$WriteHandler.handleMessage(AccessPersistence.kt:190)
05-04 17:32:48.308   307   391 E AccessPersistence: 	at android.os.Handler.dispatchMessage(Handler.java:109)
05-04 17:32:48.308   307   391 E AccessPersistence: 	at android.os.Looper.loopOnce(Looper.java:232)
05-04 17:32:48.308   307   391 E AccessPersistence: 	at android.os.Looper.loop(Looper.java:317)
05-04 17:32:48.308   307   391 E AccessPersistence: 	at android.os.HandlerThread.run(HandlerThread.java:85)
05-04 17:32:48.308   307   391 E AccessPersistence: 	at com.android.server.ServiceThread.run(ServiceThread.java:49)
05-04 17:32:48.352     0     0 I binder  : 2720:2720 ioctl 40046210 7fe2ce58e4 returned -22
05-04 17:32:48.446   307  4369 I ActivityManager: Force stopping com.westlake.host appid=10218 user=0: from pid 2720
05-04 17:32:48.457   307   767 I AppWidgetServiceImpl: Received broadcast: android.intent.action.PACKAGE_RESTARTED on user 0
05-04 17:32:48.457   307   767 I AppWidgetServiceImpl: Updating package stopped masked state for uid 10218 package com.westlake.host isStopped true
05-04 17:32:48.458  1166  1166 D CarrierSvcBindHelper: onHandleForceStop: [com.westlake.host]
05-04 17:32:48.460  1166  1166 D CarrierSvcBindHelper: No carrier app for: 0
05-04 17:32:48.461  1166  1166 D CarrierSvcBindHelper: No carrier app for: 1
05-04 17:32:48.764  3704  3747 W HidlServiceManagement: Waited one second for vendor.qti.hardware.cacert@1.0::IService/default
05-04 17:32:48.766   660   660 I hwservicemanager: Since vendor.qti.hardware.cacert@1.0::IService/default is not registered, trying to start it as a lazy HAL (if it's not configured to be a lazy HAL, it may be stuck starting or still starting).
05-04 17:32:48.767  3704  3747 I HidlServiceManagement: getService: Trying again for vendor.qti.hardware.cacert@1.0::IService/default...
05-04 17:32:48.771   660  2729 W libc    : Unable to set property "ctl.interface_start" to "vendor.qti.hardware.cacert@1.0::IService/default": PROP_ERROR_HANDLE_CONTROL_MESSAGE (0x20)
05-04 17:32:48.771   660  2729 I hwservicemanager: Tried to start vendor.qti.hardware.cacert@1.0::IService/default as a lazy service, but was unable to. Usually this happens when a service is not installed, but if the service is intended to be used as a lazy service, then it may be configured incorrectly.
05-04 17:32:48.685     0     0 E init    : Control message: Could not find 'vendor.qti.hardware.cacert@1.0::IService/default' for ctl.interface_start from pid: 660 (/system/system_ext/bin/hwservicemanager)
05-04 17:32:49.262   307  3739 I ActivityManager: Force stopping com.westlake.host appid=10218 user=0: from pid 2736
05-04 17:32:49.171     0     0 I binder  : 2736:2736 ioctl 40046210 7ffe07d0a4 returned -22
05-04 17:32:49.272   307   767 I AppWidgetServiceImpl: Received broadcast: android.intent.action.PACKAGE_RESTARTED on user 0
05-04 17:32:49.272   307   767 I AppWidgetServiceImpl: Updating package stopped masked state for uid 10218 package com.westlake.host isStopped true
05-04 17:32:49.272  1166  1166 D CarrierSvcBindHelper: onHandleForceStop: [com.westlake.host]
05-04 17:32:49.274  1166  1166 D CarrierSvcBindHelper: No carrier app for: 0
05-04 17:32:49.275  1166  1166 D CarrierSvcBindHelper: No carrier app for: 1
05-04 17:32:49.522   307  3739 W ActivityTaskManager: callingPackage for (uid=2000, pid=2736) has no WPC
05-04 17:32:49.528   307  3739 V GrammaticalInflectionUtils: AttributionSource: AttributionSource { uid = 10218, packageName = null, attributionTag = null, token = android.os.Binder@a81f694, deviceId = 0, next = null } does not have READ_SYSTEM_GRAMMATICAL_GENDER permission.
05-04 17:32:49.530   307  3739 W OptProp : Cannot read opt property android.window.PROPERTY_COMPAT_ALLOW_RESIZEABLE_ACTIVITY_OVERRIDES
05-04 17:32:49.531   307  3739 W OptProp : Cannot read opt property android.window.PROPERTY_COMPAT_ALLOW_MIN_ASPECT_RATIO_OVERRIDE
05-04 17:32:49.544   307  3739 W OptProp : Cannot read opt property android.window.PROPERTY_COMPAT_ALLOW_ORIENTATION_OVERRIDE
05-04 17:32:49.545  3320  4831 I BpBinder: onLastStrongRef automatically unlinking death recipients: 
05-04 17:32:49.548  3220  3220 I android.hardware.power-service-qti: Power setMode: 5 to: 1
05-04 17:32:49.549   307  3739 V SplashScreenExceptionList: SplashScreen checking exception for package com.westlake.host (target sdk:28) -> false
05-04 17:32:49.554  3267  3300 E ANDR-PERF-UTIL: Failed to read /sys/class/mmc_host/mmc0/clk_scaling/enable
05-04 17:32:49.554  3267  3300 E ANDR-PERF-OPTSHANDLER: Failed to read /sys/class/mmc_host/mmc0/clk_scaling/enable
05-04 17:32:49.554  3267  3300 E ANDR-PERF-RESOURCEQS: Failed to apply optimization [11, 4]
05-04 17:32:49.557   307  3739 I ActivityTaskManager: START u0 {flg=0x10000000 cmp=com.westlake.host/.WestlakeActivity (has extras)} with LAUNCH_MULTIPLE from uid 2000 (BAL_ALLOW_PERMISSION) result code=0
05-04 17:32:49.557   960   982 V WindowManagerShell: Transition requested (#4374): android.os.BinderProxy@59a6645 TransitionRequestInfo { type = OPEN, triggerTask = TaskInfo{userId=0 taskId=2251 effectiveUid=10218 displayId=0 isRunning=true baseIntent=Intent { flg=0x10000000 cmp=com.westlake.host/.WestlakeActivity } baseActivity=ComponentInfo{com.westlake.host/com.westlake.host.WestlakeActivity} topActivity=ComponentInfo{com.westlake.host/com.westlake.host.WestlakeActivity} origActivity=null realActivity=ComponentInfo{com.westlake.host/com.westlake.host.WestlakeActivity} numActivities=1 lastActiveTime=2178162123 supportsMultiWindow=true resizeMode=1 isResizeable=true minWidth=-1 minHeight=-1 defaultMinSize=220 token=WCT{android.window.IWindowContainerToken$Stub$Proxy@c44c19a} topActivityType=1 pictureInPictureParams=null shouldDockBigOverlays=false launchIntoPipHostTaskId=-1 lastParentTaskIdBeforePip=-1 displayCutoutSafeInsets=Rect(0, 80 - 0, 0) topActivityInfo=ActivityInfo{35f8acb com.westlake.host.WestlakeActivity} launchCookies=[] positionInParent=Point(0, 0) parentTaskId=-1 isFocused=false isVisible=false isVisibleRequested=false isTopActivityNoDisplay=false isSleeping=false locusId=null displayAreaFeatureId=1 isTopActivityTransparent=false isActivityStackTransparent=false lastNonFullscreenBounds=Rect(267, 606 - 814, 1686) capturedLink=null capturedLinkTimestamp=0 requestedVisibleTypes=-9 topActivityRequestOpenInBrowserEducationTimestamp=0 appCompatTaskInfo=AppCompatTaskInfo { topActivityInSizeCompat=false eligibleForLetterboxEducation= false isLetterboxEducationEnabled= false isLetterboxDoubleTapEnabled= false eligibleForUserAspectRatioButton= false topActivityBoundsLetterboxed= false isFromLetterboxDoubleTap= false topActivityLetterboxVerticalPosition= -1 topActivityLetterboxHorizontalPosition= -1 topActivityLetterboxWidth=-1 topActivityLetterboxHeight=-1 topActivityLetterboxAppWidth=-1 topActivityLetterboxAppHeight=-1 isUserFullscreenOverrideEnabled=false isSystemFullscreenOverrideEnabled=false hasMinAspectRatioOverride=false topActivityLetterboxBounds=null cameraCompatTaskInfo=CameraCompatTaskInfo { freeformCameraCompatMode=inactive}} topActivityMainWindowFrame=null}, pipChange = null, remoteTransition = null, displayChange = null, flags = 0, debugId = 4374 }
05-04 17:32:49.557   960   982 D ShellSplitScreen: logExit: no-op, mLoggerSessionId is null
05-04 17:32:49.558  1230  1230 W SplitSelectStateCtor: Missing session instanceIds
05-04 17:32:49.558  1230  1230 D StatsLog: LAUNCHER_SPLIT_SELECTION_EXIT_INTERRUPTED
05-04 17:32:49.559   960   982 D WindowManagerShell: setLauncherKeepClearAreaHeight: visible=false, height=292
05-04 17:32:49.559   960  1004 I ndroid.systemui: AssetManager2(0x7bd46d4d38) locale list changing from [] to [en-US]
05-04 17:32:49.563   307   767 I AppWidgetServiceImpl: Received broadcast: android.intent.action.PACKAGE_UNSTOPPED on user 0
05-04 17:32:49.563   307   767 I AppWidgetServiceImpl: Updating package stopped masked state for uid 10218 package com.westlake.host isStopped false
05-04 17:32:49.566   307   421 V GrammaticalInflectionUtils: AttributionSource: AttributionSource { uid = 10218, packageName = null, attributionTag = null, token = android.os.Binder@a81f694, deviceId = 0, next = null } does not have READ_SYSTEM_GRAMMATICAL_GENDER permission.
05-04 17:32:49.579  3080  3121 I netd    : tetherGetStats() -> {[]} <5.39ms>
05-04 17:32:49.580   960  1005 D SplashScreenView: Build android.window.SplashScreenView{5a08a7 V.E...... ......ID 0,0-0,0}
05-04 17:32:49.580   960  1005 D SplashScreenView: Icon: view: android.widget.ImageView{d22c154 V.ED..... ......I. 0,0-0,0 #1020525 android:id/splashscreen_icon_view} drawable: com.android.wm.shell.startingsurface.SplashscreenIconDrawableFactory$ImmobileIconDrawable@9ac18fd size: 450
05-04 17:32:49.580   960  1005 D SplashScreenView: Branding: view: android.view.View{e91e9f2 G.ED..... ......I. 0,0-0,0 #1020524 android:id/splashscreen_branding_view} drawable: null size w: 0 h: 0
05-04 17:32:49.585   307   780 D BackgroundInstallControlService: Package event received: 0
05-04 17:32:49.586  3320  3320 I BpBinder: onLastStrongRef automatically unlinking death recipients: 
05-04 17:32:49.595 32752 32752 D Zygote  : Forked child process 2740
05-04 17:32:49.597   307   526 I ActivityManager: Start proc 2740:com.westlake.host/u0a218 for next-top-activity {com.westlake.host/com.westlake.host.WestlakeActivity}
05-04 17:32:49.597  1650  1664 D ForegroundUtils: Foreground UID status:
05-04 17:32:49.598  1650  1664 D ForegroundUtils: UID: 10130 is in foreground: false
05-04 17:32:49.598  1650  1664 D ForegroundUtils: UID: 10152 is in foreground: true
05-04 17:32:49.598  1650  1664 D ForegroundUtils: UID: 10159 is in foreground: true
05-04 17:32:49.598  1650  1664 D ForegroundUtils: UID: 10173 is in foreground: true
05-04 17:32:49.598  1650  1664 D ForegroundUtils: UID: 10190 is in foreground: true
05-04 17:32:49.598  1650  1664 D ForegroundUtils: UID: 10193 is in foreground: false
05-04 17:32:49.598   307  3742 D CoreBackPreview: Window{c29a5fd u0 Splash Screen com.westlake.host}: Setting back callback OnBackInvokedCallbackInfo{mCallback=android.window.IOnBackInvokedCallback$Stub$Proxy@2e54fc0, mPriority=0, mIsAnimationCallback=false, mOverrideBehavior=0}
05-04 17:32:49.611  2740  2740 I Zygote  : seccomp disabled by setenforce 0
05-04 17:32:49.618   307   388 V WindowManager: Sent Transition (#4374) createdAt=05-04 17:32:49.532 via request=TransitionRequestInfo { type = OPEN, triggerTask = TaskInfo{userId=0 taskId=2251 effectiveUid=10218 displayId=0 isRunning=true baseIntent=Intent { flg=0x10000000 cmp=com.westlake.host/.WestlakeActivity } baseActivity=ComponentInfo{com.westlake.host/com.westlake.host.WestlakeActivity} topActivity=ComponentInfo{com.westlake.host/com.westlake.host.WestlakeActivity} origActivity=null realActivity=ComponentInfo{com.westlake.host/com.westlake.host.WestlakeActivity} numActivities=1 lastActiveTime=2178162123 supportsMultiWindow=true resizeMode=1 isResizeable=true minWidth=-1 minHeight=-1 defaultMinSize=220 token=WCT{RemoteToken{a768a9f Task{6a8d7bc #2251 type=standard A=10218:com.westlake.host}}} topActivityType=1 pictureInPictureParams=null shouldDockBigOverlays=false launchIntoPipHostTaskId=-1 lastParentTaskIdBeforePip=-1 displayCutoutSafeInsets=Rect(0, 80 - 0, 0) topActivityInfo=ActivityInfo{8afa7ec com.westlake.host.WestlakeActivity} launchCookies=[] positionInParent=Point(0, 0) parentTaskId=-1 isFocused=false isVisible=false isVisibleRequested=false isTopActivityNoDisplay=false isSleeping=false locusId=null displayAreaFeatureId=1 isTopActivityTransparent=false isActivityStackTransparent=false lastNonFullscreenBounds=Rect(267, 606 - 814, 1686) capturedLink=null capturedLinkTimestamp=0 requestedVisibleTypes=-9 topActivityRequestOpenInBrowserEducationTimestamp=0 appCompatTaskInfo=AppCompatTaskInfo { topActivityInSizeCompat=false eligibleForLetterboxEducation= false isLetterboxEducationEnabled= false isLetterboxDoubleTapEnabled= false eligibleForUserAspectRatioButton= false topActivityBoundsLetterboxed= false isFromLetterboxDoubleTap= false topActivityLetterboxVerticalPosition= -1 topActivityLetterboxHorizontalPosition= -1 topActivityLetterboxWidth=-1 topActivityLetterboxHeight=-1 topActivityLetterboxAppWidth=-1 topActivityLetterboxAppHeight=-1 isUserFullscreenOverrideEnabled=false isSystemFullscreenOverrideEnabled=false hasMinAspectRatioOverride=false topActivityLetterboxBounds=null cameraCompatTaskInfo=CameraCompatTaskInfo { freeformCameraCompatMode=inactive}} topActivityMainWindowFrame=null}, pipChange = null, remoteTransition = null, displayChange = null, flags = 0, debugId = 4374 }
05-04 17:32:49.619   307   388 V WindowManager:     startWCT=WindowContainerTransaction { changes= {} hops= [] errorCallbackToken=null taskFragmentOrganizer=null }
05-04 17:32:49.619   307   388 V WindowManager:     info={id=4374 t=OPEN f=0x0 trk=0 r=[0@Point(0, 0)] c=[
05-04 17:32:49.619   307   388 V WindowManager:         {WCT{RemoteToken{a768a9f Task{6a8d7bc #2251 type=standard A=10218:com.westlake.host}}} m=OPEN f=NONE leash=Surface(name=Task=2251)/@0x86fa4f9 sb=Rect(0, 0 - 1080, 2280) eb=Rect(0, 0 - 1080, 2280) epz=Point(1080, 2280) d=0 taskParent=-1},
05-04 17:32:49.619   307   388 V WindowManager:         {WCT{RemoteToken{cb0a3c2 Task{a516ecc #1 type=home}}} m=TO_BACK f=SHOW_WALLPAPER leash=Surface(name=Task=1)/@0xdc03e5b sb=Rect(0, 0 - 1080, 2280) eb=Rect(0, 0 - 1080, 2280) epz=Point(1080, 2280) d=0 taskParent=-1}
05-04 17:32:49.619   307   388 V WindowManager:     ]}
05-04 17:32:49.620   960 25344 V WindowManagerShell: onTransitionReady(transaction=1318555124167)
05-04 17:32:49.620   960   982 V WindowManagerShell: onTransitionReady (#4374) android.os.BinderProxy@59a6645: {id=4374 t=OPEN f=0x0 trk=0 r=[0@Point(0, 0)] c=[
05-04 17:32:49.620   960   982 V WindowManagerShell:         {m=OPEN f=NONE leash=Surface(name=Task=2251)/@0x7232784 sb=Rect(0, 0 - 1080, 2280) eb=Rect(0, 0 - 1080, 2280) epz=Point(1080, 2280) d=0 taskParent=-1},
05-04 17:32:49.620   960   982 V WindowManagerShell:         {m=TO_BACK f=SHOW_WALLPAPER leash=Surface(name=Task=1)/@0x41a3b6d sb=Rect(0, 0 - 1080, 2280) eb=Rect(0, 0 - 1080, 2280) epz=Point(1080, 2280) d=0 taskParent=-1}
05-04 17:32:49.620   960   982 V WindowManagerShell:     ]}
05-04 17:32:49.620   960   982 V WindowManagerShell: Playing animation for (#4374) android.os.BinderProxy@59a6645@0
05-04 17:32:49.620   960   982 V ShellRecents: RecentsTransitionHandler.startAnimation: no controller found
05-04 17:32:49.620   960   982 V WindowManagerShell: Transition doesn't have explicit remote, search filters for match for {id=4374 t=OPEN f=0x0 trk=0 r=[0@Point(0, 0)] c=[{m=OPEN f=NONE leash=Surface(name=Task=2251)/@0x7232784 sb=Rect(0, 0 - 1080, 2280) eb=Rect(0, 0 - 1080, 2280) epz=Point(1080, 2280) d=0 taskParent=-1},{m=TO_BACK f=SHOW_WALLPAPER leash=Surface(name=Task=1)/@0x41a3b6d sb=Rect(0, 0 - 1080, 2280) eb=Rect(0, 0 - 1080, 2280) epz=Point(1080, 2280) d=0 taskParent=-1}]}
05-04 17:32:49.621   960   982 V WindowManagerShell:  Checking filter Pair{{types=[] flags=0x0] notFlags=0x100 checks=[{atype=home independent=true modes=[OPEN,TO_FRONT] flags=NONE mustBeTask=false order=TOP topActivity=ComponentInfo{com.android.launcher3/com.android.launcher3.uioverrides.QuickstepLauncher} launchCookie=null windowingMode=undefined},{atype=standard independent=true modes=[CLOSE,TO_BACK] flags=NONE mustBeTask=false order=ANY topActivity=null launchCookie=null windowingMode=undefined},{NOT atype=undefined independent=true modes=[] flags=NONE mustBeTask=true order=ANY topActivity=null launchCookie=null customAnim=true windowingMode=undefined}]} RemoteTransition { remoteTransition = android.window.IRemoteTransition$Stub$Proxy@ae59c67, appThread = android.app.IApplicationThread$Stub$Proxy@8152a14, debugName = QuickstepLaunchHome }}
05-04 17:32:49.621   960   982 V WindowManagerShell:  Delegate animation for (#4374) to null
05-04 17:32:49.621   960   982 V WindowManagerShell: start default transition animation, info = {id=4374 t=OPEN f=0x0 trk=0 r=[0@Point(0, 0)] c=[{m=OPEN f=NONE leash=Surface(name=Task=2251)/@0x7232784 sb=Rect(0, 0 - 1080, 2280) eb=Rect(0, 0 - 1080, 2280) epz=Point(1080, 2280) d=0 taskParent=-1},{m=TO_BACK f=SHOW_WALLPAPER leash=Surface(name=Task=1)/@0x41a3b6d sb=Rect(0, 0 - 1080, 2280) eb=Rect(0, 0 - 1080, 2280) epz=Point(1080, 2280) d=0 taskParent=-1}]}
05-04 17:32:49.621   960   982 V WindowManagerShell: loadAnimation: anim=android.view.animation.AnimationSet@56d37f0 animAttr=0x13 type=OPEN isEntrance=false
05-04 17:32:49.622   960   982 V WindowManagerShell: loadAnimation: anim=android.view.animation.AnimationSet@105e31c animAttr=0x12 type=OPEN isEntrance=true
05-04 17:32:49.624  2740  2740 I m.westlake.host: Late-enabling -Xcheck:jni
05-04 17:32:49.627   960   982 V WindowManagerShell:  animated by com.android.wm.shell.transition.DefaultTransitionHandler@6c3a7ac
05-04 17:32:49.628   307 27670 W UserManagerService: Requested status bar icon for non-badged user 0
05-04 17:32:49.681  2740  2740 I m.westlake.host: Using CollectorTypeCC GC.
05-04 17:32:49.688 23361 23366 I adbd    : jdwp connection from 2740
05-04 17:32:49.698  2740  2740 D nativeloader: Load libframework-connectivity-tiramisu-jni.so using APEX ns com_android_tethering for caller /apex/com.android.tethering/javalib/framework-connectivity-t.jar: ok
05-04 17:32:49.613     0     0 I binder  : 2740:2740 ioctl 40046210 7fd4a812f4 returned -22
05-04 17:32:49.717   307   780 D BackgroundInstallControlService: Package event received: 0
05-04 17:32:49.724  1650  1664 D ForegroundUtils: Foreground UID status:
05-04 17:32:49.724  1650  1664 D ForegroundUtils: UID: 10130 is in foreground: false
05-04 17:32:49.724  1650  1664 D ForegroundUtils: UID: 10152 is in foreground: true
05-04 17:32:49.724  1650  1664 D ForegroundUtils: UID: 10159 is in foreground: true
05-04 17:32:49.724  1650  1664 D ForegroundUtils: UID: 10173 is in foreground: true
05-04 17:32:49.724  1650  1664 D ForegroundUtils: UID: 10190 is in foreground: true
05-04 17:32:49.724  1650  1664 D ForegroundUtils: UID: 10193 is in foreground: false
05-04 17:32:49.724  1650  1664 D ForegroundUtils: UID: 10218 is in foreground: true
05-04 17:32:49.733  2740  2740 D nativeloader: Load libstats_jni.so using APEX ns com_android_os_statsd for caller /apex/com.android.os.statsd/javalib/framework-statsd.jar: ok
05-04 17:32:49.767  3704  3747 W HidlServiceManagement: Waited one second for vendor.qti.hardware.cacert@1.0::IService/default
05-04 17:32:49.768   660   660 I hwservicemanager: Since vendor.qti.hardware.cacert@1.0::IService/default is not registered, trying to start it as a lazy HAL (if it's not configured to be a lazy HAL, it may be stuck starting or still starting).
05-04 17:32:49.768  3704  3747 I HidlServiceManagement: getService: Trying again for vendor.qti.hardware.cacert@1.0::IService/default...
05-04 17:32:49.772   660  2759 W libc    : Unable to set property "ctl.interface_start" to "vendor.qti.hardware.cacert@1.0::IService/default": PROP_ERROR_HANDLE_CONTROL_MESSAGE (0x20)
05-04 17:32:49.772   660  2759 I hwservicemanager: Tried to start vendor.qti.hardware.cacert@1.0::IService/default as a lazy service, but was unable to. Usually this happens when a service is not installed, but if the service is intended to be used as a lazy service, then it may be configured incorrectly.
05-04 17:32:49.774  2740  2740 D ApplicationLoaders: Returning zygote-cached class loader: /system/framework/android.test.base.jar
05-04 17:32:49.685     0     0 E init    : Control message: Could not find 'vendor.qti.hardware.cacert@1.0::IService/default' for ctl.interface_start from pid: 660 (/system/system_ext/bin/hwservicemanager)
05-04 17:32:49.776  2740  2740 W ziparchive: Unable to open '/data/app/~~Gg0G5CtqAB4V4yzAnUxcxw==/com.westlake.host-3z7eVqF571ZZVn3bfdrfTg==/base.dm': No such file or directory
05-04 17:32:49.776  2740  2740 W ziparchive: Unable to open '/data/app/~~Gg0G5CtqAB4V4yzAnUxcxw==/com.westlake.host-3z7eVqF571ZZVn3bfdrfTg==/base.dm': No such file or directory
05-04 17:32:49.920   960   982 V WindowManagerShell: Transition animation finished (aborted=false), notifying core (#4374) android.os.BinderProxy@59a6645@0
05-04 17:32:49.923   307   388 V WindowManager: Finish Transition (#4374): created at 05-04 17:32:49.532 collect-started=0.214ms request-sent=23.872ms started=25.722ms ready=82.127ms sent=84.466ms finished=389.921ms
05-04 17:32:49.925  1230  1230 D VRI[QuickstepLauncher]: visibilityChanged oldVisibility=true newVisibility=false
05-04 17:32:49.927   960   982 V WindowManagerShell: Track 0 became idle
05-04 17:32:49.927   960   982 V WindowManagerShell: All active transition animations finished
05-04 17:32:49.927   307 27670 W UserManagerService: Requested status bar icon for non-badged user 0
05-04 17:32:49.928   307 27670 W UserManagerService: Requested status bar icon for non-badged user 0
05-04 17:32:50.769  3704  3747 W HidlServiceManagement: Waited one second for vendor.qti.hardware.cacert@1.0::IService/default
05-04 17:32:50.769   660   660 I hwservicemanager: Since vendor.qti.hardware.cacert@1.0::IService/default is not registered, trying to start it as a lazy HAL (if it's not configured to be a lazy HAL, it may be stuck starting or still starting).
05-04 17:32:50.769  3704  3747 I HidlServiceManagement: getService: Trying again for vendor.qti.hardware.cacert@1.0::IService/default...
05-04 17:32:50.770   660  2761 W libc    : Unable to set property "ctl.interface_start" to "vendor.qti.hardware.cacert@1.0::IService/default": PROP_ERROR_HANDLE_CONTROL_MESSAGE (0x20)
05-04 17:32:50.770   660  2761 I hwservicemanager: Tried to start vendor.qti.hardware.cacert@1.0::IService/default as a lazy service, but was unable to. Usually this happens when a service is not installed, but if the service is intended to be used as a lazy service, then it may be configured incorrectly.
05-04 17:32:50.684     0     0 E init    : Control message: Could not find 'vendor.qti.hardware.cacert@1.0::IService/default' for ctl.interface_start from pid: 660 (/system/system_ext/bin/hwservicemanager)
05-04 17:32:50.887  2740  2740 D nativeloader: Configuring clns-7 for other apk /data/app/~~Gg0G5CtqAB4V4yzAnUxcxw==/com.westlake.host-3z7eVqF571ZZVn3bfdrfTg==/base.apk. target_sdk_version=28, uses_libraries=, library_path=/data/app/~~Gg0G5CtqAB4V4yzAnUxcxw==/com.westlake.host-3z7eVqF571ZZVn3bfdrfTg==/lib/arm64:/data/app/~~Gg0G5CtqAB4V4yzAnUxcxw==/com.westlake.host-3z7eVqF571ZZVn3bfdrfTg==/base.apk!/lib/arm64-v8a, permitted_path=/data:/mnt/expand:/data/user/0/com.westlake.host
05-04 17:32:50.897  2740  2740 I m.westlake.host: AssetManager2(0x7bd4646718) locale list changing from [] to [en-US]
05-04 17:32:50.907  2740  2740 V GraphicsEnvironment: Currently set values for:
05-04 17:32:50.907  2740  2740 V GraphicsEnvironment:   angle_gl_driver_selection_pkgs=[]
05-04 17:32:50.907  2740  2740 V GraphicsEnvironment:   angle_gl_driver_selection_values=[]
05-04 17:32:50.907  2740  2740 V GraphicsEnvironment: com.westlake.host is not listed in per-application setting
05-04 17:32:50.907  2740  2740 V GraphicsEnvironment: Neither updatable production driver nor prerelease driver is supported.
05-04 17:32:50.965   307   780 D BackgroundInstallControlService: Package event received: 0
05-04 17:32:50.965   307   780 D BackgroundInstallControlService: Package event received: 0
05-04 17:32:50.975  2740  2740 I m.westlake.host: AssetManager2(0x7bd46460d8) locale list changing from [] to [en-US]
05-04 17:32:51.026  2740  2740 I Westlake: WestlakeActivity onCreate (ComponentActivity + Compose)
05-04 17:32:51.026  2740  2740 I Westlake: Auto-launching: WESTLAKE_ART_NOICE
05-04 17:32:51.026  2740  2740 I Westlake: Launching Noice via Westlake ART VM
05-04 17:32:51.058  2740  2740 D DesktopModeFlagsUtil: Toggle override initialized to: OVERRIDE_UNSET
05-04 17:32:51.194  2740  2740 D InsetsController: Setting requestedVisibleTypes to -10 (was -9)
05-04 17:32:51.195   307 27670 W WindowManager: Failed looking up window session=Session{5647fc6 2740:u0a10218} callers=com.android.server.wm.WindowManagerService.windowForClientLocked:6324 com.android.server.wm.Session.updateRequestedVisibleTypes:699 android.view.IWindowSession$Stub.onTransact:1023 
05-04 17:32:51.575  2740  2740 W m.westlake.host: Method java.lang.Object androidx.compose.runtime.snapshots.SnapshotStateMap.mutate(kotlin.jvm.functions.Function1) failed lock verification and will run slower.
05-04 17:32:51.575  2740  2740 W m.westlake.host: Common causes for lock verification issues are non-optimized dex code
05-04 17:32:51.575  2740  2740 W m.westlake.host: and incorrect proguard optimizations.
05-04 17:32:51.576  2740  2740 W m.westlake.host: Method void androidx.compose.runtime.snapshots.SnapshotStateMap.update(kotlin.jvm.functions.Function1) failed lock verification and will run slower.
05-04 17:32:51.577  2740  2740 W m.westlake.host: Method boolean androidx.compose.runtime.snapshots.SnapshotStateMap.removeIf$runtime_release(kotlin.jvm.functions.Function1) failed lock verification and will run slower.
05-04 17:32:51.770  3704  3747 W HidlServiceManagement: Waited one second for vendor.qti.hardware.cacert@1.0::IService/default
05-04 17:32:51.770   660   660 I hwservicemanager: Since vendor.qti.hardware.cacert@1.0::IService/default is not registered, trying to start it as a lazy HAL (if it's not configured to be a lazy HAL, it may be stuck starting or still starting).
05-04 17:32:51.771  3704  3747 I HidlServiceManagement: getService: Trying again for vendor.qti.hardware.cacert@1.0::IService/default...
05-04 17:32:51.771   660  2769 W libc    : Unable to set property "ctl.interface_start" to "vendor.qti.hardware.cacert@1.0::IService/default": PROP_ERROR_HANDLE_CONTROL_MESSAGE (0x20)
05-04 17:32:51.772   660  2769 I hwservicemanager: Tried to start vendor.qti.hardware.cacert@1.0::IService/default as a lazy service, but was unable to. Usually this happens when a service is not installed, but if the service is intended to be used as a lazy service, then it may be configured incorrectly.
05-04 17:32:51.685     0     0 E init    : Control message: Could not find 'vendor.qti.hardware.cacert@1.0::IService/default' for ctl.interface_start from pid: 660 (/system/system_ext/bin/hwservicemanager)
05-04 17:32:52.007  2740  2740 I WestlakeVM: DisplayListFrameView 480x800 for com.github.ashutoshgngwr.noice
05-04 17:32:52.026  2740  2740 I WestlakeVM: startPipeReader: pipe=false holder=true thread=null
05-04 17:32:52.080   307  4369 D CoreBackPreview: Window{18d252 u0 com.westlake.host/com.westlake.host.WestlakeActivity}: Setting back callback OnBackInvokedCallbackInfo{mCallback=android.window.IOnBackInvokedCallback$Stub$Proxy@50f13d9, mPriority=0, mIsAnimationCallback=false, mOverrideBehavior=0}
05-04 17:32:52.206  2740  2764 I AdrenoGLES-0: QUALCOMM build                   : 8e5405b, I57aaec3440
05-04 17:32:52.206  2740  2764 I AdrenoGLES-0: Build Date                       : 05/21/21
05-04 17:32:52.206  2740  2764 I AdrenoGLES-0: OpenGL ES Shader Compiler Version: EV031.32.02.10
05-04 17:32:52.206  2740  2764 I AdrenoGLES-0: Local Branch                     : mybranchebba1dbe-451b-f160-ac81-1458d0b52ae8
05-04 17:32:52.206  2740  2764 I AdrenoGLES-0: Remote Branch                    : quic/gfx-adreno.lnx.1.0.r135-rel
05-04 17:32:52.206  2740  2764 I AdrenoGLES-0: Remote Branch                    : NONE
05-04 17:32:52.206  2740  2764 I AdrenoGLES-0: Reconstruct Branch               : NOTHING
05-04 17:32:52.206  2740  2764 I AdrenoGLES-0: Build Config                     : S P 10.0.7 AArch64
05-04 17:32:52.207  2740  2764 I AdrenoGLES-0: Driver Path                      : /vendor/lib64/egl/libGLESv2_adreno.so
05-04 17:32:52.215  2740  2764 I AdrenoGLES-0: PFP: 0x016ee190, ME: 0x00000000
05-04 17:32:52.230  3320  4831 E HWComposer: getSupportedContentTypes: getSupportedContentTypes failed for display 4630946883826275713: UNSUPPORTED (8)
05-04 17:32:52.234   660   660 I hwservicemanager: getTransport: Cannot find entry android.hardware.graphics.mapper@4.0::IMapper/default in either framework or device VINTF manifest.
05-04 17:32:52.234  2740  2770 I Gralloc4: mapper 4.x is not supported
05-04 17:32:52.234   660   660 I hwservicemanager: getTransport: Cannot find entry android.hardware.graphics.mapper@3.0::IMapper/default in either framework or device VINTF manifest.
05-04 17:32:52.147     0     0 I servicemanager: Caller(pid=2740,uid=10218,sid=u:r:untrusted_app_27:s0:c218,c256,c512,c768) Could not find android.hardware.graphics.allocator.IAllocator/default in the VINTF manifest. No alternative instances declared in VINTF.
05-04 17:32:52.147     0     0 I binder  : 2740:2770 ioctl 40046210 7a9c078094 returned -22
05-04 17:32:52.235  2740  2770 W Gralloc3: mapper 3.x is not supported
05-04 17:32:52.240  2740  2770 I Gralloc2: Adding additional valid usage bits: 0x8202000
05-04 17:32:52.368   307   388 W ziparchive: Unable to open '/data/app/~~Gg0G5CtqAB4V4yzAnUxcxw==/com.westlake.host-3z7eVqF571ZZVn3bfdrfTg==/base.dm': No such file or directory
05-04 17:32:52.370   307   388 I ActivityTaskManager: Displayed com.westlake.host/.WestlakeActivity for user 0: +2s846ms
05-04 17:32:52.389  2740  2758 I HWUI    : Davey! duration=1159ms; Flags=1, FrameTimelineVsyncId=93881549, IntendedVsync=2138202779360695, Vsync=2138202779360695, InputEventId=0, HandleInputStart=2138202780694493, AnimationStart=2138202780709546, PerformTraversalsStart=2138202780720327, DrawStart=2138203825821733, FrameDeadline=2138202796027361, FrameInterval=2138202780653712, FrameStartTime=16691767, SyncQueued=2138203847589545, SyncStart=2138203847762201, IssueDrawCommandsStart=2138203848380118, SwapBuffers=2138203935543556, FrameCompleted=2138203939148347, DequeueBufferDuration=23646, QueueBufferDuration=566927, GpuCompleted=2138203939148347, SwapBuffersCompleted=2138203937102149, DisplayPresentTime=0, CommandSubmissionCompleted=2138203935543556, 
05-04 17:32:52.426  2740  2740 I Choreographer: Skipped 63 frames!  The application may be doing too much work on its main thread.
05-04 17:32:52.427  2740  2779 I WestlakeVM: startWithConfig() called, config=ApkVmConfig(packageName=com.github.ashutoshgngwr.noice, activityName=com.github.ashutoshgngwr.noice.activity.MainActivity, displayName=Noice (ART), apkSourceDir=/data/app/~~R7-vSKxT523z7oA2P8Ynag==/com.github.ashutoshgngwr.noice-D3ESsKFH5h3RNFnLUIp9ig==/base.apk, allowRealFrameworkFallback=false, backendMode=null, extraVmProperties={})
05-04 17:32:52.448   307   656 I ImeTracker: com.westlake.host:91d45c26: onRequestHide at ORIGIN_SERVER reason HIDE_UNSPECIFIED_WINDOW fromUser false
05-04 17:32:52.464  2740  2740 D InsetsController: hide(ime(), fromIme=false)
05-04 17:32:52.464  2740  2740 I ImeTracker: com.westlake.host:91d45c26: onCancelled at PHASE_CLIENT_ALREADY_HIDDEN
05-04 17:32:52.467  3220  3220 I android.hardware.power-service-qti: Power setMode: 5 to: 0
05-04 17:32:52.471  1650  1664 D ForegroundUtils: Foreground UID status:
05-04 17:32:52.471  1650  1664 D ForegroundUtils: UID: 10130 is in foreground: false
05-04 17:32:52.471  1650  1664 D ForegroundUtils: UID: 10152 is in foreground: false
05-04 17:32:52.471  1650  1664 D ForegroundUtils: UID: 10159 is in foreground: true
05-04 17:32:52.471  1650  1664 D ForegroundUtils: UID: 10173 is in foreground: true
05-04 17:32:52.471  1650  1664 D ForegroundUtils: UID: 10190 is in foreground: true
05-04 17:32:52.471  1650  1664 D ForegroundUtils: UID: 10193 is in foreground: false
05-04 17:32:52.471  1650  1664 D ForegroundUtils: UID: 10218 is in foreground: true
05-04 17:32:52.486  1230  1230 D BaseDepthController: setSurface:
05-04 17:32:52.486  1230  1230 D BaseDepthController: 	mWaitingOnSurfaceValidity: false
05-04 17:32:52.486  1230  1230 D BaseDepthController: 	mSurface: null
05-04 17:32:52.487  1230  1230 D StateManager: goToState - fromState: Normal, toState: Normal, partial trace:
05-04 17:32:52.487  1230  1230 D StateManager: 	at com.android.launcher3.statemanager.StateManager.moveToRestState(StateManager.java:465)
05-04 17:32:52.487  1230  1230 D StateManager: 	at com.android.launcher3.statemanager.StateManager.moveToRestState(StateManager.java:456)
05-04 17:32:52.487  1230  1230 D StateManager: 	at com.android.launcher3.statemanager.StatefulActivity.onStop(StatefulActivity.java:136)
05-04 17:32:52.488  1230  1230 D StatsLog: LAUNCHER_ONSTOP
05-04 17:32:52.494  3080  3121 I netd    : tetherGetStats() -> {[]} <5.16ms>
05-04 17:32:52.496   307  4369 I AppWidgetServiceImpl: setAppWidgetHidden() 0
05-04 17:32:52.503   307   780 D BackgroundInstallControlService: Package event received: 0
05-04 17:32:52.743   960  1004 W WindowOnBackDispatcher: sendCancelIfRunning: isInProgress=false callback=android.view.ViewRootImpl$$ExternalSyntheticLambda13@b7a6ab5
05-04 17:32:52.745  3220  3220 I android.hardware.power-service-qti: Power setBoost: 0, duration: 0
05-04 17:32:52.751   307 27670 D CoreBackPreview: Window{c29a5fd u0 Splash Screen com.westlake.host EXITING}: Setting back callback null
05-04 17:32:52.771  3704  3747 W HidlServiceManagement: Waited one second for vendor.qti.hardware.cacert@1.0::IService/default
05-04 17:32:52.771   660   660 I hwservicemanager: Since vendor.qti.hardware.cacert@1.0::IService/default is not registered, trying to start it as a lazy HAL (if it's not configured to be a lazy HAL, it may be stuck starting or still starting).
05-04 17:32:52.772  3704  3747 I HidlServiceManagement: getService: Trying again for vendor.qti.hardware.cacert@1.0::IService/default...
05-04 17:32:52.776   660  2827 W libc    : Unable to set property "ctl.interface_start" to "vendor.qti.hardware.cacert@1.0::IService/default": PROP_ERROR_HANDLE_CONTROL_MESSAGE (0x20)
05-04 17:32:52.777   660  2827 I hwservicemanager: Tried to start vendor.qti.hardware.cacert@1.0::IService/default as a lazy service, but was unable to. Usually this happens when a service is not installed, but if the service is intended to be used as a lazy service, then it may be configured incorrectly.
05-04 17:32:52.690     0     0 E init    : Control message: Could not find 'vendor.qti.hardware.cacert@1.0::IService/default' for ctl.interface_start from pid: 660 (/system/system_ext/bin/hwservicemanager)
05-04 17:32:52.793   960  1004 W FrameTracker: Missing SF jank callback for vsyncId: 93881672, CUJ=J<SPLASHSCREEN_EXIT_ANIM>
05-04 17:32:52.793   960  1004 W FrameTracker: Missing SF jank callback for vsyncId: 93881707, CUJ=J<SPLASHSCREEN_EXIT_ANIM>
05-04 17:32:52.793   960  1004 W FrameTracker: Missing SF jank callback for vsyncId: 93881720, CUJ=J<SPLASHSCREEN_EXIT_ANIM>
05-04 17:32:52.793   960  1004 W FrameTracker: Missing SF jank callback for vsyncId: 93881746, CUJ=J<SPLASHSCREEN_EXIT_ANIM>
05-04 17:32:52.793   960  1004 W FrameTracker: Missing SF jank callback for vsyncId: 93881777, CUJ=J<SPLASHSCREEN_EXIT_ANIM>
05-04 17:32:52.793   960  1004 W FrameTracker: Missing SF jank callback for vsyncId: 93881796, CUJ=J<SPLASHSCREEN_EXIT_ANIM>
05-04 17:32:52.793   960  1004 W FrameTracker: Missing SF jank callback for vsyncId: 93881834, CUJ=J<SPLASHSCREEN_EXIT_ANIM>
05-04 17:32:52.794   960  1004 W FrameTracker: Missing SF jank callback for vsyncId: 93881861, CUJ=J<SPLASHSCREEN_EXIT_ANIM>
05-04 17:32:52.794   960  1004 W FrameTracker: Missing SF jank callback for vsyncId: 93881878, CUJ=J<SPLASHSCREEN_EXIT_ANIM>
05-04 17:32:52.794   960  1004 W FrameTracker: Missing SF jank callback for vsyncId: 93881891, CUJ=J<SPLASHSCREEN_EXIT_ANIM>
05-04 17:32:52.794   960  1004 W FrameTracker: Missing SF jank callback for vsyncId: 93881904, CUJ=J<SPLASHSCREEN_EXIT_ANIM>
05-04 17:32:52.794   960  1004 W FrameTracker: Missing SF jank callback for vsyncId: 93881917, CUJ=J<SPLASHSCREEN_EXIT_ANIM>
05-04 17:32:52.794   960  1004 W FrameTracker: Missing SF jank callback for vsyncId: 93881930, CUJ=J<SPLASHSCREEN_EXIT_ANIM>
05-04 17:32:52.794   960  1004 W FrameTracker: Missing SF jank callback for vsyncId: 93881943, CUJ=J<SPLASHSCREEN_EXIT_ANIM>
05-04 17:32:52.794   960  1004 W FrameTracker: Missing SF jank callback for vsyncId: 93881956, CUJ=J<SPLASHSCREEN_EXIT_ANIM>
05-04 17:32:52.794   960  1004 W FrameTracker: Missing SF jank callback for vsyncId: 93881969, CUJ=J<SPLASHSCREEN_EXIT_ANIM>
05-04 17:32:52.794   960  1004 W FrameTracker: Missing SF jank callback for vsyncId: 93881982, CUJ=J<SPLASHSCREEN_EXIT_ANIM>
05-04 17:32:52.794   960  1004 W FrameTracker: Missing SF jank callback for vsyncId: 93882008, CUJ=J<SPLASHSCREEN_EXIT_ANIM>
05-04 17:32:52.799  2740  2816 W InteractionJankMonitor: Initializing without READ_DEVICE_CONFIG permission. enabled=true, interval=1, missedFrameThreshold=3, frameTimeThreshold=64, package=com.westlake.host
05-04 17:32:52.973  2740  2779 I WestlakeVM: App OAT symlinks: 0 files in /data/local/tmp/westlake/oat/arm64
05-04 17:32:52.985     0     0 I QCOM-BATT: pl_fcc_vote_callback: total_fcc_ua=1950000
05-04 17:32:52.985     0     0 I QCOM-BATT: pl_fv_vote_callback: fv_uv=4400000
05-04 17:32:53.346     0     0 E FG      : fg_psy_get_property: unsupported property 79
05-04 17:32:53.362     0     0 E FG      : fg_psy_get_property: unsupported property 79
05-04 17:32:53.367     0     0 W healthd : battery l=100 v=3058 t=23.9 h=2 st=5 c=0 fc=2831000 chg=u
05-04 17:32:53.460  1126  1126 D QtiCarrierConfigHelper: WARNING, no carrier configs on phone Id: 0
05-04 17:32:53.376     0     0 E FG      : fg_psy_get_property: unsupported property 79
05-04 17:32:53.469   960  2657 D PowerUI : can't show warning due to - plugged: true status unknown: false
05-04 17:32:53.772  3704  3747 W HidlServiceManagement: Waited one second for vendor.qti.hardware.cacert@1.0::IService/default
05-04 17:32:53.774   660   660 I hwservicemanager: Since vendor.qti.hardware.cacert@1.0::IService/default is not registered, trying to start it as a lazy HAL (if it's not configured to be a lazy HAL, it may be stuck starting or still starting).
05-04 17:32:53.775  3704  3747 I HidlServiceManagement: getService: Trying again for vendor.qti.hardware.cacert@1.0::IService/default...
05-04 17:32:53.777   660  2837 W libc    : Unable to set property "ctl.interface_start" to "vendor.qti.hardware.cacert@1.0::IService/default": PROP_ERROR_HANDLE_CONTROL_MESSAGE (0x20)
05-04 17:32:53.777   660  2837 I hwservicemanager: Tried to start vendor.qti.hardware.cacert@1.0::IService/default as a lazy service, but was unable to. Usually this happens when a service is not installed, but if the service is intended to be used as a lazy service, then it may be configured incorrectly.
05-04 17:32:53.691     0     0 E init    : Control message: Could not find 'vendor.qti.hardware.cacert@1.0::IService/default' for ctl.interface_start from pid: 660 (/system/system_ext/bin/hwservicemanager)
05-04 17:32:54.502  2740  2740 I DefaultDispatch: type=1400 audit(0.0:56252): avc:  denied  { setattr } for  name="westlake-launch.properties" dev="sda17" ino=1973264 scontext=u:r:untrusted_app_27:s0:c218,c256,c512,c768 tcontext=u:object_r:shell_data_file:s0 tclass=file permissive=1 app=com.westlake.host
05-04 17:32:54.512  2838  2838 W DefaultDispatch: type=1400 audit(0.0:56253): avc:  granted  { execute } for  name="dalvikvm" dev="sda17" ino=524812 scontext=u:r:untrusted_app_27:s0:c218,c256,c512,c768 tcontext=u:object_r:app_data_file:s0:c218,c256,c512,c768 tclass=file app=com.westlake.host
05-04 17:32:54.512  2838  2838 W DefaultDispatch: type=1400 audit(0.0:56254): avc:  granted  { execute_no_trans } for  path="/data/user/0/com.westlake.host/files/vm/dalvikvm" dev="sda17" ino=524812 scontext=u:r:untrusted_app_27:s0:c218,c256,c512,c768 tcontext=u:object_r:app_data_file:s0:c218,c256,c512,c768 tclass=file app=com.westlake.host
05-04 17:32:54.521  2740  2839 I WestlakeVM: HTTP bridge started: /data/user/0/com.westlake.host/files/vm/http_bridge
05-04 17:32:54.512  2838  2838 W dalvikvm: type=1400 audit(0.0:56255): avc:  granted  { execute } for  path="/data/user/0/com.westlake.host/files/vm/dalvikvm" dev="sda17" ino=524812 scontext=u:r:untrusted_app_27:s0:c218,c256,c512,c768 tcontext=u:object_r:app_data_file:s0:c218,c256,c512,c768 tclass=file app=com.westlake.host
05-04 17:32:54.523  2740  2844 I WestlakeVM: startPipeReader: pipe=true holder=true thread=null
05-04 17:32:54.524  2740  2847 I WestlakeVM: PIPE READER: started, holder=com.westlake.host.DisplayListFrameView{fd30aae V.ED..... ........ 0,0-1080,1800}
05-04 17:32:54.525  2740  2845 I WestlakeVM: VM: [dalvikvm] Injected mainThreadStackSize=256MB
05-04 17:32:54.526  2740  2845 I WestlakeVM: VM: [dalvikvm] Captured -classpath=/data/local/tmp/westlake/com_github_ashutoshgngwr_noice_classes.dex:/data/local/tmp/westlake/com_github_ashutoshgngwr_noice.apk
05-04 17:32:54.526  2740  2845 I WestlakeVM: VM: [RT-DBG] Locks::Init done, calling InitLogging
05-04 17:32:54.526  2740  2845 I WestlakeVM: VM: [RT-DBG] InitLogging done, calling ParsedOptions::Parse
05-04 17:32:54.528  2740  2779 I WestlakeVM: Pipe reader started, syncing to DLST magic...
05-04 17:32:54.531  2740  2845 I WestlakeVM: VM: nullptr I 05-05 04:32:54  2838  2846 parsed_options.cc:701] setting boot class path to /data/local/tmp/westlake/core-oj.jar:/data/local/tmp/westlake/core-libart.jar:/data/local/tmp/westlake/core-icu4j.jar:/data/local/tmp/westlake/bouncycastle.jar:/data/local/tmp/westlake/aosp-shim.dex
05-04 17:32:54.532  2740  2845 I WestlakeVM: VM: nullptr I 05-05 04:32:54  2838  2846 heap.cc:440] Using CollectorType(2) GC.
05-04 17:32:54.532  2740  2845 I WestlakeVM: VM: [IMG] LoadBootImage entered, image_locations=0
05-04 17:32:54.561  2740  2845 I WestlakeVM: VM: [PFCUT] Standalone runtime forcing JIT/profiling off
05-04 17:32:54.562  2740  2845 I WestlakeVM: VM: nullptr W 05-05 04:32:54  2838  2846 fault_handler.cc:131] FaultHandler: MEMBARRIER_CMD_REGISTER_PRIVATE_EXPEDITED failed: 38 Function not implemented
05-04 17:32:54.563  2740  2845 I WestlakeVM: VM: nullptr W 05-05 04:32:54  2838  2846 dex_file_loader.cc:536] Can't mmap dex file /data/local/tmp/westlake/core-icu4j.jar!classes.dex directly; please zipalign to 4 bytes. Falling back to extracting file.
05-04 17:32:54.574  2740  2845 I WestlakeVM: VM: nullptr W 05-05 04:32:54  2838  2846 class_linker.cc:875] CheckSystemClass: Class mismatch for Ljava/lang/String; (continuing for standalone dex2oat)
05-04 17:32:54.574  2740  2845 I WestlakeVM: VM: nullptr W 05-05 04:32:54  2838  2846 class_linker.cc:878]   c1 (pre-allocated) ptr=0x10cb780 objectSize=0 classSize=784 status=1 numVTable=81 numMethods=0 numSFields=0 numIFields=0
05-04 17:32:54.575  2740  2845 I WestlakeVM: VM: nullptr W 05-05 04:32:54  2838  2846 class_linker.cc:887]   c2 (from DEX)      ptr=0x1400b800 objectSize=0 classSize=808 status=7 numVTable=-1 numMethods=131 numSFields=7 numIFields=2
05-04 17:32:54.575  2740  2845 I WestlakeVM: VM: nullptr W 05-05 04:32:54  2838  2846 class_linker.cc:903]   String root = c2 (0x1400b800, 131 methods)
05-04 17:32:54.578  2740  2845 I WestlakeVM: VM: [RT] Runtime::Start() ENTERED
05-04 17:32:54.578  2740  2845 I WestlakeVM: VM: [RT] Standalone class path open: /data/local/tmp/westlake/com_github_ashutoshgngwr_noice_classes.dex (1 dex)
05-04 17:32:54.642  2740  2845 I WestlakeVM: VM: [RT] Standalone class path open: /data/local/tmp/westlake/com_github_ashutoshgngwr_noice.apk (1 dex)
05-04 17:32:54.643  2740  2845 I WestlakeVM: VM: [RT] Standalone class path ready: 2 dex files
05-04 17:32:54.643  2740  2845 I WestlakeVM: VM: [RT]   TRY_REGISTER(register_java_lang_Throwable) ...
05-04 17:32:54.643  2740  2845 I WestlakeVM: VM: [RT]   TRY_REGISTER(register_java_lang_Throwable) done
05-04 17:32:54.643  2740  2845 I WestlakeVM: VM: [RT]   TRY_REGISTER(register_dalvik_system_DexFile) ...
05-04 17:32:54.644  2740  2845 I WestlakeVM: VM: [RT]   TRY_REGISTER(register_dalvik_system_DexFile) done
05-04 17:32:54.644  2740  2845 I WestlakeVM: VM: [RT]   TRY_REGISTER(register_dalvik_system_BaseDexClassLoader) ...
05-04 17:32:54.644  2740  2845 I WestlakeVM: VM: [RT]   TRY_REGISTER(register_dalvik_system_BaseDexClassLoader) done
05-04 17:32:54.646  2740  2845 I WestlakeVM: VM: [RT]   TRY_REGISTER(register_dalvik_system_VMDebug) ...
05-04 17:32:54.646  2740  2845 I WestlakeVM: VM: [RT]   TRY_REGISTER(register_dalvik_system_VMDebug) done
05-04 17:32:54.646  2740  2845 I WestlakeVM: VM: [RT]   TRY_REGISTER(real_register_dalvik_system_VMRuntime) ...
05-04 17:32:54.646  2740  2845 I WestlakeVM: VM: [jni] Skipping missing native method: getFullGcCount()J
05-04 17:32:54.646  2740  2845 I WestlakeVM: VM: [jni] Skipping missing native method: getFullGcCount()J
05-04 17:32:54.647  2740  2845 I WestlakeVM: VM: nullptr W 05-05 04:32:54  2838  2846 tolerant_native_util.h:41] RegisterNatives: skipping dalvik/system/VMRuntime.getFullGcCount()J (not in JAR)
05-04 17:32:54.647  2740  2845 I WestlakeVM: VM: nullptr I 05-05 04:32:54  2838  2846 tolerant_native_util.h:47] RegisterNatives: dalvik/system/VMRuntime: 48/49 methods registered
05-04 17:32:54.647  2740  2845 I WestlakeVM: VM: [RT]   TRY_REGISTER(real_register_dalvik_system_VMRuntime) done
05-04 17:32:54.647  2740  2845 I WestlakeVM: VM: [RT]   TRY_REGISTER(register_dalvik_system_VMStack) ...
05-04 17:32:54.647  2740  2845 I WestlakeVM: VM: [RT]   TRY_REGISTER(register_dalvik_system_VMStack) done
05-04 17:32:54.647  2740  2845 I WestlakeVM: VM: [RT]   TRY_REGISTER(register_dalvik_system_ZygoteHooks) ...
