05-04 17:33:07.017  3703 20622 D LOWI-9.0.0.79: [LOWI-Scan] is_qcom_ie, bss_age: 0
05-04 17:33:07.017  3703 20622 D LOWI-9.0.0.79: [LOWI-Scan] BSS a2:05:d6:4d:36:3f LOWI_PHY_MODE_11AC_VHT20_2G(11), Beacon Interval: 100, LOWI_ENCRYPTION_TYPE_WPA_EAP 11mcRanging: No, ANQP: No, LCI: No, Civic: No, capability(0x1031): ESS Privacy ShortPreamble
05-04 17:33:07.017  3703 20622 D LOWI-9.0.0.79: [LOWI-Scan] BSS a2:05:d6:4d:36:3f FREQ: 2442, cFreq1[40:80:160] = [0:0:0] cFreq2 = 0 Country Code = US 
05-04 17:33:07.017  3703 20622 D LOWI-9.0.0.79: [LOWI-Scan] BSS a2:05:d6:4d:36:3f (wlan0) ASSO: NO AddInfo: 0x1, TSF 25, 05:02:56.866, RSSI: -102, CPL: 127, AGE: 2700,  SSID fw-corp, TSFDelta: 0xe625e9e7, TXRate: 0
05-04 17:33:07.017  3703 20622 D LOWI-9.0.0.79: [LOWI-Scan] 
05-04 17:33:07.017  3703 20622 D LOWI-9.0.0.79: [LOWI-Scan] print_bss_handler: Report beacon TSF 2178176869283 as it greater than probe TSF 2178176869283
05-04 17:33:07.017  3703 20622 I LOWI-9.0.0.79: [LOWI-Scan] RSN_IE
05-04 17:33:07.017  3703 20622 D LOWI-9.0.0.79: [LOWI-Scan] decode_rsn_wpa_ie: Entered
05-04 17:33:07.017  3703 20622 D LOWI-9.0.0.79: [LOWIUtils] hexDump: msg(30 18 01 00 00 0f ac 04 01 00 00 0f ac 04 02 00 00 0f ac 02 00 0f ac 08 )
05-04 17:33:07.017  3703 20622 D LOWI-9.0.0.79: [LOWI-Scan] decode_rsn_wpa_ie: LOWI_ENCRYPTION_TYPE_WPA_PSK
05-04 17:33:07.017  3703 20622 D LOWI-9.0.0.79: [LOWI-Scan] is_qcom_ie, bss_age: 0
05-04 17:33:07.017  3703 20622 D LOWI-9.0.0.79: [LOWI-Scan] BSS a6:05:d6:4d:36:3f LOWI_PHY_MODE_11AC_VHT20_2G(11), Beacon Interval: 100, LOWI_ENCRYPTION_TYPE_WPA_PSK 11mcRanging: No, ANQP: No, LCI: No, Civic: No, capability(0x1031): ESS Privacy ShortPreamble
05-04 17:33:07.017  3703 20622 D LOWI-9.0.0.79: [LOWI-Scan] BSS a6:05:d6:4d:36:3f FREQ: 2442, cFreq1[40:80:160] = [0:0:0] cFreq2 = 0 Country Code = US 
05-04 17:33:07.017  3703 20622 D LOWI-9.0.0.79: [LOWI-Scan] BSS a6:05:d6:4d:36:3f (wlan0) ASSO: NO AddInfo: 0x1, TSF 25, 05:02:56.869, RSSI: -102, CPL: 127, AGE: 2700,  SSID , TSFDelta: 0xe625e9e7, TXRate: 0
05-04 17:33:07.017  3703 20622 D LOWI-9.0.0.79: [LOWI-Scan] 
05-04 17:33:07.017  3703 20622 D LOWI-9.0.0.79: [LOWI-Scan] print_bss_handler: Report beacon TSF 2178176872658 as it greater than probe TSF 2178176872658
05-04 17:33:07.017  3703 20622 I LOWI-9.0.0.79: [LOWI-Scan] RSN_IE
05-04 17:33:07.017  3703 20622 D LOWI-9.0.0.79: [LOWI-Scan] decode_rsn_wpa_ie: Entered
05-04 17:33:07.018  3703 20622 D LOWI-9.0.0.79: [LOWIUtils] hexDump: msg(30 18 01 00 00 0f ac 04 01 00 00 0f ac 04 02 00 00 0f ac 01 00 0f ac 03 )
05-04 17:33:07.018  3703 20622 D LOWI-9.0.0.79: [LOWI-Scan] decode_rsn_wpa_ie: LOWI_ENCRYPTION_TYPE_WPA_EAP
05-04 17:33:07.018  3703 20622 D LOWI-9.0.0.79: [LOWI-Scan] is_qcom_ie, bss_age: 0
05-04 17:33:07.018  3703 20622 D LOWI-9.0.0.79: [LOWI-Scan] BSS aa:05:d6:4d:36:3f LOWI_PHY_MODE_11AC_VHT20_2G(11), Beacon Interval: 100, LOWI_ENCRYPTION_TYPE_WPA_EAP 11mcRanging: No, ANQP: No, LCI: No, Civic: No, capability(0x1031): ESS Privacy ShortPreamble
05-04 17:33:07.018  3703 20622 D LOWI-9.0.0.79: [LOWI-Scan] BSS aa:05:d6:4d:36:3f FREQ: 2442, cFreq1[40:80:160] = [0:0:0] cFreq2 = 0 Country Code = US 
05-04 17:33:07.018  3703 20622 D LOWI-9.0.0.79: [LOWI-Scan] BSS aa:05:d6:4d:36:3f (wlan0) ASSO: NO AddInfo: 0x1, TSF 25, 05:02:56.872, RSSI: -100, CPL: 127, AGE: 2690,  SSID fw-guest, TSFDelta: 0xe625e9e7, TXRate: 0
05-04 17:33:07.018  3703 20622 D LOWI-9.0.0.79: [LOWI-Scan] 
05-04 17:33:07.018  3703 20622 D LOWI-9.0.0.79: [LOWI-Scan] print_bss_handler: Report beacon TSF 2178176875509 as it greater than probe TSF 2178176875509
05-04 17:33:07.018  3703 20622 I LOWI-9.0.0.79: [LOWI-Scan] RSN_IE
05-04 17:33:07.018  3703 20622 D LOWI-9.0.0.79: [LOWI-Scan] decode_rsn_wpa_ie: Entered
05-04 17:33:07.018  3703 20622 D LOWI-9.0.0.79: [LOWIUtils] hexDump: msg(30 14 01 00 00 0f ac 04 01 00 00 0f ac 04 01 00 00 0f ac 02 )
05-04 17:33:07.018  3703 20622 D LOWI-9.0.0.79: [LOWI-Scan] decode_rsn_wpa_ie: LOWI_ENCRYPTION_TYPE_WPA_PSK
05-04 17:33:07.018  3703 20622 D LOWI-9.0.0.79: [LOWI-Scan] is_qcom_ie, bss_age: 0
05-04 17:33:07.018  3703 20622 D LOWI-9.0.0.79: [LOWI-Scan] BSS ae:05:d6:4d:36:3f LOWI_PHY_MODE_11AC_VHT20_2G(11), Beacon Interval: 100, LOWI_ENCRYPTION_TYPE_WPA_PSK 11mcRanging: No, ANQP: No, LCI: No, Civic: No, capability(0x1031): ESS Privacy ShortPreamble
05-04 17:33:07.018  3703 20622 D LOWI-9.0.0.79: [LOWI-Scan] BSS ae:05:d6:4d:36:3f FREQ: 2442, cFreq1[40:80:160] = [0:0:0] cFreq2 = 0 Country Code = US 
05-04 17:33:07.018  3703 20622 D LOWI-9.0.0.79: [LOWI-Scan] BSS ae:05:d6:4d:36:3f (wlan0) ASSO: NO AddInfo: 0x1, TSF 25, 05:02:56.875, RSSI: -100, CPL: 127, AGE: 2690,  SSID , TSFDelta: 0xe625e9e7, TXRate: 0
05-04 17:33:07.018  3703 20622 D LOWI-9.0.0.79: [LOWI-Scan] 
05-04 17:33:07.018  3703 20622 D LOWI-9.0.0.79: [LOWI-Scan] print_bss_handler: Report beacon TSF 2178177164308 as it greater than probe TSF 2178177164308
05-04 17:33:07.018  3703 20622 I LOWI-9.0.0.79: [LOWI-Scan] RSN_IE
05-04 17:33:07.018  3703 20622 D LOWI-9.0.0.79: [LOWI-Scan] decode_rsn_wpa_ie: Entered
05-04 17:33:07.018  3703 20622 D LOWI-9.0.0.79: [LOWIUtils] hexDump: msg(30 14 01 00 00 0f ac 04 01 00 00 0f ac 04 01 00 00 0f ac 02 )
05-04 17:33:07.018  3703 20622 D LOWI-9.0.0.79: [LOWI-Scan] decode_rsn_wpa_ie: LOWI_ENCRYPTION_TYPE_WPA_PSK
05-04 17:33:07.018  3703 20622 D LOWI-9.0.0.79: [LOWI-Scan] is_qcom_ie, bss_age: 0
05-04 17:33:07.018  3703 20622 D LOWI-9.0.0.79: [LOWI-Scan] BSS 22:3b:fb:98:7c:5f LOWI_PHY_MODE_11AC_VHT20_2G(11), Beacon Interval: 100, LOWI_ENCRYPTION_TYPE_WPA_PSK 11mcRanging: No, ANQP: No, LCI: No, Civic: No, capability(0x0431): ESS Privacy ShortPreamble ShortSlotTime
05-04 17:33:07.018  3703 20622 D LOWI-9.0.0.79: [LOWI-Scan] BSS 22:3b:fb:98:7c:5f FREQ: 2462, cFreq1[40:80:160] = [0:0:0] cFreq2 = 0 Country Code =    
05-04 17:33:07.018  3703 20622 D LOWI-9.0.0.79: [LOWI-Scan] BSS 22:3b:fb:98:7c:5f (wlan0) ASSO: NO AddInfo: 0x1, TSF 25, 05:02:57.164, RSSI: -152, CPL: 127, AGE: 2400,  SSID , TSFDelta: 0xf220f989, TXRate: 0
05-04 17:33:07.019  3703 20622 D LOWI-9.0.0.79: [LOWI-Scan] 
05-04 17:33:07.019  3703 20622 D LOWI-9.0.0.79: [LOWI-Scan] print_bss_handler: Report beacon TSF 2178177241960 as it greater than probe TSF 2178177241960
05-04 17:33:07.019  3703 20622 I LOWI-9.0.0.79: [LOWI-Scan] RSN_IE
05-04 17:33:07.019  3703 20622 D LOWI-9.0.0.79: [LOWI-Scan] decode_rsn_wpa_ie: Entered
05-04 17:33:07.019  3703 20622 D LOWI-9.0.0.79: [LOWIUtils] hexDump: msg(30 14 01 00 00 0f ac 04 01 00 00 0f ac 04 01 00 00 0f ac 02 )
05-04 17:33:07.019  3703 20622 D LOWI-9.0.0.79: [LOWI-Scan] decode_rsn_wpa_ie: LOWI_ENCRYPTION_TYPE_WPA_PSK
05-04 17:33:07.019  3703 20622 D LOWI-9.0.0.79: [LOWI-Scan] is_qcom_ie, bss_age: 0
05-04 17:33:07.019  3703 20622 D LOWI-9.0.0.79: [LOWI-Scan] BSS a6:2a:6f:36:02:18 LOWI_PHY_MODE_11AC_VHT40(9), Beacon Interval: 100, LOWI_ENCRYPTION_TYPE_WPA_PSK 11mcRanging: No, ANQP: No, LCI: No, Civic: No, capability(0x1111): ESS Privacy SpectrumMgmt
05-04 17:33:07.019  3703 20622 D LOWI-9.0.0.79: [LOWI-Scan] BSS a6:2a:6f:36:02:18 FREQ: 5200, cFreq1[40:80:160] = [5190:0:0] cFreq2 = 0 Country Code = US
05-04 17:33:07.019  3703 20622 D LOWI-9.0.0.79: [LOWI-Scan] BSS a6:2a:6f:36:02:18 (wlan0) ASSO: NO AddInfo: 0x1, TSF 25, 05:02:57.241, RSSI: -172, CPL: 127, AGE: 2330,  SSID , TSFDelta: 0x92f6e177, TXRate: 0
05-04 17:33:07.019  3703 20622 D LOWI-9.0.0.79: [LOWI-Scan] 
05-04 17:33:07.019  3703 20622 D LOWI-9.0.0.79: [LOWI-Scan] print_bss_handler: Report Probe TSF 2178177333077 as it greater than Beacon TSF 2178177323225
05-04 17:33:07.019  3703 20622 I LOWI-9.0.0.79: [LOWI-Scan] RSN_IE
05-04 17:33:07.019  3703 20622 D LOWI-9.0.0.79: [LOWI-Scan] decode_rsn_wpa_ie: Entered
05-04 17:33:07.019  3703 20622 D LOWI-9.0.0.79: [LOWIUtils] hexDump: msg(30 18 01 00 00 0f ac 04 01 00 00 0f ac 04 02 00 00 0f ac 02 00 0f ac 08 )
05-04 17:33:07.019  3703 20622 D LOWI-9.0.0.79: [LOWI-Scan] decode_rsn_wpa_ie: LOWI_ENCRYPTION_TYPE_WPA_PSK
05-04 17:33:07.019  3703 20622 D LOWI-9.0.0.79: [LOWI-Scan] is_qcom_ie, bss_age: 0
05-04 17:33:07.019  3703 20622 D LOWI-9.0.0.79: [LOWI-Scan] BSS f6:e2:c6:83:33:79 LOWI_PHY_MODE_11AC_VHT40(9), Beacon Interval: 100, LOWI_ENCRYPTION_TYPE_WPA_PSK 11mcRanging: No, ANQP: Yes, LCI: No, Civic: No, capability(0x1111): ESS Privacy SpectrumMgmt
05-04 17:33:07.019  3703 20622 D LOWI-9.0.0.79: [LOWI-Scan] BSS f6:e2:c6:83:33:79 FREQ: 5220, cFreq1[40:80:160] = [5230:0:0] cFreq2 = 0 Country Code = US 
05-04 17:33:07.019  3703 20622 D LOWI-9.0.0.79: [LOWI-Scan] BSS f6:e2:c6:83:33:79 (wlan0) ASSO: NO AddInfo: 0x0, TSF 25, 05:02:57.333, RSSI: -186, CPL: 127, AGE: 2230,  SSID pFunk, TSFDelta: 0xf97dc98b, TXRate: 0
05-04 17:33:07.019  3703 20622 D LOWI-9.0.0.79: [LOWI-Scan] 
05-04 17:33:07.019  3703 20622 D LOWI-9.0.0.79: [LOWI-Scan] print_bss_handler: Report beacon TSF 2178177324352 as it greater than probe TSF 2178177324352
05-04 17:33:07.019  3703 20622 I LOWI-9.0.0.79: [LOWI-Scan] RSN_IE
05-04 17:33:07.019  3703 20622 D LOWI-9.0.0.79: [LOWI-Scan] decode_rsn_wpa_ie: Entered
05-04 17:33:07.019  3703 20622 D LOWI-9.0.0.79: [LOWIUtils] hexDump: msg(30 14 01 00 00 0f ac 04 01 00 00 0f ac 04 01 00 00 0f ac 02 )
05-04 17:33:07.019  3703 20622 D LOWI-9.0.0.79: [LOWI-Scan] decode_rsn_wpa_ie: LOWI_ENCRYPTION_TYPE_WPA_PSK
05-04 17:33:07.019  3703 20622 D LOWI-9.0.0.79: [LOWI-Scan] is_qcom_ie, bss_age: 0
05-04 17:33:07.019  3703 20622 D LOWI-9.0.0.79: [LOWI-Scan] BSS d4:e2:cb:84:65:a8 LOWI_PHY_MODE_11AC_VHT80(10), Beacon Interval: 100, LOWI_ENCRYPTION_TYPE_WPA_PSK 11mcRanging: No, ANQP: No, LCI: No, Civic: No, capability(0x1011): ESS Privacy
05-04 17:33:07.019  3703 20622 D LOWI-9.0.0.79: [LOWI-Scan] BSS d4:e2:cb:84:65:a8 FREQ: 5220, cFreq1[40:80:160] = [5230:5210:0] cFreq2 = 0 Country Code = US 
05-04 17:33:07.019  3703 20622 D LOWI-9.0.0.79: [LOWI-Scan] BSS d4:e2:cb:84:65:a8 (wlan0) ASSO: NO AddInfo: 0x1, TSF 25, 05:02:57.324, RSSI: -178, CPL: 127, AGE: 2240,  SSID CBCI-659C, TSFDelta: 0xf4f95edf, TXRate: 0
05-04 17:33:07.020  3703 20622 D LOWI-9.0.0.79: [LOWI-Scan] 
05-04 17:33:07.020  3703 20622 D LOWI-9.0.0.79: [LOWI-Scan] print_bss_handler: Report beacon TSF 2178177325225 as it greater than probe TSF 2178177325225
05-04 17:33:07.020  3703 20622 D LOWI-9.0.0.79: [LOWI-Scan] is_qcom_ie, bss_age: 0
05-04 17:33:07.020  3703 20622 D LOWI-9.0.0.79: [LOWI-Scan] BSS d6:e2:cb:84:67:aa LOWI_PHY_MODE_11AC_VHT80(10), Beacon Interval: 100, LOWI_ENCRYPTION_TYPE_OPEN 11mcRanging: No, ANQP: No, LCI: No, Civic: No, capability(0x0001): ESS
05-04 17:33:07.020  3703 20622 D LOWI-9.0.0.79: [LOWI-Scan] BSS d6:e2:cb:84:67:aa FREQ: 5220, cFreq1[40:80:160] = [5230:5210:0] cFreq2 = 0 Country Code = US 
05-04 17:33:07.020  3703 20622 D LOWI-9.0.0.79: [LOWI-Scan] BSS d6:e2:cb:84:67:aa (wlan0) ASSO: NO AddInfo: 0x1, TSF 25, 05:02:57.325, RSSI: -176, CPL: 127, AGE: 2250,  SSID xfinitywifi, TSFDelta: 0xf4f95edb, TXRate: 0
05-04 17:33:07.020  3703 20622 D LOWI-9.0.0.79: [LOWI-Scan] 
05-04 17:33:07.020  3703 20622 D LOWI-9.0.0.79: [LOWI-Scan] print_bss_handler: Report beacon TSF 2178177325790 as it greater than probe TSF 2178177325790
05-04 17:33:07.020  3703 20622 I LOWI-9.0.0.79: [LOWI-Scan] RSN_IE
05-04 17:33:07.020  3703 20622 D LOWI-9.0.0.79: [LOWI-Scan] decode_rsn_wpa_ie: Entered
05-04 17:33:07.020  3703 20622 D LOWI-9.0.0.79: [LOWIUtils] hexDump: msg(30 14 01 00 00 0f ac 04 01 00 00 0f ac 04 01 00 00 0f ac 01 )
05-04 17:33:07.020  3703 20622 D LOWI-9.0.0.79: [LOWI-Scan] decode_rsn_wpa_ie: LOWI_ENCRYPTION_TYPE_WPA_EAP
05-04 17:33:07.020  3703 20622 D LOWI-9.0.0.79: [LOWI-Scan] is_qcom_ie, bss_age: 0
05-04 17:33:07.020  3703 20622 D LOWI-9.0.0.79: [LOWI-Scan] BSS d6:e2:cb:84:67:ac LOWI_PHY_MODE_11AC_VHT80(10), Beacon Interval: 100, LOWI_ENCRYPTION_TYPE_WPA_EAP 11mcRanging: No, ANQP: No, LCI: No, Civic: No, capability(0x0011): ESS Privacy
05-04 17:33:07.020  3703 20622 D LOWI-9.0.0.79: [LOWI-Scan] BSS d6:e2:cb:84:67:ac FREQ: 5220, cFreq1[40:80:160] = [5230:5210:0] cFreq2 = 0 Country Code = US 
05-04 17:33:07.020  3703 20622 D LOWI-9.0.0.79: [LOWI-Scan] BSS d6:e2:cb:84:67:ac (wlan0) ASSO: NO AddInfo: 0x1, TSF 25, 05:02:57.325, RSSI: -176, CPL: 127, AGE: 2250,  SSID Xfinity Mobile, TSFDelta: 0xf4f95ede, TXRate: 0
05-04 17:33:07.020  3703 20622 D LOWI-9.0.0.79: [LOWI-Scan] 
05-04 17:33:07.020  3703 20622 D LOWI-9.0.0.79: [LOWI-Scan] print_bss_handler: Report beacon TSF 2178177327212 as it greater than probe TSF 2178177327212
05-04 17:33:07.020  3703 20622 I LOWI-9.0.0.79: [LOWI-Scan] RSN_IE
05-04 17:33:07.020  3703 20622 D LOWI-9.0.0.79: [LOWI-Scan] decode_rsn_wpa_ie: Entered
05-04 17:33:07.020  3703 20622 D LOWI-9.0.0.79: [LOWIUtils] hexDump: msg(30 14 01 00 00 0f ac 04 01 00 00 0f ac 04 01 00 00 0f ac 02 )
05-04 17:33:07.020  3703 20622 D LOWI-9.0.0.79: [LOWI-Scan] decode_rsn_wpa_ie: LOWI_ENCRYPTION_TYPE_WPA_PSK
05-04 17:33:07.020  3703 20622 D LOWI-9.0.0.79: [LOWI-Scan] is_qcom_ie, bss_age: 0
05-04 17:33:07.021  3703 20622 D LOWI-9.0.0.79: [LOWI-Scan] BSS f6:e2:c6:93:33:79 LOWI_PHY_MODE_11AC_VHT40(9), Beacon Interval: 100, LOWI_ENCRYPTION_TYPE_WPA_PSK 11mcRanging: No, ANQP: Yes, LCI: No, Civic: No, capability(0x1111): ESS Privacy SpectrumMgmt
05-04 17:33:07.021  3703 20622 D LOWI-9.0.0.79: [LOWI-Scan] BSS f6:e2:c6:93:33:79 FREQ: 5220, cFreq1[40:80:160] = [5230:0:0] cFreq2 = 0 Country Code = US 
05-04 17:33:07.021  3703 20622 D LOWI-9.0.0.79: [LOWI-Scan] BSS f6:e2:c6:93:33:79 (wlan0) ASSO: NO AddInfo: 0x1, TSF 25, 05:02:57.327, RSSI: -184, CPL: 127, AGE: 2250,  SSID , TSFDelta: 0xf97dd99c, TXRate: 0
05-04 17:33:07.021  3703 20622 D LOWI-9.0.0.79: [LOWI-Scan] 
05-04 17:33:07.021  3703 20622 D LOWI-9.0.0.79: [LOWI-Scan] print_bss_handler: Report beacon TSF 2178177331846 as it greater than probe TSF 2178177331846
05-04 17:33:07.021  3703 20622 I LOWI-9.0.0.79: [LOWI-Scan] RSN_IE
05-04 17:33:07.021  3703 20622 D LOWI-9.0.0.79: [LOWI-Scan] decode_rsn_wpa_ie: Entered
05-04 17:33:07.021  3703 20622 D LOWI-9.0.0.79: [LOWIUtils] hexDump: msg(30 14 01 00 00 0f ac 04 01 00 00 0f ac 04 01 00 00 0f ac 02 )
05-04 17:33:07.021  3703 20622 D LOWI-9.0.0.79: [LOWI-Scan] decode_rsn_wpa_ie: LOWI_ENCRYPTION_TYPE_WPA_PSK
05-04 17:33:07.021  3703 20622 D LOWI-9.0.0.79: [LOWI-Scan] is_qcom_ie, bss_age: 0
05-04 17:33:07.021  3703 20622 D LOWI-9.0.0.79: [LOWI-Scan] BSS f6:e2:c6:a3:33:79 LOWI_PHY_MODE_11AC_VHT40(9), Beacon Interval: 100, LOWI_ENCRYPTION_TYPE_WPA_PSK 11mcRanging: No, ANQP: Yes, LCI: No, Civic: No, capability(0x0111): ESS Privacy SpectrumMgmt
05-04 17:33:07.021  3703 20622 D LOWI-9.0.0.79: [LOWI-Scan] BSS f6:e2:c6:a3:33:79 FREQ: 5220, cFreq1[40:80:160] = [5230:0:0] cFreq2 = 0 Country Code = US 
05-04 17:33:07.021  3703 20622 D LOWI-9.0.0.79: [LOWI-Scan] BSS f6:e2:c6:a3:33:79 (wlan0) ASSO: NO AddInfo: 0x1, TSF 25, 05:02:57.331, RSSI: -184, CPL: 127, AGE: 2250,  SSID , TSFDelta: 0xf97de9b2, TXRate: 0
05-04 17:33:07.021  3703 20622 D LOWI-9.0.0.79: [LOWI-Scan] 
05-04 17:33:07.021  3703 20622 D LOWI-9.0.0.79: [LOWI-Scan] print_bss_handler: Report Probe TSF 2178177332350 as it greater than Beacon TSF 0
05-04 17:33:07.021  3703 20622 I LOWI-9.0.0.79: [LOWI-Scan] RSN_IE
05-04 17:33:07.021  3703 20622 D LOWI-9.0.0.79: [LOWI-Scan] decode_rsn_wpa_ie: Entered
05-04 17:33:07.021  3703 20622 D LOWI-9.0.0.79: [LOWIUtils] hexDump: msg(30 18 01 00 00 0f ac 04 01 00 00 0f ac 04 02 00 00 0f ac 02 00 0f ac 08 )
05-04 17:33:07.021  3703 20622 D LOWI-9.0.0.79: [LOWI-Scan] decode_rsn_wpa_ie: LOWI_ENCRYPTION_TYPE_WPA_PSK
05-04 17:33:07.021  3703 20622 D LOWI-9.0.0.79: [LOWI-Scan] is_qcom_ie, bss_age: 0
05-04 17:33:07.021  3703 20622 D LOWI-9.0.0.79: [LOWI-Scan] BSS f6:e2:c6:c3:33:79 LOWI_PHY_MODE_11AC_VHT40(9), Beacon Interval: 100, LOWI_ENCRYPTION_TYPE_WPA_PSK 11mcRanging: No, ANQP: Yes, LCI: No, Civic: No, capability(0x1111): ESS Privacy SpectrumMgmt
05-04 17:33:07.021  3703 20622 D LOWI-9.0.0.79: [LOWI-Scan] BSS f6:e2:c6:c3:33:79 FREQ: 5220, cFreq1[40:80:160] = [5230:0:0] cFreq2 = 0 Country Code = US 
05-04 17:33:07.021  3703 20622 D LOWI-9.0.0.79: [LOWI-Scan] BSS f6:e2:c6:c3:33:79 (wlan0) ASSO: NO AddInfo: 0x0, TSF 25, 05:02:57.332, RSSI: -182, CPL: 127, AGE: 2240,  SSID pFunk Guest, TSFDelta: 0xf97df9c6, TXRate: 0
05-04 17:33:07.021  3703 20622 D LOWI-9.0.0.79: [LOWI-Scan] 
05-04 17:33:07.021  3703 20622 D LOWI-9.0.0.79: [LOWI-Scan] print_bss_handler: Report Probe TSF 2178177449341 as it greater than Beacon TSF 0
05-04 17:33:07.021  3703 20622 I LOWI-9.0.0.79: [LOWI-Scan] RSN_IE
05-04 17:33:07.021  3703 20622 D LOWI-9.0.0.79: [LOWI-Scan] decode_rsn_wpa_ie: Entered
05-04 17:33:07.021  3703 20622 D LOWI-9.0.0.79: [LOWIUtils] hexDump: msg(30 18 01 00 00 0f ac 04 01 00 00 0f ac 04 02 00 00 0f ac 02 00 0f ac 08 )
05-04 17:33:07.021  3703 20622 D LOWI-9.0.0.79: [LOWI-Scan] decode_rsn_wpa_ie: LOWI_ENCRYPTION_TYPE_WPA_PSK
05-04 17:33:07.022  3703 20622 D LOWI-9.0.0.79: [LOWI-Scan] is_qcom_ie, bss_age: 0
05-04 17:33:07.022  3703 20622 D LOWI-9.0.0.79: [LOWI-Scan] BSS f6:e2:c6:83:95:71 LOWI_PHY_MODE_11AC_VHT40(9), Beacon Interval: 100, LOWI_ENCRYPTION_TYPE_WPA_PSK 11mcRanging: No, ANQP: Yes, LCI: No, Civic: No, capability(0x1111): ESS Privacy SpectrumMgmt
05-04 17:33:07.022  3703 20622 D LOWI-9.0.0.79: [LOWI-Scan] BSS f6:e2:c6:83:95:71 FREQ: 5745, cFreq1[40:80:160] = [5755:0:0] cFreq2 = 0 Country Code = US 
05-04 17:33:07.022  3703 20622 D LOWI-9.0.0.79: [LOWI-Scan] BSS f6:e2:c6:83:95:71 (wlan0) ASSO: NO AddInfo: 0x0, TSF 25, 05:02:57.449, RSSI: -180, CPL: 127, AGE: 2130,  SSID pFunk, TSFDelta: 0xf9fe018f, TXRate: 0
05-04 17:33:07.022  3703 20622 D LOWI-9.0.0.79: [LOWI-Scan] 
05-04 17:33:07.022  3703 20622 D LOWI-9.0.0.79: [LOWI-Scan] print_bss_handler: Report beacon TSF 2178177492545 as it greater than probe TSF 2178177492545
05-04 17:33:07.036  2740  2740 I WestlakeVM: Frame 0 (42 bytes): op2 op0 op0 op0 op0 op0 op0 op0 op0 op0 op0 op240 op67 op0 op0 op72 op68 op239 op244 op247 op255 op2 op0 op0 op0 op0 op0 op0 op0 op0 op0 op0 op240 op67 op0 op0 op72 op68 op255 op255 ...
05-04 17:33:07.047   307   717 D PasspointManager: ANQP entry not found for: 58:96:71:c9:fc:00:<why-phi>
05-04 17:33:07.048   307   717 D PasspointManager: ANQP entry not found for: 0e:fe:7b:7b:53:6a:<xfinitywifi>
05-04 17:33:07.048   307   717 D PasspointManager: ANQP entry not found for: 90:d0:92:4a:8d:e8:<ATTAgXIJfC>
05-04 17:33:07.048   307   717 D PasspointManager: ANQP entry not found for: 90:d0:92:4a:8d:ec:<ATTAgXIJfC>
05-04 17:33:07.049   307   717 D PasspointManager: ANQP entry not found for: 58:96:71:c9:fc:08:<why-phi>
05-04 17:33:07.058   307   717 E WifiStaIfaceAidlImpl: getCachedScanData failed with service-specific exception: android.os.ServiceSpecificException:  (code 4)
05-04 17:33:07.061   307   717 I HalDevMgr: bestIfaceCreationProposal is null, requestIface=STA, existingIface=[name=wlan0 type=STA]
05-04 17:33:07.811  3704  3747 W HidlServiceManagement: Waited one second for vendor.qti.hardware.cacert@1.0::IService/default
05-04 17:33:07.812   660   660 I hwservicemanager: Since vendor.qti.hardware.cacert@1.0::IService/default is not registered, trying to start it as a lazy HAL (if it's not configured to be a lazy HAL, it may be stuck starting or still starting).
05-04 17:33:07.813  3704  3747 I HidlServiceManagement: getService: Trying again for vendor.qti.hardware.cacert@1.0::IService/default...
05-04 17:33:07.817   660  2876 W libc    : Unable to set property "ctl.interface_start" to "vendor.qti.hardware.cacert@1.0::IService/default": PROP_ERROR_HANDLE_CONTROL_MESSAGE (0x20)
05-04 17:33:07.817   660  2876 I hwservicemanager: Tried to start vendor.qti.hardware.cacert@1.0::IService/default as a lazy service, but was unable to. Usually this happens when a service is not installed, but if the service is intended to be used as a lazy service, then it may be configured incorrectly.
05-04 17:33:07.730     0     0 E init    : Control message: Could not find 'vendor.qti.hardware.cacert@1.0::IService/default' for ctl.interface_start from pid: 660 (/system/system_ext/bin/hwservicemanager)
05-04 17:33:08.042  2740  2845 I WestlakeVM: VM: [WestlakeLauncher] WESTLAKE_VIEWTREE_PREDRAW_DISPATCH reason=tick passes=1 views=2 observers=2 globalListeners=0 preDrawListeners=0 preDrawCanceled=0 pumped=0 errors=0
05-04 17:33:08.058  2740  2779 I WestlakeVM: Frame: 42 bytes → View
05-04 17:33:08.129  2740  2740 I WestlakeVM: Frame 1 (42 bytes): op2 op0 op0 op0 op0 op0 op0 op0 op0 op0 op0 op240 op67 op0 op0 op72 op68 op239 op244 op247 op255 op2 op0 op0 op0 op0 op0 op0 op0 op0 op0 op0 op240 op67 op0 op0 op72 op68 op255 op255 ...
05-04 17:33:08.813  3704  3747 W HidlServiceManagement: Waited one second for vendor.qti.hardware.cacert@1.0::IService/default
05-04 17:33:08.817   660   660 I hwservicemanager: Since vendor.qti.hardware.cacert@1.0::IService/default is not registered, trying to start it as a lazy HAL (if it's not configured to be a lazy HAL, it may be stuck starting or still starting).
05-04 17:33:08.819  3704  3747 I HidlServiceManagement: getService: Trying again for vendor.qti.hardware.cacert@1.0::IService/default...
05-04 17:33:08.822   660  2877 W libc    : Unable to set property "ctl.interface_start" to "vendor.qti.hardware.cacert@1.0::IService/default": PROP_ERROR_HANDLE_CONTROL_MESSAGE (0x20)
05-04 17:33:08.822   660  2877 I hwservicemanager: Tried to start vendor.qti.hardware.cacert@1.0::IService/default as a lazy service, but was unable to. Usually this happens when a service is not installed, but if the service is intended to be used as a lazy service, then it may be configured incorrectly.
05-04 17:33:08.735     0     0 E init    : Control message: Could not find 'vendor.qti.hardware.cacert@1.0::IService/default' for ctl.interface_start from pid: 660 (/system/system_ext/bin/hwservicemanager)
05-04 17:33:09.151  2740  2845 I WestlakeVM: VM: [WestlakeLauncher] WESTLAKE_VIEWTREE_PREDRAW_DISPATCH reason=tick passes=1 views=2 observers=2 globalListeners=0 preDrawListeners=0 preDrawCanceled=0 pumped=0 errors=0
05-04 17:33:09.169  2740  2779 I WestlakeVM: Frame: 42 bytes → View
05-04 17:33:09.245  2740  2740 I WestlakeVM: Frame 2 (42 bytes): op2 op0 op0 op0 op0 op0 op0 op0 op0 op0 op0 op240 op67 op0 op0 op72 op68 op239 op244 op247 op255 op2 op0 op0 op0 op0 op0 op0 op0 op0 op0 op0 op240 op67 op0 op0 op72 op68 op255 op255 ...
05-04 17:33:09.820  3704  3747 W HidlServiceManagement: Waited one second for vendor.qti.hardware.cacert@1.0::IService/default
05-04 17:33:09.821   660   660 I hwservicemanager: Since vendor.qti.hardware.cacert@1.0::IService/default is not registered, trying to start it as a lazy HAL (if it's not configured to be a lazy HAL, it may be stuck starting or still starting).
05-04 17:33:09.737     0     0 E init    : Control message: Could not find 'vendor.qti.hardware.cacert@1.0::IService/default' for ctl.interface_start from pid: 660 (/system/system_ext/bin/hwservicemanager)
05-04 17:33:09.824  3704  3747 I HidlServiceManagement: getService: Trying again for vendor.qti.hardware.cacert@1.0::IService/default...
05-04 17:33:09.825   660  2880 W libc    : Unable to set property "ctl.interface_start" to "vendor.qti.hardware.cacert@1.0::IService/default": PROP_ERROR_HANDLE_CONTROL_MESSAGE (0x20)
05-04 17:33:09.825   660  2880 I hwservicemanager: Tried to start vendor.qti.hardware.cacert@1.0::IService/default as a lazy service, but was unable to. Usually this happens when a service is not installed, but if the service is intended to be used as a lazy service, then it may be configured incorrectly.
05-04 17:33:10.256  2740  2845 I WestlakeVM: VM: [WestlakeLauncher] WESTLAKE_VIEWTREE_PREDRAW_DISPATCH reason=tick passes=1 views=2 observers=2 globalListeners=0 preDrawListeners=0 preDrawCanceled=0 pumped=0 errors=0
05-04 17:33:10.274  2740  2779 I WestlakeVM: Frame: 42 bytes → View
05-04 17:33:10.825  3704  3747 W HidlServiceManagement: Waited one second for vendor.qti.hardware.cacert@1.0::IService/default
05-04 17:33:10.829   660   660 I hwservicemanager: Since vendor.qti.hardware.cacert@1.0::IService/default is not registered, trying to start it as a lazy HAL (if it's not configured to be a lazy HAL, it may be stuck starting or still starting).
05-04 17:33:10.830  3704  3747 I HidlServiceManagement: getService: Trying again for vendor.qti.hardware.cacert@1.0::IService/default...
05-04 17:33:10.748     0     0 E init    : Control message: Could not find 'vendor.qti.hardware.cacert@1.0::IService/default' for ctl.interface_start from pid: 660 (/system/system_ext/bin/hwservicemanager)
05-04 17:33:10.835   660  2887 W libc    : Unable to set property "ctl.interface_start" to "vendor.qti.hardware.cacert@1.0::IService/default": PROP_ERROR_HANDLE_CONTROL_MESSAGE (0x20)
05-04 17:33:10.835   660  2887 I hwservicemanager: Tried to start vendor.qti.hardware.cacert@1.0::IService/default as a lazy service, but was unable to. Usually this happens when a service is not installed, but if the service is intended to be used as a lazy service, then it may be configured incorrectly.
05-04 17:33:11.358  2740  2845 I WestlakeVM: VM: [WestlakeLauncher] WESTLAKE_VIEWTREE_PREDRAW_DISPATCH reason=tick passes=1 views=2 observers=2 globalListeners=0 preDrawListeners=0 preDrawCanceled=0 pumped=0 errors=0
05-04 17:33:11.375  2740  2779 I WestlakeVM: Frame: 42 bytes → View
05-04 17:33:11.831  3704  3747 W HidlServiceManagement: Waited one second for vendor.qti.hardware.cacert@1.0::IService/default
05-04 17:33:11.834   660   660 I hwservicemanager: Since vendor.qti.hardware.cacert@1.0::IService/default is not registered, trying to start it as a lazy HAL (if it's not configured to be a lazy HAL, it may be stuck starting or still starting).
05-04 17:33:11.835  3704  3747 I HidlServiceManagement: getService: Trying again for vendor.qti.hardware.cacert@1.0::IService/default...
05-04 17:33:11.838   660  2890 W libc    : Unable to set property "ctl.interface_start" to "vendor.qti.hardware.cacert@1.0::IService/default": PROP_ERROR_HANDLE_CONTROL_MESSAGE (0x20)
05-04 17:33:11.839   660  2890 I hwservicemanager: Tried to start vendor.qti.hardware.cacert@1.0::IService/default as a lazy service, but was unable to. Usually this happens when a service is not installed, but if the service is intended to be used as a lazy service, then it may be configured incorrectly.
05-04 17:33:11.752     0     0 E init    : Control message: Could not find 'vendor.qti.hardware.cacert@1.0::IService/default' for ctl.interface_start from pid: 660 (/system/system_ext/bin/hwservicemanager)
05-04 17:33:12.461  2740  2845 I WestlakeVM: VM: [WestlakeLauncher] WESTLAKE_VIEWTREE_PREDRAW_DISPATCH reason=tick passes=1 views=2 observers=2 globalListeners=0 preDrawListeners=0 preDrawCanceled=0 pumped=0 errors=0
05-04 17:33:12.478  2740  2779 I WestlakeVM: Frame: 42 bytes → View
05-04 17:33:12.836  3704  3747 W HidlServiceManagement: Waited one second for vendor.qti.hardware.cacert@1.0::IService/default
05-04 17:33:12.837   660   660 I hwservicemanager: Since vendor.qti.hardware.cacert@1.0::IService/default is not registered, trying to start it as a lazy HAL (if it's not configured to be a lazy HAL, it may be stuck starting or still starting).
05-04 17:33:12.839  3704  3747 I HidlServiceManagement: getService: Trying again for vendor.qti.hardware.cacert@1.0::IService/default...
05-04 17:33:12.842   660  2892 W libc    : Unable to set property "ctl.interface_start" to "vendor.qti.hardware.cacert@1.0::IService/default": PROP_ERROR_HANDLE_CONTROL_MESSAGE (0x20)
05-04 17:33:12.842   660  2892 I hwservicemanager: Tried to start vendor.qti.hardware.cacert@1.0::IService/default as a lazy service, but was unable to. Usually this happens when a service is not installed, but if the service is intended to be used as a lazy service, then it may be configured incorrectly.
05-04 17:33:12.755     0     0 E init    : Control message: Could not find 'vendor.qti.hardware.cacert@1.0::IService/default' for ctl.interface_start from pid: 660 (/system/system_ext/bin/hwservicemanager)
05-04 17:33:12.827     0     0 I QCOM-BATT: pl_fcc_vote_callback: total_fcc_ua=1950000
05-04 17:33:12.827     0     0 I QCOM-BATT: pl_fv_vote_callback: fv_uv=4400000
05-04 17:33:13.186     0     0 E FG      : fg_psy_get_property: unsupported property 79
05-04 17:33:13.194     0     0 E FG      : fg_psy_get_property: unsupported property 79
05-04 17:33:13.201     0     0 W healthd : battery l=100 v=3057 t=24.0 h=2 st=5 c=0 fc=2831000 chg=u
05-04 17:33:13.207     0     0 E FG      : fg_psy_get_property: unsupported property 79
05-04 17:33:13.560  2740  2845 I WestlakeVM: VM: [WestlakeLauncher] WESTLAKE_VIEWTREE_PREDRAW_DISPATCH reason=tick passes=1 views=2 observers=2 globalListeners=0 preDrawListeners=0 preDrawCanceled=0 pumped=0 errors=0
05-04 17:33:13.577  2740  2779 I WestlakeVM: Frame: 42 bytes → View
05-04 17:33:13.839  3704  3747 W HidlServiceManagement: Waited one second for vendor.qti.hardware.cacert@1.0::IService/default
05-04 17:33:13.841   660   660 I hwservicemanager: Since vendor.qti.hardware.cacert@1.0::IService/default is not registered, trying to start it as a lazy HAL (if it's not configured to be a lazy HAL, it may be stuck starting or still starting).
05-04 17:33:13.842  3704  3747 I HidlServiceManagement: getService: Trying again for vendor.qti.hardware.cacert@1.0::IService/default...
05-04 17:33:13.846   660  2893 W libc    : Unable to set property "ctl.interface_start" to "vendor.qti.hardware.cacert@1.0::IService/default": PROP_ERROR_HANDLE_CONTROL_MESSAGE (0x20)
05-04 17:33:13.759     0     0 E init    : Control message: Could not find 'vendor.qti.hardware.cacert@1.0::IService/default' for ctl.interface_start from pid: 660 (/system/system_ext/bin/hwservicemanager)
05-04 17:33:13.847   660  2893 I hwservicemanager: Tried to start vendor.qti.hardware.cacert@1.0::IService/default as a lazy service, but was unable to. Usually this happens when a service is not installed, but if the service is intended to be used as a lazy service, then it may be configured incorrectly.
05-04 17:33:14.661  2740  2845 I WestlakeVM: VM: [WestlakeLauncher] WESTLAKE_VIEWTREE_PREDRAW_DISPATCH reason=tick passes=1 views=2 observers=2 globalListeners=0 preDrawListeners=0 preDrawCanceled=0 pumped=0 errors=0
05-04 17:33:14.678  2740  2779 I WestlakeVM: Frame: 42 bytes → View
05-04 17:33:14.843  3704  3747 W HidlServiceManagement: Waited one second for vendor.qti.hardware.cacert@1.0::IService/default
05-04 17:33:14.844   660   660 I hwservicemanager: Since vendor.qti.hardware.cacert@1.0::IService/default is not registered, trying to start it as a lazy HAL (if it's not configured to be a lazy HAL, it may be stuck starting or still starting).
05-04 17:33:14.845  3704  3747 I HidlServiceManagement: getService: Trying again for vendor.qti.hardware.cacert@1.0::IService/default...
05-04 17:33:14.848   660  2897 W libc    : Unable to set property "ctl.interface_start" to "vendor.qti.hardware.cacert@1.0::IService/default": PROP_ERROR_HANDLE_CONTROL_MESSAGE (0x20)
05-04 17:33:14.848   660  2897 I hwservicemanager: Tried to start vendor.qti.hardware.cacert@1.0::IService/default as a lazy service, but was unable to. Usually this happens when a service is not installed, but if the service is intended to be used as a lazy service, then it may be configured incorrectly.
05-04 17:33:14.762     0     0 E init    : Control message: Could not find 'vendor.qti.hardware.cacert@1.0::IService/default' for ctl.interface_start from pid: 660 (/system/system_ext/bin/hwservicemanager)
05-04 17:33:15.184   713  1834 I NxpNciR : len =   4 > 600701A1
05-04 17:33:15.754  2740  2845 I WestlakeVM: VM: [WestlakeLauncher] WESTLAKE_VIEWTREE_PREDRAW_DISPATCH reason=tick passes=1 views=2 observers=2 globalListeners=0 preDrawListeners=0 preDrawCanceled=0 pumped=0 errors=0
05-04 17:33:15.773  2740  2779 I WestlakeVM: Frame: 42 bytes → View
05-04 17:33:15.845  3704  3747 W HidlServiceManagement: Waited one second for vendor.qti.hardware.cacert@1.0::IService/default
05-04 17:33:15.846   660   660 I hwservicemanager: Since vendor.qti.hardware.cacert@1.0::IService/default is not registered, trying to start it as a lazy HAL (if it's not configured to be a lazy HAL, it may be stuck starting or still starting).
05-04 17:33:15.847  3704  3747 I HidlServiceManagement: getService: Trying again for vendor.qti.hardware.cacert@1.0::IService/default...
05-04 17:33:15.848   660  2899 W libc    : Unable to set property "ctl.interface_start" to "vendor.qti.hardware.cacert@1.0::IService/default": PROP_ERROR_HANDLE_CONTROL_MESSAGE (0x20)
05-04 17:33:15.848   660  2899 I hwservicemanager: Tried to start vendor.qti.hardware.cacert@1.0::IService/default as a lazy service, but was unable to. Usually this happens when a service is not installed, but if the service is intended to be used as a lazy service, then it may be configured incorrectly.
05-04 17:33:15.762     0     0 E init    : Control message: Could not find 'vendor.qti.hardware.cacert@1.0::IService/default' for ctl.interface_start from pid: 660 (/system/system_ext/bin/hwservicemanager)
05-04 17:33:16.847  3704  3747 W HidlServiceManagement: Waited one second for vendor.qti.hardware.cacert@1.0::IService/default
05-04 17:33:16.849   660   660 I hwservicemanager: Since vendor.qti.hardware.cacert@1.0::IService/default is not registered, trying to start it as a lazy HAL (if it's not configured to be a lazy HAL, it may be stuck starting or still starting).
05-04 17:33:16.851  3704  3747 I HidlServiceManagement: getService: Trying again for vendor.qti.hardware.cacert@1.0::IService/default...
05-04 17:33:16.768     0     0 E init    : Control message: Could not find 'vendor.qti.hardware.cacert@1.0::IService/default' for ctl.interface_start from pid: 660 (/system/system_ext/bin/hwservicemanager)
05-04 17:33:16.856   660  2900 W libc    : Unable to set property "ctl.interface_start" to "vendor.qti.hardware.cacert@1.0::IService/default": PROP_ERROR_HANDLE_CONTROL_MESSAGE (0x20)
05-04 17:33:16.856   660  2900 I hwservicemanager: Tried to start vendor.qti.hardware.cacert@1.0::IService/default as a lazy service, but was unable to. Usually this happens when a service is not installed, but if the service is intended to be used as a lazy service, then it may be configured incorrectly.
05-04 17:33:16.857  2740  2845 I WestlakeVM: VM: [WestlakeLauncher] WESTLAKE_VIEWTREE_PREDRAW_DISPATCH reason=tick passes=1 views=2 observers=2 globalListeners=0 preDrawListeners=0 preDrawCanceled=0 pumped=0 errors=0
05-04 17:33:16.874  2740  2779 I WestlakeVM: Frame: 42 bytes → View
05-04 17:33:17.852  3704  3747 W HidlServiceManagement: Waited one second for vendor.qti.hardware.cacert@1.0::IService/default
05-04 17:33:17.853   660   660 I hwservicemanager: Since vendor.qti.hardware.cacert@1.0::IService/default is not registered, trying to start it as a lazy HAL (if it's not configured to be a lazy HAL, it may be stuck starting or still starting).
05-04 17:33:17.854  3704  3747 I HidlServiceManagement: getService: Trying again for vendor.qti.hardware.cacert@1.0::IService/default...
05-04 17:33:17.858   660  2901 W libc    : Unable to set property "ctl.interface_start" to "vendor.qti.hardware.cacert@1.0::IService/default": PROP_ERROR_HANDLE_CONTROL_MESSAGE (0x20)
05-04 17:33:17.858   660  2901 I hwservicemanager: Tried to start vendor.qti.hardware.cacert@1.0::IService/default as a lazy service, but was unable to. Usually this happens when a service is not installed, but if the service is intended to be used as a lazy service, then it may be configured incorrectly.
05-04 17:33:17.771     0     0 E init    : Control message: Could not find 'vendor.qti.hardware.cacert@1.0::IService/default' for ctl.interface_start from pid: 660 (/system/system_ext/bin/hwservicemanager)
05-04 17:33:17.958  2740  2845 I WestlakeVM: VM: [WestlakeLauncher] WESTLAKE_VIEWTREE_PREDRAW_DISPATCH reason=tick passes=1 views=2 observers=2 globalListeners=0 preDrawListeners=0 preDrawCanceled=0 pumped=0 errors=0
05-04 17:33:17.977  2740  2779 I WestlakeVM: Frame: 42 bytes → View
05-04 17:33:18.855  3704  3747 W HidlServiceManagement: Waited one second for vendor.qti.hardware.cacert@1.0::IService/default
05-04 17:33:18.857   660   660 I hwservicemanager: Since vendor.qti.hardware.cacert@1.0::IService/default is not registered, trying to start it as a lazy HAL (if it's not configured to be a lazy HAL, it may be stuck starting or still starting).
05-04 17:33:18.860  3704  3747 I HidlServiceManagement: getService: Trying again for vendor.qti.hardware.cacert@1.0::IService/default...
05-04 17:33:18.861   660  2902 W libc    : Unable to set property "ctl.interface_start" to "vendor.qti.hardware.cacert@1.0::IService/default": PROP_ERROR_HANDLE_CONTROL_MESSAGE (0x20)
05-04 17:33:18.861   660  2902 I hwservicemanager: Tried to start vendor.qti.hardware.cacert@1.0::IService/default as a lazy service, but was unable to. Usually this happens when a service is not installed, but if the service is intended to be used as a lazy service, then it may be configured incorrectly.
05-04 17:33:18.774     0     0 E init    : Control message: Could not find 'vendor.qti.hardware.cacert@1.0::IService/default' for ctl.interface_start from pid: 660 (/system/system_ext/bin/hwservicemanager)
05-04 17:33:19.060  2740  2845 I WestlakeVM: VM: [WestlakeLauncher] WESTLAKE_VIEWTREE_PREDRAW_DISPATCH reason=tick passes=1 views=2 observers=2 globalListeners=0 preDrawListeners=0 preDrawCanceled=0 pumped=0 errors=0
05-04 17:33:19.079  2740  2779 I WestlakeVM: Frame: 42 bytes → View
05-04 17:33:19.861  3704  3747 W HidlServiceManagement: Waited one second for vendor.qti.hardware.cacert@1.0::IService/default
05-04 17:33:19.862   660   660 I hwservicemanager: Since vendor.qti.hardware.cacert@1.0::IService/default is not registered, trying to start it as a lazy HAL (if it's not configured to be a lazy HAL, it may be stuck starting or still starting).
05-04 17:33:19.863  3704  3747 I HidlServiceManagement: getService: Trying again for vendor.qti.hardware.cacert@1.0::IService/default...
05-04 17:33:19.868   660  2903 W libc    : Unable to set property "ctl.interface_start" to "vendor.qti.hardware.cacert@1.0::IService/default": PROP_ERROR_HANDLE_CONTROL_MESSAGE (0x20)
05-04 17:33:19.868   660  2903 I hwservicemanager: Tried to start vendor.qti.hardware.cacert@1.0::IService/default as a lazy service, but was unable to. Usually this happens when a service is not installed, but if the service is intended to be used as a lazy service, then it may be configured incorrectly.
05-04 17:33:19.781     0     0 E init    : Control message: Could not find 'vendor.qti.hardware.cacert@1.0::IService/default' for ctl.interface_start from pid: 660 (/system/system_ext/bin/hwservicemanager)
05-04 17:33:19.867     0     0 I QCOM-BATT: pl_fcc_vote_callback: total_fcc_ua=1950000
05-04 17:33:19.867     0     0 I QCOM-BATT: pl_fv_vote_callback: fv_uv=4400000
05-04 17:33:20.161  2740  2845 I WestlakeVM: VM: [WestlakeLauncher] WESTLAKE_VIEWTREE_PREDRAW_DISPATCH reason=tick passes=1 views=2 observers=2 globalListeners=0 preDrawListeners=0 preDrawCanceled=0 pumped=0 errors=0
05-04 17:33:20.177  2740  2779 I WestlakeVM: Frame: 42 bytes → View
05-04 17:33:20.176     0     0 E FG      : fg_psy_get_property: unsupported property 79
05-04 17:33:20.186     0     0 E FG      : fg_psy_get_property: unsupported property 79
05-04 17:33:20.194     0     0 W healthd : battery l=100 v=3057 t=23.9 h=2 st=5 c=0 fc=2831000 chg=u
05-04 17:33:20.287  1126  1126 D QtiCarrierConfigHelper: WARNING, no carrier configs on phone Id: 0
05-04 17:33:20.201     0     0 E FG      : fg_psy_get_property: unsupported property 79
05-04 17:33:20.295   960  2713 D PowerUI : can't show warning due to - plugged: true status unknown: false
05-04 17:33:20.864  3704  3747 W HidlServiceManagement: Waited one second for vendor.qti.hardware.cacert@1.0::IService/default
05-04 17:33:20.866   660   660 I hwservicemanager: Since vendor.qti.hardware.cacert@1.0::IService/default is not registered, trying to start it as a lazy HAL (if it's not configured to be a lazy HAL, it may be stuck starting or still starting).
05-04 17:33:20.867  3704  3747 I HidlServiceManagement: getService: Trying again for vendor.qti.hardware.cacert@1.0::IService/default...
05-04 17:33:20.872   660  2904 W libc    : Unable to set property "ctl.interface_start" to "vendor.qti.hardware.cacert@1.0::IService/default": PROP_ERROR_HANDLE_CONTROL_MESSAGE (0x20)
05-04 17:33:20.872   660  2904 I hwservicemanager: Tried to start vendor.qti.hardware.cacert@1.0::IService/default as a lazy service, but was unable to. Usually this happens when a service is not installed, but if the service is intended to be used as a lazy service, then it may be configured incorrectly.
05-04 17:33:20.785     0     0 E init    : Control message: Could not find 'vendor.qti.hardware.cacert@1.0::IService/default' for ctl.interface_start from pid: 660 (/system/system_ext/bin/hwservicemanager)
05-04 17:33:21.260  2740  2845 I WestlakeVM: VM: [WestlakeLauncher] WESTLAKE_VIEWTREE_PREDRAW_DISPATCH reason=tick passes=1 views=2 observers=2 globalListeners=0 preDrawListeners=0 preDrawCanceled=0 pumped=0 errors=0
05-04 17:33:21.276  2740  2779 I WestlakeVM: Frame: 42 bytes → View
05-04 17:33:21.868  3704  3747 W HidlServiceManagement: Waited one second for vendor.qti.hardware.cacert@1.0::IService/default
05-04 17:33:21.870   660   660 I hwservicemanager: Since vendor.qti.hardware.cacert@1.0::IService/default is not registered, trying to start it as a lazy HAL (if it's not configured to be a lazy HAL, it may be stuck starting or still starting).
05-04 17:33:21.873  3704  3747 I HidlServiceManagement: getService: Trying again for vendor.qti.hardware.cacert@1.0::IService/default...
05-04 17:33:21.789     0     0 E init    : Control message: Could not find 'vendor.qti.hardware.cacert@1.0::IService/default' for ctl.interface_start from pid: 660 (/system/system_ext/bin/hwservicemanager)
05-04 17:33:21.876   660  2906 W libc    : Unable to set property "ctl.interface_start" to "vendor.qti.hardware.cacert@1.0::IService/default": PROP_ERROR_HANDLE_CONTROL_MESSAGE (0x20)
05-04 17:33:21.876   660  2906 I hwservicemanager: Tried to start vendor.qti.hardware.cacert@1.0::IService/default as a lazy service, but was unable to. Usually this happens when a service is not installed, but if the service is intended to be used as a lazy service, then it may be configured incorrectly.
05-04 17:33:22.361  2740  2845 I WestlakeVM: VM: [WestlakeLauncher] WESTLAKE_VIEWTREE_PREDRAW_DISPATCH reason=tick passes=1 views=2 observers=2 globalListeners=0 preDrawListeners=0 preDrawCanceled=0 pumped=0 errors=0
05-04 17:33:22.379  2740  2779 I WestlakeVM: Frame: 42 bytes → View
05-04 17:33:22.874  3704  3747 W HidlServiceManagement: Waited one second for vendor.qti.hardware.cacert@1.0::IService/default
05-04 17:33:22.876   660   660 I hwservicemanager: Since vendor.qti.hardware.cacert@1.0::IService/default is not registered, trying to start it as a lazy HAL (if it's not configured to be a lazy HAL, it may be stuck starting or still starting).
05-04 17:33:22.879  3704  3747 I HidlServiceManagement: getService: Trying again for vendor.qti.hardware.cacert@1.0::IService/default...
05-04 17:33:22.881   660  2907 W libc    : Unable to set property "ctl.interface_start" to "vendor.qti.hardware.cacert@1.0::IService/default": PROP_ERROR_HANDLE_CONTROL_MESSAGE (0x20)
05-04 17:33:22.881   660  2907 I hwservicemanager: Tried to start vendor.qti.hardware.cacert@1.0::IService/default as a lazy service, but was unable to. Usually this happens when a service is not installed, but if the service is intended to be used as a lazy service, then it may be configured incorrectly.
05-04 17:33:22.794     0     0 E init    : Control message: Could not find 'vendor.qti.hardware.cacert@1.0::IService/default' for ctl.interface_start from pid: 660 (/system/system_ext/bin/hwservicemanager)
05-04 17:33:23.462  2740  2845 I WestlakeVM: VM: [WestlakeLauncher] WESTLAKE_VIEWTREE_PREDRAW_DISPATCH reason=tick passes=1 views=2 observers=2 globalListeners=0 preDrawListeners=0 preDrawCanceled=0 pumped=0 errors=0
05-04 17:33:23.479  2740  2779 I WestlakeVM: Frame: 42 bytes → View
05-04 17:33:23.880  3704  3747 W HidlServiceManagement: Waited one second for vendor.qti.hardware.cacert@1.0::IService/default
05-04 17:33:23.882   660   660 I hwservicemanager: Since vendor.qti.hardware.cacert@1.0::IService/default is not registered, trying to start it as a lazy HAL (if it's not configured to be a lazy HAL, it may be stuck starting or still starting).
05-04 17:33:23.883  3704  3747 I HidlServiceManagement: getService: Trying again for vendor.qti.hardware.cacert@1.0::IService/default...
05-04 17:33:23.888   660  2908 W libc    : Unable to set property "ctl.interface_start" to "vendor.qti.hardware.cacert@1.0::IService/default": PROP_ERROR_HANDLE_CONTROL_MESSAGE (0x20)
05-04 17:33:23.888   660  2908 I hwservicemanager: Tried to start vendor.qti.hardware.cacert@1.0::IService/default as a lazy service, but was unable to. Usually this happens when a service is not installed, but if the service is intended to be used as a lazy service, then it may be configured incorrectly.
05-04 17:33:23.801     0     0 E init    : Control message: Could not find 'vendor.qti.hardware.cacert@1.0::IService/default' for ctl.interface_start from pid: 660 (/system/system_ext/bin/hwservicemanager)
05-04 17:33:24.572  2740  2845 I WestlakeVM: VM: [WestlakeLauncher] WESTLAKE_VIEWTREE_PREDRAW_DISPATCH reason=tick passes=1 views=2 observers=2 globalListeners=0 preDrawListeners=0 preDrawCanceled=0 pumped=0 errors=0
05-04 17:33:24.591  2740  2779 I WestlakeVM: Frame: 42 bytes → View
05-04 17:33:24.884  3704  3747 W HidlServiceManagement: Waited one second for vendor.qti.hardware.cacert@1.0::IService/default
05-04 17:33:24.885   660   660 I hwservicemanager: Since vendor.qti.hardware.cacert@1.0::IService/default is not registered, trying to start it as a lazy HAL (if it's not configured to be a lazy HAL, it may be stuck starting or still starting).
05-04 17:33:24.886  3704  3747 I HidlServiceManagement: getService: Trying again for vendor.qti.hardware.cacert@1.0::IService/default...
05-04 17:33:24.891   660  2909 W libc    : Unable to set property "ctl.interface_start" to "vendor.qti.hardware.cacert@1.0::IService/default": PROP_ERROR_HANDLE_CONTROL_MESSAGE (0x20)
05-04 17:33:24.891   660  2909 I hwservicemanager: Tried to start vendor.qti.hardware.cacert@1.0::IService/default as a lazy service, but was unable to. Usually this happens when a service is not installed, but if the service is intended to be used as a lazy service, then it may be configured incorrectly.
05-04 17:33:24.804     0     0 E init    : Control message: Could not find 'vendor.qti.hardware.cacert@1.0::IService/default' for ctl.interface_start from pid: 660 (/system/system_ext/bin/hwservicemanager)
05-04 17:33:25.677  2740  2845 I WestlakeVM: VM: [WestlakeLauncher] WESTLAKE_VIEWTREE_PREDRAW_DISPATCH reason=tick passes=1 views=2 observers=2 globalListeners=0 preDrawListeners=0 preDrawCanceled=0 pumped=0 errors=0
05-04 17:33:25.697  2740  2779 I WestlakeVM: Frame: 42 bytes → View
05-04 17:33:25.887  3704  3747 W HidlServiceManagement: Waited one second for vendor.qti.hardware.cacert@1.0::IService/default
05-04 17:33:25.889   660   660 I hwservicemanager: Since ve