05-04 17:33:06.157  2740  2845 I WestlakeVM: VM: [PFCUT] Ljava/nio/charset/CharsetEncoder;.onUnmappableCharacter fallback action=0x14059ad0
05-04 17:33:06.165  2740  2845 I WestlakeVM: VM: [shim-log] E/MiniActivityManager: startActivity performCreate threw: NullPointerException: Attempt to invoke InvokeType(2) method 'boolean java.nio.charset.CoderResult.isOverflow()' on a null object reference
05-04 17:33:06.165  2740  2845 I WestlakeVM: VM: [PFCUT] Class.getDeclaredField intrinsic hit class=android.app.Activity name=mFinished
05-04 17:33:06.166  2740  2845 I WestlakeVM: VM: [PFCUT] Class.getDeclaredField intrinsic hit class=android.app.Activity name=mDestroyed
05-04 17:33:06.171  2740  2845 I WestlakeVM: VM: [shim-log] D/MiniActivityManager:   performStart: com.github.ashutoshgngwr.noice.activity.MainActivity
05-04 17:33:06.172  2740  2845 I WestlakeVM: VM: [PFCUT] Class.getDeclaredField intrinsic hit class=android.app.Activity name=mStarted
05-04 17:33:06.182  2740  2845 I WestlakeVM: VM: [PFCUT] System.arraycopy intrinsic src=[Ljava/lang/Object; dst=[Ljava/lang/Object; srcPos=0 dstPos=0 count=1
05-04 17:33:06.186  2740  2845 I WestlakeVM: VM: [PFCUT] System.arraycopy intrinsic src=[Ljava/util/Locale; dst=[Ljava/util/Locale; srcPos=0 dstPos=0 count=1
05-04 17:33:06.187  2740  2845 I WestlakeVM: VM: [PFCUT] String.split intrinsic delimiter=44 limit=-1 pieces=1
05-04 17:33:06.190  2740  2845 I WestlakeVM: VM: [PFCUT] System.arraycopy intrinsic src=[Ljava/util/Locale; dst=[Ljava/util/Locale; srcPos=0 dstPos=0 count=1
05-04 17:33:06.190  2740  2845 I WestlakeVM: VM: [PFCUT] System.arraycopy intrinsic src=[Ljava/lang/Thread; dst=[Ljava/lang/Thread; srcPos=3 dstPos=2 count=0
05-04 17:33:06.220  2740  2845 I WestlakeVM: VM: [PFCUT] Class.classForName name=androidx.lifecycle.Lifecycle$Event initialize=0 loader=0x752804f21d lifecycle_adapter=0 mcd_analytics=0 callers=java.lang.Class java.lang.Class.classForName(java.lang.String, boolean, java.lang.ClassLoader) | java.lang.Class java.lang.Class.forName(java.lang.String, boolean, java.lang.ClassLoader) | boolean android.app.MiniActivityManager.dispatchLifecycleOwnerEvent(java.lang.Object, java.lang.String) | void android.app.MiniActivityManager.dispatchLifecycleEvent(android.app.Activity, java.lang.String) | void android.app.MiniActivityManager.performStart(android.app.MiniActivityManager$ActivityRecord) | void android.app.MiniActivityManager.startResolvedActivity(android.app.Activity, android.content.Intent, int, java.lang.Class, java.lang.String, java.lang.String, android.content.ComponentName) | void android.app.MiniActivityManager.startActivityDirect(android.app.Activity, java.lang.String, java.lang.String, int, java.lang.Class, java.lang.String) | void android.app.MiniActivityManager.startActivityDirect(android.app.Activity, java.lang.String, java.lang.String, int, java.lang.Class)
05-04 17:33:06.220  2740  2845 I WestlakeVM: VM: [PFCUT] Class.classForName after FindClass name=androidx.lifecycle.Lifecycle$Event result=0x14211880 pending=0
05-04 17:33:06.226  2740  2845 I WestlakeVM: VM: [PFCUT] Class.classForName name=androidx.lifecycle.Lifecycle$State initialize=0 loader=0x752804f21d lifecycle_adapter=0 mcd_analytics=0 callers=java.lang.Class java.lang.Class.classForName(java.lang.String, boolean, java.lang.ClassLoader) | java.lang.Class java.lang.Class.forName(java.lang.String, boolean, java.lang.ClassLoader) | boolean android.app.MiniActivityManager.markLifecycleState(java.lang.Object, java.lang.String, java.lang.ClassLoader) | boolean android.app.MiniActivityManager.dispatchLifecycleOwnerEvent(java.lang.Object, java.lang.String) | void android.app.MiniActivityManager.dispatchLifecycleEvent(android.app.Activity, java.lang.String) | void android.app.MiniActivityManager.performStart(android.app.MiniActivityManager$ActivityRecord) | void android.app.MiniActivityManager.startResolvedActivity(android.app.Activity, android.content.Intent, int, java.lang.Class, java.lang.String, java.lang.String, android.content.ComponentName) | void android.app.MiniActivityManager.startActivityDirect(android.app.Activity, java.lang.String, java.lang.String, int, java.lang.Class, java.lang.String)
05-04 17:33:06.227  2740  2845 I WestlakeVM: VM: [PFCUT] Class.classForName after FindClass name=androidx.lifecycle.Lifecycle$State result=0x141acc70 pending=0
05-04 17:33:06.145     0     0 E FG      : fg_psy_get_property: unsupported property 79
05-04 17:33:06.152     0     0 E FG      : fg_psy_get_property: unsupported property 79
05-04 17:33:06.158     0     0 W healthd : battery l=100 v=3053 t=24.0 h=2 st=5 c=7000 fc=2831000 chg=u
05-04 17:33:06.249  1126  1126 D QtiCarrierConfigHelper: WARNING, no carrier configs on phone Id: 0
05-04 17:33:06.256   960  2694 D PowerUI : can't show warning due to - plugged: true status unknown: false
05-04 17:33:06.171     0     0 E FG      : fg_psy_get_property: unsupported property 79
05-04 17:33:06.269  1126  1126 D QtiCarrierConfigHelper: WARNING, no carrier configs on phone Id: 0
05-04 17:33:06.276   960  2692 D PowerUI : can't show warning due to - plugged: true status unknown: false
05-04 17:33:06.460  2740  2845 I WestlakeVM: VM: [shim-log] D/MiniActivityManager:   performStart DONE for com.github.ashutoshgngwr.noice.activity.MainActivity
05-04 17:33:06.464  2740  2845 I WestlakeVM: VM: [shim-log] D/MiniActivityManager:   performResume: com.github.ashutoshgngwr.noice.activity.MainActivity
05-04 17:33:06.464  2740  2845 I WestlakeVM: VM: [PFCUT] Class.getDeclaredField intrinsic hit class=android.app.Activity name=mResumed
05-04 17:33:06.469  2740  2845 I WestlakeVM: VM: [PFCUT] System.arraycopy intrinsic src=[B dst=[B srcPos=0 dstPos=0 count=34
05-04 17:33:06.471  2740  2845 I WestlakeVM: VM: [PFCUT] System.arraycopy intrinsic src=[Ljava/lang/StackTraceElement; dst=[Ljava/lang/StackTraceElement; srcPos=0 dstPos=0 count=0
05-04 17:33:06.472  2740  2845 I WestlakeVM: VM: [PFCUT] System.arraycopy intrinsic src=[B dst=[B srcPos=0 dstPos=0 count=16
05-04 17:33:06.474  2740  2845 I WestlakeVM: VM: [PFCUT] System.arraycopy intrinsic src=[B dst=[B srcPos=0 dstPos=0 count=16
05-04 17:33:06.474  2740  2845 I WestlakeVM: VM: [PFCUT] System.arraycopy intrinsic src=[B dst=[B srcPos=0 dstPos=0 count=34
05-04 17:33:06.476  2740  2845 I WestlakeVM: VM: [PFCUT] System.arraycopy intrinsic src=[B dst=[B srcPos=0 dstPos=0 count=16
05-04 17:33:06.477  2740  2845 I WestlakeVM: VM: [shim-log] W/MiniActivityManager: onResume error: lateinit property subscriptionBillingProvider has not been initialized
05-04 17:33:06.477  2740  2845 I WestlakeVM: VM: [PFCUT] System.arraycopy intrinsic src=[Ljava/lang/Thread; dst=[Ljava/lang/Thread; srcPos=3 dstPos=2 count=0
05-04 17:33:06.485  2740  2845 I WestlakeVM: VM: [PFCUT] StringFactory Charset fallback bytes=8 offset=0 utf16=8 shorty=LLIIL
05-04 17:33:06.491  2740  2845 I WestlakeVM: VM: [PFCUT] StringFactory Charset fallback bytes=8 offset=0 utf16=8 shorty=LLIIL
05-04 17:33:06.493  2740  2845 I WestlakeVM: VM: [PFCUT] StringFactory Charset fallback bytes=8 offset=0 utf16=8 shorty=LLIIL
05-04 17:33:06.620  2740  2845 I WestlakeVM: VM: [PFCUT] StringFactory Charset fallback bytes=8 offset=0 utf16=8 shorty=LLIIL
05-04 17:33:06.629  2740  2845 I WestlakeVM: VM: [PFCUT] StringFactory Charset fallback bytes=8 offset=0 utf16=8 shorty=LLIIL
05-04 17:33:06.639  2740  2845 I WestlakeVM: VM: [shim-log] W/MiniActivityManager: onPostResume error (non-fatal): NullPointerException: Attempt to invoke InvokeType(2) method 'void android.view.View.setId(int)' on a null object reference
05-04 17:33:06.664  2740  2845 I WestlakeVM: VM: [PFCUT] Class.classForName name=androidx.lifecycle.Lifecycle$Event initialize=0 loader=0x752804f21d lifecycle_adapter=0 mcd_analytics=0 callers=java.lang.Class java.lang.Class.classForName(java.lang.String, boolean, java.lang.ClassLoader) | java.lang.Class java.lang.Class.forName(java.lang.String, boolean, java.lang.ClassLoader) | boolean android.app.MiniActivityManager.dispatchLifecycleOwnerEvent(java.lang.Object, java.lang.String) | void android.app.MiniActivityManager.dispatchLifecycleEvent(android.app.Activity, java.lang.String) | void android.app.MiniActivityManager.performResume(android.app.MiniActivityManager$ActivityRecord) | void android.app.MiniActivityManager.startResolvedActivity(android.app.Activity, android.content.Intent, int, java.lang.Class, java.lang.String, java.lang.String, android.content.ComponentName) | void android.app.MiniActivityManager.startActivityDirect(android.app.Activity, java.lang.String, java.lang.String, int, java.lang.Class, java.lang.String) | void android.app.MiniActivityManager.startActivityDirect(android.app.Activity, java.lang.String, java.lang.String, int, java.lang.Class)
05-04 17:33:06.664  2740  2845 I WestlakeVM: VM: [PFCUT] Class.classForName after FindClass name=androidx.lifecycle.Lifecycle$Event result=0x14211880 pending=0
05-04 17:33:06.669  2740  2845 I WestlakeVM: VM: [PFCUT] Class.classForName name=androidx.lifecycle.Lifecycle$State initialize=0 loader=0x752804f21d lifecycle_adapter=0 mcd_analytics=0 callers=java.lang.Class java.lang.Class.classForName(java.lang.String, boolean, java.lang.ClassLoader) | java.lang.Class java.lang.Class.forName(java.lang.String, boolean, java.lang.ClassLoader) | boolean android.app.MiniActivityManager.markLifecycleState(java.lang.Object, java.lang.String, java.lang.ClassLoader) | boolean android.app.MiniActivityManager.dispatchLifecycleOwnerEvent(java.lang.Object, java.lang.String) | void android.app.MiniActivityManager.dispatchLifecycleEvent(android.app.Activity, java.lang.String) | void android.app.MiniActivityManager.performResume(android.app.MiniActivityManager$ActivityRecord) | void android.app.MiniActivityManager.startResolvedActivity(android.app.Activity, android.content.Intent, int, java.lang.Class, java.lang.String, java.lang.String, android.content.ComponentName) | void android.app.MiniActivityManager.startActivityDirect(android.app.Activity, java.lang.String, java.lang.String, int, java.lang.Class, java.lang.String)
05-04 17:33:06.669  2740  2845 I WestlakeVM: VM: [PFCUT] Class.classForName after FindClass name=androidx.lifecycle.Lifecycle$State result=0x141acc70 pending=0
05-04 17:33:06.783  2740  2845 I WestlakeVM: VM: [shim-log] D/MiniActivityManager:   performResume completed for com.github.ashutoshgngwr.noice.activity.MainActivity
05-04 17:33:06.787  2740  2845 I WestlakeVM: VM: [shim-log] D/MiniActivityManager:   performResume DONE for com.github.ashutoshgngwr.noice.activity.MainActivity
05-04 17:33:06.791  2740  2845 I WestlakeVM: VM: [shim-log] W/MiniActivityManager: Note: onCreate didn't set content view (NPE in super) — splash fallback will be used if needed
05-04 17:33:06.796  2740  2845 I WestlakeVM: VM: [shim-log] D/MiniActivityManager: startActivity result: resumed=com.github.ashutoshgngwr.noice.activity.MainActivity stack=1
05-04 17:33:06.798  2740  2845 I WestlakeVM: VM: [WestlakeLauncher] AM direct result: resumed=com.github.ashutoshgngwr.noice.activity.MainActivity stack=1
05-04 17:33:06.798  2740  2845 I WestlakeVM: VM: PF301 strict launcher activity branch begin
05-04 17:33:06.799  2740  2845 I WestlakeVM: VM: PF301 strict launcher window call
05-04 17:33:06.799  2740  2845 I WestlakeVM: VM: PF301 strict launcher window returned
05-04 17:33:06.799  2740  2845 I WestlakeVM: VM: PF301 strict launcher window nonnull
05-04 17:33:06.799  2740  2845 I WestlakeVM: VM: PF301 strict launcher decor call
05-04 17:33:06.800  2740  2845 I WestlakeVM: VM: PF301 strict launcher decor returned
05-04 17:33:06.800  2740  2845 I WestlakeVM: VM: PF301 strict launcher decor nonnull
05-04 17:33:06.800  2740  2845 I WestlakeVM: VM: PF301 strict launcher childCount call
05-04 17:33:06.800  2740  2845 I WestlakeVM: VM: PF301 strict launcher childCount returned
05-04 17:33:06.801  2740  2845 I WestlakeVM: VM: PF301 strict launcher childCount nonpositive
05-04 17:33:06.801  2740  2845 I WestlakeVM: VM: PF301 strict launcher resources skipped
05-04 17:33:06.801  2740  2845 I WestlakeVM: VM: PF301 strict launcher theme call
05-04 17:33:06.801  2740  2845 I WestlakeVM: VM: PF301 strict launcher theme returned
05-04 17:33:06.801  2740  2845 I WestlakeVM: VM: PF301 strict launcher theme nonnull
05-04 17:33:06.801  2740  2845 I WestlakeVM: VM: PF301 strict launcher title call
05-04 17:33:06.801  2740  2845 I WestlakeVM: VM: PF301 strict launcher title returned
05-04 17:33:06.802  2740  2845 I WestlakeVM: VM: PF301 strict launcher title null
05-04 17:33:06.802  2740  2845 I WestlakeVM: VM: PF301 strict launcher decor noContent
05-04 17:33:06.802  2740  2845 I WestlakeVM: VM: PF301 strict launcher content install call
05-04 17:33:06.805  2740  2845 I WestlakeVM: VM: PF301 strict Window installContent begin
05-04 17:33:06.806  2740  2845 I WestlakeVM: VM: PF301 strict Window installContent decor returned
05-04 17:33:06.809  3704  3747 W HidlServiceManagement: Waited one second for vendor.qti.hardware.cacert@1.0::IService/default
05-04 17:33:06.810  2740  2845 I WestlakeVM: VM: PF301 strict Window installContent alloc call
05-04 17:33:06.810   660   660 I hwservicemanager: Since vendor.qti.hardware.cacert@1.0::IService/default is not registered, trying to start it as a lazy HAL (if it's not configured to be a lazy HAL, it may be stuck starting or still starting).
05-04 17:33:06.810  3704  3747 I HidlServiceManagement: getService: Trying again for vendor.qti.hardware.cacert@1.0::IService/default...
05-04 17:33:06.810  2740  2845 I WestlakeVM: VM: PF301 strict Window installContent alloc returned
05-04 17:33:06.811  2740  2845 I WestlakeVM: VM: PF301 strict Window installContent context seeded
05-04 17:33:06.811  2740  2845 I WestlakeVM: VM: PF301 strict Window installContent alloc usable
05-04 17:33:06.812  2740  2845 I WestlakeVM: VM: PF301 strict Window installContent set call
05-04 17:33:06.812   660  2873 W libc    : Unable to set property "ctl.interface_start" to "vendor.qti.hardware.cacert@1.0::IService/default": PROP_ERROR_HANDLE_CONTROL_MESSAGE (0x20)
05-04 17:33:06.812   660  2873 I hwservicemanager: Tried to start vendor.qti.hardware.cacert@1.0::IService/default as a lazy service, but was unable to. Usually this happens when a service is not installed, but if the service is intended to be used as a lazy service, then it may be configured incorrectly.
05-04 17:33:06.812  2740  2845 I WestlakeVM: VM: PF301 strict Window setContentView entry
05-04 17:33:06.813  2740  2845 I WestlakeVM: VM: PF301 strict Window setContentView childInstall call
05-04 17:33:06.725     0     0 E init    : Control message: Could not find 'vendor.qti.hardware.cacert@1.0::IService/default' for ctl.interface_start from pid: 660 (/system/system_ext/bin/hwservicemanager)
05-04 17:33:06.819  2740  2845 I WestlakeVM: VM: PF301 strict Window setContentView childInstall returned
05-04 17:33:06.819  2740  2845 I WestlakeVM: VM: PF301 strict Window setContentView invalidate skipped
05-04 17:33:06.821  2740  2845 I WestlakeVM: VM: PF301 strict Window setContentView standalone end
05-04 17:33:06.821  2740  2845 I WestlakeVM: VM: PF301 strict Window installContent set returned
05-04 17:33:06.822  2740  2845 I WestlakeVM: VM: PF301 strict Window installContent verify returned
05-04 17:33:06.826  2740  2845 I WestlakeVM: VM: PF301 strict Window installContent verify positive
05-04 17:33:06.826  2740  2845 I WestlakeVM: VM: PF301 strict launcher content install returned
05-04 17:33:06.826  2740  2845 I WestlakeVM: VM: PF301 strict launcher content install positive
05-04 17:33:06.826  2740  2845 I WestlakeVM: VM: PF301 strict launcher content recheck call
05-04 17:33:06.827  2740  2845 I WestlakeVM: VM: PF301 strict launcher content recheck returned
05-04 17:33:06.827  2740  2845 I WestlakeVM: VM: PF301 strict launcher content recheck positive
05-04 17:33:06.827  2740  2845 I WestlakeVM: VM: PF301 strict launcher activity branch skipped
05-04 17:33:06.828  2740  2845 I WestlakeVM: VM: PF301 strict launcher late OHBridge call
05-04 17:33:06.828  2740  2845 I WestlakeVM: VM: PF301 strict launcher late OHBridge class literal call
05-04 17:33:06.828  2740  2845 I WestlakeVM: VM: PF301 strict launcher late OHBridge class literal returned
05-04 17:33:06.829  2740  2845 I WestlakeVM: VM: PF301 strict launcher late OHBridge state call
05-04 17:33:06.829  2740  2845 I WestlakeVM: VM: PF301 strict launcher late OHBridge state returned
05-04 17:33:06.829  2740  2845 I WestlakeVM: VM: PF301 strict launcher late OHBridge state nonpositive
05-04 17:33:06.829  2740  2845 I WestlakeVM: VM: PF301 strict launcher late OHBridge field call
05-04 17:33:06.829  2740  2845 I WestlakeVM: VM: PF301 strict OHBridge clinit begin
05-04 17:33:06.829  2740  2845 I WestlakeVM: VM: PF301 strict OHBridge clinit after initLog
05-04 17:33:06.830  2740  2845 I WestlakeVM: VM: PF301 strict OHBridge clinit westlake policy returned
05-04 17:33:06.831  2740  2845 I WestlakeVM: VM: PF301 strict OHBridge clinit prop scan skipped
05-04 17:33:06.831  2740  2845 I WestlakeVM: VM: PF301 strict OHBridge clinit subprocess
05-04 17:33:06.832  2740  2845 I WestlakeVM: VM: PF301 strict OHBridge clinit guest defer registration
05-04 17:33:06.832  2740  2845 I WestlakeVM: VM: PF301 strict OHBridge clinit tail probe skipped
05-04 17:33:06.832  2740  2845 I WestlakeVM: VM: PF301 strict OHBridge clinit state published
05-04 17:33:06.832  2740  2845 I WestlakeVM: VM: PF301 strict OHBridge clinit nonpositive
05-04 17:33:06.832  2740  2845 I WestlakeVM: VM: PF301 strict launcher late OHBridge field returned
05-04 17:33:06.832  2740  2845 I WestlakeVM: VM: PF301 strict launcher late OHBridge positive
05-04 17:33:06.834  2740  2845 I WestlakeVM: VM: [WestlakeLauncher] Creating surface 480x800
05-04 17:33:06.834  2740  2845 I WestlakeVM: VM: PF301 strict launcher render surface call
05-04 17:33:06.835  2740  2845 I WestlakeVM: VM: PF301 strict Activity onSurfaceCreated entry
05-04 17:33:06.836  2740  2845 I WestlakeVM: VM: PF301 strict Activity onSurfaceCreated standalone skip-surfaceCreate
05-04 17:33:06.836  2740  2845 I WestlakeVM: VM: PF301 strict launcher render surface returned
05-04 17:33:06.836  2740  2845 I WestlakeVM: VM: PF301 strict launcher renderFrame call
05-04 17:33:06.836  2740  2845 I WestlakeVM: VM: PF301 strict launcher renderFrame returned
05-04 17:33:06.836  2740  2845 I WestlakeVM: VM: [WestlakeLauncher] Initial frame rendered
05-04 17:33:06.836  2740  2845 I WestlakeVM: VM: PF301 strict launcher keepalive pump begin
05-04 17:33:06.937  2740  2845 I WestlakeVM: VM: [WestlakeLauncher] WESTLAKE_VIEWTREE_PREDRAW_DISPATCH reason=tick passes=1 views=2 observers=2 globalListeners=0 preDrawListeners=0 preDrawCanceled=0 pumped=0 errors=0
05-04 17:33:06.959  2740  2779 I WestlakeVM: Sync complete: skipped=0 bytes, magic=0x444c5354
05-04 17:33:06.960  2740  2779 I WestlakeVM: Frame: 42 bytes → View
05-04 17:33:06.976  3703 20622 D LOWI-9.0.0.79: [LOWI-Scan] wait_event:Wait done with Cmd 34
05-04 17:33:06.976  3703 20622 D LOWI-9.0.0.79: [LOWI-Scan] do_listen_events: Rcvd valid Netlink Cmd 34 Err 0
05-04 17:33:06.977   307  4369 D WifiNl80211Manager: Scan result ready event
05-04 17:33:06.977   307  4369 D WifiNative: Scan result ready event
05-04 17:33:06.977  3703 20622 D LOWI-9.0.0.79: [LOWI-Scan] 
05-04 17:33:06.977  3703 20622 D LOWI-9.0.0.79: [LOWI-Scan] print_bss_handler: Report Probe TSF 2178177262613 as it greater than Beacon TSF 2177857255966
05-04 17:33:06.977  3703 20622 I LOWI-9.0.0.79: [LOWI-Scan] RSN_IE
05-04 17:33:06.977  3703 20622 D LOWI-9.0.0.79: [LOWI-Scan] decode_rsn_wpa_ie: Entered
05-04 17:33:06.977  3703 20622 D LOWI-9.0.0.79: [LOWIUtils] hexDump: msg(30 18 01 00 00 0f ac 04 01 00 00 0f ac 04 02 00 00 0f ac 01 00 0f ac 03 )
05-04 17:33:06.977  3703 20622 D LOWI-9.0.0.79: [LOWI-Scan] decode_rsn_wpa_ie: LOWI_ENCRYPTION_TYPE_WPA_EAP
05-04 17:33:06.977  3703 20622 D LOWI-9.0.0.79: [LOWI-Scan] is_qcom_ie, bss_age: 0
05-04 17:33:06.977  3703 20622 D LOWI-9.0.0.79: [LOWI-Scan] BSS aa:05:d6:4d:36:40 LOWI_PHY_MODE_11AC_VHT40(9), Beacon Interval: 100, LOWI_ENCRYPTION_TYPE_WPA_EAP 11mcRanging: No, ANQP: No, LCI: No, Civic: No, capability(0x1111): ESS Privacy SpectrumMgmt
05-04 17:33:06.977  3703 20622 D LOWI-9.0.0.79: [LOWI-Scan] BSS aa:05:d6:4d:36:40 FREQ: 5200, cFreq1[40:80:160] = [5190:0:0] cFreq2 = 0 Country Code = US 
05-04 17:33:06.977  3703 20622 D LOWI-9.0.0.79: [LOWI-Scan] BSS aa:05:d6:4d:36:40 (wlan0) ASSO: NO AddInfo: 0x0, TSF 25, 05:02:57.262, RSSI: -116, CPL: 127, AGE: 2280,  SSID fw-guest, TSFDelta: 0xb5bb8a92, TXRate: 0
05-04 17:33:06.977  3703 20622 D LOWI-9.0.0.79: [LOWI-Scan] 
05-04 17:33:06.977  3703 20622 D LOWI-9.0.0.79: [LOWI-Scan] print_bss_handler: Report Probe TSF 2178177261747 as it greater than Beacon TSF 2177857254903
05-04 17:33:06.977  3703 20622 I LOWI-9.0.0.79: [LOWI-Scan] RSN_IE
05-04 17:33:06.977  3703 20622 D LOWI-9.0.0.79: [LOWI-Scan] decode_rsn_wpa_ie: Entered
05-04 17:33:06.977  3703 20622 D LOWI-9.0.0.79: [LOWIUtils] hexDump: msg(30 18 01 00 00 0f ac 04 01 00 00 0f ac 04 02 00 00 0f ac 01 00 0f ac 03 )
05-04 17:33:06.977  3703 20622 D LOWI-9.0.0.79: [LOWI-Scan] decode_rsn_wpa_ie: LOWI_ENCRYPTION_TYPE_WPA_EAP
05-04 17:33:06.977  3703 20622 D LOWI-9.0.0.79: [LOWI-Scan] is_qcom_ie, bss_age: 0
05-04 17:33:06.977  3703 20622 D LOWI-9.0.0.79: [LOWI-Scan] BSS a2:05:d6:4d:36:40 LOWI_PHY_MODE_11AC_VHT40(9), Beacon Interval: 100, LOWI_ENCRYPTION_TYPE_WPA_EAP 11mcRanging: No, ANQP: No, LCI: No, Civic: No, capability(0x1111): ESS Privacy SpectrumMgmt
05-04 17:33:06.977  3703 20622 D LOWI-9.0.0.79: [LOWI-Scan] BSS a2:05:d6:4d:36:40 FREQ: 5200, cFreq1[40:80:160] = [5190:0:0] cFreq2 = 0 Country Code = US 
05-04 17:33:06.977  3703 20622 D LOWI-9.0.0.79: [LOWI-Scan] BSS a2:05:d6:4d:36:40 (wlan0) ASSO: NO AddInfo: 0x0, TSF 25, 05:02:57.261, RSSI: -118, CPL: 127, AGE: 2290,  SSID fw-corp, TSFDelta: 0xb5bb8a94, TXRate: 0
05-04 17:33:06.977  3703 20622 D LOWI-9.0.0.79: [LOWI-Scan] 
05-04 17:33:06.977  3703 20622 D LOWI-9.0.0.79: [LOWI-Scan] print_bss_handler: Report beacon TSF 2178177526107 as it greater than probe TSF 2178177512789
05-04 17:33:06.977  3703 20622 I LOWI-9.0.0.79: [LOWI-Scan] RSN_IE
05-04 17:33:06.978  3703 20622 D LOWI-9.0.0.79: [LOWI-Scan] decode_rsn_wpa_ie: Entered
05-04 17:33:06.978  3703 20622 D LOWI-9.0.0.79: [LOWIUtils] hexDump: msg(30 18 01 00 00 0f ac 04 01 00 00 0f ac 04 02 00 00 0f ac 01 00 0f ac 03 )
05-04 17:33:06.978  3703 20622 D LOWI-9.0.0.79: [LOWI-Scan] decode_rsn_wpa_ie: LOWI_ENCRYPTION_TYPE_WPA_EAP
05-04 17:33:06.978  3703 20622 D LOWI-9.0.0.79: [LOWI-Scan] is_qcom_ie, bss_age: 0
05-04 17:33:06.978  3703 20622 D LOWI-9.0.0.79: [LOWI-Scan] BSS a2:05:d6:4d:32:c6 LOWI_PHY_MODE_11AC_VHT40(9), Beacon Interval: 100, LOWI_ENCRYPTION_TYPE_WPA_EAP 11mcRanging: No, ANQP: No, LCI: No, Civic: No, capability(0x1111): ESS Privacy SpectrumMgmt
05-04 17:33:06.978  3703 20622 D LOWI-9.0.0.79: [LOWI-Scan] BSS a2:05:d6:4d:32:c6 FREQ: 5765, cFreq1[40:80:160] = [5755:0:0] cFreq2 = 0 Country Code = US 
05-04 17:33:06.978  3703 20622 D LOWI-9.0.0.79: [LOWI-Scan] BSS a2:05:d6:4d:32:c6 (wlan0) ASSO: NO AddInfo: 0x1, TSF 25, 05:02:57.526, RSSI: -124, CPL: 127, AGE: 2020,  SSID fw-corp, TSFDelta: 0xaea6816d, TXRate: 0
05-04 17:33:06.978  3703 20622 D LOWI-9.0.0.79: [LOWI-Scan] 
05-04 17:33:06.978  3703 20622 D LOWI-9.0.0.79: [LOWI-Scan] print_bss_handler: Report beacon TSF 2178177527408 as it greater than probe TSF 2178177513603
05-04 17:33:06.978  3703 20622 I LOWI-9.0.0.79: [LOWI-Scan] RSN_IE
05-04 17:33:06.978  3703 20622 D LOWI-9.0.0.79: [LOWI-Scan] decode_rsn_wpa_ie: Entered
05-04 17:33:06.978  3703 20622 D LOWI-9.0.0.79: [LOWIUtils] hexDump: msg(30 18 01 00 00 0f ac 04 01 00 00 0f ac 04 02 00 00 0f ac 01 00 0f ac 03 )
05-04 17:33:06.978  3703 20622 D LOWI-9.0.0.79: [LOWI-Scan] decode_rsn_wpa_ie: LOWI_ENCRYPTION_TYPE_WPA_EAP
05-04 17:33:06.978  3703 20622 D LOWI-9.0.0.79: [LOWI-Scan] is_qcom_ie, bss_age: 0
05-04 17:33:06.978  3703 20622 D LOWI-9.0.0.79: [LOWI-Scan] BSS aa:05:d6:4d:32:c6 LOWI_PHY_MODE_11AC_VHT40(9), Beacon Interval: 100, LOWI_ENCRYPTION_TYPE_WPA_EAP 11mcRanging: No, ANQP: No, LCI: No, Civic: No, capability(0x1111): ESS Privacy SpectrumMgmt
05-04 17:33:06.978  3703 20622 D LOWI-9.0.0.79: [LOWI-Scan] BSS aa:05:d6:4d:32:c6 FREQ: 5765, cFreq1[40:80:160] = [5755:0:0] cFreq2 = 0 Country Code = US 
05-04 17:33:06.978  3703 20622 D LOWI-9.0.0.79: [LOWI-Scan] BSS aa:05:d6:4d:32:c6 (wlan0) ASSO: NO AddInfo: 0x1, TSF 25, 05:02:57.527, RSSI: -126, CPL: 127, AGE: 2020,  SSID fw-guest, TSFDelta: 0xaea6816b, TXRate: 0
05-04 17:33:06.978  3703 20622 D LOWI-9.0.0.79: [LOWI-Scan] 
05-04 17:33:06.978  3703 20622 D LOWI-9.0.0.79: [LOWI-Scan] print_bss_handler: Report Probe TSF 2178177260983 as it greater than Beacon TSF 2177857254516
05-04 17:33:06.978  3703 20622 I LOWI-9.0.0.79: [LOWI-Scan] RSN_IE
05-04 17:33:06.978  3703 20622 D LOWI-9.0.0.79: [LOWI-Scan] decode_rsn_wpa_ie: Entered
05-04 17:33:06.978  3703 20622 D LOWI-9.0.0.79: [LOWIUtils] hexDump: msg(30 18 01 00 00 0f ac 04 01 00 00 0f ac 04 02 00 00 0f ac 01 00 0f ac 03 )
05-04 17:33:06.978  3703 20622 D LOWI-9.0.0.79: [LOWI-Scan] decode_rsn_wpa_ie: LOWI_ENCRYPTION_TYPE_WPA_EAP
05-04 17:33:06.978  3703 20622 D LOWI-9.0.0.79: [LOWI-Scan] is_qcom_ie, bss_age: 0
05-04 17:33:06.978  3703 20622 D LOWI-9.0.0.79: [LOWI-Scan] BSS 9c:05:d6:4d:36:40 LOWI_PHY_MODE_11AC_VHT40(9), Beacon Interval: 100, LOWI_ENCRYPTION_TYPE_WPA_EAP 11mcRanging: No, ANQP: No, LCI: No, Civic: No, capability(0x1111): ESS Privacy SpectrumMgmt
05-04 17:33:06.978  3703 20622 D LOWI-9.0.0.79: [LOWI-Scan] BSS 9c:05:d6:4d:36:40 FREQ: 5200, cFreq1[40:80:160] = [5190:0:0] cFreq2 = 0 Country Code = US 
05-04 17:33:06.978  3703 20622 D LOWI-9.0.0.79: [LOWI-Scan] BSS 9c:05:d6:4d:36:40 (wlan0) ASSO: NO AddInfo: 0x0, TSF 25, 05:02:57.260, RSSI: -116, CPL: 127, AGE: 2290,  SSID fw-internet, TSFDelta: 0xb5bb8a92, TXRate: 0
05-04 17:33:06.978  3703 20622 D LOWI-9.0.0.79: [LOWI-Scan] 
05-04 17:33:06.978  3703 20622 D LOWI-9.0.0.79: [LOWI-Scan] print_bss_handler: Report beacon TSF 2178177525452 as it greater than probe TSF 2178177512595
05-04 17:33:06.978  3703 20622 I LOWI-9.0.0.79: [LOWI-Scan] RSN_IE
05-04 17:33:06.978  3703 20622 D LOWI-9.0.0.79: [LOWI-Scan] decode_rsn_wpa_ie: Entered
05-04 17:33:06.978  3703 20622 D LOWI-9.0.0.79: [LOWIUtils] hexDump: msg(30 18 01 00 00 0f ac 04 01 00 00 0f ac 04 02 00 00 0f ac 01 00 0f ac 03 )
05-04 17:33:06.978  3703 20622 D LOWI-9.0.0.79: [LOWI-Scan] decode_rsn_wpa_ie: LOWI_ENCRYPTION_TYPE_WPA_EAP
05-04 17:33:06.978  3703 20622 D LOWI-9.0.0.79: [LOWI-Scan] is_qcom_ie, bss_age: 0
05-04 17:33:06.978  3703 20622 D LOWI-9.0.0.79: [LOWI-Scan] BSS 9c:05:d6:4d:32:c6 LOWI_PHY_MODE_11AC_VHT40(9), Beacon Interval: 100, LOWI_ENCRYPTION_TYPE_WPA_EAP 11mcRanging: No, ANQP: No, LCI: No, Civic: No, capability(0x1111): ESS Privacy SpectrumMgmt
05-04 17:33:06.978  3703 20622 D LOWI-9.0.0.79: [LOWI-Scan] BSS 9c:05:d6:4d:32:c6 FREQ: 5765, cFreq1[40:80:160] = [5755:0:0] cFreq2 = 0 Country Code = US 
05-04 17:33:06.979  3703 20622 D LOWI-9.0.0.79: [LOWI-Scan] BSS 9c:05:d6:4d:32:c6 (wlan0) ASSO: NO AddInfo: 0x1, TSF 25, 05:02:57.525, RSSI: -126, CPL: 127, AGE: 2020,  SSID fw-internet, TSFDelta: 0xaea6816b, TXRate: 0
05-04 17:33:06.979  3703 20622 D LOWI-9.0.0.79: [LOWI-Scan] 
05-04 17:33:06.979  3703 20622 D LOWI-9.0.0.79: [LOWI-Scan] print_bss_handler: Report Probe TSF 2178178030272 as it greater than Beacon TSF 2178178002810
05-04 17:33:06.979  3703 20622 I LOWI-9.0.0.79: [LOWI-Scan] RSN_IE
05-04 17:33:06.979  3703 20622 D LOWI-9.0.0.79: [LOWI-Scan] decode_rsn_wpa_ie: Entered
05-04 17:33:06.979  3703 20622 D LOWI-9.0.0.79: [LOWIUtils] hexDump: msg(30 18 01 00 00 0f ac 04 01 00 00 0f ac 04 02 00 00 0f ac 01 00 0f ac 03 )
05-04 17:33:06.979  3703 20622 D LOWI-9.0.0.79: [LOWI-Scan] decode_rsn_wpa_ie: LOWI_ENCRYPTION_TYPE_WPA_EAP
05-04 17:33:06.979  3703 20622 D LOWI-9.0.0.79: [LOWI-Scan] is_qcom_ie, bss_age: 0
05-04 17:33:06.979  3703 20622 D LOWI-9.0.0.79: [LOWI-Scan] BSS 9c:05:d6:42:11:20 LOWI_PHY_MODE_11AC_VHT40(9), Beacon Interval: 100, LOWI_ENCRYPTION_TYPE_WPA_EAP 11mcRanging: No, ANQP: No, LCI: No, Civic: No, capability(0x1111): ESS Privacy SpectrumMgmt
05-04 17:33:06.979  3703 20622 D LOWI-9.0.0.79: [LOWI-Scan] BSS 9c:05:d6:42:11:20 FREQ: 5300, cFreq1[40:80:160] = [5310:0:0] cFreq2 = 0 Country Code = US 
05-04 17:33:06.979  3703 20622 D LOWI-9.0.0.79: [LOWI-Scan] BSS 9c:05:d6:42:11:20 (wlan0) ASSO: NO AddInfo: 0x0, TSF 25, 05:02:58.030, RSSI: -114, CPL: 127, AGE: 1520,  SSID fw-internet, TSFDelta: 0x85717895, TXRate: 0
05-04 17:33:06.979  3703 20622 D LOWI-9.0.0.79: [LOWI-Scan] 
05-04 17:33:06.979  3703 20622 D LOWI-9.0.0.79: [LOWI-Scan] print_bss_handler: Report Probe TSF 2178178031752 as it greater than Beacon TSF 2178178003502
05-04 17:33:06.979  3703 20622 I LOWI-9.0.0.79: [LOWI-Scan] RSN_IE
05-04 17:33:06.979  3703 20622 D LOWI-9.0.0.79: [LOWI-Scan] decode_rsn_wpa_ie: Entered
05-04 17:33:06.979  3703 20622 D LOWI-9.0.0.79: [LOWIUtils] hexDump: msg(30 18 01 00 00 0f ac 04 01 00 00 0f ac 04 02 00 00 0f ac 01 00 0f ac 03 )
05-04 17:33:06.979  3703 20622 D LOWI-9.0.0.79: [LOWI-Scan] decode_rsn_wpa_ie: LOWI_ENCRYPTION_TYPE_WPA_EAP
05-04 17:33:06.979  3703 20622 D LOWI-9.0.0.79: [LOWI-Scan] is_qcom_ie, bss_age: 0
05-04 17:33:06.979  3703 20622 D LOWI-9.0.0.79: [LOWI-Scan] BSS a2:05:d6:42:11:20 LOWI_PHY_MODE_11AC_VHT40(9), Beacon Interval: 100, LOWI_ENCRYPTION_TYPE_WPA_EAP 11mcRanging: No, ANQP: No, LCI: No, Civic: No, capability(0x1111): ESS Privacy SpectrumMgmt
05-04 17:33:06.979  3703 20622 D LOWI-9.0.0.79: [LOWI-Scan] BSS a2:05:d6:42:11:20 FREQ: 5300, cFreq1[40:80:160] = [5310:0:0] cFreq2 = 0 Country Code = US 
05-04 17:33:06.979  3703 20622 D LOWI-9.0.0.79: [LOWI-Scan] BSS a2:05:d6:42:11:20 (wlan0) ASSO: NO AddInfo: 0x0, TSF 25, 05:02:58.031, RSSI: -112, CPL: 127, AGE: 1520,  SSID fw-corp, TSFDelta: 0x85717897, TXRate: 0
05-04 17:33:06.979  3703 20622 D LOWI-9.0.0.79: [LOWI-Scan] 
05-04 17:33:06.979  3703 20622 D LOWI-9.0.0.79: [LOWI-Scan] print_bss_handler: Report beacon TSF 2178178003883 as it greater than probe TSF 2178178003883
05-04 17:33:06.979  3703 20622 I LOWI-9.0.0.79: [LOWI-Scan] RSN_IE
05-04 17:33:06.979  3703 20622 D LOWI-9.0.0.79: [LOWI-Scan] decode_rsn_wpa_ie: Entered
05-04 17:33:06.979  3703 20622 D LOWI-9.0.0.79: [LOWIUtils] hexDump: msg(30 18 01 00 00 0f ac 04 01 00 00 0f ac 04 02 00 00 0f ac 02 00 0f ac 08 )
05-04 17:33:06.979  3703 20622 D LOWI-9.0.0.79: [LOWI-Scan] decode_rsn_wpa_ie: LOWI_ENCRYPTION_TYPE_WPA_PSK
05-04 17:33:06.979  3703 20622 D LOWI-9.0.0.79: [LOWI-Scan] is_qcom_ie, bss_age: 0
05-04 17:33:06.979  3703 20622 D LOWI-9.0.0.79: [LOWI-Scan] BSS a6:05:d6:42:11:20 LOWI_PHY_MODE_11AC_VHT40(9), Beacon Interval: 100, LOWI_ENCRYPTION_TYPE_WPA_PSK 11mcRanging: No, ANQP: No, LCI: No, Civic: No, capability(0x1111): ESS Privacy SpectrumMgmt
05-04 17:33:06.979  3703 20622 D LOWI-9.0.0.79: [LOWI-Scan] BSS a6:05:d6:42:11:20 FREQ: 5300, cFreq1[40:80:160] = [5310:0:0] cFreq2 = 0 Country Code = US 
05-04 17:33:06.979  3703 20622 D LOWI-9.0.0.79: [LOWI-Scan] BSS a6:05:d6:42:11:20 (wlan0) ASSO: NO AddInfo: 0x1, TSF 25, 05:02:58.003, RSSI: -112, CPL: 127, AGE: 1540,  SSID , TSFDelta: 0x85717894, TXRate: 0
05-04 17:33:06.979  3703 20622 D LOWI-9.0.0.79: [LOWI-Scan] 
05-04 17:33:06.980  3703 20622 D LOWI-9.0.0.79: [LOWI-Scan] print_bss_handler: Report Probe TSF 2178178032698 as it greater than Beacon TSF 2178178004566
05-04 17:33:06.980  3703 20622 I LOWI-9.0.0.79: [LOWI-Scan] RSN_IE
05-04 17:33:06.980  3703 20622 D LOWI-9.0.0.79: [LOWI-Scan] decode_rsn_wpa_ie: Entered
05-04 17:33:06.980  3703 20622 D LOWI-9.0.0.79: [LOWIUtils] hexDump: msg(30 18 01 00 00 0f ac 04 01 00 00 0f ac 04 02 00 00 0f ac 01 00 0f ac 03 )
05-04 17:33:06.980  3703 20622 D LOWI-9.0.0.79: [LOWI-Scan] decode_rsn_wpa_ie: LOWI_ENCRYPTION_TYPE_WPA_EAP
05-04 17:33:06.980  3703 20622 D LOWI-9.0.0.79: [LOWI-Scan] is_qcom_ie, bss_age: 0
05-04 17:33:06.980  3703 20622 D LOWI-9.0.0.79: [LOWI-Scan] BSS aa:05:d6:42:11:20 LOWI_PHY_MODE_11AC_VHT40(9), Beacon Interval: 100, LOWI_ENCRYPTION_TYPE_WPA_EAP 11mcRanging: No, ANQP: No, LCI: No, Civic: No, capability(0x1111): ESS Privacy SpectrumMgmt
05-04 17:33:06.980  3703 20622 D LOWI-9.0.0.79: [LOWI-Scan] BSS aa:05:d6:42:11:20 FREQ: 5300, cFreq1[40:80:160] = [5310:0:0] cFreq2 = 0 Country Code = US 
05-04 17:33:06.980  3703 20622 D LOWI-9.0.0.79: [LOWI-Scan] BSS aa:05:d6:42:11:20 (wlan0) ASSO: NO AddInfo: 0x0, TSF 25, 05:02:58.032, RSSI: -114, CPL: 127, AGE: 1510,  SSID fw-guest, TSFDelta: 0x85717895, TXRate: 0
05-04 17:33:06.980  3703 20622 D LOWI-9.0.0.79: [LOWI-Scan] 
05-04 17:33:06.980  3703 20622 D LOWI-9.0.0.79: [LOWI-Scan] print_bss_handler: Report beacon TSF 2178178004906 as it greater than probe TSF 2178178004906
05-04 17:33:06.980  3703 20622 I LOWI-9.0.0.79: [LOWI-Scan] RSN_IE
05-04 17:33:06.980  3703 20622 D LOWI-9.0.0.79: [LOWI-Scan] decode_rsn_wpa_ie: Entered
05-04 17:33:06.980  3703 20622 D LOWI-9.0.0.79: [LOWIUtils] hexDump: msg(30 14 01 00 00 0f ac 04 01 00 00 0f ac 04 01 00 00 0f ac 02 )
05-04 17:33:06.980  3703 20622 D LOWI-9.0.0.79: [LOWI-Scan] decode_rsn_wpa_ie: LOWI_ENCRYPTION_TYPE_WPA_PSK
05-04 17:33:06.980  3703 20622 D LOWI-9.0.0.79: [LOWI-Scan] is_qcom_ie, bss_age: 0
05-04 17:33:06.980  3703 20622 D LOWI-9.0.0.79: [LOWI-Scan] BSS ae:05:d6:42:11:20 LOWI_PHY_MODE_11AC_VHT40(9), Beacon Interval: 100, LOWI_ENCRYPTION_TYPE_WPA_PSK 11mcRanging: No, ANQP: No, LCI: No, Civic: No, capability(0x1111): ESS Privacy SpectrumMgmt
05-04 17:33:06.980  3703 20622 D LOWI-9.0.0.79: [LOWI-Scan] BSS ae:05:d6:42:11:20 FREQ: 5300, cFreq1[40:80:160] = [5310:0:0] cFreq2 = 0 Country Code = US 
05-04 17:33:06.980  3703 20622 D LOWI-9.0.0.79: [LOWI-Scan] BSS ae:05:d6:42:11:20 (wlan0) ASSO: NO AddInfo: 0x1, TSF 25, 05:02:58.004, RSSI: -114, CPL: 127, AGE: 1540,  SSID , TSFDelta: 0x85717896, TXRate: 0
05-04 17:33:06.980  3703 20622 D LOWI-9.0.0.79: [LOWI-Scan] 
05-04 17:33:06.980  3703 20622 D LOWI-9.0.0.79: [LOWI-Scan] print_bss_handler: Report Probe TSF 2178178258963 as it greater than Beacon TSF 2178178253233
05-04 17:33:06.980  3703 20622 I LOWI-9.0.0.79: [LOWI-Scan] RSN_IE
05-04 17:33:06.980  3703 20622 D LOWI-9.0.0.79: [LOWI-Scan] decode_rsn_wpa_ie: Entered
05-04 17:33:06.980  3703 20622 D LOWI-9.0.0.79: [LOWIUtils] hexDump: msg(30 18 01 00 00 0f ac 04 01 00 00 0f ac 04 02 00 00 0f ac 01 00 0f ac 03 )
05-04 17:33:06.980  3703 20622 D LOWI-9.0.0.79: [LOWI-Scan] decode_rsn_wpa_ie: LOWI_ENCRYPTION_TYPE_WPA_EAP
05-04 17:33:06.980  3703 20622 D LOWI-9.0.0.79: [LOWI-Scan] is_qcom_ie, bss_age: 0
05-04 17:33:06.980  3703 20622 D LOWI-9.0.0.79: [LOWI-Scan] BSS a2:05:d6:4d:37:94 LOWI_PHY_MODE_11AC_VHT40(9), Beacon Interval: 100, LOWI_ENCRYPTION_TYPE_WPA_EAP 11mcRanging: No, ANQP: No, LCI: No, Civic: No, capability(0x1111): ESS Privacy SpectrumMgmt
05-04 17:33:06.980  3703 20622 D LOWI-9.0.0.79: [LOWI-Scan] BSS a2:05:d6:4d:37:94 FREQ: 5500, cFreq1[40:80:160] = [5510:0:0] cFreq2 = 0 Country Code = US 
05-04 17:33:06.980  3703 20622 D LOWI-9.0.0.79: [LOWI-Scan] BSS a2:05:d6:4d:37:94 (wlan0) ASSO: NO AddInfo: 0x0, TSF 25, 05:02:58.258, RSSI: -66, CPL: 127, AGE: 1290,  SSID fw-corp, TSFDelta: 0xe8a59ac0, TXRate: 0
05-04 17:33:06.980  3703 20622 D LOWI-9.0.0.79: [LOWI-Scan] 
05-04 17:33:06.980  3703 20622 D LOWI-9.0.0.79: [LOWI-Scan] print_bss_handler: Report Probe TSF 2178178260620 as it greater than Beacon TSF 2178178254336
05-04 17:33:06.980  3703 20622 I LOWI-9.0.0.79: [LOWI-Scan] RSN_IE
05-04 17:33:06.980  3703 20622 D LOWI-9.0.0.79: [LOWI-Scan] decode_rsn_wpa_ie: Entered
05-04 17:33:06.980  3703 20622 D LOWI-9.0.0.79: [LOWIUtils] hexDump: msg(30 18 01 00 00 0f ac 04 01 00 00 0f ac 04 02 00 00 0f ac 01 00 0f ac 03 )
05-04 17:33:06.980  3703 20622 D LOWI-9.0.0.79: [LOWI-Scan] decode_rsn_wpa_ie: LOWI_ENCRYPTION_TYPE_WPA_EAP
05-04 17:33:06.980  3703 20622 D LOWI-9.0.0.79: [LOWI-Scan] is_qcom_ie, bss_age: 0
05-04 17:33:06.980  3703 20622 D LOWI-9.0.0.79: [LOWI-Scan] BSS aa:05:d6:4d:37:94 LOWI_PHY_MODE_11AC_VHT40(9), Beacon Interval: 100, LOWI_ENCRYPTION_TYPE_WPA_EAP 11mcRanging: No, ANQP: No, LCI: No, Civic: No, capability(0x1111): ESS Privacy SpectrumMgmt
05-04 17:33:06.981  3703 20622 D LOWI-9.0.0.79: [LOWI-Scan] BSS aa:05:d6:4d:37:94 FREQ: 5500, cFreq1[40:80:160] = [5510:0:0] cFreq2 = 0 Country Code = US 
05-04 17:33:06.981  3703 20622 D LOWI-9.0.0.79: [LOWI-Scan] BSS aa:05:d6:4d:37:94 (wlan0) ASSO: NO AddInfo: 0x0, TSF 25, 05:02:58.260, RSSI: -66, CPL: 127, AGE: 1290,  SSID fw-guest, TSFDelta: 0xe8a59abe, TXRate: 0
05-04 17:33:06.981  3703 20622 D LOWI-9.0.0.79: [LOWI-Scan] 
05-04 17:33:06.981  3703 20622 D LOWI-9.0.0.79: [LOWI-Scan] print_bss_handler: Report beacon TSF 2178178255096 as it greater than probe TSF 2178178255096
05-04 17:33:06.981  3703 20622 I LOWI-9.0.0.79: [LOWI-Scan] RSN_IE
05-04 17:33:06.981  3703 20622 D LOWI-9.0.0.79: [LOWI-Scan] decode_rsn_wpa_ie: Entered
05-04 17:33:06.981  3703 20622 D LOWI-9.0.0.79: [LOWIUtils] hexDump: msg(30 14 01 00 00 0f ac 04 01 00 00 0f ac 04 01 00 00 0f ac 02 )
05-04 17:33:06.981  3703 20622 D LOWI-9.0.0.79: [LOWI-Scan] decode_rsn_wpa_ie: LOWI_ENCRYPTION_TYPE_WPA_PSK
05-04 17:33:06.981  3703 20622 D LOWI-9.0.0.79: [LOWI-Scan] is_qcom_ie, bss_age: 0
05-04 17:33:06.981  3703 20622 D LOWI-9.0.0.79: [LOWI-Scan] BSS ae:05:d6:4d:37:94 LOWI_PHY_MODE_11AC_VHT40(9), Beacon Interval: 100, LOWI_ENCRYPTION_TYPE_WPA_PSK 11mcRanging: No, ANQP: No, LCI: No, Civic: No, capability(0x1111): ESS Privacy SpectrumMgmt
05-04 17:33:06.981  3703 20622 D LOWI-9.0.0.79: [LOWI-Scan] BSS ae:05:d6:4d:37:94 FREQ: 5500, cFreq1[40:80:160] = [5510:0:0] cFreq2 = 0 Country Code = US 
05-04 17:33:06.981  3703 20622 D LOWI-9.0.0.79: [LOWI-Scan] BSS ae:05:d6:4d:37:94 (wlan0) ASSO: NO AddInfo: 0x1, TSF 25, 05:02:58.255, RSSI: -66, CPL: 127, AGE: 1290,  SSID , TSFDelta: 0xe8a59abf, TXRate: 0
05-04 17:33:06.981  3703 20622 D LOWI-9.0.0.79: [LOWI-Scan] 
05-04 17:33:06.981  3703 20622 D LOWI-9.0.0.79: [LOWI-Scan] print_bss_handler: Report Probe TSF 2178178258252 as it greater than Beacon TSF 2178178252892
05-04 17:33:06.981  3703 20622 I LOWI-9.0.0.79: [LOWI-Scan] RSN_IE
05-04 17:33:06.981  3703 20622 D LOWI-9.0.0.79: [LOWI-Scan] decode_rsn_wpa_ie: Entered
05-04 17:33:06.981  3703 20622 D LOWI-9.0.0.79: [LOWIUtils] hexDump: msg(30 18 01 00 00 0f ac 04 01 00 00 0f ac 04 02 00 00 0f ac 01 00 0f ac 03 )
05-04 17:33:06.981  3703 20622 D LOWI-9.0.0.79: [LOWI-Scan] decode_rsn_wpa_ie: LOWI_ENCRYPTION_TYPE_WPA_EAP
05-04 17:33:06.981  3703 20622 D LOWI-9.0.0.79: [LOWI-Scan] is_qcom_ie, bss_age: 0
05-04 17:33:06.981  3703 20622 D LOWI-9.0.0.79: [LOWI-Scan] BSS 9c:05:d6:4d:37:94 LOWI_PHY_MODE_11AC_VHT40(9), Beacon Interval: 100, LOWI_ENCRYPTION_TYPE_WPA_EAP 11mcRanging: No, ANQP: No, LCI: No, Civic: No, capability(0x1111): ESS Privacy SpectrumMgmt
05-04 17:33:06.981  3703 20622 D LOWI-9.0.0.79: [LOWI-Scan] BSS 9c:05:d6:4d:37:94 FREQ: 5500, cFreq1[40:80:160] = [5510:0:0] cFreq2 = 0 Country Code = US 
05-04 17:33:06.981  3703 20622 D LOWI-9.0.0.79: [LOWI-Scan] BSS 9c:05:d6:4d:37:94 (wlan0) ASSO: NO AddInfo: 0x0, TSF 25, 05:02:58.258, RSSI: -66, CPL: 127, AGE: 1290,  SSID fw-internet, TSFDelta: 0xe8a59abe, TXRate: 0
05-04 17:33:06.981  3703 20622 D LOWI-9.0.0.79: [LOWI-Scan] 
05-04 17:33:06.981  3703 20622 D LOWI-9.0.0.79: [LOWI-Scan] print_bss_handler: Report beacon TSF 2178177606433 as it greater than probe TSF 2178177575298
05-04 17:33:06.981  3703 20622 I LOWI-9.0.0.79: [LOWI-Scan] RSN_IE
05-04 17:33:06.981  3703 20622 D LOWI-9.0.0.79: [LOWI-Scan] decode_rsn_wpa_ie: Entered
05-04 17:33:06.981  3703 20622 D LOWI-9.0.0.79: [LOWIUtils] hexDump: msg(30 18 01 00 00 0f ac 04 01 00 00 0f ac 04 02 00 00 0f ac 01 00 0f ac 03 )
05-04 17:33:06.981  3703 20622 D LOWI-9.0.0.79: [LOWI-Scan] decode_rsn_wpa_ie: LOWI_ENCRYPTION_TYPE_WPA_EAP
05-04 17:33:06.981  3703 20622 D LOWI-9.0.0.79: [LOWI-Scan] is_qcom_ie, bss_age: 0
05-04 17:33:06.981  3703 20622 D LOWI-9.0.0.79: [LOWI-Scan] BSS 9c:05:d6:4d:32:b7 LOWI_PHY_MODE_11AC_VHT40(9), Beacon Interval: 100, LOWI_ENCRYPTION_TYPE_WPA_EAP 11mcRanging: No, ANQP: No, LCI: No, Civic: No, capability(0x1111): ESS Privacy SpectrumMgmt
05-04 17:33:06.981  3703 20622 D LOWI-9.0.0.79: [LOWI-Scan] BSS 9c:05:d6:4d:32:b7 FREQ: 5785, cFreq1[40:80:160] = [5795:0:0] cFreq2 = 0 Country Code = US 
05-04 17:33:06.981  3703 20622 D LOWI-9.0.0.79: [LOWI-Scan] BSS 9c:05:d6:4d:32:b7 (wlan0) ASSO: NO AddInfo: 0x1, TSF 25, 05:02:57.606, RSSI: -130, CPL: 127, AGE: 1940,  SSID fw-internet, TSFDelta: 0xe9e24db5, TXRate: 0
05-04 17:33:06.981  3703 20622 D LOWI-9.0.0.79: [LOWI-Scan] 
05-04 17:33:06.982  3703 20622 D LOWI-9.0.0.79: [LOWI-Scan] print_bss_handler: Report beacon TSF 2178177606994 as it greater than probe TSF 2178177576373
05-04 17:33:06.982  3703 20622 I LOWI-9.0.0.79: [LOWI-Scan] RSN_IE
05-04 17:33:06.982  3703 20622 D LOWI-9.0.0.79: [LOWI-Scan] decode_rsn_wpa_ie: Entered
05-04 17:33:06.982  3703 20622 D LOWI-9.0.0.79: [LOWIUtils] hexDump: msg(30 18 01 00 00 0f ac 04 01 00 00 0f ac 04 02 00 00 0f ac 01 00 0f ac 03 )
05-04 17:33:06.982  3703 20622 D LOWI-9.0.0.79: [LOWI-Scan] decode_rsn_wpa_ie: LOWI_ENCRYPTION_TYPE_WPA_EAP
05-04 17:33:06.982  3703 20622 D LOWI-9.0.0.79: [LOWI-Scan] is_qcom_ie, bss_age: 0
05-04 17:33:06.982  3703 20622 D LOWI-9.0.0.79: [LOWI-Scan] BSS a2:05:d6:4d:32:b7 LOWI_PHY_MODE_11AC_VHT40(9), Beacon Interval: 100, LOWI_ENCRYPTION_TYPE_WPA_EAP 11mcRanging: No, ANQP: No, LCI: No, Civic: No, capability(0x1111): ESS Privacy SpectrumMgmt
05-04 17:33:06.982  3703 20622 D LOWI-9.0.0.79: [LOWI-Scan] BSS a2:05:d6:4d:32:b7 FREQ: 5785, cFreq1[40:80:160] = [5795:0:0] cFreq2 = 0 Country Code = US 
05-04 17:33:06.982  3703 20622 D LOWI-9.0.0.79: [LOWI-Scan] BSS a2:05:d6:4d:32:b7 (wlan0) ASSO: NO AddInfo: 0x1, TSF 25, 05:02:57.606, RSSI: -130, CPL: 127, AGE: 1940,  SSID fw-corp, TSFDelta: 0xe9e24db7, TXRate: 0
05-04 17:33:06.982  3703 20622 D LOWI-9.0.0.79: [LOWI-Scan] 
05-04 17:33:06.982  3703 20622 D LOWI-9.0.0.79: [LOWI-Scan] print_bss_handler: Report beacon TSF 2178177608189 as it greater than probe TSF 2178177576944
05-04 17:33:06.982  3703 20622 I LOWI-9.0.0.79: [LOWI-Scan] RSN_IE
05-04 17:33:06.982  3703 20622 D LOWI-9.0.0.79: [LOWI-Scan] decode_rsn_wpa_ie: Entered
05-04 17:33:06.982  3703 20622 D LOWI-9.0.0.79: [LOWIUtils] hexDump: msg(30 18 01 00 00 0f ac 04 01 00 00 0f ac 04 02 00 00 0f ac 01 00 0f ac 03 )
05-04 17:33:06.982  3703 20622 D LOWI-9.0.0.79: [LOWI-Scan] decode_rsn_wpa_ie: LOWI_ENCRYPTION_TYPE_WPA_EAP
05-04 17:33:06.982  3703 20622 D LOWI-9.0.0.79: [LOWI-Scan] is_qcom_ie, bss_age: 0
05-04 17:33:06.982  3703 20622 D LOWI-9.0.0.79: [LOWI-Scan] BSS aa:05:d6:4d:32:b7 LOWI_PHY_MODE_11AC_VHT40(9), Beacon Interval: 100, LOWI_ENCRYPTION_TYPE_WPA_EAP 11mcRanging: No, ANQP: No, LCI: No, Civic: No, capability(0x1111): ESS Privacy SpectrumMgmt
05-04 17:33:06.982  3703 20622 D LOWI-9.0.0.79: [LOWI-Scan] BSS aa:05:d6:4d:32:b7 FREQ: 5785, cFreq1[40:80:160] = [5795:0:0] cFreq2 = 0 Country Code = US 
05-04 17:33:06.982  3703 20622 D LOWI-9.0.0.79: [LOWI-Scan] BSS aa:05:d6:4d:32:b7 (wlan0) ASSO: NO AddInfo: 0x1, TSF 25, 05:02:57.608, RSSI: -130, CPL: 127, AGE: 1940,  SSID fw-guest, TSFDelta: 0xe9e24db5, TXRate: 0
05-04 17:33:06.982  3703 20622 D LOWI-9.0.0.79: [LOWI-Scan] 
05-04 17:33:06.982  3703 20622 D LOWI-9.0.0.79: [LOWI-Scan] print_bss_handler: Report beacon TSF 2178177805309 as it greater than probe TSF 2178177785234
05-04 17:33:06.982  3703 20622 I LOWI-9.0.0.79: [LOWI-Scan] RSN_IE
05-04 17:33:06.982  3703 20622 D LOWI-9.0.0.79: [LOWI-Scan] decode_rsn_wpa_ie: Entered
05-04 17:33:06.982  3703 20622 D LOWI-9.0.0.79: [LOWIUtils] hexDump: msg(30 18 01 00 00 0f ac 04 01 00 00 0f ac 04 02 00 00 0f ac 01 00 0f ac 03 )
05-04 17:33:06.982  3703 20622 D LOWI-9.0.0.79: [LOWI-Scan] decode_rsn_wpa_ie: LOWI_ENCRYPTION_TYPE_WPA_EAP
05-04 17:33:06.982  3703 20622 D LOWI-9.0.0.79: [LOWI-Scan] is_qcom_ie, bss_age: 0
05-04 17:33:06.982  3703 20622 D LOWI-9.0.0.79: [LOWI-Scan] BSS 9c:05:d6:4d:32:e9 LOWI_PHY_MODE_11AC_VHT40(9), Beacon Interval: 100, LOWI_ENCRYPTION_TYPE_WPA_EAP 11mcRanging: No, ANQP: No, LCI: No, Civic: No, capability(0x1111): ESS Privacy SpectrumMgmt
05-04 17:33:06.982  3703 20622 D LOWI-9.0.0.79: [LOWI-Scan] BSS 9c:05:d6:4d:32:e9 FREQ: 5260, cFreq1[40:80:160] = [5270:0:0] cFreq2 = 0 Country Code = US 
05-04 17:33:06.982  3703 20622 D LOWI-9.0.0.79: [LOWI-Scan] BSS 9c:05:d6:4d:32:e9 (wlan0) ASSO: NO AddInfo: 0x1, TSF 25, 05:02:57.805, RSSI: -168, CPL: 127, AGE: 1740,  SSID fw-internet, TSFDelta: 0x5a81668c, TXRate: 0
05-04 17:33:06.982  3703 20622 D LOWI-9.0.0.79: [LOWI-Scan] 
05-04 17:33:06.982  3703 20622 D LOWI-9.0.0.79: [LOWI-Scan] print_bss_handler: Report beacon TSF 2178177805825 as it greater than probe TSF 2178177790050
05-04 17:33:06.982  3703 20622 I LOWI-9.0.0.79: [LOWI-Scan] RSN_IE
05-04 17:33:06.982  3703 20622 D LOWI-9.0.0.79: [LOWI-Scan] decode_rsn_wpa_ie: Entered
05-04 17:33:06.982  3703 20622 D LOWI-9.0.0.79: [LOWIUtils] hexDump: msg(30 18 01 00 00 0f ac 04 01 00 00 0f ac 04 02 00 00 0f ac 01 00 0f ac 03 )
05-04 17:33:06.982  3703 20622 D LOWI-9.0.0.79: [LOWI-Scan] decode_rsn_wpa_ie: LOWI_ENCRYPTION_TYPE_WPA_EAP
05-04 17:33:06.983  3703 20622 D LOWI-9.0.0.79: [LOWI-Scan] is_qcom_ie, bss_age: 0
05-04 17:33:06.983  3703 20622 D LOWI-9.0.0.79: [LOWI-Scan] BSS a2:05:d6:4d:32:e9 LOWI_PHY_MODE_11AC_VHT40(9), Beacon Interval: 100, LOWI_ENCRYPTION_TYPE_WPA_EAP 11mcRanging: No, ANQP: No, LCI: No, Civic: No, capability(0x1111): ESS Privacy SpectrumMgmt
05-04 17:33:06.983  3703 20622 D LOWI-9.0.0.79: [LOWI-Scan] BSS a2:05:d6:4d:32:e9 FREQ: 5260, cFreq1[40:80:160] = [5270:0:0] cFreq2 = 0 Country Code = US 
05-04 17:33:06.983  3703 20622 D LOWI-9.0.0.79: [LOWI-Scan] BSS a2:05:d6:4d:32:e9 (wlan0) ASSO: NO AddInfo: 0x1, TSF 25, 05:02:57.805, RSSI: -168, CPL: 127, AGE: 1740,  SSID fw-corp, TSFDelta: 0x5a81668e, TXRate: 0
05-04 17:33:06.983  3703 20622 D LOWI-9.0.0.79: [LOWI-Scan] 
05-04 17:33:06.983  3703 20622 D LOWI-9.0.0.79: [LOWI-Scan] print_bss_handler: Report beacon TSF 2178177806990 as it greater than probe TSF 2178177790891
05-04 17:33:06.983  3703 20622 I LOWI-9.0.0.79: [LOWI-Scan] RSN_IE
05-04 17:33:06.983  3703 20622 D LOWI-9.0.0.79: [LOWI-Scan] decode_rsn_wpa_ie: Entered
05-04 17:33:06.983  3703 20622 D LOWI-9.0.0.79: [LOWIUtils] hexDump: msg(30 18 01 00 00 0f ac 04 01 00 00 0f ac 04 02 00 00 0f ac 01 00 0f ac 03 )
05-04 17:33:06.983  3703 20622 D LOWI-9.0.0.79: [LOWI-Scan] decode_rsn_wpa_ie: LOWI_ENCRYPTION_TYPE_WPA_EAP
05-04 17:33:06.983  3703 20622 D LOWI-9.0.0.79: [LOWI-Scan] is_qcom_ie, bss_age: 0
05-04 17:33:06.983  3703 20622 D LOWI-9.0.0.79: [LOWI-Scan] BSS aa:05:d6:4d:32:e9 LOWI_PHY_MODE_11AC_VHT40(9), Beacon Interval: 100, LOWI_ENCRYPTION_TYPE_WPA_EAP 11mcRanging: No, ANQP: No, LCI: No, Civic: No, capability(0x1111): ESS Privacy SpectrumMgmt
05-04 17:33:06.983  3703 20622 D LOWI-9.0.0.79: [LOWI-Scan] BSS aa:05:d6:4d:32:e9 FREQ: 5260, cFreq1[40:80:160] = [5270:0:0] cFreq2 = 0 Country Code = US 
05-04 17:33:06.983  3703 20622 D LOWI-9.0.0.79: [LOWI-Scan] BSS aa:05:d6:4d:32:e9 (wlan0) ASSO: NO AddInfo: 0x1, TSF 25, 05:02:57.806, RSSI: -166, CPL: 127, AGE: 1740,  SSID fw-guest, TSFDelta: 0x5a81668c, TXRate: 0
05-04 17:33:06.983  3703 20622 D LOWI-9.0.0.79: [LOWI-Scan] 
05-04 17:33:06.983  3703 20622 D LOWI-9.0.0.79: [LOWI-Scan] print_bss_handler: Report Probe TSF 2178179087509 as it greater than Beacon TSF 2178179075534
05-04 17:33:06.983  3703 20622 I LOWI-9.0.0.79: [LOWI-Scan] RSN_IE
05-04 17:33:06.983  3703 20622 D LOWI-9.0.0.79: [LOWI-Scan] decode_rsn_wpa_ie: Entered
05-04 17:33:06.983  3703 20622 D LOWI-9.0.0.79: [LOWIUtils] hexDump: msg(30 18 01 00 00 0f ac 04 01 00 00 0f ac 04 02 00 00 0f ac 01 00 0f ac 03 )
05-04 17:33:06.983  3703 20622 D LOWI-9.0.0.79: [LOWI-Scan] decode_rsn_wpa_ie: LOWI_ENCRYPTION_TYPE_WPA_EAP
05-04 17:33:06.983  3703 20622 D LOWI-9.0.0.79: [LOWI-Scan] is_qcom_ie, bss_age: 0
05-04 17:33:06.983  3703 20622 D LOWI-9.0.0.79: [LOWI-Scan] BSS 9c:05:d6:4d:34:c9 LOWI_PHY_MODE_11AC_VHT40(9), Beacon Interval: 100, LOWI_ENCRYPTION_TYPE_WPA_EAP 11mcRanging: No, ANQP: No, LCI: No, Civic: No, capability(0x1111): ESS Privacy SpectrumMgmt
05-04 17:33:06.983  3703 20622 D LOWI-9.0.0.79: [LOWI-Scan] BSS 9c:05:d6:4d:34:c9 FREQ: 5640, cFreq1[40:80:160] = [5630:0:0] cFreq2 = 0 Country Code = US 
05-04 17:33:06.983  3703 20622 D LOWI-9.0.0.79: [LOWI-Scan] BSS 9c:05:d6:4d:34:c9 (wlan0) ASSO: NO AddInfo: 0x0, TSF 25, 05:02:59.087, RSSI: -136, CPL: 127, AGE: 460,  SSID fw-internet, TSFDelta: 0xee36a643, TXRate: 0
05-04 17:33:06.983  3703 20622 D LOWI-9.0.0.79: [LOWI-Scan] 
05-04 17:33:06.983  3703 20622 D LOWI-9.0.0.79: [LOWI-Scan] print_bss_handler: Report Probe TSF 2178179088436 as it greater than Beacon TSF 2178179075935
05-04 17:33:06.983  3703 20622 I LOWI-9.0.0.79: [LOWI-Scan] RSN_IE
05-04 17:33:06.983  3703 20622 D LOWI-9.0.0.79: [LOWI-Scan] decode_rsn_wpa_ie: Entered
05-04 17:33:06.983  3703 20622 D LOWI-9.0.0.79: [LOWIUtils] hexDump: msg(30 18 01 00 00 0f ac 04 01 00 00 0f ac 04 02 00 00 0f ac 01 00 0f ac 03 )
05-04 17:33:06.983  3703 20622 D LOWI-9.0.0.79: [LOWI-Scan] decode_rsn_wpa_ie: LOWI_ENCRYPTION_TYPE_WPA_EAP
05-04 17:33:06.983  3703 20622 D LOWI-9.0.0.79: [LOWI-Scan] is_qcom_ie, bss_age: 0
05-04 17:33:06.983  3703 20622 D LOWI-9.0.0.79: [LOWI-Scan] BSS a2:05:d6:4d:34:c9 LOWI_PHY_MODE_11AC_VHT40(9), Beacon Interval: 100, LOWI_ENCRYPTION_TYPE_WPA_EAP 11mcRanging: No, ANQP: No, LCI: No, Civic: No, capability(0x1111): ESS Privacy SpectrumMgmt
05-04 17:33:06.983  3703 20622 D LOWI-9.0.0.79: [LOWI-Scan] BSS a2:05:d6:4d:34:c9 FREQ: 5640, cFreq1[40:80:160] = [5630:0:0] cFreq2 = 0 Country Code = US 
05-04 17:33:06.983  3703 20622 D LOWI-9.0.0.79: [LOWI-Scan] BSS a2:05:d6:4d:34:c9 (wlan0) ASSO: NO AddInfo: 0x0, TSF 25, 05:02:59.088, RSSI: -134, CPL: 127, AGE: 460,  SSID fw-corp, TSFDelta: 0xee36a645, TXRate: 0
05-04 17:33:06.983  3703 20622 D LOWI-9.0.0.79: [LOWI-Scan] 
