--------- beginning of kernel
05-04 18:58:17.122     0     0 I logd    : logdr: UID=2000 GID=2000 PID=10069 b tail=0 logMask=99 pid=0 start=0ns deadline=0ns
05-04 18:58:17.738     0     0 I binder  : 10075:10075 ioctl 40046210 7ff78b56a4 returned -22
--------- beginning of system
05-04 18:58:17.833   307 25782 I ActivityManager: Force stopping com.westlake.host appid=10218 user=0: from pid 10075
--------- beginning of main
05-04 18:58:17.843  1166  1166 D CarrierSvcBindHelper: onHandleForceStop: [com.westlake.host]
05-04 18:58:17.843   307   767 I AppWidgetServiceImpl: Received broadcast: android.intent.action.PACKAGE_RESTARTED on user 0
05-04 18:58:17.843   307   767 I AppWidgetServiceImpl: Updating package stopped masked state for uid 10218 package com.westlake.host isStopped true
05-04 18:58:17.848  1166  1166 D CarrierSvcBindHelper: No carrier app for: 0
05-04 18:58:17.849  1166  1166 D CarrierSvcBindHelper: No carrier app for: 1
05-04 18:58:17.915  3704  3747 W HidlServiceManagement: Waited one second for vendor.qti.hardware.cacert@1.0::IService/default
05-04 18:58:17.916   660   660 I hwservicemanager: Since vendor.qti.hardware.cacert@1.0::IService/default is not registered, trying to start it as a lazy HAL (if it's not configured to be a lazy HAL, it may be stuck starting or still starting).
05-04 18:58:17.916  3704  3747 I HidlServiceManagement: getService: Trying again for vendor.qti.hardware.cacert@1.0::IService/default...
05-04 18:58:17.918   660 10082 W libc    : Unable to set property "ctl.interface_start" to "vendor.qti.hardware.cacert@1.0::IService/default": PROP_ERROR_HANDLE_CONTROL_MESSAGE (0x20)
05-04 18:58:17.918   660 10082 I hwservicemanager: Tried to start vendor.qti.hardware.cacert@1.0::IService/default as a lazy service, but was unable to. Usually this happens when a service is not installed, but if the service is intended to be used as a lazy service, then it may be configured incorrectly.
05-04 18:58:17.831     0     0 E init    : Control message: Could not find 'vendor.qti.hardware.cacert@1.0::IService/default' for ctl.interface_start from pid: 660 (/system/system_ext/bin/hwservicemanager)
05-04 18:58:17.946   307   391 E AccessPersistence: Failed to verity-protect runtime-permissions
05-04 18:58:17.946   307   391 E AccessPersistence: java.io.IOException: Failed to enable fs-verity on FD(483): Inappropriate ioctl for device
05-04 18:58:17.946   307   391 E AccessPersistence: 	at com.android.internal.security.VerityUtils.setUpFsverity(VerityUtils.java:94)
05-04 18:58:17.946   307   391 E AccessPersistence: 	at com.android.server.security.FileIntegrity.setUpFsVerity(FileIntegrity.java:66)
05-04 18:58:17.946   307   391 E AccessPersistence: 	at com.android.server.security.FileIntegrity.setUpFsVerity(FileIntegrity.java:50)
05-04 18:58:17.946   307   391 E AccessPersistence: 	at com.android.server.permission.access.AccessPersistence.writeSystemState(AccessPersistence.kt:65)
05-04 18:58:17.946   307   391 E AccessPersistence: 	at com.android.server.permission.access.AccessPersistence.writePendingState(AccessPersistence.kt:149)
05-04 18:58:17.946   307   391 E AccessPersistence: 	at com.android.server.permission.access.AccessPersistence.access$writePendingState(AccessPersistence.kt:41)
05-04 18:58:17.946   307   391 E AccessPersistence: 	at com.android.server.permission.access.AccessPersistence$WriteHandler.handleMessage(AccessPersistence.kt:190)
05-04 18:58:17.946   307   391 E AccessPersistence: 	at android.os.Handler.dispatchMessage(Handler.java:109)
05-04 18:58:17.946   307   391 E AccessPersistence: 	at android.os.Looper.loopOnce(Looper.java:232)
05-04 18:58:17.946   307   391 E AccessPersistence: 	at android.os.Looper.loop(Looper.java:317)
05-04 18:58:17.946   307   391 E AccessPersistence: 	at android.os.HandlerThread.run(HandlerThread.java:85)
05-04 18:58:17.946   307   391 E AccessPersistence: 	at com.android.server.ServiceThread.run(ServiceThread.java:49)
05-04 18:58:17.966   307   391 E AccessPersistence: Failed to verity-protect runtime-permissions
05-04 18:58:17.966   307   391 E AccessPersistence: java.io.IOException: Failed to enable fs-verity on FD(483): Inappropriate ioctl for device
05-04 18:58:17.966   307   391 E AccessPersistence: 	at com.android.internal.security.VerityUtils.setUpFsverity(VerityUtils.java:94)
05-04 18:58:17.966   307   391 E AccessPersistence: 	at com.android.server.security.FileIntegrity.setUpFsVerity(FileIntegrity.java:66)
05-04 18:58:17.966   307   391 E AccessPersistence: 	at com.android.server.security.FileIntegrity.setUpFsVerity(FileIntegrity.java:50)
05-04 18:58:17.966   307   391 E AccessPersistence: 	at com.android.server.permission.access.AccessPersistence.writeUserState(AccessPersistence.kt:65)
05-04 18:58:17.966   307   391 E AccessPersistence: 	at com.android.server.permission.access.AccessPersistence.writePendingState(AccessPersistence.kt:151)
05-04 18:58:17.966   307   391 E AccessPersistence: 	at com.android.server.permission.access.AccessPersistence.access$writePendingState(AccessPersistence.kt:41)
05-04 18:58:17.966   307   391 E AccessPersistence: 	at com.android.server.permission.access.AccessPersistence$WriteHandler.handleMessage(AccessPersistence.kt:190)
05-04 18:58:17.966   307   391 E AccessPersistence: 	at android.os.Handler.dispatchMessage(Handler.java:109)
05-04 18:58:17.966   307   391 E AccessPersistence: 	at android.os.Looper.loopOnce(Looper.java:232)
05-04 18:58:17.966   307   391 E AccessPersistence: 	at android.os.Looper.loop(Looper.java:317)
05-04 18:58:17.966   307   391 E AccessPersistence: 	at android.os.HandlerThread.run(HandlerThread.java:85)
05-04 18:58:17.966   307   391 E AccessPersistence: 	at com.android.server.ServiceThread.run(ServiceThread.java:49)
05-04 18:58:18.456     0     0 I binder  : 10091:10091 ioctl 40046210 7fd7fbcee4 returned -22
05-04 18:58:18.549   307  4369 I ActivityManager: Force stopping com.westlake.host appid=10218 user=0: from pid 10091
05-04 18:58:18.560  1166  1166 D CarrierSvcBindHelper: onHandleForceStop: [com.westlake.host]
05-04 18:58:18.561   307   767 I AppWidgetServiceImpl: Received broadcast: android.intent.action.PACKAGE_RESTARTED on user 0
05-04 18:58:18.561   307   767 I AppWidgetServiceImpl: Updating package stopped masked state for uid 10218 package com.westlake.host isStopped true
05-04 18:58:18.562  1166  1166 D CarrierSvcBindHelper: No carrier app for: 0
05-04 18:58:18.563  1166  1166 D CarrierSvcBindHelper: No carrier app for: 1
05-04 18:58:18.809   307  4369 W ActivityTaskManager: callingPackage for (uid=2000, pid=10091) has no WPC
05-04 18:58:18.815   307  4369 V GrammaticalInflectionUtils: AttributionSource: AttributionSource { uid = 10218, packageName = null, attributionTag = null, token = android.os.Binder@a81f694, deviceId = 0, next = null } does not have READ_SYSTEM_GRAMMATICAL_GENDER permission.
05-04 18:58:18.816   307  4369 W OptProp : Cannot read opt property android.window.PROPERTY_COMPAT_ALLOW_RESIZEABLE_ACTIVITY_OVERRIDES
05-04 18:58:18.817   307  4369 W OptProp : Cannot read opt property android.window.PROPERTY_COMPAT_ALLOW_MIN_ASPECT_RATIO_OVERRIDE
05-04 18:58:18.825   307  4369 W OptProp : Cannot read opt property android.window.PROPERTY_COMPAT_ALLOW_ORIENTATION_OVERRIDE
05-04 18:58:18.830  3220  3220 I android.hardware.power-service-qti: Power setMode: 5 to: 1
05-04 18:58:18.830   307  4369 V SplashScreenExceptionList: SplashScreen checking exception for package com.westlake.host (target sdk:28) -> false
05-04 18:58:18.834  3267  3300 E ANDR-PERF-UTIL: Failed to read /sys/class/mmc_host/mmc0/clk_scaling/enable
05-04 18:58:18.835  3267  3300 E ANDR-PERF-OPTSHANDLER: Failed to read /sys/class/mmc_host/mmc0/clk_scaling/enable
05-04 18:58:18.835  3267  3300 E ANDR-PERF-RESOURCEQS: Failed to apply optimization [11, 4]
05-04 18:58:18.836   307  4369 I ActivityTaskManager: START u0 {flg=0x10000000 cmp=com.westlake.host/.WestlakeActivity (has extras)} with LAUNCH_MULTIPLE from uid 2000 (BAL_ALLOW_PERMISSION) result code=0
05-04 18:58:18.836  3320  4159 I BpBinder: onLastStrongRef automatically unlinking death recipients: 
05-04 18:58:18.837   960   982 V WindowManagerShell: Transition requested (#4390): android.os.BinderProxy@e1213df TransitionRequestInfo { type = OPEN, triggerTask = TaskInfo{userId=0 taskId=2259 effectiveUid=10218 displayId=0 isRunning=true baseIntent=Intent { flg=0x10000000 cmp=com.westlake.host/.WestlakeActivity } baseActivity=ComponentInfo{com.westlake.host/com.westlake.host.WestlakeActivity} topActivity=ComponentInfo{com.westlake.host/com.westlake.host.WestlakeActivity} origActivity=null realActivity=ComponentInfo{com.westlake.host/com.westlake.host.WestlakeActivity} numActivities=1 lastActiveTime=2183291402 supportsMultiWindow=true resizeMode=1 isResizeable=true minWidth=-1 minHeight=-1 defaultMinSize=220 token=WCT{android.window.IWindowContainerToken$Stub$Proxy@d3a982c} topActivityType=1 pictureInPictureParams=null shouldDockBigOverlays=false launchIntoPipHostTaskId=-1 lastParentTaskIdBeforePip=-1 displayCutoutSafeInsets=Rect(0, 80 - 0, 0) topActivityInfo=ActivityInfo{a5862f5 com.westlake.host.WestlakeActivity} launchCookies=[] positionInParent=Point(0, 0) parentTaskId=-1 isFocused=false isVisible=false isVisibleRequested=false isTopActivityNoDisplay=false isSleeping=false locusId=null displayAreaFeatureId=1 isTopActivityTransparent=false isActivityStackTransparent=false lastNonFullscreenBounds=Rect(267, 606 - 814, 1686) capturedLink=null capturedLinkTimestamp=0 requestedVisibleTypes=-9 topActivityRequestOpenInBrowserEducationTimestamp=0 appCompatTaskInfo=AppCompatTaskInfo { topActivityInSizeCompat=false eligibleForLetterboxEducation= false isLetterboxEducationEnabled= false isLetterboxDoubleTapEnabled= false eligibleForUserAspectRatioButton= false topActivityBoundsLetterboxed= false isFromLetterboxDoubleTap= false topActivityLetterboxVerticalPosition= -1 topActivityLetterboxHorizontalPosition= -1 topActivityLetterboxWidth=-1 topActivityLetterboxHeight=-1 topActivityLetterboxAppWidth=-1 topActivityLetterboxAppHeight=-1 isUserFullscreenOverrideEnabled=false isSystemFullscreenOverrideEnabled=false hasMinAspectRatioOverride=false topActivityLetterboxBounds=null cameraCompatTaskInfo=CameraCompatTaskInfo { freeformCameraCompatMode=inactive}} topActivityMainWindowFrame=null}, pipChange = null, remoteTransition = null, displayChange = null, flags = 0, debugId = 4390 }
05-04 18:58:18.837   960   982 D ShellSplitScreen: logExit: no-op, mLoggerSessionId is null
05-04 18:58:18.839   960  1005 D SplashScreenView: Build android.window.SplashScreenView{446f88a V.E...... ......ID 0,0-0,0}
05-04 18:58:18.839   960  1005 D SplashScreenView: Icon: view: android.widget.ImageView{6ae0efb V.ED..... ......I. 0,0-0,0 #1020525 android:id/splashscreen_icon_view} drawable: com.android.wm.shell.startingsurface.SplashscreenIconDrawableFactory$ImmobileIconDrawable@1cf0b18 size: 450
05-04 18:58:18.839   960  1005 D SplashScreenView: Branding: view: android.view.View{7193971 G.ED..... ......I. 0,0-0,0 #1020524 android:id/splashscreen_branding_view} drawable: null size w: 0 h: 0
05-04 18:58:18.840  1230  1230 W SplitSelectStateCtor: Missing session instanceIds
05-04 18:58:18.840  1230  1230 D StatsLog: LAUNCHER_SPLIT_SELECTION_EXIT_INTERRUPTED
05-04 18:58:18.843   307   421 V GrammaticalInflectionUtils: AttributionSource: AttributionSource { uid = 10218, packageName = null, attributionTag = null, token = android.os.Binder@a81f694, deviceId = 0, next = null } does not have READ_SYSTEM_GRAMMATICAL_GENDER permission.
05-04 18:58:18.843   960   982 D WindowManagerShell: setLauncherKeepClearAreaHeight: visible=false, height=292
05-04 18:58:18.846  3080  3121 I netd    : tetherGetStats() -> {[]} <3.10ms>
05-04 18:58:18.850   307   780 D BackgroundInstallControlService: Package event received: 0
05-04 18:58:18.860  3320  3320 I BpBinder: onLastStrongRef automatically unlinking death recipients: 
05-04 18:58:18.864   307   767 I AppWidgetServiceImpl: Received broadcast: android.intent.action.PACKAGE_UNSTOPPED on user 0
05-04 18:58:18.864   307   767 I AppWidgetServiceImpl: Updating package stopped masked state for uid 10218 package com.westlake.host isStopped false
05-04 18:58:18.867  1650 32677 D ForegroundUtils: Foreground UID status:
05-04 18:58:18.867  1650 32677 D ForegroundUtils: UID: 10130 is in foreground: false
05-04 18:58:18.867  1650 32677 D ForegroundUtils: UID: 10152 is in foreground: true
05-04 18:58:18.867  1650 32677 D ForegroundUtils: UID: 10159 is in foreground: true
05-04 18:58:18.867  1650 32677 D ForegroundUtils: UID: 10173 is in foreground: true
05-04 18:58:18.867  1650 32677 D ForegroundUtils: UID: 10190 is in foreground: true
05-04 18:58:18.867  1650 32677 D ForegroundUtils: UID: 10193 is in foreground: false
05-04 18:58:18.868   307 25782 D CoreBackPreview: Window{78f27bb u0 Splash Screen com.westlake.host}: Setting back callback OnBackInvokedCallbackInfo{mCallback=android.window.IOnBackInvokedCallback$Stub$Proxy@5cfe031, mPriority=0, mIsAnimationCallback=false, mOverrideBehavior=0}
05-04 18:58:18.872 32752 32752 D Zygote  : Forked child process 10095
05-04 18:58:18.873   307   526 I ActivityManager: Start proc 10095:com.westlake.host/u0a218 for next-top-activity {com.westlake.host/com.westlake.host.WestlakeActivity}
05-04 18:58:18.887 10095 10095 I Zygote  : seccomp disabled by setenforce 0
05-04 18:58:18.888   307   388 V WindowManager: Sent Transition (#4390) createdAt=05-04 18:58:18.818 via request=TransitionRequestInfo { type = OPEN, triggerTask = TaskInfo{userId=0 taskId=2259 effectiveUid=10218 displayId=0 isRunning=true baseIntent=Intent { flg=0x10000000 cmp=com.westlake.host/.WestlakeActivity } baseActivity=ComponentInfo{com.westlake.host/com.westlake.host.WestlakeActivity} topActivity=ComponentInfo{com.westlake.host/com.westlake.host.WestlakeActivity} origActivity=null realActivity=ComponentInfo{com.westlake.host/com.westlake.host.WestlakeActivity} numActivities=1 lastActiveTime=2183291402 supportsMultiWindow=true resizeMode=1 isResizeable=true minWidth=-1 minHeight=-1 defaultMinSize=220 token=WCT{RemoteToken{8914e6d Task{68b40f2 #2259 type=standard A=10218:com.westlake.host}}} topActivityType=1 pictureInPictureParams=null shouldDockBigOverlays=false launchIntoPipHostTaskId=-1 lastParentTaskIdBeforePip=-1 displayCutoutSafeInsets=Rect(0, 80 - 0, 0) topActivityInfo=ActivityInfo{111caa2 com.westlake.host.WestlakeActivity} launchCookies=[] positionInParent=Point(0, 0) parentTaskId=-1 isFocused=false isVisible=false isVisibleRequested=false isTopActivityNoDisplay=false isSleeping=false locusId=null displayAreaFeatureId=1 isTopActivityTransparent=false isActivityStackTransparent=false lastNonFullscreenBounds=Rect(267, 606 - 814, 1686) capturedLink=null capturedLinkTimestamp=0 requestedVisibleTypes=-9 topActivityRequestOpenInBrowserEducationTimestamp=0 appCompatTaskInfo=AppCompatTaskInfo { topActivityInSizeCompat=false eligibleForLetterboxEducation= false isLetterboxEducationEnabled= false isLetterboxDoubleTapEnabled= false eligibleForUserAspectRatioButton= false topActivityBoundsLetterboxed= false isFromLetterboxDoubleTap= false topActivityLetterboxVerticalPosition= -1 topActivityLetterboxHorizontalPosition= -1 topActivityLetterboxWidth=-1 topActivityLetterboxHeight=-1 topActivityLetterboxAppWidth=-1 topActivityLetterboxAppHeight=-1 isUserFullscreenOverrideEnabled=false isSystemFullscreenOverrideEnabled=false hasMinAspectRatioOverride=false topActivityLetterboxBounds=null cameraCompatTaskInfo=CameraCompatTaskInfo { freeformCameraCompatMode=inactive}} topActivityMainWindowFrame=null}, pipChange = null, remoteTransition = null, displayChange = null, flags = 0, debugId = 4390 }
05-04 18:58:18.888   307   388 V WindowManager:     startWCT=WindowContainerTransaction { changes= {} hops= [] errorCallbackToken=null taskFragmentOrganizer=null }
05-04 18:58:18.888   307   388 V WindowManager:     info={id=4390 t=OPEN f=0x0 trk=0 r=[0@Point(0, 0)] c=[
05-04 18:58:18.888   307   388 V WindowManager:         {WCT{RemoteToken{8914e6d Task{68b40f2 #2259 type=standard A=10218:com.westlake.host}}} m=OPEN f=NONE leash=Surface(name=Task=2259)/@0x3fe8497 sb=Rect(0, 0 - 1080, 2280) eb=Rect(0, 0 - 1080, 2280) epz=Point(1080, 2280) d=0 taskParent=-1},
05-04 18:58:18.888   307   388 V WindowManager:         {WCT{RemoteToken{cb0a3c2 Task{a516ecc #1 type=home}}} m=TO_BACK f=SHOW_WALLPAPER leash=Surface(name=Task=1)/@0xdc03e5b sb=Rect(0, 0 - 1080, 2280) eb=Rect(0, 0 - 1080, 2280) epz=Point(1080, 2280) d=0 taskParent=-1}
05-04 18:58:18.888   307   388 V WindowManager:     ]}
05-04 18:58:18.890   960  1270 V WindowManagerShell: onTransitionReady(transaction=1318555124752)
05-04 18:58:18.890   960   982 V WindowManagerShell: onTransitionReady (#4390) android.os.BinderProxy@e1213df: {id=4390 t=OPEN f=0x0 trk=0 r=[0@Point(0, 0)] c=[
05-04 18:58:18.890   960   982 V WindowManagerShell:         {m=OPEN f=NONE leash=Surface(name=Task=2259)/@0x99caceb sb=Rect(0, 0 - 1080, 2280) eb=Rect(0, 0 - 1080, 2280) epz=Point(1080, 2280) d=0 taskParent=-1},
05-04 18:58:18.890   960   982 V WindowManagerShell:         {m=TO_BACK f=SHOW_WALLPAPER leash=Surface(name=Task=1)/@0xd276a48 sb=Rect(0, 0 - 1080, 2280) eb=Rect(0, 0 - 1080, 2280) epz=Point(1080, 2280) d=0 taskParent=-1}
05-04 18:58:18.890   960   982 V WindowManagerShell:     ]}
05-04 18:58:18.890   960   982 V WindowManagerShell: Playing animation for (#4390) android.os.BinderProxy@e1213df@0
05-04 18:58:18.890   960   982 V ShellRecents: RecentsTransitionHandler.startAnimation: no controller found
05-04 18:58:18.890   960   982 V WindowManagerShell: Transition doesn't have explicit remote, search filters for match for {id=4390 t=OPEN f=0x0 trk=0 r=[0@Point(0, 0)] c=[{m=OPEN f=NONE leash=Surface(name=Task=2259)/@0x99caceb sb=Rect(0, 0 - 1080, 2280) eb=Rect(0, 0 - 1080, 2280) epz=Point(1080, 2280) d=0 taskParent=-1},{m=TO_BACK f=SHOW_WALLPAPER leash=Surface(name=Task=1)/@0xd276a48 sb=Rect(0, 0 - 1080, 2280) eb=Rect(0, 0 - 1080, 2280) epz=Point(1080, 2280) d=0 taskParent=-1}]}
05-04 18:58:18.891   960   982 V WindowManagerShell:  Checking filter Pair{{types=[] flags=0x0] notFlags=0x100 checks=[{atype=home independent=true modes=[OPEN,TO_FRONT] flags=NONE mustBeTask=false order=TOP topActivity=ComponentInfo{com.android.launcher3/com.android.launcher3.uioverrides.QuickstepLauncher} launchCookie=null windowingMode=undefined},{atype=standard independent=true modes=[CLOSE,TO_BACK] flags=NONE mustBeTask=false order=ANY topActivity=null launchCookie=null windowingMode=undefined},{NOT atype=undefined independent=true modes=[] flags=NONE mustBeTask=true order=ANY topActivity=null launchCookie=null customAnim=true windowingMode=undefined}]} RemoteTransition { remoteTransition = android.window.IRemoteTransition$Stub$Proxy@ae59c67, appThread = android.app.IApplicationThread$Stub$Proxy@8152a14, debugName = QuickstepLaunchHome }}
05-04 18:58:18.891   960   982 V WindowManagerShell:  Delegate animation for (#4390) to null
05-04 18:58:18.891   960   982 V WindowManagerShell: start default transition animation, info = {id=4390 t=OPEN f=0x0 trk=0 r=[0@Point(0, 0)] c=[{m=OPEN f=NONE leash=Surface(name=Task=2259)/@0x99caceb sb=Rect(0, 0 - 1080, 2280) eb=Rect(0, 0 - 1080, 2280) epz=Point(1080, 2280) d=0 taskParent=-1},{m=TO_BACK f=SHOW_WALLPAPER leash=Surface(name=Task=1)/@0xd276a48 sb=Rect(0, 0 - 1080, 2280) eb=Rect(0, 0 - 1080, 2280) epz=Point(1080, 2280) d=0 taskParent=-1}]}
05-04 18:58:18.891   960   982 V WindowManagerShell: loadAnimation: anim=android.view.animation.AnimationSet@85fe06 animAttr=0x13 type=OPEN isEntrance=false
05-04 18:58:18.893   960   982 V WindowManagerShell: loadAnimation: anim=android.view.animation.AnimationSet@16ce2f4 animAttr=0x12 type=OPEN isEntrance=true
05-04 18:58:18.894   960   982 V WindowManagerShell:  animated by com.android.wm.shell.transition.DefaultTransitionHandler@6c3a7ac
05-04 18:58:18.899 10095 10095 I m.westlake.host: Late-enabling -Xcheck:jni
05-04 18:58:18.902   307 25782 W UserManagerService: Requested status bar icon for non-badged user 0
05-04 18:58:18.917  3704  3747 W HidlServiceManagement: Waited one second for vendor.qti.hardware.cacert@1.0::IService/default
05-04 18:58:18.917   660   660 I hwservicemanager: Since vendor.qti.hardware.cacert@1.0::IService/default is not registered, trying to start it as a lazy HAL (if it's not configured to be a lazy HAL, it may be stuck starting or still starting).
05-04 18:58:18.917  3704  3747 I HidlServiceManagement: getService: Trying again for vendor.qti.hardware.cacert@1.0::IService/default...
05-04 18:58:18.918   660 10097 W libc    : Unable to set property "ctl.interface_start" to "vendor.qti.hardware.cacert@1.0::IService/default": PROP_ERROR_HANDLE_CONTROL_MESSAGE (0x20)
05-04 18:58:18.918   660 10097 I hwservicemanager: Tried to start vendor.qti.hardware.cacert@1.0::IService/default as a lazy service, but was unable to. Usually this happens when a service is not installed, but if the service is intended to be used as a lazy service, then it may be configured incorrectly.
05-04 18:58:18.832     0     0 E init    : Control message: Could not find 'vendor.qti.hardware.cacert@1.0::IService/default' for ctl.interface_start from pid: 660 (/system/system_ext/bin/hwservicemanager)
05-04 18:58:18.957 10095 10095 I m.westlake.host: Using CollectorTypeCC GC.
05-04 18:58:18.966 23361 23366 I adbd    : jdwp connection from 10095
05-04 18:58:18.976 10095 10095 D nativeloader: Load libframework-connectivity-tiramisu-jni.so using APEX ns com_android_tethering for caller /apex/com.android.tethering/javalib/framework-connectivity-t.jar: ok
05-04 18:58:18.891     0     0 I binder  : 10095:10095 ioctl 40046210 7fd4a812f4 returned -22
05-04 18:58:18.998   307   780 D BackgroundInstallControlService: Package event received: 0
05-04 18:58:19.001  1650 32677 D ForegroundUtils: Foreground UID status:
05-04 18:58:19.001  1650 32677 D ForegroundUtils: UID: 10130 is in foreground: false
05-04 18:58:19.001  1650 32677 D ForegroundUtils: UID: 10152 is in foreground: true
05-04 18:58:19.001  1650 32677 D ForegroundUtils: UID: 10159 is in foreground: true
05-04 18:58:19.001  1650 32677 D ForegroundUtils: UID: 10173 is in foreground: true
05-04 18:58:19.001  1650 32677 D ForegroundUtils: UID: 10190 is in foreground: true
05-04 18:58:19.001  1650 32677 D ForegroundUtils: UID: 10193 is in foreground: false
05-04 18:58:19.001  1650 32677 D ForegroundUtils: UID: 10218 is in foreground: true
05-04 18:58:19.014 10095 10095 D nativeloader: Load libstats_jni.so using APEX ns com_android_os_statsd for caller /apex/com.android.os.statsd/javalib/framework-statsd.jar: ok
05-04 18:58:19.052 10095 10095 D ApplicationLoaders: Returning zygote-cached class loader: /system/framework/android.test.base.jar
05-04 18:58:19.054 10095 10095 W ziparchive: Unable to open '/data/app/~~Gg0G5CtqAB4V4yzAnUxcxw==/com.westlake.host-3z7eVqF571ZZVn3bfdrfTg==/base.dm': No such file or directory
05-04 18:58:19.054 10095 10095 W ziparchive: Unable to open '/data/app/~~Gg0G5CtqAB4V4yzAnUxcxw==/com.westlake.host-3z7eVqF571ZZVn3bfdrfTg==/base.dm': No such file or directory
05-04 18:58:19.196   960   982 V WindowManagerShell: Transition animation finished (aborted=false), notifying core (#4390) android.os.BinderProxy@e1213df@0
05-04 18:58:19.199   307   388 V WindowManager: Finish Transition (#4390): created at 05-04 18:58:18.818 collect-started=0.109ms request-sent=17.002ms started=19.331ms ready=66.441ms sent=68.723ms finished=380.117ms
05-04 18:58:19.200  1230  1230 D VRI[QuickstepLauncher]: visibilityChanged oldVisibility=true newVisibility=false
05-04 18:58:19.201   960   982 V WindowManagerShell: Track 0 became idle
05-04 18:58:19.202   960   982 V WindowManagerShell: All active transition animations finished
05-04 18:58:19.202   307 28870 W UserManagerService: Requested status bar icon for non-badged user 0
05-04 18:58:19.203   307 28870 W UserManagerService: Requested status bar icon for non-badged user 0
05-04 18:58:19.918  3704  3747 W HidlServiceManagement: Waited one second for vendor.qti.hardware.cacert@1.0::IService/default
05-04 18:58:19.918   660   660 I hwservicemanager: Since vendor.qti.hardware.cacert@1.0::IService/default is not registered, trying to start it as a lazy HAL (if it's not configured to be a lazy HAL, it may be stuck starting or still starting).
05-04 18:58:19.918  3704  3747 I HidlServiceManagement: getService: Trying again for vendor.qti.hardware.cacert@1.0::IService/default...
05-04 18:58:19.919   660 10110 W libc    : Unable to set property "ctl.interface_start" to "vendor.qti.hardware.cacert@1.0::IService/default": PROP_ERROR_HANDLE_CONTROL_MESSAGE (0x20)
05-04 18:58:19.920   660 10110 I hwservicemanager: Tried to start vendor.qti.hardware.cacert@1.0::IService/default as a lazy service, but was unable to. Usually this happens when a service is not installed, but if the service is intended to be used as a lazy service, then it may be configured incorrectly.
05-04 18:58:19.833     0     0 E init    : Control message: Could not find 'vendor.qti.hardware.cacert@1.0::IService/default' for ctl.interface_start from pid: 660 (/system/system_ext/bin/hwservicemanager)
05-04 18:58:20.160 10095 10095 D nativeloader: Configuring clns-7 for other apk /data/app/~~Gg0G5CtqAB4V4yzAnUxcxw==/com.westlake.host-3z7eVqF571ZZVn3bfdrfTg==/base.apk. target_sdk_version=28, uses_libraries=, library_path=/data/app/~~Gg0G5CtqAB4V4yzAnUxcxw==/com.westlake.host-3z7eVqF571ZZVn3bfdrfTg==/lib/arm64:/data/app/~~Gg0G5CtqAB4V4yzAnUxcxw==/com.westlake.host-3z7eVqF571ZZVn3bfdrfTg==/base.apk!/lib/arm64-v8a, permitted_path=/data:/mnt/expand:/data/user/0/com.westlake.host
05-04 18:58:20.169 10095 10095 I m.westlake.host: AssetManager2(0x7bd463b4f8) locale list changing from [] to [en-US]
05-04 18:58:20.179 10095 10095 V GraphicsEnvironment: Currently set values for:
05-04 18:58:20.179 10095 10095 V GraphicsEnvironment:   angle_gl_driver_selection_pkgs=[]
05-04 18:58:20.179 10095 10095 V GraphicsEnvironment:   angle_gl_driver_selection_values=[]
05-04 18:58:20.179 10095 10095 V GraphicsEnvironment: com.westlake.host is not listed in per-application setting
05-04 18:58:20.179 10095 10095 V GraphicsEnvironment: Neither updatable production driver nor prerelease driver is supported.
05-04 18:58:20.239   307   780 D BackgroundInstallControlService: Package event received: 0
05-04 18:58:20.239   307   780 D BackgroundInstallControlService: Package event received: 0
05-04 18:58:20.248 10095 10095 I m.westlake.host: AssetManager2(0x7bd463fff8) locale list changing from [] to [en-US]
05-04 18:58:20.298 10095 10095 I Westlake: WestlakeActivity onCreate (ComponentActivity + Compose)
05-04 18:58:20.298 10095 10095 I Westlake: Auto-launching: WESTLAKE_ART_NOICE
05-04 18:58:20.299 10095 10095 I Westlake: Launching Noice via Westlake ART VM
05-04 18:58:20.329 10095 10095 D DesktopModeFlagsUtil: Toggle override initialized to: OVERRIDE_UNSET
05-04 18:58:20.465 10095 10095 D InsetsController: Setting requestedVisibleTypes to -10 (was -9)
05-04 18:58:20.466   307 26097 W WindowManager: Failed looking up window session=Session{5686a4c 10095:u0a10218} callers=com.android.server.wm.WindowManagerService.windowForClientLocked:6324 com.android.server.wm.Session.updateRequestedVisibleTypes:699 android.view.IWindowSession$Stub.onTransact:1023 
05-04 18:58:20.847 10095 10095 W m.westlake.host: Method java.lang.Object androidx.compose.runtime.snapshots.SnapshotStateMap.mutate(kotlin.jvm.functions.Function1) failed lock verification and will run slower.
05-04 18:58:20.847 10095 10095 W m.westlake.host: Common causes for lock verification issues are non-optimized dex code
05-04 18:58:20.847 10095 10095 W m.westlake.host: and incorrect proguard optimizations.
05-04 18:58:20.847 10095 10095 W m.westlake.host: Method void androidx.compose.runtime.snapshots.SnapshotStateMap.update(kotlin.jvm.functions.Function1) failed lock verification and will run slower.
05-04 18:58:20.848 10095 10095 W m.westlake.host: Method boolean androidx.compose.runtime.snapshots.SnapshotStateMap.removeIf$runtime_release(kotlin.jvm.functions.Function1) failed lock verification and will run slower.
05-04 18:58:20.919  3704  3747 W HidlServiceManagement: Waited one second for vendor.qti.hardware.cacert@1.0::IService/default
05-04 18:58:20.919   660   660 I hwservicemanager: Since vendor.qti.hardware.cacert@1.0::IService/default is not registered, trying to start it as a lazy HAL (if it's not configured to be a lazy HAL, it may be stuck starting or still starting).
05-04 18:58:20.920  3704  3747 I HidlServiceManagement: getService: Trying again for vendor.qti.hardware.cacert@1.0::IService/default...
05-04 18:58:20.921   660 10117 W libc    : Unable to set property "ctl.interface_start" to "vendor.qti.hardware.cacert@1.0::IService/default": PROP_ERROR_HANDLE_CONTROL_MESSAGE (0x20)
05-04 18:58:20.921   660 10117 I hwservicemanager: Tried to start vendor.qti.hardware.cacert@1.0::IService/default as a lazy service, but was unable to. Usually this happens when a service is not installed, but if the service is intended to be used as a lazy service, then it may be configured incorrectly.
05-04 18:58:20.834     0     0 E init    : Control message: Could not find 'vendor.qti.hardware.cacert@1.0::IService/default' for ctl.interface_start from pid: 660 (/system/system_ext/bin/hwservicemanager)
05-04 18:58:21.276 10095 10095 I WestlakeVM: DisplayListFrameView 480x800 for com.github.ashutoshgngwr.noice
05-04 18:58:21.295 10095 10095 I WestlakeVM: startPipeReader: pipe=false holder=true thread=null
05-04 18:58:21.350   307 28870 D CoreBackPreview: Window{4d7df38 u0 com.westlake.host/com.westlake.host.WestlakeActivity}: Setting back callback OnBackInvokedCallbackInfo{mCallback=android.window.IOnBackInvokedCallback$Stub$Proxy@9ea1a77, mPriority=0, mIsAnimationCallback=false, mOverrideBehavior=0}
05-04 18:58:21.476 10095 10113 I AdrenoGLES-0: QUALCOMM build                   : 8e5405b, I57aaec3440
05-04 18:58:21.476 10095 10113 I AdrenoGLES-0: Build Date                       : 05/21/21
05-04 18:58:21.476 10095 10113 I AdrenoGLES-0: OpenGL ES Shader Compiler Version: EV031.32.02.10
05-04 18:58:21.476 10095 10113 I AdrenoGLES-0: Local Branch                     : mybranchebba1dbe-451b-f160-ac81-1458d0b52ae8
05-04 18:58:21.476 10095 10113 I AdrenoGLES-0: Remote Branch                    : quic/gfx-adreno.lnx.1.0.r135-rel
05-04 18:58:21.476 10095 10113 I AdrenoGLES-0: Remote Branch                    : NONE
05-04 18:58:21.476 10095 10113 I AdrenoGLES-0: Reconstruct Branch               : NOTHING
05-04 18:58:21.476 10095 10113 I AdrenoGLES-0: Build Config                     : S P 10.0.7 AArch64
05-04 18:58:21.476 10095 10113 I AdrenoGLES-0: Driver Path                      : /vendor/lib64/egl/libGLESv2_adreno.so
05-04 18:58:21.483 10095 10113 I AdrenoGLES-0: PFP: 0x016ee190, ME: 0x00000000
05-04 18:58:21.418     0     0 I servicemanager: Caller(pid=10095,uid=10218,sid=u:r:untrusted_app_27:s0:c218,c256,c512,c768) Could not find android.hardware.graphics.allocator.IAllocator/default in the VINTF manifest. No alternative instances declared in VINTF.
05-04 18:58:21.419     0     0 I binder  : 10095:10118 ioctl 40046210 7a9c074094 returned -22
05-04 18:58:21.502  3320  5010 E HWComposer: getSupportedContentTypes: getSupportedContentTypes failed for display 4630946883826275713: UNSUPPORTED (8)
05-04 18:58:21.505   660   660 I hwservicemanager: getTransport: Cannot find entry android.hardware.graphics.mapper@4.0::IMapper/default in either framework or device VINTF manifest.
05-04 18:58:21.505 10095 10118 I Gralloc4: mapper 4.x is not supported
05-04 18:58:21.506   660   660 I hwservicemanager: getTransport: Cannot find entry android.hardware.graphics.mapper@3.0::IMapper/default in either framework or device VINTF manifest.
05-04 18:58:21.506 10095 10118 W Gralloc3: mapper 3.x is not supported
05-04 18:58:21.518 10095 10118 I Gralloc2: Adding additional valid usage bits: 0x8202000
05-04 18:58:21.630   307   388 W ziparchive: Unable to open '/data/app/~~Gg0G5CtqAB4V4yzAnUxcxw==/com.westlake.host-3z7eVqF571ZZVn3bfdrfTg==/base.dm': No such file or directory
05-04 18:58:21.640   307   388 I ActivityTaskManager: Displayed com.westlake.host/.WestlakeActivity for user 0: +2s822ms
05-04 18:58:21.645 10095 10108 I HWUI    : Davey! duration=1148ms; Flags=1, FrameTimelineVsyncId=93898552, IntendedVsync=2143332053378345, Vsync=2143332053378345, InputEventId=0, HandleInputStart=2143332053965453, AnimationStart=2143332053976599, PerformTraversalsStart=2143332053987849, DrawStart=2143333093014307, FrameDeadline=2143332070045011, FrameInterval=2143332053923214, FrameStartTime=16688114, SyncQueued=2143333113657797, SyncStart=2143333113843838, IssueDrawCommandsStart=2143333114495974, SwapBuffers=2143333198454828, FrameCompleted=2143333202072849, DequeueBufferDuration=24739, QueueBufferDuration=628438, GpuCompleted=2143333202072849, SwapBuffersCompleted=2143333200134932, DisplayPresentTime=0, CommandSubmissionCompleted=2143333198454828, 
05-04 18:58:21.689 10095 10095 I Choreographer: Skipped 63 frames!  The application may be doing too much work on its main thread.
05-04 18:58:21.690 10095 10124 I WestlakeVM: startWithConfig() called, config=ApkVmConfig(packageName=com.github.ashutoshgngwr.noice, activityName=com.github.ashutoshgngwr.noice.activity.MainActivity, displayName=Noice (ART), apkSourceDir=/data/app/~~R7-vSKxT523z7oA2P8Ynag==/com.github.ashutoshgngwr.noice-D3ESsKFH5h3RNFnLUIp9ig==/base.apk, allowRealFrameworkFallback=false, backendMode=null, extraVmProperties={})
05-04 18:58:21.709   307   656 I ImeTracker: com.westlake.host:9b76b8bb: onRequestHide at ORIGIN_SERVER reason HIDE_UNSPECIFIED_WINDOW fromUser false
05-04 18:58:21.727 10095 10095 D InsetsController: hide(ime(), fromIme=false)
05-04 18:58:21.728 10095 10095 I ImeTracker: com.westlake.host:9b76b8bb: onCancelled at PHASE_CLIENT_ALREADY_HIDDEN
05-04 18:58:21.736  3220  3220 I android.hardware.power-service-qti: Power setMode: 5 to: 0
05-04 18:58:21.741  1650 32677 D ForegroundUtils: Foreground UID status:
05-04 18:58:21.742  1650 32677 D ForegroundUtils: UID: 10130 is in foreground: false
05-04 18:58:21.742  1650 32677 D ForegroundUtils: UID: 10152 is in foreground: false
05-04 18:58:21.742  1650 32677 D ForegroundUtils: UID: 10159 is in foreground: true
05-04 18:58:21.742  1650 32677 D ForegroundUtils: UID: 10173 is in foreground: true
05-04 18:58:21.742  1650 32677 D ForegroundUtils: UID: 10190 is in foreground: true
05-04 18:58:21.742  1650 32677 D ForegroundUtils: UID: 10193 is in foreground: false
05-04 18:58:21.742  1650 32677 D ForegroundUtils: UID: 10218 is in foreground: true
05-04 18:58:21.744  1230  1230 D BaseDepthController: setSurface:
05-04 18:58:21.744  1230  1230 D BaseDepthController: 	mWaitingOnSurfaceValidity: false
05-04 18:58:21.744  1230  1230 D BaseDepthController: 	mSurface: null
05-04 18:58:21.749  3080  3121 I netd    : tetherGetStats() -> {[]} <1.79ms>
05-04 18:58:21.758  1230  1230 D StateManager: goToState - fromState: Normal, toState: Normal, partial trace:
05-04 18:58:21.758  1230  1230 D StateManager: 	at com.android.launcher3.statemanager.StateManager.moveToRestState(StateManager.java:465)
05-04 18:58:21.758  1230  1230 D StateManager: 	at com.android.launcher3.statemanager.StateManager.moveToRestState(StateManager.java:456)
05-04 18:58:21.758  1230  1230 D StateManager: 	at com.android.launcher3.statemanager.StatefulActivity.onStop(StatefulActivity.java:136)
05-04 18:58:21.758  1230  1230 D StatsLog: LAUNCHER_ONSTOP
05-04 18:58:21.760   307  4369 I AppWidgetServiceImpl: setAppWidgetHidden() 0
05-04 18:58:21.771   307   780 D BackgroundInstallControlService: Package event received: 0
05-04 18:58:21.920  3704  3747 W HidlServiceManagement: Waited one second for vendor.qti.hardware.cacert@1.0::IService/default
05-04 18:58:21.921   660   660 I hwservicemanager: Since vendor.qti.hardware.cacert@1.0::IService/default is not registered, trying to start it as a lazy HAL (if it's not configured to be a lazy HAL, it may be stuck starting or still starting).
05-04 18:58:21.922  3704  3747 I HidlServiceManagement: getService: Trying again for vendor.qti.hardware.cacert@1.0::IService/default...
05-04 18:58:21.923   660 10130 W libc    : Unable to set property "ctl.interface_start" to "vendor.qti.hardware.cacert@1.0::IService/default": PROP_ERROR_HANDLE_CONTROL_MESSAGE (0x20)
05-04 18:58:21.923   660 10130 I hwservicemanager: Tried to start vendor.qti.hardware.cacert@1.0::IService/default as a lazy service, but was unable to. Usually this happens when a service is not installed, but if the service is intended to be used as a lazy service, then it may be configured incorrectly.
05-04 18:58:21.837     0     0 E init    : Control message: Could not find 'vendor.qti.hardware.cacert@1.0::IService/default' for ctl.interface_start from pid: 660 (/system/system_ext/bin/hwservicemanager)
05-04 18:58:22.015  3220  3220 I android.hardware.power-service-qti: Power setBoost: 0, duration: 0
05-04 18:58:22.017   960  1004 W WindowOnBackDispatcher: sendCancelIfRunning: isInProgress=false callback=android.view.ViewRootImpl$$ExternalSyntheticLambda13@f302530
05-04 18:58:22.022   307 28870 D CoreBackPreview: Window{78f27bb u0 Splash Screen com.westlake.host EXITING}: Setting back callback null
05-04 18:58:21.946     0     0 I QCOM-BATT: pl_fcc_vote_callback: total_fcc_ua=1950000
05-04 18:58:21.946     0     0 I QCOM-BATT: pl_fv_vote_callback: fv_uv=4400000
05-04 18:58:22.067   960  1004 W FrameTracker: Missing SF jank callback for vsyncId: 93898684, CUJ=J<SPLASHSCREEN_EXIT_ANIM>
05-04 18:58:22.068   960  1004 W FrameTracker: Missing SF jank callback for vsyncId: 93898703, CUJ=J<SPLASHSCREEN_EXIT_ANIM>
05-04 18:58:22.068   960  1004 W FrameTracker: Missing SF jank callback for vsyncId: 93898720, CUJ=J<SPLASHSCREEN_EXIT_ANIM>
05-04 18:58:22.068   960  1004 W FrameTracker: Missing SF jank callback for vsyncId: 93898740, CUJ=J<SPLASHSCREEN_EXIT_ANIM>
05-04 18:58:22.068   960  1004 W FrameTracker: Missing SF jank callback for vsyncId: 93898760, CUJ=J<SPLASHSCREEN_EXIT_ANIM>
05-04 18:58:22.068   960  1004 W FrameTracker: Missing SF jank callback for vsyncId: 93898785, CUJ=J<SPLASHSCREEN_EXIT_ANIM>
05-04 18:58:22.068   960  1004 W FrameTracker: Missing SF jank callback for vsyncId: 93898815, CUJ=J<SPLASHSCREEN_EXIT_ANIM>
05-04 18:58:22.068   960  1004 W FrameTracker: Missing SF jank callback for vsyncId: 93898834, CUJ=J<SPLASHSCREEN_EXIT_ANIM>
05-04 18:58:22.068   960  1004 W FrameTracker: Missing SF jank callback for vsyncId: 93898859, CUJ=J<SPLASHSCREEN_EXIT_ANIM>
05-04 18:58:22.068   960  1004 W FrameTracker: Missing SF jank callback for vsyncId: 93898884, CUJ=J<SPLASHSCREEN_EXIT_ANIM>
05-04 18:58:22.068   960  1004 W FrameTracker: Missing SF jank callback for vsyncId: 93898897, CUJ=J<SPLASHSCREEN_EXIT_ANIM>
05-04 18:58:22.068   960  1004 W FrameTracker: Missing SF jank callback for vsyncId: 93898910, CUJ=J<SPLASHSCREEN_EXIT_ANIM>
05-04 18:58:22.068   960  1004 W FrameTracker: Missing SF jank callback for vsyncId: 93898923, CUJ=J<SPLASHSCREEN_EXIT_ANIM>
05-04 18:58:22.068   960  1004 W FrameTracker: Missing SF jank callback for vsyncId: 93898936, CUJ=J<SPLASHSCREEN_EXIT_ANIM>
05-04 18:58:22.068   960  1004 W FrameTracker: Missing SF jank callback for vsyncId: 93898949, CUJ=J<SPLASHSCREEN_EXIT_ANIM>
05-04 18:58:22.068   960  1004 W FrameTracker: Missing SF jank callback for vsyncId: 93898962, CUJ=J<SPLASHSCREEN_EXIT_ANIM>
05-04 18:58:22.068   960  1004 W FrameTracker: Missing SF jank callback for vsyncId: 93898975, CUJ=J<SPLASHSCREEN_EXIT_ANIM>
05-04 18:58:22.068   960  1004 W FrameTracker: Missing SF jank callback for vsyncId: 93898988, CUJ=J<SPLASHSCREEN_EXIT_ANIM>
05-04 18:58:22.068   960  1004 W FrameTracker: Missing SF jank callback for vsyncId: 93899001, CUJ=J<SPLASHSCREEN_EXIT_ANIM>
05-04 18:58:22.068   960  1004 W FrameTracker: Missing SF jank callback for vsyncId: 93899014, CUJ=J<SPLASHSCREEN_EXIT_ANIM>
05-04 18:58:22.076 10095 10128 W InteractionJankMonitor: Initializing without READ_DEVICE_CONFIG permission. enabled=true, interval=1, missedFrameThreshold=3, frameTimeThreshold=64, package=com.westlake.host
05-04 18:58:22.228 10095 10124 I WestlakeVM: App OAT symlinks: 0 files in /data/local/tmp/westlake/oat/arm64
05-04 18:58:22.305     0     0 E FG      : fg_psy_get_property: unsupported property 79
05-04 18:58:22.318     0     0 E FG      : fg_psy_get_property: unsupported property 79
05-04 18:58:22.324     0     0 W healthd : battery l=100 v=3047 t=24.6 h=2 st=5 c=0 fc=2831000 chg=u
05-04 18:58:22.331     0     0 E FG      : fg_psy_get_property: unsupported property 79
05-04 18:58:22.922  3704  3747 W HidlServiceManagement: Waited one second for vendor.qti.hardware.cacert@1.0::IService/default
05-04 18:58:22.925   660   660 I hwservicemanager: Since vendor.qti.hardware.cacert@1.0::IService/default is not registered, trying to start it as a lazy HAL (if it's not configured to be a lazy HAL, it may be stuck starting or still starting).
05-04 18:58:22.926  3704  3747 I HidlServiceManagement: getService: Trying again for vendor.qti.hardware.cacert@1.0::IService/default...
05-04 18:58:22.929   660 10149 W libc    : Unable to set property "ctl.interface_start" to "vendor.qti.hardware.cacert@1.0::IService/default": PROP_ERROR_HANDLE_CONTROL_MESSAGE (0x20)
05-04 18:58:22.929   660 10149 I hwservicemanager: Tried to start vendor.qti.hardware.cacert@1.0::IService/default as a lazy service, but was unable to. Usually this happens when a service is not installed, but if the service is intended to be used as a lazy service, then it may be configured incorrectly.
05-04 18:58:22.842     0     0 E init    : Control message: Could not find 'vendor.qti.hardware.cacert@1.0::IService/default' for ctl.interface_start from pid: 660 (/system/system_ext/bin/hwservicemanager)
05-04 18:58:23.762 10095 10095 I DefaultDispatch: type=1400 audit(0.0:56396): avc:  denied  { setattr } for  name="westlake-launch.properties" dev="sda17" ino=1973264 scontext=u:r:untrusted_app_27:s0:c218,c256,c512,c768 tcontext=u:object_r:shell_data_file:s0 tclass=file permissive=1 app=com.westlake.host
05-04 18:58:23.772 10150 10150 W DefaultDispatch: type=1400 audit(0.0:56397): avc:  granted  { execute } for  name="dalvikvm" dev="sda17" ino=524812 scontext=u:r:untrusted_app_27:s0:c218,c256,c512,c768 tcontext=u:object_r:app_data_file:s0:c218,c256,c512,c768 tclass=file app=com.westlake.host
05-04 18:58:23.772 10150 10150 W DefaultDispatch: type=1400 audit(0.0:56398): avc:  granted  { execute_no_trans } for  path="/data/user/0/com.westlake.host/files/vm/dalvikvm" dev="sda17" ino=524812 scontext=u:r:untrusted_app_27:s0:c218,c256,c512,c768 tcontext=u:object_r:app_data_file:s0:c218,c256,c512,c768 tclass=file app=com.westlake.host
05-04 18:58:23.772 10150 10150 W dalvikvm: type=1400 audit(0.0:56399): avc:  granted  { execute } for  path="/data/user/0/com.westlake.host/files/vm/dalvikvm" dev="sda17" ino=524812 scontext=u:r:untrusted_app_27:s0:c218,c256,c512,c768 tcontext=u:object_r:app_data_file:s0:c218,c256,c512,c768 tclass=file app=com.westlake.host
05-04 18:58:23.781 10095 10151 I WestlakeVM: HTTP bridge started: /data/user/0/com.westlake.host/files/vm/http_bridge
05-04 18:58:23.783 10095 10152 I WestlakeVM: startPipeReader: pipe=true holder=true thread=null
05-04 18:58:23.785 10095 10155 I WestlakeVM: PIPE READER: started, holder=com.westlake.host.DisplayListFrameView{3f423dc V.ED..... ........ 0,0-1080,1800}
05-04 18:58:23.789 10095 10153 I WestlakeVM: VM: [dalvikvm] Injected mainThreadStackSize=256MB
05-04 18:58:23.790 10095 10153 I WestlakeVM: VM: [dalvikvm] Captured -classpath=/data/local/tmp/westlake/com_github_ashutoshgngwr_noice_classes.dex:/data/local/tmp/westlake/com_github_ashutoshgngwr_noice.apk
05-04 18:58:23.790 10095 10153 I WestlakeVM: VM: [RT-DBG] Locks::Init done, calling InitLogging
05-04 18:58:23.790 10095 10153 I WestlakeVM: VM: [RT-DBG] InitLogging done, calling ParsedOptions::Parse
05-04 18:58:23.791 10095 10153 I WestlakeVM: VM: nullptr I 05-05 05:58:23 10150 10154 parsed_options.cc:701] setting boot class path to /data/local/tmp/westlake/core-oj.jar:/data/local/tmp/westlake/core-libart.jar:/data/local/tmp/westlake/core-icu4j.jar:/data/local/tmp/westlake/bouncycastle.jar:/data/local/tmp/westlake/aosp-shim.dex
05-04 18:58:23.791 10095 10153 I WestlakeVM: VM: nullptr I 05-05 05:58:23 10150 10154 heap.cc:440] Using CollectorType(2) GC.
05-04 18:58:23.791 10095 10153 I WestlakeVM: VM: [IMG] LoadBootImage entered, image_locations=0
05-04 18:58:23.792 10095 10124 I WestlakeVM: Pipe reader started, syncing to DLST magic...
05-04 18:58:23.829 10095 10153 I WestlakeVM: VM: [PFCUT] Standalone runtime forcing JIT/profiling off
05-04 18:58:23.829 10095 10153 I WestlakeVM: VM: nullptr W 05-05 05:58:23 10150 10154 fault_handler.cc:131] FaultHandler: MEMBARRIER_CMD_REGISTER_PRIVATE_EXPEDITED failed: 38 Function not implemented
05-04 18:58:23.831 10095 10153 I WestlakeVM: VM: nullptr W 05-05 05:58:23 10150 10154 dex_file_loader.cc:536] Can't mmap dex file /data/local/tmp/westlake/core-icu4j.jar!classes.dex directly; please zipalign to 4 bytes. Falling back to extracting file.
05-04 18:58:23.841 10095 10153 I WestlakeVM: VM: nullptr W 05-05 05:58:23 10150 10154 class_linker.cc:875] CheckSystemClass: Class mismatch for Ljava/lang/String; (continuing for standalone dex2oat)
05-04 18:58:23.842 10095 10153 I WestlakeVM: VM: nullptr W 05-05 05:58:23 10150 10154 class_linker.cc:878]   c1 (pre-allocated) ptr=0x10e7780 objectSize=0 classSize=784 status=1 numVTable=81 numMethods=0 numSFields=0 numIFields=0
05-04 18:58:23.842 10095 10153 I WestlakeVM: VM: nullptr W 05-05 05:58:23 10150 10154 class_linker.cc:887]   c2 (from DEX)      ptr=0x1400b800 objectSize=0 classSize=808 status=7 numVTable=-1 numMethods=131 numSFields=7 numIFields=2
05-04 18:58:23.842 10095 10153 I WestlakeVM: VM: nullptr W 05-05 05:58:23 10150 10154 class_linker.cc:903]   String root = c2 (0x1400b800, 131 methods)
05-04 18:58:23.845 10095 10153 I WestlakeVM: VM: [RT] Runtime::Start() ENTERED
05-04 18:58:23.846 10095 10153 I WestlakeVM: VM: [RT] Standalone class path open: /data/local/tmp/westlake/com_github_ashutoshgngwr_noice_classes.dex (1 dex)
05-04 18:58:23.910 10095 10153 I WestlakeVM: VM: [RT] Standalone class path open: /data/local/tmp/westlake/com_github_ashutoshgngwr_noice.apk (1 dex)
05-04 18:58:23.911 10095 10153 I WestlakeVM: VM: [RT] Standalone class path ready: 2 dex files
05-04 18:58:23.911 10095 10153 I WestlakeVM: VM: [RT]   TRY_REGISTER(register_java_lang_Throwable) ...
05-04 18:58:23.911 10095 10153 I WestlakeVM: VM: [RT]   TRY_REGISTER(register_java_lang_Throwable) done
05-04 18:58:23.911 10095 10153 I WestlakeVM: VM: [RT]   TRY_REGISTER(register_dalvik_system_DexFile) ...
05-04 18:58:23.912 10095 10153 I WestlakeVM: VM: [RT]   TRY_REGISTER(register_dalvik_system_DexFile) done
05-04 18:58:23.913 10095 10153 I WestlakeVM: VM: [RT]   TRY_REGISTER(register_dalvik_system_BaseDexClassLoader) ...
05-04 18:58:23.913 10095 10153 I WestlakeVM: VM: [RT]   TRY_REGISTER(register_dalvik_system_BaseDexClassLoader) done
05-04 18:58:23.913 10095 10153 I WestlakeVM: VM: [RT]   TRY_REGISTER(register_dalvik_system_VMDebug) ...
05-04 18:58:23.913 10095 10153 I WestlakeVM: VM: [RT]   TRY_REGISTER(register_dalvik_system_VMDebug) done
05-04 18:58:23.913 10095 10153 I WestlakeVM: VM: [RT]   TRY_REGISTER(real_register_dalvik_system_VMRuntime) ...
05-04 18:58:23.913 10095 10153 I WestlakeVM: VM: [jni] Skipping missing native method: getFullGcCount()J
05-04 18:58:23.913 10095 10153 I WestlakeVM: VM: [jni] Skipping missing native method: getFullGcCount()J
05-04 18:58:23.913 10095 10153 I WestlakeVM: VM: nullptr W 05-05 05:58:23 10150 10154 tolerant_native_util.h:41] RegisterNatives: skipping dalvik/system/VMRuntime.getFullGcCount()J (not in JAR)
05-04 18:58:23.914 10095 10153 I WestlakeVM: VM: nullptr I 05-05 05:58:23 10150 10154 tolerant_native_util.h:47] RegisterNatives: dalvik/system/VMRuntime: 48/49 methods registered
05-04 18:58:23.914 10095 10153 I WestlakeVM: VM: [RT]   TRY_REGISTER(real_register_dalvik_system_VMRuntime) done
05-04 18:58:23.914 10095 10153 I WestlakeVM: VM: [RT]   TRY_REGISTER(register_dalvik_system_VMStack) ...
05-04 18:58:23.914 10095 10153 I WestlakeVM: VM: [RT]   TRY_REGISTER(register_dalvik_system_VMStack) done
05-04 18:58:23.914 10095 10153 I WestlakeVM: VM: [RT]   TRY_REGISTER(register_dalvik_system_ZygoteHooks) ...
05-04 18:58:23.914 10095 10153 I WestlakeVM: VM: [RT]   TRY_REGISTER(register_dalvik_system_ZygoteHooks) done
05-04 18:58:23.914 10095 10153 I WestlakeVM: VM: [RT]   TRY_REGISTER(register_java_lang_Class) ...
05-04 18:58:23.914 10095 10153 I WestlakeVM: VM: [jni] Skipping missing native method: getInnerClassName()Ljava/lang/String;
05-04 18:58:23.915 10095 10153 I WestlakeVM: VM: [jni] Skipping missing native method: getInnerClassName()Ljava/lang/String;
05-04 18:58:23.915 10095 10153 I WestlakeVM: VM: nullptr W 05-05 05:58:23 10150 10154 tolerant_native_util.h:41] RegisterNatives: skipping java/lang/Class.getInnerClassName()Ljava/lang/String; (not in JAR)
05-04 18:58:23.915 10095 10153 I WestlakeVM: VM: nullptr I 05-05 05:58:23 10150 10154 tolerant_native_util.h:47] RegisterNatives: java/lang/Class: 32/33 methods registered
05-04 18:58:23.915 10095 10153 I WestlakeVM: VM: [RT]   TRY_REGISTER(register_java_lang_Class) done
05-04 18:58:23.915 10095 10153 I WestlakeVM: VM: [RT]   TRY_REGISTER(register_java_lang_Character) ...
05-04 18:58:23.915 10095 10153 I WestlakeVM: VM: [RT]   TRY_REGISTER(register_java_lang_Character) done
05-04 18:58:23.915 10095 10153 I WestlakeVM: VM: [RT]   TRY_REGISTER(register_java_lang_Object) ...
05-04 18:58:23.915 10095 10153 I WestlakeVM: VM: [RT]   TRY_REGISTER(register_java_lang_Object) done
