05-04 18:58:25.240 10095 10153 I WestlakeVM: VM: [PFCUT] InterpreterJni jdk.Unsafe CAS long target=0x14079fc0 offset=40 current=10 expected=10 new=11 success=1
05-04 18:58:25.242 10095 10153 I WestlakeVM: VM: [PFCUT] InterpreterJni jdk.Unsafe CAS ref target=0x14080a10 offset=64 current=0 expected=0 new=0x14093ca0 success=1 array_index=13
05-04 18:58:25.242 10095 10153 I WestlakeVM: VM: [PFCUT] InterpreterJni jdk.Unsafe CAS long target=0x14079fc0 offset=40 current=11 expected=11 new=12 success=1
05-04 18:58:25.243 10095 10153 I WestlakeVM: VM: [PFCUT] InterpreterJni jdk.Unsafe CAS int target=0x14079fc0 offset=52 current=12 expected=12 new=-2145714174 success=1
05-04 18:58:25.243 10095 10153 I WestlakeVM: VM: [PFCUT] InterpreterJni jdk.Unsafe CAS int target=0x14079fc0 offset=56 current=16 expected=16 new=0 success=1
05-04 18:58:25.243 10095 10153 I WestlakeVM: VM: [PFCUT-TRACE] thread=main-256mb ts_us=2143336818611 kind=setSlot.jdk caller="void jdk.internal.misc.Unsafe.putReferenceVolatile(java.lang.Object, long, java.lang.Object)" array.class=java.util.concurrent.ConcurrentHashMap$Node[] array.componentType=java.util.concurrent.ConcurrentHashMap$Node array.length=32 index=15 value.ptr=0x14093c10 value.class=java.util.concurrent.ConcurrentHashMap$Node assignable=1
05-04 18:58:25.243 10095 10153 I WestlakeVM: VM: [PFCUT-TRACE] thread=main-256mb ts_us=2143336818775 kind=setSlot.jdk caller="void jdk.internal.misc.Unsafe.putReferenceVolatile(java.lang.Object, long, java.lang.Object)" array.class=java.util.concurrent.ConcurrentHashMap$Node[] array.componentType=java.util.concurrent.ConcurrentHashMap$Node array.length=32 index=31 value.ptr=0 value.class=<null> assignable=1
05-04 18:58:25.243 10095 10153 I WestlakeVM: VM: [PFCUT-TRACE] thread=main-256mb ts_us=2143336818874 kind=setSlot.jdk caller="void jdk.internal.misc.Unsafe.putReferenceVolatile(java.lang.Object, long, java.lang.Object)" array.class=java.util.concurrent.ConcurrentHashMap$Node[] array.componentType=java.util.concurrent.ConcurrentHashMap$Node array.length=16 index=15 value.ptr=0x14097540 value.class=java.util.concurrent.ConcurrentHashMap$ForwardingNode assignable=1
05-04 18:58:25.244 10095 10153 I WestlakeVM: VM: [PFCUT] InterpreterJni jdk.Unsafe CAS ref target=0x14080a10 offset=68 current=0 expected=0 new=0x14097540 success=1 array_index=14
05-04 18:58:25.244 10095 10153 I WestlakeVM: VM: [PFCUT-TRACE] thread=main-256mb ts_us=2143336819366 kind=setSlot.jdk caller="void jdk.internal.misc.Unsafe.putReferenceVolatile(java.lang.Object, long, java.lang.Object)" array.class=java.util.concurrent.ConcurrentHashMap$Node[] array.componentType=java.util.concurrent.ConcurrentHashMap$Node array.length=32 index=13 value.ptr=0 value.class=<null> assignable=1
05-04 18:58:25.244 10095 10153 I WestlakeVM: VM: [PFCUT-TRACE] thread=main-256mb ts_us=2143336819468 kind=setSlot.jdk caller="void jdk.internal.misc.Unsafe.putReferenceVolatile(java.lang.Object, long, java.lang.Object)" array.class=java.util.concurrent.ConcurrentHashMap$Node[] array.componentType=java.util.concurrent.ConcurrentHashMap$Node array.length=32 index=29 value.ptr=0x14093ca0 value.class=java.util.concurrent.ConcurrentHashMap$Node assignable=1
05-04 18:58:25.244 10095 10153 I WestlakeVM: VM: [PFCUT-TRACE] thread=main-256mb ts_us=2143336819566 kind=setSlot.jdk caller="void jdk.internal.misc.Unsafe.putReferenceVolatile(java.lang.Object, long, java.lang.Object)" array.class=java.util.concurrent.ConcurrentHashMap$Node[] array.componentType=java.util.concurrent.ConcurrentHashMap$Node array.length=16 index=13 value.ptr=0x14097540 value.class=java.util.concurrent.ConcurrentHashMap$ForwardingNode assignable=1
05-04 18:58:25.245 10095 10153 I WestlakeVM: VM: [PFCUT-TRACE] thread=main-256mb ts_us=2143336819842 kind=setSlot.jdk caller="void jdk.internal.misc.Unsafe.putReferenceVolatile(java.lang.Object, long, java.lang.Object)" array.class=java.util.concurrent.ConcurrentHashMap$Node[] array.componentType=java.util.concurrent.ConcurrentHashMap$Node array.length=32 index=12 value.ptr=0x14093aa8 value.class=java.util.concurrent.ConcurrentHashMap$Node assignable=1
05-04 18:58:25.245 10095 10153 I WestlakeVM: VM: [PFCUT-TRACE] thread=main-256mb ts_us=2143336819941 kind=setSlot.jdk caller="void jdk.internal.misc.Unsafe.putReferenceVolatile(java.lang.Object, long, java.lang.Object)" array.class=java.util.concurrent.ConcurrentHashMap$Node[] array.componentType=java.util.concurrent.ConcurrentHashMap$Node array.length=32 index=28 value.ptr=0 value.class=<null> assignable=1
05-04 18:58:25.245 10095 10153 I WestlakeVM: VM: [PFCUT-TRACE] thread=main-256mb ts_us=2143336820129 kind=setSlot.jdk caller="void jdk.internal.misc.Unsafe.putReferenceVolatile(java.lang.Object, long, java.lang.Object)" array.class=java.util.concurrent.ConcurrentHashMap$Node[] array.componentType=java.util.concurrent.ConcurrentHashMap$Node array.length=16 index=12 value.ptr=0x14097540 value.class=java.util.concurrent.ConcurrentHashMap$ForwardingNode assignable=1
05-04 18:58:25.245 10095 10153 I WestlakeVM: VM: [PFCUT-TRACE] thread=main-256mb ts_us=2143336820571 kind=setSlot.jdk caller="void jdk.internal.misc.Unsafe.putReferenceVolatile(java.lang.Object, long, java.lang.Object)" array.class=java.util.concurrent.ConcurrentHashMap$Node[] array.componentType=java.util.concurrent.ConcurrentHashMap$Node array.length=32 index=11 value.ptr=0x14093cb8 value.class=java.util.concurrent.ConcurrentHashMap$Node assignable=1
05-04 18:58:25.245 10095 10153 I WestlakeVM: VM: [PFCUT-TRACE] thread=main-256mb ts_us=2143336820687 kind=setSlot.jdk caller="void jdk.internal.misc.Unsafe.putReferenceVolatile(java.lang.Object, long, java.lang.Object)" array.class=java.util.concurrent.ConcurrentHashMap$Node[] array.componentType=java.util.concurrent.ConcurrentHashMap$Node array.length=32 index=27 value.ptr=0x14093bb0 value.class=java.util.concurrent.ConcurrentHashMap$Node assignable=1
05-04 18:58:25.245 10095 10153 I WestlakeVM: VM: [PFCUT-TRACE] thread=main-256mb ts_us=2143336820812 kind=setSlot.jdk caller="void jdk.internal.misc.Unsafe.putReferenceVolatile(java.lang.Object, long, java.lang.Object)" array.class=java.util.concurrent.ConcurrentHashMap$Node[] array.componentType=java.util.concurrent.ConcurrentHashMap$Node array.length=16 index=11 value.ptr=0x14097540 value.class=java.util.concurrent.ConcurrentHashMap$ForwardingNode assignable=1
05-04 18:58:25.246 10095 10153 I WestlakeVM: VM: [PFCUT] InterpreterJni jdk.Unsafe CAS ref target=0x14080a10 offset=52 current=0 expected=0 new=0x14097540 success=1 array_index=10
05-04 18:58:25.246 10095 10153 I WestlakeVM: VM: [PFCUT] InterpreterJni jdk.Unsafe CAS ref target=0x14080a10 offset=48 current=0 expected=0 new=0x14097540 success=1 array_index=9
05-04 18:58:25.246 10095 10153 I WestlakeVM: VM: [PFCUT] InterpreterJni jdk.Unsafe CAS ref target=0x14080a10 offset=44 current=0 expected=0 new=0x14097540 success=1 array_index=8
05-04 18:58:25.246 10095 10153 I WestlakeVM: VM: [PFCUT-TRACE] thread=main-256mb ts_us=2143336821508 kind=setSlot.jdk caller="void jdk.internal.misc.Unsafe.putReferenceVolatile(java.lang.Object, long, java.lang.Object)" array.class=java.util.concurrent.ConcurrentHashMap$Node[] array.componentType=java.util.concurrent.ConcurrentHashMap$Node array.length=32 index=7 value.ptr=0x14093be0 value.class=java.util.concurrent.ConcurrentHashMap$Node assignable=1
05-04 18:58:25.246 10095 10153 I WestlakeVM: VM: [PFCUT-TRACE] thread=main-256mb ts_us=2143336821610 kind=setSlot.jdk caller="void jdk.internal.misc.Unsafe.putReferenceVolatile(java.lang.Object, long, java.lang.Object)" array.class=java.util.concurrent.ConcurrentHashMap$Node[] array.componentType=java.util.concurrent.ConcurrentHashMap$Node array.length=32 index=23 value.ptr=0 value.class=<null> assignable=1
05-04 18:58:25.246 10095 10153 I WestlakeVM: VM: [PFCUT-TRACE] thread=main-256mb ts_us=2143336821707 kind=setSlot.jdk caller="void jdk.internal.misc.Unsafe.putReferenceVolatile(java.lang.Object, long, java.lang.Object)" array.class=java.util.concurrent.ConcurrentHashMap$Node[] array.componentType=java.util.concurrent.ConcurrentHashMap$Node array.length=16 index=7 value.ptr=0x14097540 value.class=java.util.concurrent.ConcurrentHashMap$ForwardingNode assignable=1
05-04 18:58:25.247 10095 10153 I WestlakeVM: VM: [PFCUT-TRACE] thread=main-256mb ts_us=2143336821980 kind=setSlot.jdk caller="void jdk.internal.misc.Unsafe.putReferenceVolatile(java.lang.Object, long, java.lang.Object)" array.class=java.util.concurrent.ConcurrentHashMap$Node[] array.componentType=java.util.concurrent.ConcurrentHashMap$Node array.length=32 index=6 value.ptr=0 value.class=<null> assignable=1
05-04 18:58:25.247 10095 10153 I WestlakeVM: VM: [PFCUT-TRACE] thread=main-256mb ts_us=2143336822076 kind=setSlot.jdk caller="void jdk.internal.misc.Unsafe.putReferenceVolatile(java.lang.Object, long, java.lang.Object)" array.class=java.util.concurrent.ConcurrentHashMap$Node[] array.componentType=java.util.concurrent.ConcurrentHashMap$Node array.length=32 index=22 value.ptr=0x14093b08 value.class=java.util.concurrent.ConcurrentHashMap$Node assignable=1
05-04 18:58:25.247 10095 10153 I WestlakeVM: VM: [PFCUT-TRACE] thread=main-256mb ts_us=2143336822177 kind=setSlot.jdk caller="void jdk.internal.misc.Unsafe.putReferenceVolatile(java.lang.Object, long, java.lang.Object)" array.class=java.util.concurrent.ConcurrentHashMap$Node[] array.componentType=java.util.concurrent.ConcurrentHashMap$Node array.length=16 index=6 value.ptr=0x14097540 value.class=java.util.concurrent.ConcurrentHashMap$ForwardingNode assignable=1
05-04 18:58:25.247 10095 10153 I WestlakeVM: VM: [PFCUT] InterpreterJni jdk.Unsafe CAS ref target=0x14080a10 offset=32 current=0 expected=0 new=0x14097540 success=1 array_index=5
05-04 18:58:25.248 10095 10153 I WestlakeVM: VM: [PFCUT-TRACE] thread=main-256mb ts_us=2143336822610 kind=setSlot.jdk caller="void jdk.internal.misc.Unsafe.putReferenceVolatile(java.lang.Object, long, java.lang.Object)" array.class=java.util.concurrent.ConcurrentHashMap$Node[] array.componentType=java.util.concurrent.ConcurrentHashMap$Node array.length=32 index=4 value.ptr=0x14093ad8 value.class=java.util.concurrent.ConcurrentHashMap$Node assignable=1
05-04 18:58:25.248 10095 10153 I WestlakeVM: VM: [PFCUT-TRACE] thread=main-256mb ts_us=2143336822711 kind=setSlot.jdk caller="void jdk.internal.misc.Unsafe.putReferenceVolatile(java.lang.Object, long, java.lang.Object)" array.class=java.util.concurrent.ConcurrentHashMap$Node[] array.componentType=java.util.concurrent.ConcurrentHashMap$Node array.length=32 index=20 value.ptr=0 value.class=<null> assignable=1
05-04 18:58:25.248 10095 10153 I WestlakeVM: VM: [PFCUT-TRACE] thread=main-256mb ts_us=2143336822805 kind=setSlot.jdk caller="void jdk.internal.misc.Unsafe.putReferenceVolatile(java.lang.Object, long, java.lang.Object)" array.class=java.util.concurrent.ConcurrentHashMap$Node[] array.componentType=java.util.concurrent.ConcurrentHashMap$Node array.length=16 index=4 value.ptr=0x14097540 value.class=java.util.concurrent.ConcurrentHashMap$ForwardingNode assignable=1
05-04 18:58:25.248 10095 10153 I WestlakeVM: VM: [PFCUT] InterpreterJni jdk.Unsafe CAS ref target=0x14080a10 offset=24 current=0 expected=0 new=0x14097540 success=1 array_index=3
05-04 18:58:25.248 10095 10153 I WestlakeVM: VM: [PFCUT] InterpreterJni jdk.Unsafe CAS ref target=0x14080a10 offset=20 current=0 expected=0 new=0x14097540 success=1 array_index=2
05-04 18:58:25.248 10095 10153 I WestlakeVM: VM: [PFCUT-TRACE] thread=main-256mb ts_us=2143336823458 kind=setSlot.jdk caller="void jdk.internal.misc.Unsafe.putReferenceVolatile(java.lang.Object, long, java.lang.Object)" array.class=java.util.concurrent.ConcurrentHashMap$Node[] array.componentType=java.util.concurrent.ConcurrentHashMap$Node array.length=32 index=1 value.ptr=0x14093cd0 value.class=java.util.concurrent.ConcurrentHashMap$Node assignable=1
05-04 18:58:25.249 10095 10153 I WestlakeVM: VM: [PFCUT-TRACE] thread=main-256mb ts_us=2143336823558 kind=setSlot.jdk caller="void jdk.internal.misc.Unsafe.putReferenceVolatile(java.lang.Object, long, java.lang.Object)" array.class=java.util.concurrent.ConcurrentHashMap$Node[] array.componentType=java.util.concurrent.ConcurrentHashMap$Node array.length=32 index=17 value.ptr=0x14093c40 value.class=java.util.concurrent.ConcurrentHashMap$Node assignable=1
05-04 18:58:25.249 10095 10153 I WestlakeVM: VM: [PFCUT-TRACE] thread=main-256mb ts_us=2143336823686 kind=setSlot.jdk caller="void jdk.internal.misc.Unsafe.putReferenceVolatile(java.lang.Object, long, java.lang.Object)" array.class=java.util.concurrent.ConcurrentHashMap$Node[] array.componentType=java.util.concurrent.ConcurrentHashMap$Node array.length=16 index=1 value.ptr=0x14097540 value.class=java.util.concurrent.ConcurrentHashMap$ForwardingNode assignable=1
05-04 18:58:25.249 10095 10153 I WestlakeVM: VM: [PFCUT] InterpreterJni jdk.Unsafe CAS ref target=0x14080a10 offset=12 current=0 expected=0 new=0x14097540 success=1 array_index=0
05-04 18:58:25.249 10095 10153 I WestlakeVM: VM: [PFCUT] InterpreterJni jdk.Unsafe CAS int target=0x14079fc0 offset=52 current=-2145714174 expected=-2145714174 new=-2145714175 success=1
05-04 18:58:25.251 10095 10153 I WestlakeVM: VM: [PFCUT] InterpreterJni jdk.Unsafe CAS ref target=0x1408c790 offset=136 current=0 expected=0 new=0x14093d00 success=1 array_index=31
05-04 18:58:25.252 10095 10153 I WestlakeVM: VM: [PFCUT] InterpreterJni jdk.Unsafe CAS long target=0x14079fc0 offset=40 current=12 expected=12 new=13 success=1
05-04 18:58:25.252 10095 10153 I WestlakeVM: VM: [PFCUT] Class.newInstance intrinsic class=java.lang.Class<com.android.org.conscrypt.OpenSSLProvider> ctor=void com.android.org.conscrypt.OpenSSLProvider.<init>()
05-04 18:58:25.254 10095 10153 I WestlakeVM: VM: [PFCUT] InterpreterJni jdk.Unsafe CAS int target=0x14099180 offset=52 current=16 expected=16 new=-1 success=1
05-04 18:58:25.254 10095 10153 I WestlakeVM: VM: [PFCUT] InterpreterJni jdk.Unsafe CAS ref target=0x14080b50 offset=60 current=0 expected=0 new=0x14093d18 success=1 array_index=12
05-04 18:58:25.254 10095 10153 I WestlakeVM: VM: [PFCUT] InterpreterJni jdk.Unsafe CAS long target=0x14099180 offset=40 current=0 expected=0 new=1 success=1
05-04 18:58:25.255 10095 10153 I WestlakeVM: VM: [PFCUT] InterpreterJni jdk.Unsafe CAS ref target=0x14080b50 offset=28 current=0 expected=0 new=0x14093d48 success=1 array_index=4
05-04 18:58:25.256 10095 10153 I WestlakeVM: VM: [PFCUT] InterpreterJni jdk.Unsafe CAS long target=0x14099180 offset=40 current=1 expected=1 new=2 success=1
05-04 18:58:25.256 10095 10153 I WestlakeVM: VM: [PFCUT] InterpreterJni jdk.Unsafe CAS ref target=0x14080b50 offset=56 current=0 expected=0 new=0x14093d60 success=1 array_index=11
05-04 18:58:25.256 10095 10153 I WestlakeVM: VM: [PFCUT] InterpreterJni jdk.Unsafe CAS long target=0x14099180 offset=40 current=2 expected=2 new=3 success=1
05-04 18:58:25.256 10095 10153 I WestlakeVM: VM: [PFCUT] InterpreterJni jdk.Unsafe CAS ref target=0x14080b50 offset=36 current=0 expected=0 new=0x14093d78 success=1 array_index=6
05-04 18:58:25.256 10095 10153 I WestlakeVM: VM: [PFCUT] InterpreterJni jdk.Unsafe CAS long target=0x14099180 offset=40 current=3 expected=3 new=4 success=1
05-04 18:58:25.259 10095 10153 I WestlakeVM: VM: [PFCUT] InterpreterJni jdk.Unsafe CAS ref target=0x14080b50 offset=16 current=0 expected=0 new=0x14093da8 success=1 array_index=1
05-04 18:58:25.259 10095 10153 I WestlakeVM: VM: [PFCUT] InterpreterJni jdk.Unsafe CAS long target=0x14099180 offset=40 current=4 expected=4 new=5 success=1
05-04 18:58:25.260 10095 10153 I WestlakeVM: VM: [PFCUT] InterpreterJni jdk.Unsafe CAS ref target=0x14080b50 offset=44 current=0 expected=0 new=0x14093df0 success=1 array_index=8
05-04 18:58:25.261 10095 10153 I WestlakeVM: VM: [PFCUT] InterpreterJni jdk.Unsafe CAS long target=0x14099180 offset=40 current=5 expected=5 new=6 success=1
05-04 18:58:25.262 10095 10153 I WestlakeVM: VM: [PFCUT] InterpreterJni jdk.Unsafe CAS long target=0x14099180 offset=40 current=6 expected=6 new=7 success=1
05-04 18:58:25.264 10095 10153 I WestlakeVM: VM: [PFCUT] InterpreterJni jdk.Unsafe CAS long target=0x14099180 offset=40 current=7 expected=7 new=8 success=1
05-04 18:58:25.266 10095 10153 I WestlakeVM: VM: [PFCUT] InterpreterJni jdk.Unsafe CAS ref target=0x14080b50 offset=48 current=0 expected=0 new=0x14093e98 success=1 array_index=9
05-04 18:58:25.266 10095 10153 I WestlakeVM: VM: [PFCUT] InterpreterJni jdk.Unsafe CAS long target=0x14099180 offset=40 current=8 expected=8 new=9 success=1
05-04 18:58:25.268 10095 10153 I WestlakeVM: VM: [PFCUT] InterpreterJni jdk.Unsafe CAS ref target=0x14080b50 offset=12 current=0 expected=0 new=0x14093ec8 success=1 array_index=0
05-04 18:58:25.268 10095 10153 I WestlakeVM: VM: [PFCUT] InterpreterJni jdk.Unsafe CAS long target=0x14099180 offset=40 current=9 expected=9 new=10 success=1
05-04 18:58:25.268 10095 10153 I WestlakeVM: VM: [PFCUT] Class.newInstance intrinsic class=java.lang.Class<sun.security.provider.CertPathProvider> ctor=void sun.security.provider.CertPathProvider.<init>()
05-04 18:58:25.273 10095 10153 I WestlakeVM: VM: [PFCUT] AtomicInteger.incrementAndGet intrinsic current=0
05-04 18:58:25.276 10095 10153 I WestlakeVM: VM: [PFCUT] InterpreterJni jdk.Unsafe CAS int target=0x14079680 offset=52 current=0 expected=0 new=-1 success=1
05-04 18:58:25.276 10095 10153 I WestlakeVM: VM: [PFCUT] InterpreterJni jdk.Unsafe CAS ref target=0x14080c90 offset=60 current=0 expected=0 new=0x14093fe8 success=1 array_index=12
05-04 18:58:25.276 10095 10153 I WestlakeVM: VM: [PFCUT] InterpreterJni jdk.Unsafe CAS long target=0x14079680 offset=40 current=0 expected=0 new=1 success=1
05-04 18:58:25.324 10095 10153 I WestlakeVM: VM: WESTLAKE_SECURITY_SHA256_READY provider=WestlakeDigest len=32 first=186
05-04 18:58:25.324 10095 10153 I WestlakeVM: VM: Hidden API exemption step skipped on standalone guest
05-04 18:58:25.325 10095 10153 I WestlakeVM: VM: Real runtime probe skipped on standalone guest
05-04 18:58:25.325 10095 10153 I WestlakeVM: VM: Framework stubs pre-registered by runtime
05-04 18:58:25.326 10095 10153 I WestlakeVM: VM: [dalvikvm] prime cutoff canary launch
05-04 18:58:25.342 10095 10153 I WestlakeVM: VM: System.log(E): Ignoring attempt to set property "westlake.apk.path" to value "/data/local/tmp/westlake/com_github_ashutoshgngwr_noice.apk".
05-04 18:58:25.347 10095 10153 I WestlakeVM: VM: System.log(E): Ignoring attempt to set property "westlake.apk.resdir" to value "/data/local/tmp/westlake/com_github_ashutoshgngwr_noice_res".
05-04 18:58:25.349 10095 10153 I WestlakeVM: VM: [PFCUT] Class.getDeclaredField intrinsic hit class=java.lang.ClassLoader name=packages
05-04 18:58:25.351 10095 10153 I WestlakeVM: VM: [WestlakeLauncher] Repaired ClassLoader packages for dalvik.system.PathClassLoader
05-04 18:58:25.351 10095 10153 I WestlakeVM: VM: [PFCUT] Class.getDeclaredField intrinsic hit class=java.lang.ClassLoader name=packages
05-04 18:58:25.352 10095 10153 I WestlakeVM: VM: [WestlakeLauncher] Repaired ClassLoader packages for java.lang.BootClassLoader
05-04 18:58:25.354 10095 10153 I WestlakeVM: VM: Starting on OHOS + ART ...
05-04 18:58:25.354 10095 10153 I WestlakeVM: VM: APK:
05-04 18:58:25.354 10095 10153 I WestlakeVM: VM: /data/local/tmp/westlake/com_github_ashutoshgngwr_noice.apk
05-04 18:58:25.355 10095 10153 I WestlakeVM: VM: Activity:
05-04 18:58:25.355 10095 10153 I WestlakeVM: VM: com.github.ashutoshgngwr.noice.activity.MainActivity
05-04 18:58:25.355 10095 10153 I WestlakeVM: VM: Package:
05-04 18:58:25.355 10095 10153 I WestlakeVM: VM: com.github.ashutoshgngwr.noice
05-04 18:58:25.355 10095 10153 I WestlakeVM: VM: Backend mode:
05-04 18:58:25.355 10095 10153 I WestlakeVM: VM: target_ohos_backend
05-04 18:58:25.355 10095 10153 I WestlakeVM: VM: Framework policy:
05-04 18:58:25.356 10095 10153 I WestlakeVM: VM: westlake_only
05-04 18:58:25.356 10095 10153 I WestlakeVM: VM: Real context bootstrap skipped on standalone guest
05-04 18:58:25.585 10095 10153 I WestlakeVM: VM: Manifest: com.github.ashutoshgngwr.noice.NoiceApplication (8 activities, 1 providers)
05-04 18:58:25.585 10095 10153 I WestlakeVM: VM: OHBridge bootstrap deferred on standalone guest
05-04 18:58:25.586 10095 10153 I WestlakeVM: VM: Aux native loads deferred on standalone guest
05-04 18:58:25.586 10095 10153 I WestlakeVM: VM: Bootstrap prop refresh deferred on standalone guest
05-04 18:58:25.586 10095 10153 I WestlakeVM: VM: MiniServer init begin
05-04 18:58:25.589 10095 10153 I WestlakeVM: VM: MiniServer init returned
05-04 18:58:25.589 10095 10153 I WestlakeVM: VM: MiniServer activityManager ready
05-04 18:58:25.589 10095 10153 I WestlakeVM: VM: MiniServer initialized
05-04 18:58:25.591 10095 10153 I WestlakeVM: VM: [WestlakeLauncher] Application from manifest: com.github.ashutoshgngwr.noice.NoiceApplication
05-04 18:58:25.593 10095 10153 I WestlakeVM: VM: [PFCUT] Class.getDeclaredField intrinsic hit class=java.lang.ClassLoader name=packages
05-04 18:58:25.593 10095 10153 I WestlakeVM: VM: [PFCUT] Class.getDeclaredField intrinsic hit class=java.lang.ClassLoader name=packages
05-04 18:58:25.597 10095 10153 I WestlakeVM: VM: [PFCUT] InterpreterJni jdk.Unsafe CAS ref target=0x14055380 offset=32 current=0 expected=0 new=0x1409cd48 success=1 array_index=5
05-04 18:58:25.597 10095 10153 I WestlakeVM: VM: [PFCUT] InterpreterJni jdk.Unsafe CAS long target=0x140542c0 offset=40 current=2 expected=2 new=3 success=1
05-04 18:58:25.598 10095 10153 I WestlakeVM: VM: [PFCUT] InterpreterJni jdk.Unsafe CAS long target=0x140542c0 offset=40 current=3 expected=3 new=4 success=1
05-04 18:58:25.600 10095 10153 I WestlakeVM: VM: [PFCUT] InterpreterJni jdk.Unsafe CAS ref target=0x14055380 offset=12 current=0 expected=0 new=0x1409cd90 success=1 array_index=0
05-04 18:58:25.600 10095 10153 I WestlakeVM: VM: [PFCUT] InterpreterJni jdk.Unsafe CAS long target=0x140542c0 offset=40 current=4 expected=4 new=5 success=1
05-04 18:58:25.606 10095 10153 I WestlakeVM: VM: [PFCUT] InterpreterJni jdk.Unsafe CAS ref target=0x14055380 offset=16 current=0 expected=0 new=0x1409ce50 success=1 array_index=1
05-04 18:58:25.606 10095 10153 I WestlakeVM: VM: [PFCUT] InterpreterJni jdk.Unsafe CAS long target=0x140542c0 offset=40 current=5 expected=5 new=6 success=1
05-04 18:58:25.609 10095 10153 I WestlakeVM: VM: [WestlakeLauncher] Coroutine runtime seeded before Application.onCreate
05-04 18:58:25.628 10095 10153 I WestlakeVM: VM: PF202 ApkLoader enter
05-04 18:58:25.630 10095 10153 I WestlakeVM: VM: PF202 ApkLoader info seeded
05-04 18:58:25.634 10095 10153 I WestlakeVM: VM: CV PF-MCD-RES_TABLE_READ_BEGIN path=/data/local/tmp/westlake/com_github_ashutoshgngwr_noice_res/resources.arsc
05-04 18:58:25.646 10095 10153 I WestlakeVM: VM: CV PF-MCD-RES_TABLE_READ_DONE bytes=2019644
05-04 18:58:25.647 10095 10153 I WestlakeVM: VM: CV PF-MCD-RES_TABLE_PARSE_BEGIN
05-04 18:58:25.932  3704  3747 W HidlServiceManagement: Waited one second for vendor.qti.hardware.cacert@1.0::IService/default
05-04 18:58:25.934   660   660 I hwservicemanager: Since vendor.qti.hardware.cacert@1.0::IService/default is not registered, trying to start it as a lazy HAL (if it's not configured to be a lazy HAL, it may be stuck starting or still starting).
05-04 18:58:25.935  3704  3747 I HidlServiceManagement: getService: Trying again for vendor.qti.hardware.cacert@1.0::IService/default...
05-04 18:58:25.938   660 10159 W libc    : Unable to set property "ctl.interface_start" to "vendor.qti.hardware.cacert@1.0::IService/default": PROP_ERROR_HANDLE_CONTROL_MESSAGE (0x20)
05-04 18:58:25.938   660 10159 I hwservicemanager: Tried to start vendor.qti.hardware.cacert@1.0::IService/default as a lazy service, but was unable to. Usually this happens when a service is not installed, but if the service is intended to be used as a lazy service, then it may be configured incorrectly.
05-04 18:58:25.851     0     0 E init    : Control message: Could not find 'vendor.qti.hardware.cacert@1.0::IService/default' for ctl.interface_start from pid: 660 (/system/system_ext/bin/hwservicemanager)
05-04 18:58:25.972   307   717 E WifiScoringParams: Invalid frequency(-1), using 5G as default rssi array
05-04 18:58:25.978  3530  3530 W wificond: Failed to get NL80211_ATTR_MAX_NUM_AKM_SUITES
05-04 18:58:25.980  3530  3530 W wificond: Failed to get NL80211_ATTR_MAX_NUM_AKM_SUITES
05-04 18:58:25.981  3530  3530 W wificond: Failed to get NL80211_ATTR_MAX_NUM_AKM_SUITES
05-04 18:58:25.984  3703 20622 D LOWI-9.0.0.79: [LOWI-Scan] wait_event:Wait done with Cmd 33
05-04 18:58:25.984  3703 20622 D LOWI-9.0.0.79: [LOWI-Scan] do_listen_events: Rcvd valid Netlink Cmd 0 Err 0
05-04 18:58:26.071 10095 10160 D ProfileInstaller: Installing profile for com.westlake.host
05-04 18:58:26.935  3704  3747 W HidlServiceManagement: Waited one second for vendor.qti.hardware.cacert@1.0::IService/default
05-04 18:58:26.936   660   660 I hwservicemanager: Since vendor.qti.hardware.cacert@1.0::IService/default is not registered, trying to start it as a lazy HAL (if it's not configured to be a lazy HAL, it may be stuck starting or still starting).
05-04 18:58:26.936  3704  3747 I HidlServiceManagement: getService: Trying again for vendor.qti.hardware.cacert@1.0::IService/default...
05-04 18:58:26.938   660 10161 W libc    : Unable to set property "ctl.interface_start" to "vendor.qti.hardware.cacert@1.0::IService/default": PROP_ERROR_HANDLE_CONTROL_MESSAGE (0x20)
05-04 18:58:26.938   660 10161 I hwservicemanager: Tried to start vendor.qti.hardware.cacert@1.0::IService/default as a lazy service, but was unable to. Usually this happens when a service is not installed, but if the service is intended to be used as a lazy service, then it may be configured incorrectly.
05-04 18:58:26.851     0     0 E init    : Control message: Could not find 'vendor.qti.hardware.cacert@1.0::IService/default' for ctl.interface_start from pid: 660 (/system/system_ext/bin/hwservicemanager)
05-04 18:58:27.155   703 10054 I keystore2: system/security/keystore2/watchdog/src/lib.rs:356 - Watchdog thread idle -> terminating. Have a great day.
05-04 18:58:27.937  3704  3747 W HidlServiceManagement: Waited one second for vendor.qti.hardware.cacert@1.0::IService/default
05-04 18:58:27.937   660   660 I hwservicemanager: Since vendor.qti.hardware.cacert@1.0::IService/default is not registered, trying to start it as a lazy HAL (if it's not configured to be a lazy HAL, it may be stuck starting or still starting).
05-04 18:58:27.938  3704  3747 I HidlServiceManagement: getService: Trying again for vendor.qti.hardware.cacert@1.0::IService/default...
05-04 18:58:27.939   660 10162 W libc    : Unable to set property "ctl.interface_start" to "vendor.qti.hardware.cacert@1.0::IService/default": PROP_ERROR_HANDLE_CONTROL_MESSAGE (0x20)
05-04 18:58:27.939   660 10162 I hwservicemanager: Tried to start vendor.qti.hardware.cacert@1.0::IService/default as a lazy service, but was unable to. Usually this happens when a service is not installed, but if the service is intended to be used as a lazy service, then it may be configured incorrectly.
05-04 18:58:27.852     0     0 E init    : Control message: Could not find 'vendor.qti.hardware.cacert@1.0::IService/default' for ctl.interface_start from pid: 660 (/system/system_ext/bin/hwservicemanager)
05-04 18:58:28.938  3704  3747 W HidlServiceManagement: Waited one second for vendor.qti.hardware.cacert@1.0::IService/default
05-04 18:58:28.939   660   660 I hwservicemanager: Since vendor.qti.hardware.cacert@1.0::IService/default is not registered, trying to start it as a lazy HAL (if it's not configured to be a lazy HAL, it may be stuck starting or still starting).
05-04 18:58:28.939  3704  3747 I HidlServiceManagement: getService: Trying again for vendor.qti.hardware.cacert@1.0::IService/default...
05-04 18:58:28.941   660 10163 W libc    : Unable to set property "ctl.interface_start" to "vendor.qti.hardware.cacert@1.0::IService/default": PROP_ERROR_HANDLE_CONTROL_MESSAGE (0x20)
05-04 18:58:28.941   660 10163 I hwservicemanager: Tried to start vendor.qti.hardware.cacert@1.0::IService/default as a lazy service, but was unable to. Usually this happens when a service is not installed, but if the service is intended to be used as a lazy service, then it may be configured incorrectly.
05-04 18:58:28.854     0     0 E init    : Control message: Could not find 'vendor.qti.hardware.cacert@1.0::IService/default' for ctl.interface_start from pid: 660 (/system/system_ext/bin/hwservicemanager)
05-04 18:58:29.067  3703 20622 D LOWI-9.0.0.79: [LOWI-Scan] wait_event:Wait done with Cmd 34
05-04 18:58:29.067  3703 20622 D LOWI-9.0.0.79: [LOWI-Scan] do_listen_events: Rcvd valid Netlink Cmd 34 Err 0
05-04 18:58:29.068   307  4369 D WifiNl80211Manager: Scan result ready event
05-04 18:58:29.068   307  4369 D WifiNative: Scan result ready event
05-04 18:58:29.068  3703 20622 D LOWI-9.0.0.79: [LOWI-Scan] 
05-04 18:58:29.068  3703 20622 D LOWI-9.0.0.79: [LOWI-Scan] print_bss_handler: Report Probe TSF 2183299355040 as it greater than Beacon TSF 2183299350857
05-04 18:58:29.068  3703 20622 I LOWI-9.0.0.79: [LOWI-Scan] RSN_IE
05-04 18:58:29.068  3703 20622 D LOWI-9.0.0.79: [LOWI-Scan] decode_rsn_wpa_ie: Entered
05-04 18:58:29.068  3703 20622 D LOWI-9.0.0.79: [LOWIUtils] hexDump: msg(30 18 01 00 00 0f ac 04 01 00 00 0f ac 04 02 00 00 0f ac 01 00 0f ac 03 )
05-04 18:58:29.068  3703 20622 D LOWI-9.0.0.79: [LOWI-Scan] decode_rsn_wpa_ie: LOWI_ENCRYPTION_TYPE_WPA_EAP
05-04 18:58:29.068  3703 20622 D LOWI-9.0.0.79: [LOWI-Scan] is_qcom_ie, bss_age: 0
05-04 18:58:29.068  3703 20622 D LOWI-9.0.0.79: [LOWI-Scan] BSS aa:05:d6:4d:36:40 LOWI_PHY_MODE_11AC_VHT40(9), Beacon Interval: 100, LOWI_ENCRYPTION_TYPE_WPA_EAP 11mcRanging: No, ANQP: No, LCI: No, Civic: No, capability(0x1111): ESS Privacy SpectrumMgmt
05-04 18:58:29.068  3703 20622 D LOWI-9.0.0.79: [LOWI-Scan] BSS aa:05:d6:4d:36:40 FREQ: 5200, cFreq1[40:80:160] = [5190:0:0] cFreq2 = 0 Country Code = US 
05-04 18:58:29.069  3703 20622 D LOWI-9.0.0.79: [LOWI-Scan] BSS aa:05:d6:4d:36:40 (wlan0) ASSO: NO AddInfo: 0x0, TSF 25, 06:28:19.355, RSSI: -116, CPL: 127, AGE: 2280,  SSID fw-guest, TSFDelta: 0x84d15905, TXRate: 0
05-04 18:58:29.069  3703 20622 D LOWI-9.0.0.79: [LOWI-Scan] 
05-04 18:58:29.069  3703 20622 D LOWI-9.0.0.79: [LOWI-Scan] print_bss_handler: Report Probe TSF 2183299354197 as it greater than Beacon TSF 2183299350143
05-04 18:58:29.069  3703 20622 I LOWI-9.0.0.79: [LOWI-Scan] RSN_IE
05-04 18:58:29.069  3703 20622 D LOWI-9.0.0.79: [LOWI-Scan] decode_rsn_wpa_ie: Entered
05-04 18:58:29.069  3703 20622 D LOWI-9.0.0.79: [LOWIUtils] hexDump: msg(30 18 01 00 00 0f ac 04 01 00 00 0f ac 04 02 00 00 0f ac 01 00 0f ac 03 )
05-04 18:58:29.069  3703 20622 D LOWI-9.0.0.79: [LOWI-Scan] decode_rsn_wpa_ie: LOWI_ENCRYPTION_TYPE_WPA_EAP
05-04 18:58:29.069  3703 20622 D LOWI-9.0.0.79: [LOWI-Scan] is_qcom_ie, bss_age: 0
05-04 18:58:29.069  3703 20622 D LOWI-9.0.0.79: [LOWI-Scan] BSS a2:05:d6:4d:36:40 LOWI_PHY_MODE_11AC_VHT40(9), Beacon Interval: 100, LOWI_ENCRYPTION_TYPE_WPA_EAP 11mcRanging: No, ANQP: No, LCI: No, Civic: No, capability(0x1111): ESS Privacy SpectrumMgmt
05-04 18:58:29.069  3703 20622 D LOWI-9.0.0.79: [LOWI-Scan] BSS a2:05:d6:4d:36:40 FREQ: 5200, cFreq1[40:80:160] = [5190:0:0] cFreq2 = 0 Country Code = US 
05-04 18:58:29.069  3703 20622 D LOWI-9.0.0.79: [LOWI-Scan] BSS a2:05:d6:4d:36:40 (wlan0) ASSO: NO AddInfo: 0x0, TSF 25, 06:28:19.354, RSSI: -116, CPL: 127, AGE: 2280,  SSID fw-corp, TSFDelta: 0x84d15907, TXRate: 0
05-04 18:58:29.069  3703 20622 D LOWI-9.0.0.79: [LOWI-Scan] 
05-04 18:58:29.069  3703 20622 D LOWI-9.0.0.79: [LOWI-Scan] print_bss_handler: Report beacon TSF 2183299635863 as it greater than probe TSF 2183299604499
05-04 18:58:29.069  3703 20622 I LOWI-9.0.0.79: [LOWI-Scan] RSN_IE
05-04 18:58:29.069  3703 20622 D LOWI-9.0.0.79: [LOWI-Scan] decode_rsn_wpa_ie: Entered
05-04 18:58:29.069  3703 20622 D LOWI-9.0.0.79: [LOWIUtils] hexDump: msg(30 18 01 00 00 0f ac 04 01 00 00 0f ac 04 02 00 00 0f ac 01 00 0f ac 03 )
05-04 18:58:29.069  3703 20622 D LOWI-9.0.0.79: [LOWI-Scan] decode_rsn_wpa_ie: LOWI_ENCRYPTION_TYPE_WPA_EAP
05-04 18:58:29.069  3703 20622 D LOWI-9.0.0.79: [LOWI-Scan] is_qcom_ie, bss_age: 0
05-04 18:58:29.069  3703 20622 D LOWI-9.0.0.79: [LOWI-Scan] BSS a2:05:d6:4d:32:c6 LOWI_PHY_MODE_11AC_VHT40(9), Beacon Interval: 100, LOWI_ENCRYPTION_TYPE_WPA_EAP 11mcRanging: No, ANQP: No, LCI: No, Civic: No, capability(0x1111): ESS Privacy SpectrumMgmt
05-04 18:58:29.069  3703 20622 D LOWI-9.0.0.79: [LOWI-Scan] BSS a2:05:d6:4d:32:c6 FREQ: 5765, cFreq1[40:80:160] = [5755:0:0] cFreq2 = 0 Country Code = US 
05-04 18:58:29.069  3703 20622 D LOWI-9.0.0.79: [LOWI-Scan] BSS a2:05:d6:4d:32:c6 (wlan0) ASSO: NO AddInfo: 0x1, TSF 25, 06:28:19.635, RSSI: -128, CPL: 127, AGE: 2000,  SSID fw-corp, TSFDelta: 0x8d0f25a3, TXRate: 0
05-04 18:58:29.069  3703 20622 D LOWI-9.0.0.79: [LOWI-Scan] 
05-04 18:58:29.069  3703 20622 D LOWI-9.0.0.79: [LOWI-Scan] print_bss_handler: Report beacon TSF 2183299637144 as it greater than probe TSF 2183299606128
05-04 18:58:29.069  3703 20622 I LOWI-9.0.0.79: [LOWI-Scan] RSN_IE
05-04 18:58:29.069  3703 20622 D LOWI-9.0.0.79: [LOWI-Scan] decode_rsn_wpa_ie: Entered
05-04 18:58:29.069  3703 20622 D LOWI-9.0.0.79: [LOWIUtils] hexDump: msg(30 18 01 00 00 0f ac 04 01 00 00 0f ac 04 02 00 00 0f ac 01 00 0f ac 03 )
05-04 18:58:29.069  3703 20622 D LOWI-9.0.0.79: [LOWI-Scan] decode_rsn_wpa_ie: LOWI_ENCRYPTION_TYPE_WPA_EAP
05-04 18:58:29.069  3703 20622 D LOWI-9.0.0.79: [LOWI-Scan] is_qcom_ie, bss_age: 0
05-04 18:58:29.069  3703 20622 D LOWI-9.0.0.79: [LOWI-Scan] BSS aa:05:d6:4d:32:c6 LOWI_PHY_MODE_11AC_VHT40(9), Beacon Interval: 100, LOWI_ENCRYPTION_TYPE_WPA_EAP 11mcRanging: No, ANQP: No, LCI: No, Civic: No, capability(0x1111): ESS Privacy SpectrumMgmt
05-04 18:58:29.069  3703 20622 D LOWI-9.0.0.79: [LOWI-Scan] BSS aa:05:d6:4d:32:c6 FREQ: 5765, cFreq1[40:80:160] = [5755:0:0] cFreq2 = 0 Country Code = US 
05-04 18:58:29.070  3703 20622 D LOWI-9.0.0.79: [LOWI-Scan] BSS aa:05:d6:4d:32:c6 (wlan0) ASSO: NO AddInfo: 0x1, TSF 25, 06:28:19.637, RSSI: -130, CPL: 127, AGE: 2000,  SSID fw-guest, TSFDelta: 0x8d0f25a1, TXRate: 0
05-04 18:58:29.070  3703 20622 D LOWI-9.0.0.79: [LOWI-Scan] 
05-04 18:58:29.070  3703 20622 D LOWI-9.0.0.79: [LOWI-Scan] print_bss_handler: Report Probe TSF 2183299353456 as it greater than Beacon TSF 2183299349666
05-04 18:58:29.070  3703 20622 I LOWI-9.0.0.79: [LOWI-Scan] RSN_IE
05-04 18:58:29.070  3703 20622 D LOWI-9.0.0.79: [LOWI-Scan] decode_rsn_wpa_ie: Entered
05-04 18:58:29.070  3703 20622 D LOWI-9.0.0.79: [LOWIUtils] hexDump: msg(30 18 01 00 00 0f ac 04 01 00 00 0f ac 04 02 00 00 0f ac 01 00 0f ac 03 )
05-04 18:58:29.070  3703 20622 D LOWI-9.0.0.79: [LOWI-Scan] decode_rsn_wpa_ie: LOWI_ENCRYPTION_TYPE_WPA_EAP
05-04 18:58:29.070  3703 20622 D LOWI-9.0.0.79: [LOWI-Scan] is_qcom_ie, bss_age: 0
05-04 18:58:29.070  3703 20622 D LOWI-9.0.0.79: [LOWI-Scan] BSS 9c:05:d6:4d:36:40 LOWI_PHY_MODE_11AC_VHT40(9), Beacon Interval: 100, LOWI_ENCRYPTION_TYPE_WPA_EAP 11mcRanging: No, ANQP: No, LCI: No, Civic: No, capability(0x1111): ESS Privacy SpectrumMgmt
05-04 18:58:29.070  3703 20622 D LOWI-9.0.0.79: [LOWI-Scan] BSS 9c:05:d6:4d:36:40 FREQ: 5200, cFreq1[40:80:160] = [5190:0:0] cFreq2 = 0 Country Code = US 
05-04 18:58:29.070  3703 20622 D LOWI-9.0.0.79: [LOWI-Scan] BSS 9c:05:d6:4d:36:40 (wlan0) ASSO: NO AddInfo: 0x0, TSF 25, 06:28:19.353, RSSI: -116, CPL: 127, AGE: 2280,  SSID fw-internet, TSFDelta: 0x84d15905, TXRate: 0
05-04 18:58:29.070  3703 20622 D LOWI-9.0.0.79: [LOWI-Scan] 
05-04 18:58:29.070  3703 20622 D LOWI-9.0.0.79: [LOWI-Scan] print_bss_handler: Report beacon TSF 2183299635717 as it greater than probe TSF 2183299602959
05-04 18:58:29.070  3703 20622 I LOWI-9.0.0.79: [LOWI-Scan] RSN_IE
05-04 18:58:29.070  3703 20622 D LOWI-9.0.0.79: [LOWI-Scan] decode_rsn_wpa_ie: Entered
05-04 18:58:29.070  3703 20622 D LOWI-9.0.0.79: [LOWIUtils] hexDump: msg(30 18 01 00 00 0f ac 04 01 00 00 0f ac 04 02 00 00 0f ac 01 00 0f ac 03 )
05-04 18:58:29.070  3703 20622 D LOWI-9.0.0.79: [LOWI-Scan] decode_rsn_wpa_ie: LOWI_ENCRYPTION_TYPE_WPA_EAP
05-04 18:58:29.070  3703 20622 D LOWI-9.0.0.79: [LOWI-Scan] is_qcom_ie, bss_age: 0
05-04 18:58:29.070  3703 20622 D LOWI-9.0.0.79: [LOWI-Scan] BSS 9c:05:d6:4d:32:c6 LOWI_PHY_MODE_11AC_VHT40(9), Beacon Interval: 100, LOWI_ENCRYPTION_TYPE_WPA_EAP 11mcRanging: No, ANQP: No, LCI: No, Civic: No, capability(0x1111): ESS Privacy SpectrumMgmt
05-04 18:58:29.077  3703 20622 D LOWI-9.0.0.79: [LOWI-Scan] BSS 9c:05:d6:4d:32:c6 FREQ: 5765, cFreq1[40:80:160] = [5755:0:0] cFreq2 = 0 Country Code = US 
05-04 18:58:29.077  3703 20622 D LOWI-9.0.0.79: [LOWI-Scan] BSS 9c:05:d6:4d:32:c6 (wlan0) ASSO: NO AddInfo: 0x1, TSF 25, 06:28:19.635, RSSI: -128, CPL: 127, AGE: 2000,  SSID fw-internet, TSFDelta: 0x8d0f25a1, TXRate: 0
05-04 18:58:29.078  3703 20622 D LOWI-9.0.0.79: [LOWI-Scan] 
05-04 18:58:29.078  3703 20622 D LOWI-9.0.0.79: [LOWI-Scan] print_bss_handler: Report Probe TSF 2183300140028 as it greater than Beacon TSF 2183300109951
05-04 18:58:29.078  3703 20622 I LOWI-9.0.0.79: [LOWI-Scan] RSN_IE
05-04 18:58:29.078  3703 20622 D LOWI-9.0.0.79: [LOWI-Scan] decode_rsn_wpa_ie: Entered
05-04 18:58:29.078  3703 20622 D LOWI-9.0.0.79: [LOWIUtils] hexDump: msg(30 18 01 00 00 0f ac 04 01 00 00 0f ac 04 02 00 00 0f ac 01 00 0f ac 03 )
05-04 18:58:29.078  3703 20622 D LOWI-9.0.0.79: [LOWI-Scan] decode_rsn_wpa_ie: LOWI_ENCRYPTION_TYPE_WPA_EAP
05-04 18:58:29.078  3703 20622 D LOWI-9.0.0.79: [LOWI-Scan] is_qcom_ie, bss_age: 0
05-04 18:58:29.078  3703 20622 D LOWI-9.0.0.79: [LOWI-Scan] BSS 9c:05:d6:42:11:20 LOWI_PHY_MODE_11AC_VHT40(9), Beacon Interval: 100, LOWI_ENCRYPTION_TYPE_WPA_EAP 11mcRanging: No, ANQP: No, LCI: No, Civic: No, capability(0x1111): ESS Privacy SpectrumMgmt
05-04 18:58:29.078  3703 20622 D LOWI-9.0.0.79: [LOWI-Scan] BSS 9c:05:d6:42:11:20 FREQ: 5300, cFreq1[40:80:160] = [5310:0:0] cFreq2 = 0 Country Code = US 
05-04 18:58:29.078  3703 20622 D LOWI-9.0.0.79: [LOWI-Scan] BSS 9c:05:d6:42:11:20 (wlan0) ASSO: NO AddInfo: 0x0, TSF 25, 06:28:20.140, RSSI: -112, CPL: 127, AGE: 1500,  SSID fw-internet, TSFDelta: 0x292f528f, TXRate: 0
05-04 18:58:29.078  3703 20622 D LOWI-9.0.0.79: [LOWI-Scan] 
05-04 18:58:29.078  3703 20622 D LOWI-9.0.0.79: [LOWI-Scan] print_bss_handler: Report Probe TSF 2183300141573 as it greater than Beacon TSF 2183300110413
05-04 18:58:29.078  3703 20622 I LOWI-9.0.0.79: [LOWI-Scan] RSN_IE
05-04 18:58:29.078  3703 20622 D LOWI-9.0.0.79: [LOWI-Scan] decode_rsn_wpa_ie: Entered
05-04 18:58:29.078  3703 20622 D LOWI-9.0.0.79: [LOWIUtils] hexDump: msg(30 18 01 00 00 0f ac 04 01 00 00 0f ac 04 02 00 00 0f ac 01 00 0f ac 03 )
05-04 18:58:29.078  3703 20622 D LOWI-9.0.0.79: [LOWI-Scan] decode_rsn_wpa_ie: LOWI_ENCRYPTION_TYPE_WPA_EAP
05-04 18:58:29.078  3703 20622 D LOWI-9.0.0.79: [LOWI-Scan] is_qcom_ie, bss_age: 0
05-04 18:58:29.078  3703 20622 D LOWI-9.0.0.79: [LOWI-Scan] BSS a2:05:d6:42:11:20 LOWI_PHY_MODE_11AC_VHT40(9), Beacon Interval: 100, LOWI_ENCRYPTION_TYPE_WPA_EAP 11mcRanging: No, ANQP: No, LCI: No, Civic: No, capability(0x1111): ESS Privacy SpectrumMgmt
05-04 18:58:29.078  3703 20622 D LOWI-9.0.0.79: [LOWI-Scan] BSS a2:05:d6:42:11:20 FREQ: 5300, cFreq1[40:80:160] = [5310:0:0] cFreq2 = 0 Country Code = US 
05-04 18:58:29.078  3703 20622 D LOWI-9.0.0.79: [LOWI-Scan] BSS a2:05:d6:42:11:20 (wlan0) ASSO: NO AddInfo: 0x0, TSF 25, 06:28:20.141, RSSI: -112, CPL: 127, AGE: 1500,  SSID fw-corp, TSFDelta: 0x292f5291, TXRate: 0
05-04 18:58:29.078  3703 20622 D LOWI-9.0.0.79: [LOWI-Scan] 
05-04 18:58:29.078  3703 20622 D LOWI-9.0.0.79: [LOWI-Scan] print_bss_handler: Report beacon TSF 2183300110892 as it greater than probe TSF 2183300110892
05-04 18:58:29.078  3703 20622 I LOWI-9.0.0.79: [LOWI-Scan] RSN_IE
05-04 18:58:29.078  3703 20622 D LOWI-9.0.0.79: [LOWI-Scan] decode_rsn_wpa_ie: Entered
05-04 18:58:29.078  3703 20622 D LOWI-9.0.0.79: [LOWIUtils] hexDump: msg(30 18 01 00 00 0f ac 04 01 00 00 0f ac 04 02 00 00 0f ac 02 00 0f ac 08 )
05-04 18:58:29.078  3703 20622 D LOWI-9.0.0.79: [LOWI-Scan] decode_rsn_wpa_ie: LOWI_ENCRYPTION_TYPE_WPA_PSK
05-04 18:58:29.078  3703 20622 D LOWI-9.0.0.79: [LOWI-Scan] is_qcom_ie, bss_age: 0
05-04 18:58:29.078  3703 20622 D LOWI-9.0.0.79: [LOWI-Scan] BSS a6:05:d6:42:11:20 LOWI_PHY_MODE_11AC_VHT40(9), Beacon Interval: 100, LOWI_ENCRYPTION_TYPE_WPA_PSK 11mcRanging: No, ANQP: No, LCI: No, Civic: No, capability(0x1111): ESS Privacy SpectrumMgmt
05-04 18:58:29.078  3703 20622 D LOWI-9.0.0.79: [LOWI-Scan] BSS a6:05:d6:42:11:20 FREQ: 5300, cFreq1[40:80:160] = [5310:0:0] cFreq2 = 0 Country Code = US 
05-04 18:58:29.078  3703 20622 D LOWI-9.0.0.79: [LOWI-Scan] BSS a6:05:d6:42:11:20 (wlan0) ASSO: NO AddInfo: 0x1, TSF 25, 06:28:20.110, RSSI: -114, CPL: 127, AGE: 1530,  SSID , TSFDelta: 0x292f528e, TXRate: 0
05-04 18:58:29.079  3703 20622 D LOWI-9.0.0.79: [LOWI-Scan] 
05-04 18:58:29.079  3703 20622 D LOWI-9.0.0.79: [LOWI-Scan] print_bss_handler: Report Probe TSF 2183300143200 as it greater than Beacon TSF 2183300111458
05-04 18:58:29.079  3703 20622 I LOWI-9.0.0.79: [LOWI-Scan] RSN_IE
05-04 18:58:29.079  3703 20622 D LOWI-9.0.0.79: [LOWI-Scan] decode_rsn_wpa_ie: Entered
05-04 18:58:29.079  3703 20622 D LOWI-9.0.0.79: [LOWIUtils] hexDump: msg(30 18 01 00 00 0f ac 04 01 00 00 0f ac 04 02 00 00 0f ac 01 00 0f ac 03 )
05-04 18:58:29.079  3703 20622 D LOWI-9.0.0.79: [LOWI-Scan] decode_rsn_wpa_ie: LOWI_ENCRYPTION_TYPE_WPA_EAP
05-04 18:58:29.079  3703 20622 D LOWI-9.0.0.79: [LOWI-Scan] is_qcom_ie, bss_age: 0
05-04 18:58:29.079  3703 20622 D LOWI-9.0.0.79: [LOWI-Scan] BSS aa:05:d6:42:11:20 LOWI_PHY_MODE_11AC_VHT40(9), Beacon Interval: 100, LOWI_ENCRYPTION_TYPE_WPA_EAP 11mcRanging: No, ANQP: No, LCI: No, Civic: No, capability(0x1111): ESS Privacy SpectrumMgmt
05-04 18:58:29.079  3703 20622 D LOWI-9.0.0.79: [LOWI-Scan] BSS aa:05:d6:42:11:20 FREQ: 5300, cFreq1[40:80:160] = [5310:0:0] cFreq2 = 0 Country Code = US 
05-04 18:58:29.079  3703 20622 D LOWI-9.0.0.79: [LOWI-Scan] BSS aa:05:d6:42:11:20 (wlan0) ASSO: NO AddInfo: 0x0, TSF 25, 06:28:20.143, RSSI: -112, CPL: 127, AGE: 1490,  SSID fw-guest, TSFDelta: 0x292f528f, TXRate: 0
05-04 18:58:29.079  3703 20622 D LOWI-9.0.0.79: [LOWI-Scan] 
05-04 18:58:29.079  3703 20622 D LOWI-9.0.0.79: [LOWI-Scan] print_bss_handler: Report beacon TSF 2183300112207 as it greater than probe TSF 2183300112207
05-04 18:58:29.079  3703 20622 I LOWI-9.0.0.79: [LOWI-Scan] RSN_IE
05-04 18:58:29.079  3703 20622 D LOWI-9.0.0.79: [LOWI-Scan] decode_rsn_wpa_ie: Entered
05-04 18:58:29.079  3703 20622 D LOWI-9.0.0.79: [LOWIUtils] hexDump: msg(30 14 01 00 00 0f ac 04 01 00 00 0f ac 04 01 00 00 0f ac 02 )
05-04 18:58:29.079  3703 20622 D LOWI-9.0.0.79: [LOWI-Scan] decode_rsn_wpa_ie: LOWI_ENCRYPTION_TYPE_WPA_PSK
05-04 18:58:29.079  3703 20622 D LOWI-9.0.0.79: [LOWI-Scan] is_qcom_ie, bss_age: 0
05-04 18:58:29.079  3703 20622 D LOWI-9.0.0.79: [LOWI-Scan] BSS ae:05:d6:42:11:20 LOWI_PHY_MODE_11AC_VHT40(9), Beacon Interval: 100, LOWI_ENCRYPTION_TYPE_WPA_PSK 11mcRanging: No, ANQP: No, LCI: No, Civic: No, capability(0x1111): ESS Privacy SpectrumMgmt
05-04 18:58:29.079  3703 20622 D LOWI-9.0.0.79: [LOWI-Scan] BSS ae:05:d6:42:11:20 FREQ: 5300, cFreq1[40:80:160] = [5310:0:0] cFreq2 = 0 Country Code = US 
05-04 18:58:29.079  3703 20622 D LOWI-9.0.0.79: [LOWI-Scan] BSS ae:05:d6:42:11:20 (wlan0) ASSO: NO AddInfo: 0x1, TSF 25, 06:28:20.112, RSSI: -114, CPL: 127, AGE: 1520,  SSID , TSFDelta: 0x292f5291, TXRate: 0
05-04 18:58:29.079  3703 20622 D LOWI-9.0.0.79: [LOWI-Scan] 
05-04 18:58:29.079  3703 20622 D LOWI-9.0.0.79: [LOWI-Scan] print_bss_handler: Report Probe TSF 2183300387725 as it greater than Beacon TSF 2183300347588
05-04 18:58:29.079  3703 20622 I LOWI-9.0.0.79: [LOWI-Scan] RSN_IE
05-04 18:58:29.079  3703 20622 D LOWI-9.0.0.79: [LOWI-Scan] decode_rsn_wpa_ie: Entered
05-04 18:58:29.079  3703 20622 D LOWI-9.0.0.79: [LOWIUtils] hexDump: msg(30 18 01 00 00 0f ac 04 01 00 00 0f ac 04 02 00 00 0f ac 01 00 0f ac 03 )
05-04 18:58:29.079  3703 20622 D LOWI-9.0.0.79: [LOWI-Scan] decode_rsn_wpa_ie: LOWI_ENCRYPTION_TYPE_WPA_EAP
05-04 18:58:29.079  3703 20622 D LOWI-9.0.0.79: [LOWI-Scan] is_qcom_ie, bss_age: 0
05-04 18:58:29.079  3703 20622 D LOWI-9.0.0.79: [LOWI-Scan] BSS a2:05:d6:4d:37:94 LOWI_PHY_MODE_11AC_VHT40(9), Beacon Interval: 100, LOWI_ENCRYPTION_TYPE_WPA_EAP 11mcRanging: No, ANQP: No, LCI: No, Civic: No, capability(0x1111): ESS Privacy SpectrumMgmt
05-04 18:58:29.079  3703 20622 D LOWI-9.0.0.79: [LOWI-Scan] BSS a2:05:d6:4d:37:94 FREQ: 5500, cFreq1[40:80:160] = [5510:0:0] cFreq2 = 0 Country Code = US 
05-04 18:58:29.079  3703 20622 D LOWI-9.0.0.79: [LOWI-Scan] BSS a2:05:d6:4d:37:94 (wlan0) ASSO: NO AddInfo: 0x0, TSF 25, 06:28:20.387, RSSI: -68, CPL: 127, AGE: 1250,  SSID fw-corp, TSFDelta: 0xb73110c1, TXRate: 0
05-04 18:58:29.079  3703 20622 D LOWI-9.0.0.79: [LOWI-Scan] 
05-04 18:58:29.079  3703 20622 D LOWI-9.0.0.79: [LOWI-Scan] print_bss_handler: Report Probe TSF 2183300388591 as it greater than Beacon TSF 2183300348645
05-04 18:58:29.079  3703 20622 I LOWI-9.0.0.79: [LOWI-Scan] RSN_IE
05-04 18:58:29.079  3703 20622 D LOWI-9.0.0.79: [LOWI-Scan] decode_rsn_wpa_ie: Entered
05-04 18:58:29.080  3703 20622 D LOWI-9.0.0.79: [LOWIUtils] hexDump: msg(30 18 01 00 00 0f ac 04 01 00 00 0f ac 04 02 00 00 0f ac 01 00 0f ac 03 )
05-04 18:58:29.080  3703 20622 D LOWI-9.0.0.79: [LOWI-Scan] decode_rsn_wpa_ie: LOWI_ENCRYPTION_TYPE_WPA_EAP
05-04 18:58:29.080  3703 20622 D LOWI-9.0.0.79: [LOWI-Scan] is_qcom_ie, bss_age: 0
05-04 18:58:29.080  3703 20622 D LOWI-9.0.0.79: [LOWI-Scan] BSS aa:05:d6:4d:37:94 LOWI_PHY_MODE_11AC_VHT40(9), Beacon Interval: 100, LOWI_ENCRYPTION_TYPE_WPA_EAP 11mcRanging: No, ANQP: No, LCI: No, Civic: No, capability(0x1111): ESS Privacy SpectrumMgmt
05-04 18:58:29.080  3703 20622 D LOWI-9.0.0.79: [LOWI-Scan] BSS aa:05:d6:4d:37:94 FREQ: 5500, cFreq1[40:80:160] = [5510:0:0] cFreq2 = 0 Country Code = US 
05-04 18:58:29.080  3703 20622 D LOWI-9.0.0.79: [LOWI-Scan] BSS aa:05:d6:4d:37:94 (wlan0) ASSO: NO AddInfo: 0x0, TSF 25, 06:28:20.388, RSSI: -68, CPL: 127, AGE: 1250,  SSID fw-guest, TSFDelta: 0xb73110bf, TXRate: 0
05-04 18:58:29.080  3703 20622 D LOWI-9.0.0.79: [LOWI-Scan] 
05-04 18:58:29.080  3703 20622 D LOWI-9.0.0.79: [LOWI-Scan] print_bss_handler: Report beacon TSF 2183300349078 as it greater than probe TSF 2183300349078
05-04 18:58:29.080  3703 20622 I LOWI-9.0.0.79: [LOWI-Scan] RSN_IE
05-04 18:58:29.080  3703 20622 D LOWI-9.0.0.79: [LOWI-Scan] decode_rsn_wpa_ie: Entered
05-04 18:58:29.080  3703 20622 D LOWI-9.0.0.79: [LOWIUtils] hexDump: msg(30 14 01 00 00 0f ac 04 01 00 00 0f ac 04 01 00 00 0f ac 02 )
05-04 18:58:29.080  3703 20622 D LOWI-9.0.0.79: [LOWI-Scan] decode_rsn_wpa_ie: LOWI_ENCRYPTION_TYPE_WPA_PSK
05-04 18:58:29.080  3703 20622 D LOWI-9.0.0.79: [LOWI-Scan] is_qcom_ie, bss_age: 0
05-04 18:58:29.080  3703 20622 D LOWI-9.0.0.79: [LOWI-Scan] BSS ae:05:d6:4d:37:94 LOWI_PHY_MODE_11AC_VHT40(9), Beacon Interval: 100, LOWI_ENCRYPTION_TYPE_WPA_PSK 11mcRanging: No, ANQP: No, LCI: No, Civic: No, capability(0x1111): ESS Privacy SpectrumMgmt
05-04 18:58:29.080  3703 20622 D LOWI-9.0.0.79: [LOWI-Scan] BSS ae:05:d6:4d:37:94 FREQ: 5500, cFreq1[40:80:160] = [5510:0:0] cFreq2 = 0 Country Code = US 
05-04 18:58:29.080  3703 20622 D LOWI-9.0.0.79: [LOWI-Scan] BSS ae:05:d6:4d:37:94 (wlan0) ASSO: NO AddInfo: 0x1, TSF 25, 06:28:20.349, RSSI: -68, CPL: 127, AGE: 1290,  SSID , TSFDelta: 0xb73110c0, TXRate: 0
05-04 18:58:29.080  3703 20622 D LOWI-9.0.0.79: [LOWI-Scan] 
05-04 18:58:29.080  3703 20622 D LOWI-9.0.0.79: [LOWI-Scan] print_bss_handler: Report Probe TSF 2183300386650 as it greater than Beacon TSF 2183300347142
05-04 18:58:29.080  3703 20622 I LOWI-9.0.0.79: [LOWI-Scan] RSN_IE
05-04 18:58:29.080  3703 20622 D LOWI-9.0.0.79: [LOWI-Scan] decode_rsn_wpa_ie: Entered
05-04 18:58:29.080  3703 20622 D LOWI-9.0.0.79: [LOWIUtils] hexDump: msg(30 18 01 00 00 0f ac 04 01 00 00 0f ac 04 02 00 00 0f ac 01 00 0f ac 03 )
05-04 18:58:29.080  3703 20622 D LOWI-9.0.0.79: [LOWI-Scan] decode_rsn_wpa_ie: LOWI_ENCRYPTION_TYPE_WPA_EAP
05-04 18:58:29.080  3703 20622 D LOWI-9.0.0.79: [LOWI-Scan] is_qcom_ie, bss_age: 0
05-04 18:58:29.080  3703 20622 D LOWI-9.0.0.79: [LOWI-Scan] BSS 9c:05:d6:4d:37:94 LOWI_PHY_MODE_11AC_VHT40(9), Beacon Interval: 100, LOWI_ENCRYPTION_TYPE_WPA_EAP 11mcRanging: No, ANQP: No, LCI: No, Civic: No, capability(0x1111): ESS Privacy SpectrumMgmt
05-04 18:58:29.080  3703 20622 D LOWI-9.0.0.79: [LOWI-Scan] BSS 9c:05:d6:4d:37:94 FREQ: 5500, cFreq1[40:80:160] = [5510:0:0] cFreq2 = 0 Country Code = US 
05-04 18:58:29.080  3703 20622 D LOWI-9.0.0.79: [LOWI-Scan] BSS 9c:05:d6:4d:37:94 (wlan0) ASSO: NO AddInfo: 0x0, TSF 25, 06:28:20.386, RSSI: -68, CPL: 127, AGE: 1250,  SSID fw-internet, TSFDelta: 0xb73110bf, TXRate: 0
05-04 18:58:29.080  3703 20622 D LOWI-9.0.0.79: [LOWI-Scan] 
05-04 18:58:29.080  3703 20622 D LOWI-9.0.0.79: [LOWI-Scan] print_bss_handler: Report Probe TSF 2183299666320 as it greater than Beacon TSF 2183139690689
05-04 18:58:29.080  3703 20622 I LOWI-9.0.0.79: [LOWI-Scan] RSN_IE
05-04 18:58:29.080  3703 20622 D LOWI-9.0.0.79: [LOWI-Scan] decode_rsn_wpa_ie: Entered
05-04 18:58:29.080  3703 20622 D LOWI-9.0.0.79: [LOWIUtils] hexDump: msg(30 18 01 00 00 0f ac 04 01 00 00 0f ac 04 02 00 00 0f ac 01 00 0f ac 03 )
05-04 18:58:29.080  3703 20622 D LOWI-9.0.0.79: [LOWI-Scan] decode_rsn_wpa_ie: LOWI_ENCRYPTION_TYPE_WPA_EAP
05-04 18:58:29.080  3703 20622 D LOWI-9.0.0.79: [LOWI-Scan] is_qcom_ie, bss_age: 0
05-04 18:58:29.081  3703 20622 D LOWI-9.0.0.79: [LOWI-Scan] BSS 9c:05:d6:4d:32:b7 LOWI_PHY_MODE_11AC_VHT40(9), Beacon Interval: 100, LOWI_ENCRYPTION_TYPE_WPA_EAP 11mcRanging: No, ANQP: No, LCI: No, Civic: No, capability(0x1111): ESS Privacy SpectrumMgmt
05-04 18:58:29.081  3703 20622 D LOWI-9.0.0.79: [LOWI-Scan] BSS 9c:05:d6:4d:32:b7 FREQ: 5785, cFreq1[40:80:160] = [5795:0:0] cFreq2 = 0 Country Code = US 
