05-05 13:11:58.041 20348 20399 I WestlakeVM: VM: [PFCUT] InterpreterJni jdk.Unsafe CAS ref target=0x5167a10 offset=64 current=0 expected=0 new=0x517aca0 success=1 array_index=13
05-05 13:11:58.041 20348 20399 I WestlakeVM: VM: [PFCUT] InterpreterJni jdk.Unsafe CAS long target=0x5160fc0 offset=40 current=11 expected=11 new=12 success=1
05-05 13:11:58.041 20348 20399 I WestlakeVM: VM: [PFCUT] InterpreterJni jdk.Unsafe CAS int target=0x5160fc0 offset=52 current=12 expected=12 new=-2145714174 success=1
05-05 13:11:58.041 20348 20399 I WestlakeVM: VM: [PFCUT] InterpreterJni jdk.Unsafe CAS int target=0x5160fc0 offset=56 current=16 expected=16 new=0 success=1
05-05 13:11:58.042 20348 20399 I WestlakeVM: VM: [PFCUT-TRACE] thread=main-256mb ts_us=2208949616976 kind=setSlot.jdk caller="void jdk.internal.misc.Unsafe.putReferenceVolatile(java.lang.Object, long, java.lang.Object)" array.class=java.util.concurrent.ConcurrentHashMap$Node[] array.componentType=java.util.concurrent.ConcurrentHashMap$Node array.length=32 index=15 value.ptr=0x517ac10 value.class=java.util.concurrent.ConcurrentHashMap$Node assignable=1
05-05 13:11:58.042 20348 20399 I WestlakeVM: VM: [PFCUT-TRACE] thread=main-256mb ts_us=2208949617169 kind=setSlot.jdk caller="void jdk.internal.misc.Unsafe.putReferenceVolatile(java.lang.Object, long, java.lang.Object)" array.class=java.util.concurrent.ConcurrentHashMap$Node[] array.componentType=java.util.concurrent.ConcurrentHashMap$Node array.length=32 index=31 value.ptr=0 value.class=<null> assignable=1
05-05 13:11:58.042 20348 20399 I WestlakeVM: VM: [PFCUT-TRACE] thread=main-256mb ts_us=2208949617273 kind=setSlot.jdk caller="void jdk.internal.misc.Unsafe.putReferenceVolatile(java.lang.Object, long, java.lang.Object)" array.class=java.util.concurrent.ConcurrentHashMap$Node[] array.componentType=java.util.concurrent.ConcurrentHashMap$Node array.length=16 index=15 value.ptr=0x517e540 value.class=java.util.concurrent.ConcurrentHashMap$ForwardingNode assignable=1
05-05 13:11:58.042 20348 20399 I WestlakeVM: VM: [PFCUT] InterpreterJni jdk.Unsafe CAS ref target=0x5167a10 offset=68 current=0 expected=0 new=0x517e540 success=1 array_index=14
05-05 13:11:58.042 20348 20399 I WestlakeVM: VM: [PFCUT-TRACE] thread=main-256mb ts_us=2208949617669 kind=setSlot.jdk caller="void jdk.internal.misc.Unsafe.putReferenceVolatile(java.lang.Object, long, java.lang.Object)" array.class=java.util.concurrent.ConcurrentHashMap$Node[] array.componentType=java.util.concurrent.ConcurrentHashMap$Node array.length=32 index=13 value.ptr=0 value.class=<null> assignable=1
05-05 13:11:58.042 20348 20399 I WestlakeVM: VM: [PFCUT-TRACE] thread=main-256mb ts_us=2208949617799 kind=setSlot.jdk caller="void jdk.internal.misc.Unsafe.putReferenceVolatile(java.lang.Object, long, java.lang.Object)" array.class=java.util.concurrent.ConcurrentHashMap$Node[] array.componentType=java.util.concurrent.ConcurrentHashMap$Node array.length=32 index=29 value.ptr=0x517aca0 value.class=java.util.concurrent.ConcurrentHashMap$Node assignable=1
05-05 13:11:58.043 20348 20399 I WestlakeVM: VM: [PFCUT-TRACE] thread=main-256mb ts_us=2208949617901 kind=setSlot.jdk caller="void jdk.internal.misc.Unsafe.putReferenceVolatile(java.lang.Object, long, java.lang.Object)" array.class=java.util.concurrent.ConcurrentHashMap$Node[] array.componentType=java.util.concurrent.ConcurrentHashMap$Node array.length=16 index=13 value.ptr=0x517e540 value.class=java.util.concurrent.ConcurrentHashMap$ForwardingNode assignable=1
05-05 13:11:58.043 20348 20399 I WestlakeVM: VM: [PFCUT-TRACE] thread=main-256mb ts_us=2208949618151 kind=setSlot.jdk caller="void jdk.internal.misc.Unsafe.putReferenceVolatile(java.lang.Object, long, java.lang.Object)" array.class=java.util.concurrent.ConcurrentHashMap$Node[] array.componentType=java.util.concurrent.ConcurrentHashMap$Node array.length=32 index=12 value.ptr=0x517aaa8 value.class=java.util.concurrent.ConcurrentHashMap$Node assignable=1
05-05 13:11:58.043 20348 20399 I WestlakeVM: VM: [PFCUT-TRACE] thread=main-256mb ts_us=2208949618249 kind=setSlot.jdk caller="void jdk.internal.misc.Unsafe.putReferenceVolatile(java.lang.Object, long, java.lang.Object)" array.class=java.util.concurrent.ConcurrentHashMap$Node[] array.componentType=java.util.concurrent.ConcurrentHashMap$Node array.length=32 index=28 value.ptr=0 value.class=<null> assignable=1
05-05 13:11:58.043 20348 20399 I WestlakeVM: VM: [PFCUT-TRACE] thread=main-256mb ts_us=2208949618347 kind=setSlot.jdk caller="void jdk.internal.misc.Unsafe.putReferenceVolatile(java.lang.Object, long, java.lang.Object)" array.class=java.util.concurrent.ConcurrentHashMap$Node[] array.componentType=java.util.concurrent.ConcurrentHashMap$Node array.length=16 index=12 value.ptr=0x517e540 value.class=java.util.concurrent.ConcurrentHashMap$ForwardingNode assignable=1
05-05 13:11:58.043 20348 20399 I WestlakeVM: VM: [PFCUT-TRACE] thread=main-256mb ts_us=2208949618714 kind=setSlot.jdk caller="void jdk.internal.misc.Unsafe.putReferenceVolatile(java.lang.Object, long, java.lang.Object)" array.class=java.util.concurrent.ConcurrentHashMap$Node[] array.componentType=java.util.concurrent.ConcurrentHashMap$Node array.length=32 index=11 value.ptr=0x517acb8 value.class=java.util.concurrent.ConcurrentHashMap$Node assignable=1
05-05 13:11:58.044 20348 20399 I WestlakeVM: VM: [PFCUT-TRACE] thread=main-256mb ts_us=2208949618818 kind=setSlot.jdk caller="void jdk.internal.misc.Unsafe.putReferenceVolatile(java.lang.Object, long, java.lang.Object)" array.class=java.util.concurrent.ConcurrentHashMap$Node[] array.componentType=java.util.concurrent.ConcurrentHashMap$Node array.length=32 index=27 value.ptr=0x517abb0 value.class=java.util.concurrent.ConcurrentHashMap$Node assignable=1
05-05 13:11:58.044 20348 20399 I WestlakeVM: VM: [PFCUT-TRACE] thread=main-256mb ts_us=2208949618915 kind=setSlot.jdk caller="void jdk.internal.misc.Unsafe.putReferenceVolatile(java.lang.Object, long, java.lang.Object)" array.class=java.util.concurrent.ConcurrentHashMap$Node[] array.componentType=java.util.concurrent.ConcurrentHashMap$Node array.length=16 index=11 value.ptr=0x517e540 value.class=java.util.concurrent.ConcurrentHashMap$ForwardingNode assignable=1
05-05 13:11:58.044 20348 20399 I WestlakeVM: VM: [PFCUT] InterpreterJni jdk.Unsafe CAS ref target=0x5167a10 offset=52 current=0 expected=0 new=0x517e540 success=1 array_index=10
05-05 13:11:58.044 20348 20399 I WestlakeVM: VM: [PFCUT] InterpreterJni jdk.Unsafe CAS ref target=0x5167a10 offset=48 current=0 expected=0 new=0x517e540 success=1 array_index=9
05-05 13:11:58.044 20348 20399 I WestlakeVM: VM: [PFCUT] InterpreterJni jdk.Unsafe CAS ref target=0x5167a10 offset=44 current=0 expected=0 new=0x517e540 success=1 array_index=8
05-05 13:11:58.044 20348 20399 I WestlakeVM: VM: [PFCUT-TRACE] thread=main-256mb ts_us=2208949619605 kind=setSlot.jdk caller="void jdk.internal.misc.Unsafe.putReferenceVolatile(java.lang.Object, long, java.lang.Object)" array.class=java.util.concurrent.ConcurrentHashMap$Node[] array.componentType=java.util.concurrent.ConcurrentHashMap$Node array.length=32 index=7 value.ptr=0x517abe0 value.class=java.util.concurrent.ConcurrentHashMap$Node assignable=1
05-05 13:11:58.045 20348 20399 I WestlakeVM: VM: [PFCUT-TRACE] thread=main-256mb ts_us=2208949619706 kind=setSlot.jdk caller="void jdk.internal.misc.Unsafe.putReferenceVolatile(java.lang.Object, long, java.lang.Object)" array.class=java.util.concurrent.ConcurrentHashMap$Node[] array.componentType=java.util.concurrent.ConcurrentHashMap$Node array.length=32 index=23 value.ptr=0 value.class=<null> assignable=1
05-05 13:11:58.045 20348 20399 I WestlakeVM: VM: [PFCUT-TRACE] thread=main-256mb ts_us=2208949619802 kind=setSlot.jdk caller="void jdk.internal.misc.Unsafe.putReferenceVolatile(java.lang.Object, long, java.lang.Object)" array.class=java.util.concurrent.ConcurrentHashMap$Node[] array.componentType=java.util.concurrent.ConcurrentHashMap$Node array.length=16 index=7 value.ptr=0x517e540 value.class=java.util.concurrent.ConcurrentHashMap$ForwardingNode assignable=1
05-05 13:11:58.045 20348 20399 I WestlakeVM: VM: [PFCUT-TRACE] thread=main-256mb ts_us=2208949620233 kind=setSlot.jdk caller="void jdk.internal.misc.Unsafe.putReferenceVolatile(java.lang.Object, long, java.lang.Object)" array.class=java.util.concurrent.ConcurrentHashMap$Node[] array.componentType=java.util.concurrent.ConcurrentHashMap$Node array.length=32 index=6 value.ptr=0 value.class=<null> assignable=1
05-05 13:11:58.045 20348 20399 I WestlakeVM: VM: [PFCUT-TRACE] thread=main-256mb ts_us=2208949620347 kind=setSlot.jdk caller="void jdk.internal.misc.Unsafe.putReferenceVolatile(java.lang.Object, long, java.lang.Object)" array.class=java.util.concurrent.ConcurrentHashMap$Node[] array.componentType=java.util.concurrent.ConcurrentHashMap$Node array.length=32 index=22 value.ptr=0x517ab08 value.class=java.util.concurrent.ConcurrentHashMap$Node assignable=1
05-05 13:11:58.046 20348 20399 I WestlakeVM: VM: [PFCUT-TRACE] thread=main-256mb ts_us=2208949620447 kind=setSlot.jdk caller="void jdk.internal.misc.Unsafe.putReferenceVolatile(java.lang.Object, long, java.lang.Object)" array.class=java.util.concurrent.ConcurrentHashMap$Node[] array.componentType=java.util.concurrent.ConcurrentHashMap$Node array.length=16 index=6 value.ptr=0x517e540 value.class=java.util.concurrent.ConcurrentHashMap$ForwardingNode assignable=1
05-05 13:11:58.046 20348 20399 I WestlakeVM: VM: [PFCUT] InterpreterJni jdk.Unsafe CAS ref target=0x5167a10 offset=32 current=0 expected=0 new=0x517e540 success=1 array_index=5
05-05 13:11:58.046 20348 20399 I WestlakeVM: VM: [PFCUT-TRACE] thread=main-256mb ts_us=2208949620883 kind=setSlot.jdk caller="void jdk.internal.misc.Unsafe.putReferenceVolatile(java.lang.Object, long, java.lang.Object)" array.class=java.util.concurrent.ConcurrentHashMap$Node[] array.componentType=java.util.concurrent.ConcurrentHashMap$Node array.length=32 index=4 value.ptr=0x517aad8 value.class=java.util.concurrent.ConcurrentHashMap$Node assignable=1
05-05 13:11:58.046 20348 20399 I WestlakeVM: VM: [PFCUT-TRACE] thread=main-256mb ts_us=2208949620984 kind=setSlot.jdk caller="void jdk.internal.misc.Unsafe.putReferenceVolatile(java.lang.Object, long, java.lang.Object)" array.class=java.util.concurrent.ConcurrentHashMap$Node[] array.componentType=java.util.concurrent.ConcurrentHashMap$Node array.length=32 index=20 value.ptr=0 value.class=<null> assignable=1
05-05 13:11:58.046 20348 20399 I WestlakeVM: VM: [PFCUT-TRACE] thread=main-256mb ts_us=2208949621078 kind=setSlot.jdk caller="void jdk.internal.misc.Unsafe.putReferenceVolatile(java.lang.Object, long, java.lang.Object)" array.class=java.util.concurrent.ConcurrentHashMap$Node[] array.componentType=java.util.concurrent.ConcurrentHashMap$Node array.length=16 index=4 value.ptr=0x517e540 value.class=java.util.concurrent.ConcurrentHashMap$ForwardingNode assignable=1
05-05 13:11:58.046 20348 20399 I WestlakeVM: VM: [PFCUT] InterpreterJni jdk.Unsafe CAS ref target=0x5167a10 offset=24 current=0 expected=0 new=0x517e540 success=1 array_index=3
05-05 13:11:58.046 20348 20399 I WestlakeVM: VM: [PFCUT] InterpreterJni jdk.Unsafe CAS ref target=0x5167a10 offset=20 current=0 expected=0 new=0x517e540 success=1 array_index=2
05-05 13:11:58.047 20348 20399 I WestlakeVM: VM: [PFCUT-TRACE] thread=main-256mb ts_us=2208949621793 kind=setSlot.jdk caller="void jdk.internal.misc.Unsafe.putReferenceVolatile(java.lang.Object, long, java.lang.Object)" array.class=java.util.concurrent.ConcurrentHashMap$Node[] array.componentType=java.util.concurrent.ConcurrentHashMap$Node array.length=32 index=1 value.ptr=0x517acd0 value.class=java.util.concurrent.ConcurrentHashMap$Node assignable=1
05-05 13:11:58.047 20348 20399 I WestlakeVM: VM: [PFCUT-TRACE] thread=main-256mb ts_us=2208949621896 kind=setSlot.jdk caller="void jdk.internal.misc.Unsafe.putReferenceVolatile(java.lang.Object, long, java.lang.Object)" array.class=java.util.concurrent.ConcurrentHashMap$Node[] array.componentType=java.util.concurrent.ConcurrentHashMap$Node array.length=32 index=17 value.ptr=0x517ac40 value.class=java.util.concurrent.ConcurrentHashMap$Node assignable=1
05-05 13:11:58.047 20348 20399 I WestlakeVM: VM: [PFCUT-TRACE] thread=main-256mb ts_us=2208949621993 kind=setSlot.jdk caller="void jdk.internal.misc.Unsafe.putReferenceVolatile(java.lang.Object, long, java.lang.Object)" array.class=java.util.concurrent.ConcurrentHashMap$Node[] array.componentType=java.util.concurrent.ConcurrentHashMap$Node array.length=16 index=1 value.ptr=0x517e540 value.class=java.util.concurrent.ConcurrentHashMap$ForwardingNode assignable=1
05-05 13:11:58.047 20348 20399 I WestlakeVM: VM: [PFCUT] InterpreterJni jdk.Unsafe CAS ref target=0x5167a10 offset=12 current=0 expected=0 new=0x517e540 success=1 array_index=0
05-05 13:11:58.047 20348 20399 I WestlakeVM: VM: [PFCUT] InterpreterJni jdk.Unsafe CAS int target=0x5160fc0 offset=52 current=-2145714174 expected=-2145714174 new=-2145714175 success=1
05-05 13:11:58.050 20348 20399 I WestlakeVM: VM: [PFCUT] InterpreterJni jdk.Unsafe CAS ref target=0x5173790 offset=136 current=0 expected=0 new=0x517ad00 success=1 array_index=31
05-05 13:11:58.050 20348 20399 I WestlakeVM: VM: [PFCUT] InterpreterJni jdk.Unsafe CAS long target=0x5160fc0 offset=40 current=12 expected=12 new=13 success=1
05-05 13:11:58.050 20348 20399 I WestlakeVM: VM: [PFCUT] Class.newInstance intrinsic class=java.lang.Class<com.android.org.conscrypt.OpenSSLProvider> ctor=void com.android.org.conscrypt.OpenSSLProvider.<init>()
05-05 13:11:58.052 20348 20399 I WestlakeVM: VM: [PFCUT] InterpreterJni jdk.Unsafe CAS int target=0x5180180 offset=52 current=16 expected=16 new=-1 success=1
05-05 13:11:58.052 20348 20399 I WestlakeVM: VM: [PFCUT] InterpreterJni jdk.Unsafe CAS ref target=0x5167b50 offset=60 current=0 expected=0 new=0x517ad18 success=1 array_index=12
05-05 13:11:58.052 20348 20399 I WestlakeVM: VM: [PFCUT] InterpreterJni jdk.Unsafe CAS long target=0x5180180 offset=40 current=0 expected=0 new=1 success=1
05-05 13:11:58.054 20348 20399 I WestlakeVM: VM: [PFCUT] InterpreterJni jdk.Unsafe CAS ref target=0x5167b50 offset=28 current=0 expected=0 new=0x517ad48 success=1 array_index=4
05-05 13:11:58.054 20348 20399 I WestlakeVM: VM: [PFCUT] InterpreterJni jdk.Unsafe CAS long target=0x5180180 offset=40 current=1 expected=1 new=2 success=1
05-05 13:11:58.054 20348 20399 I WestlakeVM: VM: [PFCUT] InterpreterJni jdk.Unsafe CAS ref target=0x5167b50 offset=56 current=0 expected=0 new=0x517ad60 success=1 array_index=11
05-05 13:11:58.054 20348 20399 I WestlakeVM: VM: [PFCUT] InterpreterJni jdk.Unsafe CAS long target=0x5180180 offset=40 current=2 expected=2 new=3 success=1
05-05 13:11:58.055 20348 20399 I WestlakeVM: VM: [PFCUT] InterpreterJni jdk.Unsafe CAS ref target=0x5167b50 offset=36 current=0 expected=0 new=0x517ad78 success=1 array_index=6
05-05 13:11:58.055 20348 20399 I WestlakeVM: VM: [PFCUT] InterpreterJni jdk.Unsafe CAS long target=0x5180180 offset=40 current=3 expected=3 new=4 success=1
05-05 13:11:58.057 20348 20399 I WestlakeVM: VM: [PFCUT] InterpreterJni jdk.Unsafe CAS ref target=0x5167b50 offset=16 current=0 expected=0 new=0x517ada8 success=1 array_index=1
05-05 13:11:58.057 20348 20399 I WestlakeVM: VM: [PFCUT] InterpreterJni jdk.Unsafe CAS long target=0x5180180 offset=40 current=4 expected=4 new=5 success=1
05-05 13:11:58.059 20348 20399 I WestlakeVM: VM: [PFCUT] InterpreterJni jdk.Unsafe CAS ref target=0x5167b50 offset=44 current=0 expected=0 new=0x517adf0 success=1 array_index=8
05-05 13:11:58.059 20348 20399 I WestlakeVM: VM: [PFCUT] InterpreterJni jdk.Unsafe CAS long target=0x5180180 offset=40 current=5 expected=5 new=6 success=1
05-05 13:11:58.061 20348 20399 I WestlakeVM: VM: [PFCUT] InterpreterJni jdk.Unsafe CAS long target=0x5180180 offset=40 current=6 expected=6 new=7 success=1
05-05 13:11:58.063 20348 20399 I WestlakeVM: VM: [PFCUT] InterpreterJni jdk.Unsafe CAS long target=0x5180180 offset=40 current=7 expected=7 new=8 success=1
05-05 13:11:58.065 20348 20399 I WestlakeVM: VM: [PFCUT] InterpreterJni jdk.Unsafe CAS ref target=0x5167b50 offset=48 current=0 expected=0 new=0x517ae98 success=1 array_index=9
05-05 13:11:58.065 20348 20399 I WestlakeVM: VM: [PFCUT] InterpreterJni jdk.Unsafe CAS long target=0x5180180 offset=40 current=8 expected=8 new=9 success=1
05-05 13:11:58.067 20348 20399 I WestlakeVM: VM: [PFCUT] InterpreterJni jdk.Unsafe CAS ref target=0x5167b50 offset=12 current=0 expected=0 new=0x517aec8 success=1 array_index=0
05-05 13:11:58.067 20348 20399 I WestlakeVM: VM: [PFCUT] InterpreterJni jdk.Unsafe CAS long target=0x5180180 offset=40 current=9 expected=9 new=10 success=1
05-05 13:11:58.067 20348 20399 I WestlakeVM: VM: [PFCUT] Class.newInstance intrinsic class=java.lang.Class<sun.security.provider.CertPathProvider> ctor=void sun.security.provider.CertPathProvider.<init>()
05-05 13:11:58.072 20348 20399 I WestlakeVM: VM: [PFCUT] AtomicInteger.incrementAndGet intrinsic current=0
05-05 13:11:58.100  3704  3747 W HidlServiceManagement: Waited one second for vendor.qti.hardware.cacert@1.0::IService/default
05-05 13:11:58.101   660   660 I hwservicemanager: Since vendor.qti.hardware.cacert@1.0::IService/default is not registered, trying to start it as a lazy HAL (if it's not configured to be a lazy HAL, it may be stuck starting or still starting).
05-05 13:11:58.102  3704  3747 I HidlServiceManagement: getService: Trying again for vendor.qti.hardware.cacert@1.0::IService/default...
05-05 13:11:58.019     0     0 E init    : Control message: Could not find 'vendor.qti.hardware.cacert@1.0::IService/default' for ctl.interface_start from pid: 660 (/system/system_ext/bin/hwservicemanager)
05-05 13:11:58.106   660 20404 W libc    : Unable to set property "ctl.interface_start" to "vendor.qti.hardware.cacert@1.0::IService/default": PROP_ERROR_HANDLE_CONTROL_MESSAGE (0x20)
05-05 13:11:58.106   660 20404 I hwservicemanager: Tried to start vendor.qti.hardware.cacert@1.0::IService/default as a lazy service, but was unable to. Usually this happens when a service is not installed, but if the service is intended to be used as a lazy service, then it may be configured incorrectly.
05-05 13:11:58.230 20348 20399 I WestlakeVM: VM: [PFCUT] InterpreterJni jdk.Unsafe CAS int target=0x5180300 offset=52 current=16 expected=16 new=-1 success=1
05-05 13:11:58.230 20348 20399 I WestlakeVM: VM: [PFCUT] InterpreterJni jdk.Unsafe CAS ref target=0x5167e20 offset=60 current=0 expected=0 new=0x5183778 success=1 array_index=12
05-05 13:11:58.230 20348 20399 I WestlakeVM: VM: [PFCUT] InterpreterJni jdk.Unsafe CAS long target=0x5180300 offset=40 current=0 expected=0 new=1 success=1
05-05 13:11:58.231 20348 20399 I WestlakeVM: VM: [PFCUT] InterpreterJni jdk.Unsafe CAS ref target=0x5167e20 offset=28 current=0 expected=0 new=0x51837a8 success=1 array_index=4
05-05 13:11:58.231 20348 20399 I WestlakeVM: VM: [PFCUT] InterpreterJni jdk.Unsafe CAS long target=0x5180300 offset=40 current=1 expected=1 new=2 success=1
05-05 13:11:58.232 20348 20399 I WestlakeVM: VM: [PFCUT] InterpreterJni jdk.Unsafe CAS ref target=0x5167e20 offset=56 current=0 expected=0 new=0x51837c0 success=1 array_index=11
05-05 13:11:58.232 20348 20399 I WestlakeVM: VM: [PFCUT] InterpreterJni jdk.Unsafe CAS long target=0x5180300 offset=40 current=2 expected=2 new=3 success=1
05-05 13:11:58.232 20348 20399 I WestlakeVM: VM: [PFCUT] InterpreterJni jdk.Unsafe CAS ref target=0x5167e20 offset=36 current=0 expected=0 new=0x51837d8 success=1 array_index=6
05-05 13:11:58.232 20348 20399 I WestlakeVM: VM: [PFCUT] InterpreterJni jdk.Unsafe CAS long target=0x5180300 offset=40 current=3 expected=3 new=4 success=1
05-05 13:11:58.235 20348 20399 I WestlakeVM: VM: [PFCUT] InterpreterJni jdk.Unsafe CAS long target=0x5180300 offset=40 current=4 expected=4 new=5 success=1
05-05 13:11:58.237 20348 20399 I WestlakeVM: VM: [PFCUT] InterpreterJni jdk.Unsafe CAS ref target=0x5167e20 offset=20 current=0 expected=0 new=0x5183838 success=1 array_index=2
05-05 13:11:58.237 20348 20399 I WestlakeVM: VM: [PFCUT] InterpreterJni jdk.Unsafe CAS long target=0x5180300 offset=40 current=5 expected=5 new=6 success=1
05-05 13:11:58.239 20348 20399 I WestlakeVM: VM: [PFCUT] InterpreterJni jdk.Unsafe CAS long target=0x5180300 offset=40 current=6 expected=6 new=7 success=1
05-05 13:11:58.240 20348 20399 I WestlakeVM: VM: [PFCUT] InterpreterJni jdk.Unsafe CAS ref target=0x5167e20 offset=64 current=0 expected=0 new=0x5183898 success=1 array_index=13
05-05 13:11:58.241 20348 20399 I WestlakeVM: VM: [PFCUT] InterpreterJni jdk.Unsafe CAS long target=0x5180300 offset=40 current=7 expected=7 new=8 success=1
05-05 13:11:58.242 20348 20399 I WestlakeVM: VM: [PFCUT] InterpreterJni jdk.Unsafe CAS long target=0x5180300 offset=40 current=8 expected=8 new=9 success=1
05-05 13:11:58.244 20348 20399 I WestlakeVM: VM: [PFCUT] InterpreterJni jdk.Unsafe CAS ref target=0x5167e20 offset=32 current=0 expected=0 new=0x51838f8 success=1 array_index=5
05-05 13:11:58.244 20348 20399 I WestlakeVM: VM: [PFCUT] InterpreterJni jdk.Unsafe CAS long target=0x5180300 offset=40 current=9 expected=9 new=10 success=1
05-05 13:11:58.246 20348 20399 I WestlakeVM: VM: [PFCUT] InterpreterJni jdk.Unsafe CAS ref target=0x5167e20 offset=40 current=0 expected=0 new=0x5183928 success=1 array_index=7
05-05 13:11:58.246 20348 20399 I WestlakeVM: VM: [PFCUT] InterpreterJni jdk.Unsafe CAS long target=0x5180300 offset=40 current=10 expected=10 new=11 success=1
05-05 13:11:58.248 20348 20399 I WestlakeVM: VM: [PFCUT] InterpreterJni jdk.Unsafe CAS long target=0x5180300 offset=40 current=11 expected=11 new=12 success=1
05-05 13:11:58.249 20348 20399 I WestlakeVM: VM: [PFCUT] InterpreterJni jdk.Unsafe CAS int target=0x5180300 offset=52 current=12 expected=12 new=-2145714174 success=1
05-05 13:11:58.249 20348 20399 I WestlakeVM: VM: [PFCUT] InterpreterJni jdk.Unsafe CAS int target=0x5180300 offset=56 current=16 expected=16 new=0 success=1
05-05 13:11:58.249 20348 20399 I WestlakeVM: VM: [PFCUT-TRACE] thread=main-256mb ts_us=2208949824790 kind=setSlot.jdk caller="void jdk.internal.misc.Unsafe.putReferenceVolatile(java.lang.Object, long, java.lang.Object)" array.class=java.util.concurrent.ConcurrentHashMap$Node[] array.componentType=java.util.concurrent.ConcurrentHashMap$Node array.length=32 index=14 value.ptr=0x5183958 value.class=java.util.concurrent.ConcurrentHashMap$Node assignable=1
05-05 13:11:58.249 20348 20399 I WestlakeVM: VM: [PFCUT-TRACE] thread=main-256mb ts_us=2208949824955 kind=setSlot.jdk caller="void jdk.internal.misc.Unsafe.putReferenceVolatile(java.lang.Object, long, java.lang.Object)" array.class=java.util.concurrent.ConcurrentHashMap$Node[] array.componentType=java.util.concurrent.ConcurrentHashMap$Node array.length=32 index=30 value.ptr=0 value.class=<null> assignable=1
05-05 13:11:58.250 20348 20399 I WestlakeVM: VM: [PFCUT-TRACE] thread=main-256mb ts_us=2208949825055 kind=setSlot.jdk caller="void jdk.internal.misc.Unsafe.putReferenceVolatile(java.lang.Object, long, java.lang.Object)" array.class=java.util.concurrent.ConcurrentHashMap$Node[] array.componentType=java.util.concurrent.ConcurrentHashMap$Node array.length=16 index=14 value.ptr=0x517efc0 value.class=java.util.concurrent.ConcurrentHashMap$ForwardingNode assignable=1
05-05 13:11:58.250 20348 20399 I WestlakeVM: VM: [PFCUT-TRACE] thread=main-256mb ts_us=2208949825492 kind=setSlot.jdk caller="void jdk.internal.misc.Unsafe.putReferenceVolatile(java.lang.Object, long, java.lang.Object)" array.class=java.util.concurrent.ConcurrentHashMap$Node[] array.componentType=java.util.concurrent.ConcurrentHashMap$Node array.length=32 index=13 value.ptr=0x51838c8 value.class=java.util.concurrent.ConcurrentHashMap$Node assignable=1
05-05 13:11:58.250 20348 20399 I WestlakeVM: VM: [PFCUT-TRACE] thread=main-256mb ts_us=2208949825594 kind=setSlot.jdk caller="void jdk.internal.misc.Unsafe.putReferenceVolatile(java.lang.Object, long, java.lang.Object)" array.class=java.util.concurrent.ConcurrentHashMap$Node[] array.componentType=java.util.concurrent.ConcurrentHashMap$Node array.length=32 index=29 value.ptr=0x5183970 value.class=java.util.concurrent.ConcurrentHashMap$Node assignable=1
05-05 13:11:58.250 20348 20399 I WestlakeVM: VM: [PFCUT-TRACE] thread=main-256mb ts_us=2208949825691 kind=setSlot.jdk caller="void jdk.internal.misc.Unsafe.putReferenceVolatile(java.lang.Object, long, java.lang.Object)" array.class=java.util.concurrent.ConcurrentHashMap$Node[] array.componentType=java.util.concurrent.ConcurrentHashMap$Node array.length=16 index=13 value.ptr=0x517efc0 value.class=java.util.concurrent.ConcurrentHashMap$ForwardingNode assignable=1
05-05 13:11:58.251 20348 20399 I WestlakeVM: VM: [PFCUT-TRACE] thread=main-256mb ts_us=2208949825983 kind=setSlot.jdk caller="void jdk.internal.misc.Unsafe.putReferenceVolatile(java.lang.Object, long, java.lang.Object)" array.class=java.util.concurrent.ConcurrentHashMap$Node[] array.componentType=java.util.concurrent.ConcurrentHashMap$Node array.length=32 index=12 value.ptr=0x5183778 value.class=java.util.concurrent.ConcurrentHashMap$Node assignable=1
05-05 13:11:58.251 20348 20399 I WestlakeVM: VM: [PFCUT-TRACE] thread=main-256mb ts_us=2208949826084 kind=setSlot.jdk caller="void jdk.internal.misc.Unsafe.putReferenceVolatile(java.lang.Object, long, java.lang.Object)" array.class=java.util.concurrent.ConcurrentHashMap$Node[] array.componentType=java.util.concurrent.ConcurrentHashMap$Node array.length=32 index=28 value.ptr=0 value.class=<null> assignable=1
05-05 13:11:58.251 20348 20399 I WestlakeVM: VM: [PFCUT-TRACE] thread=main-256mb ts_us=2208949826179 kind=setSlot.jdk caller="void jdk.internal.misc.Unsafe.putReferenceVolatile(java.lang.Object, long, java.lang.Object)" array.class=java.util.concurrent.ConcurrentHashMap$Node[] array.componentType=java.util.concurrent.ConcurrentHashMap$Node array.length=16 index=12 value.ptr=0x517efc0 value.class=java.util.concurrent.ConcurrentHashMap$ForwardingNode assignable=1
05-05 13:11:58.251 20348 20399 I WestlakeVM: VM: [PFCUT-TRACE] thread=main-256mb ts_us=2208949826600 kind=setSlot.jdk caller="void jdk.internal.misc.Unsafe.putReferenceVolatile(java.lang.Object, long, java.lang.Object)" array.class=java.util.concurrent.ConcurrentHashMap$Node[] array.componentType=java.util.concurrent.ConcurrentHashMap$Node array.length=32 index=11 value.ptr=0x5183988 value.class=java.util.concurrent.ConcurrentHashMap$Node assignable=1
05-05 13:11:58.251 20348 20399 I WestlakeVM: VM: [PFCUT-TRACE] thread=main-256mb ts_us=2208949826702 kind=setSlot.jdk caller="void jdk.internal.misc.Unsafe.putReferenceVolatile(java.lang.Object, long, java.lang.Object)" array.class=java.util.concurrent.ConcurrentHashMap$Node[] array.componentType=java.util.concurrent.ConcurrentHashMap$Node array.length=32 index=27 value.ptr=0x5183868 value.class=java.util.concurrent.ConcurrentHashMap$Node assignable=1
05-05 13:11:58.252 20348 20399 I WestlakeVM: VM: [PFCUT-TRACE] thread=main-256mb ts_us=2208949826829 kind=setSlot.jdk caller="void jdk.internal.misc.Unsafe.putReferenceVolatile(java.lang.Object, long, java.lang.Object)" array.class=java.util.concurrent.ConcurrentHashMap$Node[] array.componentType=java.util.concurrent.ConcurrentHashMap$Node array.length=16 index=11 value.ptr=0x517efc0 value.class=java.util.concurrent.ConcurrentHashMap$ForwardingNode assignable=1
05-05 13:11:58.252 20348 20399 I WestlakeVM: VM: [PFCUT-TRACE] thread=main-256mb ts_us=2208949827480 kind=setSlot.jdk caller="void jdk.internal.misc.Unsafe.putReferenceVolatile(java.lang.Object, long, java.lang.Object)" array.class=java.util.concurrent.ConcurrentHashMap$Node[] array.componentType=java.util.concurrent.ConcurrentHashMap$Node array.length=32 index=7 value.ptr=0x5183928 value.class=java.util.concurrent.ConcurrentHashMap$Node assignable=1
05-05 13:11:58.252 20348 20399 I WestlakeVM: VM: [PFCUT-TRACE] thread=main-256mb ts_us=2208949827585 kind=setSlot.jdk caller="void jdk.internal.misc.Unsafe.putReferenceVolatile(java.lang.Object, long, java.lang.Object)" array.class=java.util.concurrent.ConcurrentHashMap$Node[] array.componentType=java.util.concurrent.ConcurrentHashMap$Node array.length=32 index=23 value.ptr=0 value.class=<null> assignable=1
05-05 13:11:58.252 20348 20399 I WestlakeVM: VM: [PFCUT-TRACE] thread=main-256mb ts_us=2208949827678 kind=setSlot.jdk caller="void jdk.internal.misc.Unsafe.putReferenceVolatile(java.lang.Object, long, java.lang.Object)" array.class=java.util.concurrent.ConcurrentHashMap$Node[] array.componentType=java.util.concurrent.ConcurrentHashMap$Node array.length=16 index=7 value.ptr=0x517efc0 value.class=java.util.concurrent.ConcurrentHashMap$ForwardingNode assignable=1
05-05 13:11:58.253 20348 20399 I WestlakeVM: VM: [PFCUT-TRACE] thread=main-256mb ts_us=2208949827921 kind=setSlot.jdk caller="void jdk.internal.misc.Unsafe.putReferenceVolatile(java.lang.Object, long, java.lang.Object)" array.class=java.util.concurrent.ConcurrentHashMap$Node[] array.componentType=java.util.concurrent.ConcurrentHashMap$Node array.length=32 index=6 value.ptr=0 value.class=<null> assignable=1
05-05 13:11:58.253 20348 20399 I WestlakeVM: VM: [PFCUT-TRACE] thread=main-256mb ts_us=2208949828062 kind=setSlot.jdk caller="void jdk.internal.misc.Unsafe.putReferenceVolatile(java.lang.Object, long, java.lang.Object)" array.class=java.util.concurrent.ConcurrentHashMap$Node[] array.componentType=java.util.concurrent.ConcurrentHashMap$Node array.length=32 index=22 value.ptr=0x51837d8 value.class=java.util.concurrent.ConcurrentHashMap$Node assignable=1
05-05 13:11:58.253 20348 20399 I WestlakeVM: VM: [PFCUT-TRACE] thread=main-256mb ts_us=2208949828165 kind=setSlot.jdk caller="void jdk.internal.misc.Unsafe.putReferenceVolatile(java.lang.Object, long, java.lang.Object)" array.class=java.util.concurrent.ConcurrentHashMap$Node[] array.componentType=java.util.concurrent.ConcurrentHashMap$Node array.length=16 index=6 value.ptr=0x517efc0 value.class=java.util.concurrent.ConcurrentHashMap$ForwardingNode assignable=1
05-05 13:11:58.253 20348 20399 I WestlakeVM: VM: [PFCUT-TRACE] thread=main-256mb ts_us=2208949828408 kind=setSlot.jdk caller="void jdk.internal.misc.Unsafe.putReferenceVolatile(java.lang.Object, long, java.lang.Object)" array.class=java.util.concurrent.ConcurrentHashMap$Node[] array.componentType=java.util.concurrent.ConcurrentHashMap$Node array.length=32 index=5 value.ptr=0x51838f8 value.class=java.util.concurrent.ConcurrentHashMap$Node assignable=1
05-05 13:11:58.253 20348 20399 I WestlakeVM: VM: [PFCUT-TRACE] thread=main-256mb ts_us=2208949828506 kind=setSlot.jdk caller="void jdk.internal.misc.Unsafe.putReferenceVolatile(java.lang.Object, long, java.lang.Object)" array.class=java.util.concurrent.ConcurrentHashMap$Node[] array.componentType=java.util.concurrent.ConcurrentHashMap$Node array.length=32 index=21 value.ptr=0 value.class=<null> assignable=1
05-05 13:11:58.253 20348 20399 I WestlakeVM: VM: [PFCUT-TRACE] thread=main-256mb ts_us=2208949828599 kind=setSlot.jdk caller="void jdk.internal.misc.Unsafe.putReferenceVolatile(java.lang.Object, long, java.lang.Object)" array.class=java.util.concurrent.ConcurrentHashMap$Node[] array.componentType=java.util.concurrent.ConcurrentHashMap$Node array.length=16 index=5 value.ptr=0x517efc0 value.class=java.util.concurrent.ConcurrentHashMap$ForwardingNode assignable=1
05-05 13:11:58.254 20348 20399 I WestlakeVM: VM: [PFCUT-TRACE] thread=main-256mb ts_us=2208949828887 kind=setSlot.jdk caller="void jdk.internal.misc.Unsafe.putReferenceVolatile(java.lang.Object, long, java.lang.Object)" array.class=java.util.concurrent.ConcurrentHashMap$Node[] array.componentType=java.util.concurrent.ConcurrentHashMap$Node array.length=32 index=4 value.ptr=0x51837a8 value.class=java.util.concurrent.ConcurrentHashMap$Node assignable=1
05-05 13:11:58.254 20348 20399 I WestlakeVM: VM: [PFCUT-TRACE] thread=main-256mb ts_us=2208949828986 kind=setSlot.jdk caller="void jdk.internal.misc.Unsafe.putReferenceVolatile(java.lang.Object, long, java.lang.Object)" array.class=java.util.concurrent.ConcurrentHashMap$Node[] array.componentType=java.util.concurrent.ConcurrentHashMap$Node array.length=32 index=20 value.ptr=0 value.class=<null> assignable=1
05-05 13:11:58.254 20348 20399 I WestlakeVM: VM: [PFCUT-TRACE] thread=main-256mb ts_us=2208949829081 kind=setSlot.jdk caller="void jdk.internal.misc.Unsafe.putReferenceVolatile(java.lang.Object, long, java.lang.Object)" array.class=java.util.concurrent.ConcurrentHashMap$Node[] array.componentType=java.util.concurrent.ConcurrentHashMap$Node array.length=16 index=4 value.ptr=0x517efc0 value.class=java.util.concurrent.ConcurrentHashMap$ForwardingNode assignable=1
05-05 13:11:58.254 20348 20399 I WestlakeVM: VM: [PFCUT-TRACE] thread=main-256mb ts_us=2208949829450 kind=setSlot.jdk caller="void jdk.internal.misc.Unsafe.putReferenceVolatile(java.lang.Object, long, java.lang.Object)" array.class=java.util.concurrent.ConcurrentHashMap$Node[] array.componentType=java.util.concurrent.ConcurrentHashMap$Node array.length=32 index=2 value.ptr=0x5183838 value.class=java.util.concurrent.ConcurrentHashMap$Node assignable=1
05-05 13:11:58.254 20348 20399 I WestlakeVM: VM: [PFCUT-TRACE] thread=main-256mb ts_us=2208949829579 kind=setSlot.jdk caller="void jdk.internal.misc.Unsafe.putReferenceVolatile(java.lang.Object, long, java.lang.Object)" array.class=java.util.concurrent.ConcurrentHashMap$Node[] array.componentType=java.util.concurrent.ConcurrentHashMap$Node array.length=32 index=18 value.ptr=0 value.class=<null> assignable=1
05-05 13:11:58.255 20348 20399 I WestlakeVM: VM: [PFCUT-TRACE] thread=main-256mb ts_us=2208949829676 kind=setSlot.jdk caller="void jdk.internal.misc.Unsafe.putReferenceVolatile(java.lang.Object, long, java.lang.Object)" array.class=java.util.concurrent.ConcurrentHashMap$Node[] array.componentType=java.util.concurrent.ConcurrentHashMap$Node array.length=16 index=2 value.ptr=0x517efc0 value.class=java.util.concurrent.ConcurrentHashMap$ForwardingNode assignable=1
05-05 13:11:58.255 20348 20399 I WestlakeVM: VM: [PFCUT] InterpreterJni jdk.Unsafe CAS int target=0x5180300 offset=52 current=-2145714174 expected=-2145714174 new=-2145714175 success=1
05-05 13:11:58.258 20348 20399 I WestlakeVM: VM: [PFCUT] InterpreterJni jdk.Unsafe CAS long target=0x5180300 offset=40 current=12 expected=12 new=13 success=1
05-05 13:11:58.269 20348 20399 I WestlakeVM: VM: [PFCUT] AtomicInteger.incrementAndGet intrinsic current=1
05-05 13:11:58.270 20348 20399 I WestlakeVM: VM: WESTLAKE_SECURITY_SUNX509_ALIAS_READY tmfSpi=com.westlake.engine.WestlakeTrustManagerFactorySpi sslSpi=com.westlake.engine.WestlakeSslContextSpi
05-05 13:11:58.273 20348 20399 I WestlakeVM: VM: [PFCUT] InterpreterJni jdk.Unsafe CAS int target=0x5160680 offset=52 current=0 expected=0 new=-1 success=1
05-05 13:11:58.384 20348 20399 I WestlakeVM: VM: WESTLAKE_SECURITY_SHA256_READY provider=WestlakeDigest len=32 first=186
05-05 13:11:58.385 20348 20399 I WestlakeVM: VM: Hidden API exemption step skipped on standalone guest
05-05 13:11:58.385 20348 20399 I WestlakeVM: VM: Real runtime probe skipped on standalone guest
05-05 13:11:58.386 20348 20399 I WestlakeVM: VM: Framework stubs pre-registered by runtime
05-05 13:11:58.387 20348 20399 I WestlakeVM: VM: [dalvikvm] prime cutoff canary launch
05-05 13:11:58.306     0     0 E FG      : fg_psy_get_property: unsupported property 79
05-05 13:11:58.403 20348 20399 I WestlakeVM: VM: System.log(E): Ignoring attempt to set property "westlake.apk.path" to value "/data/local/tmp/westlake/com_github_ashutoshgngwr_noice.apk".
05-05 13:11:58.316     0     0 E FG      : fg_psy_get_property: unsupported property 79
05-05 13:11:58.409 20348 20399 I WestlakeVM: VM: System.log(E): Ignoring attempt to set property "westlake.apk.resdir" to value "/data/local/tmp/westlake/com_github_ashutoshgngwr_noice_res".
05-05 13:11:58.411 20348 20399 I WestlakeVM: VM: [PFCUT] Class.getDeclaredField intrinsic hit class=java.lang.ClassLoader name=packages
05-05 13:11:58.412 20348 20399 I WestlakeVM: VM: [WestlakeLauncher] Repaired ClassLoader packages for dalvik.system.PathClassLoader
05-05 13:11:58.412 20348 20399 I WestlakeVM: VM: [PFCUT] Class.getDeclaredField intrinsic hit class=java.lang.ClassLoader name=packages
05-05 13:11:58.414 20348 20399 I WestlakeVM: VM: [WestlakeLauncher] Repaired ClassLoader packages for java.lang.BootClassLoader
05-05 13:11:58.322     0     0 W healthd : battery l=100 v=2882 t=21.4 h=2 st=5 c=0 fc=2831000 chg=u
05-05 13:11:58.416 20348 20399 I WestlakeVM: VM: Starting on OHOS + ART ...
05-05 13:11:58.416 20348 20399 I WestlakeVM: VM: APK:
05-05 13:11:58.416 20348 20399 I WestlakeVM: VM: /data/local/tmp/westlake/com_github_ashutoshgngwr_noice.apk
05-05 13:11:58.416 20348 20399 I WestlakeVM: VM: Activity:
05-05 13:11:58.416 20348 20399 I WestlakeVM: VM: com.github.ashutoshgngwr.noice.activity.MainActivity
05-05 13:11:58.417 20348 20399 I WestlakeVM: VM: Package:
05-05 13:11:58.417 20348 20399 I WestlakeVM: VM: com.github.ashutoshgngwr.noice
05-05 13:11:58.417 20348 20399 I WestlakeVM: VM: Backend mode:
05-05 13:11:58.417 20348 20399 I WestlakeVM: VM: target_ohos_backend
05-05 13:11:58.417 20348 20399 I WestlakeVM: VM: Framework policy:
05-05 13:11:58.417 20348 20399 I WestlakeVM: VM: westlake_only
05-05 13:11:58.417 20348 20399 I WestlakeVM: VM: Real context bootstrap skipped on standalone guest
05-05 13:11:58.330     0     0 E FG      : fg_psy_get_property: unsupported property 79
05-05 13:11:58.652 20348 20399 I WestlakeVM: VM: Manifest: com.github.ashutoshgngwr.noice.NoiceApplication (8 activities, 1 providers)
05-05 13:11:58.652 20348 20399 I WestlakeVM: VM: OHBridge bootstrap deferred on standalone guest
05-05 13:11:58.652 20348 20399 I WestlakeVM: VM: Aux native loads deferred on standalone guest
05-05 13:11:58.652 20348 20399 I WestlakeVM: VM: Bootstrap prop refresh deferred on standalone guest
05-05 13:11:58.653 20348 20399 I WestlakeVM: VM: MiniServer init begin
05-05 13:11:58.657 20348 20399 I WestlakeVM: VM: MiniServer init returned
05-05 13:11:58.657 20348 20399 I WestlakeVM: VM: MiniServer activityManager ready
05-05 13:11:58.657 20348 20399 I WestlakeVM: VM: MiniServer initialized
05-05 13:11:58.659 20348 20399 I WestlakeVM: VM: [WestlakeLauncher] Application from manifest: com.github.ashutoshgngwr.noice.NoiceApplication
05-05 13:11:58.661 20348 20399 I WestlakeVM: VM: [PFCUT] Class.getDeclaredField intrinsic hit class=java.lang.ClassLoader name=packages
05-05 13:11:58.661 20348 20399 I WestlakeVM: VM: [PFCUT] Class.getDeclaredField intrinsic hit class=java.lang.ClassLoader name=packages
05-05 13:11:58.677 20348 20399 I WestlakeVM: VM: [WestlakeLauncher] Coroutine runtime seeded before Application.onCreate
05-05 13:11:58.697 20348 20399 I WestlakeVM: VM: PF202 ApkLoader enter
05-05 13:11:58.699 20348 20399 I WestlakeVM: VM: PF202 ApkLoader info seeded
05-05 13:11:58.704 20348 20399 I WestlakeVM: VM: CV PF-MCD-RES_TABLE_READ_BEGIN path=/data/local/tmp/westlake/com_github_ashutoshgngwr_noice_res/resources.arsc
05-05 13:11:58.717 20348 20399 I WestlakeVM: VM: CV PF-MCD-RES_TABLE_READ_DONE bytes=2019644
05-05 13:11:58.718 20348 20399 I WestlakeVM: VM: CV PF-MCD-RES_TABLE_PARSE_BEGIN
05-05 13:11:59.009 20348 20405 D ProfileInstaller: Installing profile for com.westlake.host
05-05 13:11:59.103  3704  3747 W HidlServiceManagement: Waited one second for vendor.qti.hardware.cacert@1.0::IService/default
05-05 13:11:59.105   660   660 I hwservicemanager: Since vendor.qti.hardware.cacert@1.0::IService/default is not registered, trying to start it as a lazy HAL (if it's not configured to be a lazy HAL, it may be stuck starting or still starting).
05-05 13:11:59.105  3704  3747 I HidlServiceManagement: getService: Trying again for vendor.qti.hardware.cacert@1.0::IService/default...
05-05 13:11:59.108   660 20406 W libc    : Unable to set property "ctl.interface_start" to "vendor.qti.hardware.cacert@1.0::IService/default": PROP_ERROR_HANDLE_CONTROL_MESSAGE (0x20)
05-05 13:11:59.108   660 20406 I hwservicemanager: Tried to start vendor.qti.hardware.cacert@1.0::IService/default as a lazy service, but was unable to. Usually this happens when a service is not installed, but if the service is intended to be used as a lazy service, then it may be configured incorrectly.
05-05 13:11:59.022     0     0 E init    : Control message: Could not find 'vendor.qti.hardware.cacert@1.0::IService/default' for ctl.interface_start from pid: 660 (/system/system_ext/bin/hwservicemanager)
05-05 13:11:59.478   703 20306 I keystore2: system/security/keystore2/watchdog/src/lib.rs:356 - Watchdog thread idle -> terminating. Have a great day.
05-05 13:12:00.106  3704  3747 W HidlServiceManagement: Waited one second for vendor.qti.hardware.cacert@1.0::IService/default
05-05 13:12:00.107   660   660 I hwservicemanager: Since vendor.qti.hardware.cacert@1.0::IService/default is not registered, trying to start it as a lazy HAL (if it's not configured to be a lazy HAL, it may be stuck starting or still starting).
05-05 13:12:00.108  3704  3747 I HidlServiceManagement: getService: Trying again for vendor.qti.hardware.cacert@1.0::IService/default...
05-05 13:12:00.110   660 20407 W libc    : Unable to set property "ctl.interface_start" to "vendor.qti.hardware.cacert@1.0::IService/default": PROP_ERROR_HANDLE_CONTROL_MESSAGE (0x20)
05-05 13:12:00.110   660 20407 I hwservicemanager: Tried to start vendor.qti.hardware.cacert@1.0::IService/default as a lazy service, but was unable to. Usually this happens when a service is not installed, but if the service is intended to be used as a lazy service, then it may be configured incorrectly.
05-05 13:12:00.023     0     0 E init    : Control message: Could not find 'vendor.qti.hardware.cacert@1.0::IService/default' for ctl.interface_start from pid: 660 (/system/system_ext/bin/hwservicemanager)
05-05 13:12:01.109  3704  3747 W HidlServiceManagement: Waited one second for vendor.qti.hardware.cacert@1.0::IService/default
05-05 13:12:01.112   660   660 I hwservicemanager: Since vendor.qti.hardware.cacert@1.0::IService/default is not registered, trying to start it as a lazy HAL (if it's not configured to be a lazy HAL, it may be stuck starting or still starting).
05-05 13:12:01.114  3704  3747 I HidlServiceManagement: getService: Trying again for vendor.qti.hardware.cacert@1.0::IService/default...
05-05 13:12:01.117   660 20408 W libc    : Unable to set property "ctl.interface_start" to "vendor.qti.hardware.cacert@1.0::IService/default": PROP_ERROR_HANDLE_CONTROL_MESSAGE (0x20)
05-05 13:12:01.117   660 20408 I hwservicemanager: Tried to start vendor.qti.hardware.cacert@1.0::IService/default as a lazy service, but was unable to. Usually this happens when a service is not installed, but if the service is intended to be used as a lazy service, then it may be configured incorrectly.
05-05 13:12:01.030     0     0 E init    : Control message: Could not find 'vendor.qti.hardware.cacert@1.0::IService/default' for ctl.interface_start from pid: 660 (/system/system_ext/bin/hwservicemanager)
05-05 13:12:01.596   713  1834 I NxpNciR : len =   4 > 600701A1
05-05 13:12:02.114  3704  3747 W HidlServiceManagement: Waited one second for vendor.qti.hardware.cacert@1.0::IService/default
05-05 13:12:02.115   660   660 I hwservicemanager: Since vendor.qti.hardware.cacert@1.0::IService/default is not registered, trying to start it as a lazy HAL (if it's not configured to be a lazy HAL, it may be stuck starting or still starting).
05-05 13:12:02.116  3704  3747 I HidlServiceManagement: getService: Trying again for vendor.qti.hardware.cacert@1.0::IService/default...
05-05 13:12:02.118   660 20409 W libc    : Unable to set property "ctl.interface_start" to "vendor.qti.hardware.cacert@1.0::IService/default": PROP_ERROR_HANDLE_CONTROL_MESSAGE (0x20)
05-05 13:12:02.118   660 20409 I hwservicemanager: Tried to start vendor.qti.hardware.cacert@1.0::IService/default as a lazy service, but was unable to. Usually this happens when a service is not installed, but if the service is intended to be used as a lazy service, then it may be configured incorrectly.
05-05 13:12:02.032     0     0 E init    : Control message: Could not find 'vendor.qti.hardware.cacert@1.0::IService/default' for ctl.interface_start from pid: 660 (/system/system_ext/bin/hwservicemanager)
05-05 13:12:02.958 20348 20353 I m.westlake.host: Background concurrent copying GC freed 15MB AllocSpace bytes, 9(460KB) LOS objects, 86% free, 3810KB/27MB, paused 144us,118us total 140.615ms
05-05 13:12:03.116  3704  3747 W HidlServiceManagement: Waited one second for vendor.qti.hardware.cacert@1.0::IService/default
05-05 13:12:03.118   660   660 I hwservicemanager: Since vendor.qti.hardware.cacert@1.0::IService/default is not registered, trying to start it as a lazy HAL (if it's not configured to be a lazy HAL, it may be stuck starting or still starting).
05-05 13:12:03.121  3704  3747 I HidlServiceManagement: getService: Trying again for vendor.qti.hardware.cacert@1.0::IService/default...
05-05 13:12:03.123   660 20410 W libc    : Unable to set property "ctl.interface_start" to "vendor.qti.hardware.cacert@1.0::IService/default": PROP_ERROR_HANDLE_CONTROL_MESSAGE (0x20)
05-05 13:12:03.123   660 20410 I hwservicemanager: Tried to start vendor.qti.hardware.cacert@1.0::IService/default as a lazy service, but was unable to. Usually this happens when a service is not installed, but if the service is intended to be used as a lazy service, then it may be configured incorrectly.
05-05 13:12:03.036     0     0 E init    : Control message: Could not find 'vendor.qti.hardware.cacert@1.0::IService/default' for ctl.interface_start from pid: 660 (/system/system_ext/bin/hwservicemanager)
05-05 13:12:04.122  3704  3747 W HidlServiceManagement: Waited one second for vendor.qti.hardware.cacert@1.0::IService/default
05-05 13:12:04.123   660   660 I hwservicemanager: Since vendor.qti.hardware.cacert@1.0::IService/default is not registered, trying to start it as a lazy HAL (if it's not configured to be a lazy HAL, it may be stuck starting or still starting).
05-05 13:12:04.125  3704  3747 I HidlServiceManagement: getService: Trying again for vendor.qti.hardware.cacert@1.0::IService/default...
05-05 13:12:04.126   660 20411 W libc    : Unable to set property "ctl.interface_start" to "vendor.qti.hardware.cacert@1.0::IService/default": PROP_ERROR_HANDLE_CONTROL_MESSAGE (0x20)
05-05 13:12:04.126   660 20411 I hwservicemanager: Tried to start vendor.qti.hardware.cacert@1.0::IService/default as a lazy service, but was unable to. Usually this happens when a service is not installed, but if the service is intended to be used as a lazy service, then it may be configured incorrectly.
05-05 13:12:04.039     0     0 E init    : Control message: Could not find 'vendor.qti.hardware.cacert@1.0::IService/default' for ctl.interface_start from pid: 660 (/system/system_ext/bin/hwservicemanager)
05-05 13:12:04.987     0     0 I QCOM-BATT: pl_fcc_vote_callback: total_fcc_ua=1950000
05-05 13:12:04.987     0     0 I QCOM-BATT: pl_fv_vote_callback: fv_uv=4400000
05-05 13:12:05.125  3704  3747 W HidlServiceManagement: Waited one second for vendor.qti.hardware.cacert@1.0::IService/default
05-05 13:12:05.126   660   660 I hwservicemanager: Since vendor.qti.hardware.cacert@1.0::IService/default is not registered, trying to start it as a lazy HAL (if it's not configured to be a lazy HAL, it may be stuck starting or still starting).
05-05 13:12:05.128  3704  3747 I HidlServiceManagement: getService: Trying again for vendor.qti.hardware.cacert@1.0::IService/default...
05-05 13:12:05.130   660 20412 W libc    : Unable to set property "ctl.interface_start" to "vendor.qti.hardware.cacert@1.0::IService/default": PROP_ERROR_HANDLE_CONTROL_MESSAGE (0x20)
05-05 13:12:05.130   660 20412 I hwservicemanager: Tried to start vendor.qti.hardware.cacert@1.0::IService/default as a lazy service, but was unable to. Usually this happens when a service is not installed, but if the service is intended to be used as a lazy service, then it may be configured incorrectly.
05-05 13:12:05.043     0     0 E init    : Control message: Could not find 'vendor.qti.hardware.cacert@1.0::IService/default' for ctl.interface_start from pid: 660 (/system/system_ext/bin/hwservicemanager)
05-05 13:12:05.346     0     0 E FG      : fg_psy_get_property: unsupported property 79
05-05 13:12:05.354     0     0 E FG      : fg_psy_get_property: unsupported property 79
05-05 13:12:05.360     0     0 W healthd : battery l=100 v=2882 t=21.4 h=2 st=5 c=0 fc=2831000 chg=u
05-05 13:12:05.367     0     0 E FG      : fg_psy_get_property: unsupported property 79
05-05 13:12:06.129  3704  3747 W HidlServiceManagement: Waited one second for vendor.qti.hardware.cacert@1.0::IService/default
05-05 13:12:06.130   660   660 I hwservicemanager: Since vendor.qti.hardware.cacert@1.0::IService/default is not registered, trying to start it as a lazy HAL (if it's not configured to be a lazy HAL, it may be stuck starting or still starting).
05-05 13:12:06.131  3704  3747 I HidlServiceManagement: getService: Trying again for vendor.qti.hardware.cacert@1.0::IService/default...
05-05 13:12:06.048     0     0 E init    : Control message: Could not find 'vendor.qti.hardware.cacert@1.0::IService/default' for ctl.interface_start from pid: 660 (/system/system_ext/bin/hwservicemanager)
05-05 13:12:06.135   660 20413 W libc    : Unable to set property "ctl.interface_start" to "vendor.qti.hardware.cacert@1.0::IService/default": PROP_ERROR_HANDLE_CONTROL_MESSAGE (0x20)
05-05 13:12:06.135   660 20413 I hwservicemanager: Tried to start vendor.qti.hardware.cacert@1.0::IService/default as a lazy service, but was unable to. Usually this happens when a service is not installed, but if the service is intended to be used as a lazy service, then it may be configured incorrectly.
