--------- beginning of kernel
05-05 13:11:49.912     0     0 I logd    : logdr: UID=2000 GID=2000 PID=20317 b tail=0 logMask=99 pid=0 start=0ns deadline=0ns
--------- beginning of main
05-05 13:11:50.079  3704  3747 W HidlServiceManagement: Waited one second for vendor.qti.hardware.cacert@1.0::IService/default
05-05 13:11:50.080   660   660 I hwservicemanager: Since vendor.qti.hardware.cacert@1.0::IService/default is not registered, trying to start it as a lazy HAL (if it's not configured to be a lazy HAL, it may be stuck starting or still starting).
05-05 13:11:50.081  3704  3747 I HidlServiceManagement: getService: Trying again for vendor.qti.hardware.cacert@1.0::IService/default...
05-05 13:11:50.084   660 20320 W libc    : Unable to set property "ctl.interface_start" to "vendor.qti.hardware.cacert@1.0::IService/default": PROP_ERROR_HANDLE_CONTROL_MESSAGE (0x20)
05-05 13:11:50.084   660 20320 I hwservicemanager: Tried to start vendor.qti.hardware.cacert@1.0::IService/default as a lazy service, but was unable to. Usually this happens when a service is not installed, but if the service is intended to be used as a lazy service, then it may be configured incorrectly.
05-05 13:11:49.997     0     0 E init    : Control message: Could not find 'vendor.qti.hardware.cacert@1.0::IService/default' for ctl.interface_start from pid: 660 (/system/system_ext/bin/hwservicemanager)
--------- beginning of system
05-05 13:11:50.510   307   391 E AccessPersistence: Failed to verity-protect runtime-permissions
05-05 13:11:50.510   307   391 E AccessPersistence: java.io.IOException: Failed to enable fs-verity on FD(485): Inappropriate ioctl for device
05-05 13:11:50.510   307   391 E AccessPersistence: 	at com.android.internal.security.VerityUtils.setUpFsverity(VerityUtils.java:94)
05-05 13:11:50.510   307   391 E AccessPersistence: 	at com.android.server.security.FileIntegrity.setUpFsVerity(FileIntegrity.java:66)
05-05 13:11:50.510   307   391 E AccessPersistence: 	at com.android.server.security.FileIntegrity.setUpFsVerity(FileIntegrity.java:50)
05-05 13:11:50.510   307   391 E AccessPersistence: 	at com.android.server.permission.access.AccessPersistence.writeSystemState(AccessPersistence.kt:65)
05-05 13:11:50.510   307   391 E AccessPersistence: 	at com.android.server.permission.access.AccessPersistence.writePendingState(AccessPersistence.kt:149)
05-05 13:11:50.510   307   391 E AccessPersistence: 	at com.android.server.permission.access.AccessPersistence.access$writePendingState(AccessPersistence.kt:41)
05-05 13:11:50.510   307   391 E AccessPersistence: 	at com.android.server.permission.access.AccessPersistence$WriteHandler.handleMessage(AccessPersistence.kt:190)
05-05 13:11:50.510   307   391 E AccessPersistence: 	at android.os.Handler.dispatchMessage(Handler.java:109)
05-05 13:11:50.510   307   391 E AccessPersistence: 	at android.os.Looper.loopOnce(Looper.java:232)
05-05 13:11:50.510   307   391 E AccessPersistence: 	at android.os.Looper.loop(Looper.java:317)
05-05 13:11:50.510   307   391 E AccessPersistence: 	at android.os.HandlerThread.run(HandlerThread.java:85)
05-05 13:11:50.510   307   391 E AccessPersistence: 	at com.android.server.ServiceThread.run(ServiceThread.java:49)
05-05 13:11:50.539   307   391 E AccessPersistence: Failed to verity-protect runtime-permissions
05-05 13:11:50.539   307   391 E AccessPersistence: java.io.IOException: Failed to enable fs-verity on FD(485): Inappropriate ioctl for device
05-05 13:11:50.539   307   391 E AccessPersistence: 	at com.android.internal.security.VerityUtils.setUpFsverity(VerityUtils.java:94)
05-05 13:11:50.539   307   391 E AccessPersistence: 	at com.android.server.security.FileIntegrity.setUpFsVerity(FileIntegrity.java:66)
05-05 13:11:50.539   307   391 E AccessPersistence: 	at com.android.server.security.FileIntegrity.setUpFsVerity(FileIntegrity.java:50)
05-05 13:11:50.539   307   391 E AccessPersistence: 	at com.android.server.permission.access.AccessPersistence.writeUserState(AccessPersistence.kt:65)
05-05 13:11:50.539   307   391 E AccessPersistence: 	at com.android.server.permission.access.AccessPersistence.writePendingState(AccessPersistence.kt:151)
05-05 13:11:50.539   307   391 E AccessPersistence: 	at com.android.server.permission.access.AccessPersistence.access$writePendingState(AccessPersistence.kt:41)
05-05 13:11:50.539   307   391 E AccessPersistence: 	at com.android.server.permission.access.AccessPersistence$WriteHandler.handleMessage(AccessPersistence.kt:190)
05-05 13:11:50.539   307   391 E AccessPersistence: 	at android.os.Handler.dispatchMessage(Handler.java:109)
05-05 13:11:50.539   307   391 E AccessPersistence: 	at android.os.Looper.loopOnce(Looper.java:232)
05-05 13:11:50.539   307   391 E AccessPersistence: 	at android.os.Looper.loop(Looper.java:317)
05-05 13:11:50.539   307   391 E AccessPersistence: 	at android.os.HandlerThread.run(HandlerThread.java:85)
05-05 13:11:50.539   307   391 E AccessPersistence: 	at com.android.server.ServiceThread.run(ServiceThread.java:49)
05-05 13:11:50.615     0     0 I binder  : 20324:20324 ioctl 40046210 7ff45fb124 returned -22
05-05 13:11:50.709   307 32315 I ActivityManager: Force stopping com.westlake.host appid=10218 user=0: from pid 20324
05-05 13:11:50.721   307   767 I AppWidgetServiceImpl: Received broadcast: android.intent.action.PACKAGE_RESTARTED on user 0
05-05 13:11:50.721   307   767 I AppWidgetServiceImpl: Updating package stopped masked state for uid 10218 package com.westlake.host isStopped true
05-05 13:11:50.721  1166  1166 D CarrierSvcBindHelper: onHandleForceStop: [com.westlake.host]
05-05 13:11:50.723  1166  1166 D CarrierSvcBindHelper: No carrier app for: 0
05-05 13:11:50.724  1166  1166 D CarrierSvcBindHelper: No carrier app for: 1
05-05 13:11:50.907     0     0 I QCOM-BATT: pl_fcc_vote_callback: total_fcc_ua=1950000
05-05 13:11:50.907     0     0 I QCOM-BATT: pl_fv_vote_callback: fv_uv=4400000
05-05 13:11:51.082  3704  3747 W HidlServiceManagement: Waited one second for vendor.qti.hardware.cacert@1.0::IService/default
05-05 13:11:51.085   660   660 I hwservicemanager: Since vendor.qti.hardware.cacert@1.0::IService/default is not registered, trying to start it as a lazy HAL (if it's not configured to be a lazy HAL, it may be stuck starting or still starting).
05-05 13:11:51.086  3704  3747 I HidlServiceManagement: getService: Trying again for vendor.qti.hardware.cacert@1.0::IService/default...
05-05 13:11:51.007     0     0 E init    : Control message: Could not find 'vendor.qti.hardware.cacert@1.0::IService/default' for ctl.interface_start from pid: 660 (/system/system_ext/bin/hwservicemanager)
05-05 13:11:51.095   660 20336 W libc    : Unable to set property "ctl.interface_start" to "vendor.qti.hardware.cacert@1.0::IService/default": PROP_ERROR_HANDLE_CONTROL_MESSAGE (0x20)
05-05 13:11:51.096   660 20336 I hwservicemanager: Tried to start vendor.qti.hardware.cacert@1.0::IService/default as a lazy service, but was unable to. Usually this happens when a service is not installed, but if the service is intended to be used as a lazy service, then it may be configured incorrectly.
05-05 13:11:51.265     0     0 E FG      : fg_psy_get_property: unsupported property 79
05-05 13:11:51.276     0     0 E FG      : fg_psy_get_property: unsupported property 79
05-05 13:11:51.374  1126  1126 D QtiCarrierConfigHelper: WARNING, no carrier configs on phone Id: 0
05-05 13:11:51.281     0     0 W healthd : battery l=100 v=2882 t=21.4 h=2 st=5 c=0 fc=2831000 chg=u
05-05 13:11:51.377   960  2713 D PowerUI : can't show warning due to - plugged: true status unknown: false
05-05 13:11:51.294     0     0 E FG      : fg_psy_get_property: unsupported property 79
05-05 13:11:51.304     0     0 I binder  : 20343:20343 ioctl 40046210 7fcf65c364 returned -22
05-05 13:11:51.395   307 32315 I ActivityManager: Force stopping com.westlake.host appid=10218 user=0: from pid 20343
05-05 13:11:51.403  1166  1166 D CarrierSvcBindHelper: onHandleForceStop: [com.westlake.host]
05-05 13:11:51.405   307   767 I AppWidgetServiceImpl: Received broadcast: android.intent.action.PACKAGE_RESTARTED on user 0
05-05 13:11:51.405   307   767 I AppWidgetServiceImpl: Updating package stopped masked state for uid 10218 package com.westlake.host isStopped true
05-05 13:11:51.415  1166  1166 D CarrierSvcBindHelper: No carrier app for: 0
05-05 13:11:51.415  1166  1166 D CarrierSvcBindHelper: No carrier app for: 1
05-05 13:11:51.656   307 32315 W ActivityTaskManager: callingPackage for (uid=2000, pid=20343) has no WPC
05-05 13:11:51.658   307 32315 V GrammaticalInflectionUtils: AttributionSource: AttributionSource { uid = 10218, packageName = null, attributionTag = null, token = android.os.Binder@a81f694, deviceId = 0, next = null } does not have READ_SYSTEM_GRAMMATICAL_GENDER permission.
05-05 13:11:51.659   307 32315 W OptProp : Cannot read opt property android.window.PROPERTY_COMPAT_ALLOW_RESIZEABLE_ACTIVITY_OVERRIDES
05-05 13:11:51.659   307 32315 W OptProp : Cannot read opt property android.window.PROPERTY_COMPAT_ALLOW_MIN_ASPECT_RATIO_OVERRIDE
05-05 13:11:51.667   307 32315 W OptProp : Cannot read opt property android.window.PROPERTY_COMPAT_ALLOW_ORIENTATION_OVERRIDE
05-05 13:11:51.670  3220  3220 I android.hardware.power-service-qti: Power setMode: 5 to: 1
05-05 13:11:51.671   307 32315 V SplashScreenExceptionList: SplashScreen checking exception for package com.westlake.host (target sdk:28) -> false
05-05 13:11:51.676   307 32315 I ActivityTaskManager: START u0 {flg=0x10000000 cmp=com.westlake.host/.WestlakeActivity (has extras)} with LAUNCH_MULTIPLE from uid 2000 (BAL_ALLOW_PERMISSION) result code=0
05-05 13:11:51.677   960   982 V WindowManagerShell: Transition requested (#4424): android.os.BinderProxy@b6fbd79 TransitionRequestInfo { type = OPEN, triggerTask = TaskInfo{userId=0 taskId=2276 effectiveUid=10218 displayId=0 isRunning=true baseIntent=Intent { flg=0x10000000 cmp=com.westlake.host/.WestlakeActivity } baseActivity=ComponentInfo{com.westlake.host/com.westlake.host.WestlakeActivity} topActivity=ComponentInfo{com.westlake.host/com.westlake.host.WestlakeActivity} origActivity=null realActivity=ComponentInfo{com.westlake.host/com.westlake.host.WestlakeActivity} numActivities=1 lastActiveTime=2248904242 supportsMultiWindow=true resizeMode=1 isResizeable=true minWidth=-1 minHeight=-1 defaultMinSize=220 token=WCT{android.window.IWindowContainerToken$Stub$Proxy@ee4babe} topActivityType=1 pictureInPictureParams=null shouldDockBigOverlays=false launchIntoPipHostTaskId=-1 lastParentTaskIdBeforePip=-1 displayCutoutSafeInsets=Rect(0, 80 - 0, 0) topActivityInfo=ActivityInfo{53d971f com.westlake.host.WestlakeActivity} launchCookies=[] positionInParent=Point(0, 0) parentTaskId=-1 isFocused=false isVisible=false isVisibleRequested=false isTopActivityNoDisplay=false isSleeping=false locusId=null displayAreaFeatureId=1 isTopActivityTransparent=false isActivityStackTransparent=false lastNonFullscreenBounds=Rect(267, 606 - 814, 1686) capturedLink=null capturedLinkTimestamp=0 requestedVisibleTypes=-9 topActivityRequestOpenInBrowserEducationTimestamp=0 appCompatTaskInfo=AppCompatTaskInfo { topActivityInSizeCompat=false eligibleForLetterboxEducation= false isLetterboxEducationEnabled= false isLetterboxDoubleTapEnabled= false eligibleForUserAspectRatioButton= false topActivityBoundsLetterboxed= false isFromLetterboxDoubleTap= false topActivityLetterboxVerticalPosition= -1 topActivityLetterboxHorizontalPosition= -1 topActivityLetterboxWidth=-1 topActivityLetterboxHeight=-1 topActivityLetterboxAppWidth=-1 topActivityLetterboxAppHeight=-1 isUserFullscreenOverrideEnabled=false isSystemFullscreenOverrideEnabled=false hasMinAspectRatioOverride=false topActivityLetterboxBounds=null cameraCompatTaskInfo=CameraCompatTaskInfo { freeformCameraCompatMode=inactive}} topActivityMainWindowFrame=null}, pipChange = null, remoteTransition = null, displayChange = null, flags = 0, debugId = 4424 }
05-05 13:11:51.677   960   982 D ShellSplitScreen: logExit: no-op, mLoggerSessionId is null
05-05 13:11:51.678  3267  3300 E ANDR-PERF-UTIL: Failed to read /sys/class/mmc_host/mmc0/clk_scaling/enable
05-05 13:11:51.678  3267  3300 E ANDR-PERF-OPTSHANDLER: Failed to read /sys/class/mmc_host/mmc0/clk_scaling/enable
05-05 13:11:51.678  3267  3300 E ANDR-PERF-RESOURCEQS: Failed to apply optimization [11, 4]
05-05 13:11:51.678  3320  4831 I BpBinder: onLastStrongRef automatically unlinking death recipients: 
05-05 13:11:51.681   960  1005 D SplashScreenView: Build android.window.SplashScreenView{b4620f7 V.E...... ......ID 0,0-0,0}
05-05 13:11:51.681   960  1005 D SplashScreenView: Icon: view: android.widget.ImageView{f17b64 V.ED..... ......I. 0,0-0,0 #1020525 android:id/splashscreen_icon_view} drawable: com.android.wm.shell.startingsurface.SplashscreenIconDrawableFactory$ImmobileIconDrawable@dc231cd size: 450
05-05 13:11:51.681   960  1005 D SplashScreenView: Branding: view: android.view.View{869da82 G.ED..... ......I. 0,0-0,0 #1020524 android:id/splashscreen_branding_view} drawable: null size w: 0 h: 0
05-05 13:11:51.681   307   421 V GrammaticalInflectionUtils: AttributionSource: AttributionSource { uid = 10218, packageName = null, attributionTag = null, token = android.os.Binder@a81f694, deviceId = 0, next = null } does not have READ_SYSTEM_GRAMMATICAL_GENDER permission.
05-05 13:11:51.682  1230  1230 W SplitSelectStateCtor: Missing session instanceIds
05-05 13:11:51.682  1230  1230 D StatsLog: LAUNCHER_SPLIT_SELECTION_EXIT_INTERRUPTED
05-05 13:11:51.684  3320  3320 I BpBinder: onLastStrongRef automatically unlinking death recipients: 
05-05 13:11:51.689  3080 29189 I netd    : tetherGetStats() -> {[]} <5.08ms>
05-05 13:11:51.690   960   982 D WindowManagerShell: setLauncherKeepClearAreaHeight: visible=false, height=292
05-05 13:11:51.691   307   780 D BackgroundInstallControlService: Package event received: 0
05-05 13:11:51.691   307   767 I AppWidgetServiceImpl: Received broadcast: android.intent.action.PACKAGE_UNSTOPPED on user 0
05-05 13:11:51.691   307   767 I AppWidgetServiceImpl: Updating package stopped masked state for uid 10218 package com.westlake.host isStopped false
05-05 13:11:51.711   307 27297 D CoreBackPreview: Window{5ceaa9c u0 Splash Screen com.westlake.host}: Setting back callback OnBackInvokedCallbackInfo{mCallback=android.window.IOnBackInvokedCallback$Stub$Proxy@6f9e87a, mPriority=0, mIsAnimationCallback=false, mOverrideBehavior=0}
05-05 13:11:51.713  1650  1664 D ForegroundUtils: Foreground UID status:
05-05 13:11:51.714  1650  1664 D ForegroundUtils: UID: 10130 is in foreground: false
05-05 13:11:51.714  1650  1664 D ForegroundUtils: UID: 10152 is in foreground: true
05-05 13:11:51.714  1650  1664 D ForegroundUtils: UID: 10159 is in foreground: true
05-05 13:11:51.714  1650  1664 D ForegroundUtils: UID: 10173 is in foreground: true
05-05 13:11:51.714  1650  1664 D ForegroundUtils: UID: 10190 is in foreground: true
05-05 13:11:51.714  1650  1664 D ForegroundUtils: UID: 10193 is in foreground: false
05-05 13:11:51.718 32752 32752 D Zygote  : Forked child process 20348
05-05 13:11:51.721   307   526 I ActivityManager: Start proc 20348:com.westlake.host/u0a218 for next-top-activity {com.westlake.host/com.westlake.host.WestlakeActivity}
05-05 13:11:51.727   307   388 V WindowManager: Sent Transition (#4424) createdAt=05-05 13:11:51.660 via request=TransitionRequestInfo { type = OPEN, triggerTask = TaskInfo{userId=0 taskId=2276 effectiveUid=10218 displayId=0 isRunning=true baseIntent=Intent { flg=0x10000000 cmp=com.westlake.host/.WestlakeActivity } baseActivity=ComponentInfo{com.westlake.host/com.westlake.host.WestlakeActivity} topActivity=ComponentInfo{com.westlake.host/com.westlake.host.WestlakeActivity} origActivity=null realActivity=ComponentInfo{com.westlake.host/com.westlake.host.WestlakeActivity} numActivities=1 lastActiveTime=2248904242 supportsMultiWindow=true resizeMode=1 isResizeable=true minWidth=-1 minHeight=-1 defaultMinSize=220 token=WCT{RemoteToken{3534c07 Task{6ce6f17 #2276 type=standard A=10218:com.westlake.host}}} topActivityType=1 pictureInPictureParams=null shouldDockBigOverlays=false launchIntoPipHostTaskId=-1 lastParentTaskIdBeforePip=-1 displayCutoutSafeInsets=Rect(0, 80 - 0, 0) topActivityInfo=ActivityInfo{bb134 com.westlake.host.WestlakeActivity} launchCookies=[] positionInParent=Point(0, 0) parentTaskId=-1 isFocused=false isVisible=false isVisibleRequested=false isTopActivityNoDisplay=false isSleeping=false locusId=null displayAreaFeatureId=1 isTopActivityTransparent=false isActivityStackTransparent=false lastNonFullscreenBounds=Rect(267, 606 - 814, 1686) capturedLink=null capturedLinkTimestamp=0 requestedVisibleTypes=-9 topActivityRequestOpenInBrowserEducationTimestamp=0 appCompatTaskInfo=AppCompatTaskInfo { topActivityInSizeCompat=false eligibleForLetterboxEducation= false isLetterboxEducationEnabled= false isLetterboxDoubleTapEnabled= false eligibleForUserAspectRatioButton= false topActivityBoundsLetterboxed= false isFromLetterboxDoubleTap= false topActivityLetterboxVerticalPosition= -1 topActivityLetterboxHorizontalPosition= -1 topActivityLetterboxWidth=-1 topActivityLetterboxHeight=-1 topActivityLetterboxAppWidth=-1 topActivityLetterboxAppHeight=-1 isUserFullscreenOverrideEnabled=false isSystemFullscreenOverrideEnabled=false hasMinAspectRatioOverride=false topActivityLetterboxBounds=null cameraCompatTaskInfo=CameraCompatTaskInfo { freeformCameraCompatMode=inactive}} topActivityMainWindowFrame=null}, pipChange = null, remoteTransition = null, displayChange = null, flags = 0, debugId = 4424 }
05-05 13:11:51.727   307   388 V WindowManager:     startWCT=WindowContainerTransaction { changes= {} hops= [] errorCallbackToken=null taskFragmentOrganizer=null }
05-05 13:11:51.727   307   388 V WindowManager:     info={id=4424 t=OPEN f=0x0 trk=0 r=[0@Point(0, 0)] c=[
05-05 13:11:51.727   307   388 V WindowManager:         {WCT{RemoteToken{3534c07 Task{6ce6f17 #2276 type=standard A=10218:com.westlake.host}}} m=OPEN f=NONE leash=Surface(name=Task=2276)/@0x599582b sb=Rect(0, 0 - 1080, 2280) eb=Rect(0, 0 - 1080, 2280) epz=Point(1080, 2280) d=0 taskParent=-1},
05-05 13:11:51.727   307   388 V WindowManager:         {WCT{RemoteToken{cb0a3c2 Task{a516ecc #1 type=home}}} m=TO_BACK f=SHOW_WALLPAPER leash=Surface(name=Task=1)/@0xdc03e5b sb=Rect(0, 0 - 1080, 2280) eb=Rect(0, 0 - 1080, 2280) epz=Point(1080, 2280) d=0 taskParent=-1}
05-05 13:11:51.727   307   388 V WindowManager:     ]}
05-05 13:11:51.728   960  5561 V WindowManagerShell: onTransitionReady(transaction=1318555125978)
05-05 13:11:51.729   960   982 V WindowManagerShell: onTransitionReady (#4424) android.os.BinderProxy@b6fbd79: {id=4424 t=OPEN f=0x0 trk=0 r=[0@Point(0, 0)] c=[
05-05 13:11:51.729   960   982 V WindowManagerShell:         {m=OPEN f=NONE leash=Surface(name=Task=2276)/@0x85c8594 sb=Rect(0, 0 - 1080, 2280) eb=Rect(0, 0 - 1080, 2280) epz=Point(1080, 2280) d=0 taskParent=-1},
05-05 13:11:51.729   960   982 V WindowManagerShell:         {m=TO_BACK f=SHOW_WALLPAPER leash=Surface(name=Task=1)/@0x490283d sb=Rect(0, 0 - 1080, 2280) eb=Rect(0, 0 - 1080, 2280) epz=Point(1080, 2280) d=0 taskParent=-1}
05-05 13:11:51.729   960   982 V WindowManagerShell:     ]}
05-05 13:11:51.729   960   982 V WindowManagerShell: Playing animation for (#4424) android.os.BinderProxy@b6fbd79@0
05-05 13:11:51.729   960   982 V ShellRecents: RecentsTransitionHandler.startAnimation: no controller found
05-05 13:11:51.729   960   982 V WindowManagerShell: Transition doesn't have explicit remote, search filters for match for {id=4424 t=OPEN f=0x0 trk=0 r=[0@Point(0, 0)] c=[{m=OPEN f=NONE leash=Surface(name=Task=2276)/@0x85c8594 sb=Rect(0, 0 - 1080, 2280) eb=Rect(0, 0 - 1080, 2280) epz=Point(1080, 2280) d=0 taskParent=-1},{m=TO_BACK f=SHOW_WALLPAPER leash=Surface(name=Task=1)/@0x490283d sb=Rect(0, 0 - 1080, 2280) eb=Rect(0, 0 - 1080, 2280) epz=Point(1080, 2280) d=0 taskParent=-1}]}
05-05 13:11:51.729   960   982 V WindowManagerShell:  Checking filter Pair{{types=[] flags=0x0] notFlags=0x100 checks=[{atype=home independent=true modes=[OPEN,TO_FRONT] flags=NONE mustBeTask=false order=TOP topActivity=ComponentInfo{com.android.launcher3/com.android.launcher3.uioverrides.QuickstepLauncher} launchCookie=null windowingMode=undefined},{atype=standard independent=true modes=[CLOSE,TO_BACK] flags=NONE mustBeTask=false order=ANY topActivity=null launchCookie=null windowingMode=undefined},{NOT atype=undefined independent=true modes=[] flags=NONE mustBeTask=true order=ANY topActivity=null launchCookie=null customAnim=true windowingMode=undefined}]} RemoteTransition { remoteTransition = android.window.IRemoteTransition$Stub$Proxy@ae59c67, appThread = android.app.IApplicationThread$Stub$Proxy@8152a14, debugName = QuickstepLaunchHome }}
05-05 13:11:51.729   960   982 V WindowManagerShell:  Delegate animation for (#4424) to null
05-05 13:11:51.729   960   982 V WindowManagerShell: start default transition animation, info = {id=4424 t=OPEN f=0x0 trk=0 r=[0@Point(0, 0)] c=[{m=OPEN f=NONE leash=Surface(name=Task=2276)/@0x85c8594 sb=Rect(0, 0 - 1080, 2280) eb=Rect(0, 0 - 1080, 2280) epz=Point(1080, 2280) d=0 taskParent=-1},{m=TO_BACK f=SHOW_WALLPAPER leash=Surface(name=Task=1)/@0x490283d sb=Rect(0, 0 - 1080, 2280) eb=Rect(0, 0 - 1080, 2280) epz=Point(1080, 2280) d=0 taskParent=-1}]}
05-05 13:11:51.730   960   982 V WindowManagerShell: loadAnimation: anim=android.view.animation.AnimationSet@4466700 animAttr=0x13 type=OPEN isEntrance=false
05-05 13:11:51.731   960   982 V WindowManagerShell: loadAnimation: anim=android.view.animation.AnimationSet@66921f5 animAttr=0x12 type=OPEN isEntrance=true
05-05 13:11:51.732   960   982 V WindowManagerShell:  animated by com.android.wm.shell.transition.DefaultTransitionHandler@6c3a7ac
05-05 13:11:51.732   307 27297 W UserManagerService: Requested status bar icon for non-badged user 0
05-05 13:11:51.739 20348 20348 I Zygote  : seccomp disabled by setenforce 0
05-05 13:11:51.752 20348 20348 I m.westlake.host: Late-enabling -Xcheck:jni
05-05 13:11:51.806 20348 20348 I m.westlake.host: Using CollectorTypeCC GC.
05-05 13:11:51.813 23361 23366 I adbd    : jdwp connection from 20348
05-05 13:11:51.823 20348 20348 D nativeloader: Load libframework-connectivity-tiramisu-jni.so using APEX ns com_android_tethering for caller /apex/com.android.tethering/javalib/framework-connectivity-t.jar: ok
05-05 13:11:51.738     0     0 I binder  : 20348:20348 ioctl 40046210 7fd4a812f4 returned -22
05-05 13:11:51.844   307   780 D BackgroundInstallControlService: Package event received: 0
05-05 13:11:51.846  1650  1664 D ForegroundUtils: Foreground UID status:
05-05 13:11:51.846  1650  1664 D ForegroundUtils: UID: 10130 is in foreground: false
05-05 13:11:51.846  1650  1664 D ForegroundUtils: UID: 10152 is in foreground: true
05-05 13:11:51.846  1650  1664 D ForegroundUtils: UID: 10159 is in foreground: true
05-05 13:11:51.846  1650  1664 D ForegroundUtils: UID: 10173 is in foreground: true
05-05 13:11:51.846  1650  1664 D ForegroundUtils: UID: 10190 is in foreground: true
05-05 13:11:51.846  1650  1664 D ForegroundUtils: UID: 10193 is in foreground: false
05-05 13:11:51.846  1650  1664 D ForegroundUtils: UID: 10218 is in foreground: true
05-05 13:11:51.865 20348 20348 D nativeloader: Load libstats_jni.so using APEX ns com_android_os_statsd for caller /apex/com.android.os.statsd/javalib/framework-statsd.jar: ok
05-05 13:11:51.902 20348 20348 D ApplicationLoaders: Returning zygote-cached class loader: /system/framework/android.test.base.jar
05-05 13:11:51.905 20348 20348 W ziparchive: Unable to open '/data/app/~~Gg0G5CtqAB4V4yzAnUxcxw==/com.westlake.host-3z7eVqF571ZZVn3bfdrfTg==/base.dm': No such file or directory
05-05 13:11:51.905 20348 20348 W ziparchive: Unable to open '/data/app/~~Gg0G5CtqAB4V4yzAnUxcxw==/com.westlake.host-3z7eVqF571ZZVn3bfdrfTg==/base.dm': No such file or directory
05-05 13:11:52.018   960   982 V WindowManagerShell: Transition animation finished (aborted=false), notifying core (#4424) android.os.BinderProxy@b6fbd79@0
05-05 13:11:52.022   307   388 V WindowManager: Finish Transition (#4424): created at 05-05 13:11:51.660 collect-started=0.107ms request-sent=15.255ms started=20.537ms ready=62.797ms sent=65.326ms finished=360.175ms
05-05 13:11:52.022  1230  1230 D VRI[QuickstepLauncher]: visibilityChanged oldVisibility=true newVisibility=false
05-05 13:11:52.024   960   982 V WindowManagerShell: Track 0 became idle
05-05 13:11:52.024   960   982 V WindowManagerShell: All active transition animations finished
05-05 13:11:52.025   307 21409 W UserManagerService: Requested status bar icon for non-badged user 0
05-05 13:11:52.026   307 21409 W UserManagerService: Requested status bar icon for non-badged user 0
05-05 13:11:52.086  3704  3747 W HidlServiceManagement: Waited one second for vendor.qti.hardware.cacert@1.0::IService/default
05-05 13:11:52.087   660   660 I hwservicemanager: Since vendor.qti.hardware.cacert@1.0::IService/default is not registered, trying to start it as a lazy HAL (if it's not configured to be a lazy HAL, it may be stuck starting or still starting).
05-05 13:11:52.087  3704  3747 I HidlServiceManagement: getService: Trying again for vendor.qti.hardware.cacert@1.0::IService/default...
05-05 13:11:52.088   660 20360 W libc    : Unable to set property "ctl.interface_start" to "vendor.qti.hardware.cacert@1.0::IService/default": PROP_ERROR_HANDLE_CONTROL_MESSAGE (0x20)
05-05 13:11:52.088   660 20360 I hwservicemanager: Tried to start vendor.qti.hardware.cacert@1.0::IService/default as a lazy service, but was unable to. Usually this happens when a service is not installed, but if the service is intended to be used as a lazy service, then it may be configured incorrectly.
05-05 13:11:52.002     0     0 E init    : Control message: Could not find 'vendor.qti.hardware.cacert@1.0::IService/default' for ctl.interface_start from pid: 660 (/system/system_ext/bin/hwservicemanager)
05-05 13:11:52.846   713  1834 I NxpNciR : len =   4 > 600701A1
05-05 13:11:53.020 20348 20348 D nativeloader: Configuring clns-7 for other apk /data/app/~~Gg0G5CtqAB4V4yzAnUxcxw==/com.westlake.host-3z7eVqF571ZZVn3bfdrfTg==/base.apk. target_sdk_version=28, uses_libraries=, library_path=/data/app/~~Gg0G5CtqAB4V4yzAnUxcxw==/com.westlake.host-3z7eVqF571ZZVn3bfdrfTg==/lib/arm64:/data/app/~~Gg0G5CtqAB4V4yzAnUxcxw==/com.westlake.host-3z7eVqF571ZZVn3bfdrfTg==/base.apk!/lib/arm64-v8a, permitted_path=/data:/mnt/expand:/data/user/0/com.westlake.host
05-05 13:11:53.029 20348 20348 I m.westlake.host: AssetManager2(0x7bd463b4f8) locale list changing from [] to [en-US]
05-05 13:11:53.040 20348 20348 V GraphicsEnvironment: Currently set values for:
05-05 13:11:53.040 20348 20348 V GraphicsEnvironment:   angle_gl_driver_selection_pkgs=[]
05-05 13:11:53.040 20348 20348 V GraphicsEnvironment:   angle_gl_driver_selection_values=[]
05-05 13:11:53.040 20348 20348 V GraphicsEnvironment: com.westlake.host is not listed in per-application setting
05-05 13:11:53.040 20348 20348 V GraphicsEnvironment: Neither updatable production driver nor prerelease driver is supported.
05-05 13:11:53.087  3704  3747 W HidlServiceManagement: Waited one second for vendor.qti.hardware.cacert@1.0::IService/default
05-05 13:11:53.088   660   660 I hwservicemanager: Since vendor.qti.hardware.cacert@1.0::IService/default is not registered, trying to start it as a lazy HAL (if it's not configured to be a lazy HAL, it may be stuck starting or still starting).
05-05 13:11:53.088  3704  3747 I HidlServiceManagement: getService: Trying again for vendor.qti.hardware.cacert@1.0::IService/default...
05-05 13:11:53.089   660 20364 W libc    : Unable to set property "ctl.interface_start" to "vendor.qti.hardware.cacert@1.0::IService/default": PROP_ERROR_HANDLE_CONTROL_MESSAGE (0x20)
05-05 13:11:53.089   660 20364 I hwservicemanager: Tried to start vendor.qti.hardware.cacert@1.0::IService/default as a lazy service, but was unable to. Usually this happens when a service is not installed, but if the service is intended to be used as a lazy service, then it may be configured incorrectly.
05-05 13:11:53.003     0     0 E init    : Control message: Could not find 'vendor.qti.hardware.cacert@1.0::IService/default' for ctl.interface_start from pid: 660 (/system/system_ext/bin/hwservicemanager)
05-05 13:11:53.099   307   780 D BackgroundInstallControlService: Package event received: 0
05-05 13:11:53.099   307   780 D BackgroundInstallControlService: Package event received: 0
05-05 13:11:53.110 20348 20348 I m.westlake.host: AssetManager2(0x7bd4645db8) locale list changing from [] to [en-US]
05-05 13:11:53.161 20348 20348 I Westlake: WestlakeActivity onCreate (ComponentActivity + Compose)
05-05 13:11:53.161 20348 20348 I Westlake: Auto-launching: WESTLAKE_ART_NOICE
05-05 13:11:53.162 20348 20348 I Westlake: Launching Noice via Westlake ART VM
05-05 13:11:53.192 20348 20348 D DesktopModeFlagsUtil: Toggle override initialized to: OVERRIDE_UNSET
05-05 13:11:53.326 20348 20348 D InsetsController: Setting requestedVisibleTypes to -10 (was -9)
05-05 13:11:53.327   307 21409 W WindowManager: Failed looking up window session=Session{10f21c9 20348:u0a10218} callers=com.android.server.wm.WindowManagerService.windowForClientLocked:6324 com.android.server.wm.Session.updateRequestedVisibleTypes:699 android.view.IWindowSession$Stub.onTransact:1023 
05-05 13:11:53.704 20348 20348 W m.westlake.host: Method java.lang.Object androidx.compose.runtime.snapshots.SnapshotStateMap.mutate(kotlin.jvm.functions.Function1) failed lock verification and will run slower.
05-05 13:11:53.704 20348 20348 W m.westlake.host: Common causes for lock verification issues are non-optimized dex code
05-05 13:11:53.704 20348 20348 W m.westlake.host: and incorrect proguard optimizations.
05-05 13:11:53.705 20348 20348 W m.westlake.host: Method void androidx.compose.runtime.snapshots.SnapshotStateMap.update(kotlin.jvm.functions.Function1) failed lock verification and will run slower.
05-05 13:11:53.706 20348 20348 W m.westlake.host: Method boolean androidx.compose.runtime.snapshots.SnapshotStateMap.removeIf$runtime_release(kotlin.jvm.functions.Function1) failed lock verification and will run slower.
05-05 13:11:54.089  3704  3747 W HidlServiceManagement: Waited one second for vendor.qti.hardware.cacert@1.0::IService/default
05-05 13:11:54.089   660   660 I hwservicemanager: Since vendor.qti.hardware.cacert@1.0::IService/default is not registered, trying to start it as a lazy HAL (if it's not configured to be a lazy HAL, it may be stuck starting or still starting).
05-05 13:11:54.089  3704  3747 I HidlServiceManagement: getService: Trying again for vendor.qti.hardware.cacert@1.0::IService/default...
05-05 13:11:54.091   660 20369 W libc    : Unable to set property "ctl.interface_start" to "vendor.qti.hardware.cacert@1.0::IService/default": PROP_ERROR_HANDLE_CONTROL_MESSAGE (0x20)
05-05 13:11:54.091   660 20369 I hwservicemanager: Tried to start vendor.qti.hardware.cacert@1.0::IService/default as a lazy service, but was unable to. Usually this happens when a service is not installed, but if the service is intended to be used as a lazy service, then it may be configured incorrectly.
05-05 13:11:54.005     0     0 E init    : Control message: Could not find 'vendor.qti.hardware.cacert@1.0::IService/default' for ctl.interface_start from pid: 660 (/system/system_ext/bin/hwservicemanager)
05-05 13:11:54.125 20348 20348 I WestlakeVM: DisplayListFrameView 480x800 for com.github.ashutoshgngwr.noice
05-05 13:11:54.143 20348 20348 I WestlakeVM: startPipeReader: pipe=false holder=true thread=null
05-05 13:11:54.196   307 29116 D CoreBackPreview: Window{2df1185 u0 com.westlake.host/com.westlake.host.WestlakeActivity}: Setting back callback OnBackInvokedCallbackInfo{mCallback=android.window.IOnBackInvokedCallback$Stub$Proxy@d8a36e8, mPriority=0, mIsAnimationCallback=false, mOverrideBehavior=0}
05-05 13:11:54.318 20348 20365 I AdrenoGLES-0: QUALCOMM build                   : 8e5405b, I57aaec3440
05-05 13:11:54.318 20348 20365 I AdrenoGLES-0: Build Date                       : 05/21/21
05-05 13:11:54.318 20348 20365 I AdrenoGLES-0: OpenGL ES Shader Compiler Version: EV031.32.02.10
05-05 13:11:54.318 20348 20365 I AdrenoGLES-0: Local Branch                     : mybranchebba1dbe-451b-f160-ac81-1458d0b52ae8
05-05 13:11:54.318 20348 20365 I AdrenoGLES-0: Remote Branch                    : quic/gfx-adreno.lnx.1.0.r135-rel
05-05 13:11:54.318 20348 20365 I AdrenoGLES-0: Remote Branch                    : NONE
05-05 13:11:54.318 20348 20365 I AdrenoGLES-0: Reconstruct Branch               : NOTHING
05-05 13:11:54.318 20348 20365 I AdrenoGLES-0: Build Config                     : S P 10.0.7 AArch64
05-05 13:11:54.318 20348 20365 I AdrenoGLES-0: Driver Path                      : /vendor/lib64/egl/libGLESv2_adreno.so
05-05 13:11:54.327 20348 20365 I AdrenoGLES-0: PFP: 0x016ee190, ME: 0x00000000
05-05 13:11:54.349  3320  3358 E HWComposer: getSupportedContentTypes: getSupportedContentTypes failed for display 4630946883826275713: UNSUPPORTED (8)
05-05 13:11:54.268     0     0 I servicemanager: Caller(pid=20348,uid=10218,sid=u:r:untrusted_app_27:s0:c218,c256,c512,c768) Could not find android.hardware.graphics.allocator.IAllocator/default in the VINTF manifest. No alternative instances declared in VINTF.
05-05 13:11:54.356   660   660 I hwservicemanager: getTransport: Cannot find entry android.hardware.graphics.mapper@4.0::IMapper/default in either framework or device VINTF manifest.
05-05 13:11:54.356 20348 20370 I Gralloc4: mapper 4.x is not supported
05-05 13:11:54.356   660   660 I hwservicemanager: getTransport: Cannot find entry android.hardware.graphics.mapper@3.0::IMapper/default in either framework or device VINTF manifest.
05-05 13:11:54.356 20348 20370 W Gralloc3: mapper 3.x is not supported
05-05 13:11:54.360 20348 20370 I Gralloc2: Adding additional valid usage bits: 0x8202000
05-05 13:11:54.269     0     0 I binder  : 20348:20370 ioctl 40046210 7a9c063094 returned -22
05-05 13:11:54.478   307   388 W ziparchive: Unable to open '/data/app/~~Gg0G5CtqAB4V4yzAnUxcxw==/com.westlake.host-3z7eVqF571ZZVn3bfdrfTg==/base.dm': No such file or directory
05-05 13:11:54.481   307   388 I ActivityTaskManager: Displayed com.westlake.host/.WestlakeActivity for user 0: +2s822ms
05-05 13:11:54.501 20348 20359 I HWUI    : Davey! duration=1138ms; Flags=1, FrameTimelineVsyncId=94092203, IntendedVsync=2208944909805988, Vsync=2208944909805988, InputEventId=0, HandleInputStart=2208944913519122, AnimationStart=2208944913530476, PerformTraversalsStart=2208944913541674, DrawStart=2208945938787715, FrameDeadline=2208944926472654, FrameInterval=2208944913470841, FrameStartTime=16680143, SyncQueued=2208945959980840, SyncStart=2208945960165215, IssueDrawCommandsStart=2208945961144070, SwapBuffers=2208946045357924, FrameCompleted=2208946048924434, DequeueBufferDuration=22760, QueueBufferDuration=582396, GpuCompleted=2208946048924434, SwapBuffersCompleted=2208946046904799, DisplayPresentTime=0, CommandSubmissionCompleted=2208946045357924, 
05-05 13:11:54.520  3512  3691 I ThermalEngine: Monitor : quiet_therm = 22901, msm_therm = 24866, xo_therm = 24464, battery_therm = 214,current_now = 3000 
05-05 13:11:54.536 20348 20348 I Choreographer: Skipped 62 frames!  The application may be doing too much work on its main thread.
05-05 13:11:54.538 20348 20376 I WestlakeVM: startWithConfig() called, config=ApkVmConfig(packageName=com.github.ashutoshgngwr.noice, activityName=com.github.ashutoshgngwr.noice.activity.MainActivity, displayName=Noice (ART), apkSourceDir=/data/app/~~R7-vSKxT523z7oA2P8Ynag==/com.github.ashutoshgngwr.noice-D3ESsKFH5h3RNFnLUIp9ig==/base.apk, allowRealFrameworkFallback=false, backendMode=null, extraVmProperties={})
05-05 13:11:54.557   307   656 I ImeTracker: com.westlake.host:b1013ccd: onRequestHide at ORIGIN_SERVER reason HIDE_UNSPECIFIED_WINDOW fromUser false
05-05 13:11:54.570 20348 20348 D InsetsController: hide(ime(), fromIme=false)
05-05 13:11:54.571 20348 20348 I ImeTracker: com.westlake.host:b1013ccd: onCancelled at PHASE_CLIENT_ALREADY_HIDDEN
05-05 13:11:54.575  3220  3220 I android.hardware.power-service-qti: Power setMode: 5 to: 0
05-05 13:11:54.582  1650  1664 D ForegroundUtils: Foreground UID status:
05-05 13:11:54.582  1650  1664 D ForegroundUtils: UID: 10130 is in foreground: false
05-05 13:11:54.582  1650  1664 D ForegroundUtils: UID: 10152 is in foreground: false
05-05 13:11:54.582  1650  1664 D ForegroundUtils: UID: 10159 is in foreground: true
05-05 13:11:54.582  1650  1664 D ForegroundUtils: UID: 10173 is in foreground: true
05-05 13:11:54.582  1650  1664 D ForegroundUtils: UID: 10190 is in foreground: true
05-05 13:11:54.582  1650  1664 D ForegroundUtils: UID: 10193 is in foreground: false
05-05 13:11:54.582  1650  1664 D ForegroundUtils: UID: 10218 is in foreground: true
05-05 13:11:54.585  1230  1230 D BaseDepthController: setSurface:
05-05 13:11:54.585  1230  1230 D BaseDepthController: 	mWaitingOnSurfaceValidity: false
05-05 13:11:54.585  1230  1230 D BaseDepthController: 	mSurface: null
05-05 13:11:54.589  1230  1230 D StateManager: goToState - fromState: Normal, toState: Normal, partial trace:
05-05 13:11:54.589  1230  1230 D StateManager: 	at com.android.launcher3.statemanager.StateManager.moveToRestState(StateManager.java:465)
05-05 13:11:54.589  1230  1230 D StateManager: 	at com.android.launcher3.statemanager.StateManager.moveToRestState(StateManager.java:456)
05-05 13:11:54.589  1230  1230 D StateManager: 	at com.android.launcher3.statemanager.StatefulActivity.onStop(StatefulActivity.java:136)
05-05 13:11:54.590  1230  1230 D StatsLog: LAUNCHER_ONSTOP
05-05 13:11:54.590   307 29116 I AppWidgetServiceImpl: setAppWidgetHidden() 0
05-05 13:11:54.595  3080 29189 I netd    : tetherGetStats() -> {[]} <2.15ms>
05-05 13:11:54.601   307   780 D BackgroundInstallControlService: Package event received: 0
05-05 13:11:54.853  3220  3220 I android.hardware.power-service-qti: Power setBoost: 0, duration: 0
05-05 13:11:54.858   960  1004 W WindowOnBackDispatcher: sendCancelIfRunning: isInProgress=false callback=android.view.ViewRootImpl$$ExternalSyntheticLambda13@d80cd85
05-05 13:11:54.859   307 29116 D CoreBackPreview: Window{5ceaa9c u0 Splash Screen com.westlake.host EXITING}: Setting back callback null
05-05 13:11:54.908   960  1004 W FrameTracker: Missing SF jank callback for vsyncId: 94092332, CUJ=J<SPLASHSCREEN_EXIT_ANIM>
05-05 13:11:54.908   960  1004 W FrameTracker: Missing SF jank callback for vsyncId: 94092364, CUJ=J<SPLASHSCREEN_EXIT_ANIM>
05-05 13:11:54.908   960  1004 W FrameTracker: Missing SF jank callback for vsyncId: 94092377, CUJ=J<SPLASHSCREEN_EXIT_ANIM>
05-05 13:11:54.908   960  1004 W FrameTracker: Missing SF jank callback for vsyncId: 94092403, CUJ=J<SPLASHSCREEN_EXIT_ANIM>
05-05 13:11:54.908   960  1004 W FrameTracker: Missing SF jank callback for vsyncId: 94092453, CUJ=J<SPLASHSCREEN_EXIT_ANIM>
05-05 13:11:54.908   960  1004 W FrameTracker: Missing SF jank callback for vsyncId: 94092478, CUJ=J<SPLASHSCREEN_EXIT_ANIM>
05-05 13:11:54.908   960  1004 W FrameTracker: Missing SF jank callback for vsyncId: 94092501, CUJ=J<SPLASHSCREEN_EXIT_ANIM>
05-05 13:11:54.908   960  1004 W FrameTracker: Missing SF jank callback for vsyncId: 94092522, CUJ=J<SPLASHSCREEN_EXIT_ANIM>
05-05 13:11:54.908   960  1004 W FrameTracker: Missing SF jank callback for vsyncId: 94092535, CUJ=J<SPLASHSCREEN_EXIT_ANIM>
05-05 13:11:54.908   960  1004 W FrameTracker: Missing SF jank callback for vsyncId: 94092548, CUJ=J<SPLASHSCREEN_EXIT_ANIM>
05-05 13:11:54.908   960  1004 W FrameTracker: Missing SF jank callback for vsyncId: 94092561, CUJ=J<SPLASHSCREEN_EXIT_ANIM>
05-05 13:11:54.908   960  1004 W FrameTracker: Missing SF jank callback for vsyncId: 94092574, CUJ=J<SPLASHSCREEN_EXIT_ANIM>
05-05 13:11:54.908   960  1004 W FrameTracker: Missing SF jank callback for vsyncId: 94092587, CUJ=J<SPLASHSCREEN_EXIT_ANIM>
05-05 13:11:54.908   960  1004 W FrameTracker: Missing SF jank callback for vsyncId: 94092600, CUJ=J<SPLASHSCREEN_EXIT_ANIM>
05-05 13:11:54.908   960  1004 W FrameTracker: Missing SF jank callback for vsyncId: 94092613, CUJ=J<SPLASHSCREEN_EXIT_ANIM>
05-05 13:11:54.908   960  1004 W FrameTracker: Missing SF jank callback for vsyncId: 94092626, CUJ=J<SPLASHSCREEN_EXIT_ANIM>
05-05 13:11:54.908   960  1004 W FrameTracker: Missing SF jank callback for vsyncId: 94092639, CUJ=J<SPLASHSCREEN_EXIT_ANIM>
05-05 13:11:54.909   960  1004 W FrameTracker: Missing SF jank callback for vsyncId: 94092652, CUJ=J<SPLASHSCREEN_EXIT_ANIM>
05-05 13:11:54.912 20348 20380 W InteractionJankMonitor: Initializing without READ_DEVICE_CONFIG permission. enabled=true, interval=1, missedFrameThreshold=3, frameTimeThreshold=64, package=com.westlake.host
05-05 13:11:55.014   713  1834 I NxpNciR : len =   4 > 600701A1
05-05 13:11:55.073 20348 20376 I WestlakeVM: App OAT symlinks: 0 files in /data/local/tmp/westlake/oat/arm64
05-05 13:11:55.090  3704  3747 W HidlServiceManagement: Waited one second for vendor.qti.hardware.cacert@1.0::IService/default
05-05 13:11:55.090   660   660 I hwservicemanager: Since vendor.qti.hardware.cacert@1.0::IService/default is not registered, trying to start it as a lazy HAL (if it's not configured to be a lazy HAL, it may be stuck starting or still starting).
05-05 13:11:55.092  3704  3747 I HidlServiceManagement: getService: Trying again for vendor.qti.hardware.cacert@1.0::IService/default...
05-05 13:11:55.092   660 20394 W libc    : Unable to set property "ctl.interface_start" to "vendor.qti.hardware.cacert@1.0::IService/default": PROP_ERROR_HANDLE_CONTROL_MESSAGE (0x20)
05-05 13:11:55.092   660 20394 I hwservicemanager: Tried to start vendor.qti.hardware.cacert@1.0::IService/default as a lazy service, but was unable to. Usually this happens when a service is not installed, but if the service is intended to be used as a lazy service, then it may be configured incorrectly.
05-05 13:11:55.006     0     0 E init    : Control message: Could not find 'vendor.qti.hardware.cacert@1.0::IService/default' for ctl.interface_start from pid: 660 (/system/system_ext/bin/hwservicemanager)
05-05 13:11:56.092  3704  3747 W HidlServiceManagement: Waited one second for vendor.qti.hardware.cacert@1.0::IService/default
05-05 13:11:56.095   660   660 I hwservicemanager: Since vendor.qti.hardware.cacert@1.0::IService/default is not registered, trying to start it as a lazy HAL (if it's not configured to be a lazy HAL, it may be stuck starting or still starting).
05-05 13:11:56.096  3704  3747 I HidlServiceManagement: getService: Trying again for vendor.qti.hardware.cacert@1.0::IService/default...
05-05 13:11:56.099   660 20395 W libc    : Unable to set property "ctl.interface_start" to "vendor.qti.hardware.cacert@1.0::IService/default": PROP_ERROR_HANDLE_CONTROL_MESSAGE (0x20)
05-05 13:11:56.099   660 20395 I hwservicemanager: Tried to start vendor.qti.hardware.cacert@1.0::IService/default as a lazy service, but was unable to. Usually this happens when a service is not installed, but if the service is intended to be used as a lazy service, then it may be configured incorrectly.
05-05 13:11:56.012     0     0 E init    : Control message: Could not find 'vendor.qti.hardware.cacert@1.0::IService/default' for ctl.interface_start from pid: 660 (/system/system_ext/bin/hwservicemanager)
05-05 13:11:56.592 20348 20348 I DefaultDispatch: type=1400 audit(0.0:56658): avc:  denied  { setattr } for  name="westlake-launch.properties" dev="sda17" ino=1973264 scontext=u:r:untrusted_app_27:s0:c218,c256,c512,c768 tcontext=u:object_r:shell_data_file:s0 tclass=file permissive=1 app=com.westlake.host
05-05 13:11:56.602 20396 20396 W DefaultDispatch: type=1400 audit(0.0:56659): avc:  granted  { execute } for  name="dalvikvm" dev="sda17" ino=524812 scontext=u:r:untrusted_app_27:s0:c218,c256,c512,c768 tcontext=u:object_r:app_data_file:s0:c218,c256,c512,c768 tclass=file app=com.westlake.host
05-05 13:11:56.602 20396 20396 W DefaultDispatch: type=1400 audit(0.0:56660): avc:  granted  { execute_no_trans } for  path="/data/user/0/com.westlake.host/files/vm/dalvikvm" dev="sda17" ino=524812 scontext=u:r:untrusted_app_27:s0:c218,c256,c512,c768 tcontext=u:object_r:app_data_file:s0:c218,c256,c512,c768 tclass=file app=com.westlake.host
05-05 13:11:56.602 20396 20396 W dalvikvm: type=1400 audit(0.0:56661): avc:  granted  { execute } for  path="/data/user/0/com.westlake.host/files/vm/dalvikvm" dev="sda17" ino=524812 scontext=u:r:untrusted_app_27:s0:c218,c256,c512,c768 tcontext=u:object_r:app_data_file:s0:c218,c256,c512,c768 tclass=file app=com.westlake.host
05-05 13:11:56.611 20348 20398 I WestlakeVM: startPipeReader: pipe=true holder=true thread=null
05-05 13:11:56.612 20348 20397 I WestlakeVM: HTTP bridge started: /data/user/0/com.westlake.host/files/vm/http_bridge
05-05 13:11:56.613 20348 20399 I WestlakeVM: VM: [dalvikvm] Injected mainThreadStackSize=256MB
05-05 13:11:56.613 20348 20399 I WestlakeVM: VM: [dalvikvm] Captured -classpath=/data/local/tmp/westlake/com_github_ashutoshgngwr_noice_classes.dex:/data/local/tmp/westlake/com_github_ashutoshgngwr_noice.apk
05-05 13:11:56.614 20348 20399 I WestlakeVM: VM: [RT-DBG] Locks::Init done, calling InitLogging
05-05 13:11:56.614 20348 20399 I WestlakeVM: VM: [RT-DBG] InitLogging done, calling ParsedOptions::Parse
05-05 13:11:56.614 20348 20401 I WestlakeVM: PIPE READER: started, holder=com.westlake.host.DisplayListFrameView{3f423dc V.ED..... ........ 0,0-1080,1800}
05-05 13:11:56.619 20348 20376 I WestlakeVM: Pipe reader started, syncing to DLST magic...
05-05 13:11:56.622 20348 20399 I WestlakeVM: VM: nullptr I 05-06 00:11:56 20396 20400 parsed_options.cc:701] setting boot class path to /data/local/tmp/westlake/core-oj.jar:/data/local/tmp/westlake/core-libart.jar:/data/local/tmp/westlake/core-icu4j.jar:/data/local/tmp/westlake/bouncycastle.jar:/data/local/tmp/westlake/aosp-shim.dex
05-05 13:11:56.622 20348 20399 I WestlakeVM: VM: nullptr I 05-06 00:11:56 20396 20400 heap.cc:440] Using CollectorType(2) GC.
05-05 13:11:56.622 20348 20399 I WestlakeVM: VM: [IMG] LoadBootImage entered, image_locations=0
05-05 13:11:56.668 20348 20399 I WestlakeVM: VM: [PFCUT] Standalone runtime forcing JIT/profiling off
05-05 13:11:56.668 20348 20399 I WestlakeVM: VM: nullptr W 05-06 00:11:56 20396 20400 fault_handler.cc:131] FaultHandler: MEMBARRIER_CMD_REGISTER_PRIVATE_EXPEDITED failed: 38 Function not implemented
05-05 13:11:56.670 20348 20399 I WestlakeVM: VM: nullptr W 05-06 00:11:56 20396 20400 dex_file_loader.cc:536] Can't mmap dex file /data/local/tmp/westlake/core-icu4j.jar!classes.dex directly; please zipalign to 4 bytes. Falling back to extracting file.
05-05 13:11:56.681 20348 20399 I WestlakeVM: VM: nullptr W 05-06 00:11:56 20396 20400 class_linker.cc:875] CheckSystemClass: Class mismatch for Ljava/lang/String; (continuing for standalone dex2oat)
05-05 13:11:56.681 20348 20399 I WestlakeVM: VM: nullptr W 05-06 00:11:56 20396 20400 class_linker.cc:878]   c1 (pre-allocated) ptr=0x10e7780 objectSize=0 classSize=784 status=1 numVTable=81 numMethods=0 numSFields=0 numIFields=0
05-05 13:11:56.681 20348 20399 I WestlakeVM: VM: nullptr W 05-06 00:11:56 20396 20400 class_linker.cc:887]   c2 (from DEX)      ptr=0x50f2800 objectSize=0 classSize=808 status=7 numVTable=-1 numMethods=131 numSFields=7 numIFields=2
05-05 13:11:56.681 20348 20399 I WestlakeVM: VM: nullptr W 05-06 00:11:56 20396 20400 class_linker.cc:903]   String root = c2 (0x50f2800, 131 methods)
05-05 13:11:56.685 20348 20399 I WestlakeVM: VM: [RT] Runtime::Start() ENTERED
05-05 13:11:56.685 20348 20399 I WestlakeVM: VM: [RT] Standalone class path open: /data/local/tmp/westlake/com_github_ashutoshgngwr_noice_classes.dex (1 dex)
05-05 13:11:56.750 20348 20399 I WestlakeVM: VM: [RT] Standalone class path open: /data/local/tmp/westlake/com_github_ashutoshgngwr_noice.apk (1 dex)
05-05 13:11:56.752 20348 20399 I WestlakeVM: VM: [RT] Standalone class path ready: 2 dex files
05-05 13:11:56.752 20348 20399 I WestlakeVM: VM: [RT]   TRY_REGISTER(register_java_lang_Throwable) ...
05-05 13:11:56.752 20348 20399 I WestlakeVM: VM: [RT]   TRY_REGISTER(register_java_lang_Throwable) done
05-05 13:11:56.752 20348 20399 I WestlakeVM: VM: [RT]   TRY_REGISTER(register_dalvik_system_DexFile) ...
05-05 13:11:56.753 20348 20399 I WestlakeVM: VM: [RT]   TRY_REGISTER(register_dalvik_system_DexFile) done
05-05 13:11:56.753 20348 20399 I WestlakeVM: VM: [RT]   TRY_REGISTER(register_dalvik_system_BaseDexClassLoader) ...
05-05 13:11:56.753 20348 20399 I WestlakeVM: VM: [RT]   TRY_REGISTER(register_dalvik_system_BaseDexClassLoader) done
05-05 13:11:56.753 20348 20399 I WestlakeVM: VM: [RT]   TRY_REGISTER(register_dalvik_system_VMDebug) ...
05-05 13:11:56.753 20348 20399 I WestlakeVM: VM: [RT]   TRY_REGISTER(register_dalvik_system_VMDebug) done
05-05 13:11:56.753 20348 20399 I WestlakeVM: VM: [RT]   TRY_REGISTER(real_register_dalvik_system_VMRuntime) ...
05-05 13:11:56.754 20348 20399 I WestlakeVM: VM: [jni] Skipping missing native method: getFullGcCount()J
05-05 13:11:56.754 20348 20399 I WestlakeVM: VM: [jni] Skipping missing native method: getFullGcCount()J
05-05 13:11:56.754 20348 20399 I WestlakeVM: VM: nullptr W 05-06 00:11:56 20396 20400 tolerant_native_util.h:41] RegisterNatives: skipping dalvik/system/VMRuntime.getFullGcCount()J (not in JAR)
05-05 13:11:56.754 20348 20399 I WestlakeVM: VM: nullptr I 05-06 00:11:56 20396 20400 tolerant_native_util.h:47] RegisterNatives: dalvik/system/VMRuntime: 48/49 methods registered
05-05 13:11:56.754 20348 20399 I WestlakeVM: VM: [RT]   TRY_REGISTER(real_register_dalvik_system_VMRuntime) done
05-05 13:11:56.754 20348 20399 I WestlakeVM: VM: [RT]   TRY_REGISTER(register_dalvik_system_VMStack) ...
05-05 13:11:56.755 20348 20399 I WestlakeVM: VM: [RT]   TRY_REGISTER(register_dalvik_system_VMStack) done
